✔ Riot cron rejects invalid requests before runtime access and noops when unconfigured (20.1739ms)
✔ Riot cron signs one bounded consumer call with a fresh replay nonce and returns only safe counters (1.4128ms)
✔ disabled Riot cron is a safe noop; unexpected errors stay opaque (0.7994ms)
✔ missing RSO never supplies state or verified identity (0.5248ms)
✔ key probe requests only fixed KR status once, discards body, and exposes no credentials (1.243ms)
✔ probe HTTP authenticates exact empty request and rejects caller URLs before invocation (3.6436ms)
✔ S12 schema exposes durable ledgers without OAuth token/code/request-log columns (1.1317ms)
✔ 0014 migration and snapshot add only the S12 Riot schema (5.1771ms)
✔ Riot production feature flag is exact and fail-closed by default (0.0825ms)
✔ explicit fake runtime adapter connects application mutations to safe query DTOs (2.4025ms)
✔ admin Riot query is bounded and rejects duplicate or unknown HTTP parameters (0.3883ms)
✔ public, owner, admin HTTP routes and responsive UI states are present (1.1103ms)
✔ scheduled sync queues one connected account, keeps direct links unverified and respects six hours (6.518ms)
✔ queued sync is cancelled after disconnect and stale exhausted leases cannot block later jobs (1.9225ms)
✔ sync discards a provider response when owner disconnects during the network request (0.9664ms)
✔ a provider rate limit pauses both queued consumption and scheduled account discovery (1.0053ms)
✔ approved owner direct link/unlink is transactional, idempotent, and never leaks PUUID (1.1901ms)
✔ direct and RSO links must match the player's canonical registry Riot ID (1.8825ms)
✔ feature flag fails closed and outbox failure rolls link, audit, and receipt back together (0.6771ms)
✔ RSO callback is internal-return, expiring, one-time and exchange-idempotent across response replay (1.0886ms)
✔ only SUPER_ADMIN can bulk/sync-all while owner is restricted to the owned link (0.9799ms)
✔ SUPER bulk-link derives registry Riot IDs and atomically records exact replay (1.3049ms)
✔ bulk-link rolls every successful link back when durable event recording fails (0.3751ms)
✔ sync enforces cooldown, Retry-After, stale lease recovery and partial completion (0.8509ms)
✔ recent solo summary persists only when complete; missing data preserves rank and 429 retains retry (1.275ms)
✔ Riot IDs normalize NFKC and reject separators or oversized tags (1.7126ms)
✔ RSO return path cannot escape origin (0.2213ms)
✔ RSO state is owner-bound, expiring and one-time (0.3804ms)
✔ disconnect clears encrypted PUUID and hides existence from another owner (0.1816ms)
✔ sync jobs retry rate limits and transient failures with bounded backoff (0.3568ms)
✔ last allowed transient attempt becomes terminal failure (0.1372ms)
✔ last allowed rate-limited attempt retains its provider cooldown after terminal failure (0.2041ms)
✔ stale RUNNING lease is recoverable and the old worker cannot finish it (0.1439ms)
✔ invalid upstream Retry-After is rejected rather than creating an invalid schedule (0.1208ms)
✔ permanent upstream failure never retries (0.9746ms)
✔ public Riot DTO excludes PUUID, owner and request-log provenance (0.1532ms)
✔ PUUID encryption is authenticated, opaque and rotation-ready (1.6409ms)
✔ Riot gateway resolves Riot ID and reads the SOLO queue through bounded official endpoints (12.796ms)
✔ Riot gateway classifies 429, 404, 5xx and malformed responses without exposing credentials (0.695ms)
✔ production API configuration is independent of optional RSO and binds the exact callback (0.3612ms)
✔ RSO state is HMAC-bound and authorization URL never includes the client secret (0.7713ms)
✔ 0020 adds only the protected exchange cache and signed sync consumer route (0.8888ms)
✔ public Riot profile separates unlinked, connected, stale, temporary and rate-limited states (0.9869ms)
✔ recent solo uses queue 420, 20 matches, at most two concurrent requests and a summary-only result (34.9288ms)
✔ empty history and explicit remakes are known zero samples while malformed or wrong-scope details are unavailable (0.568ms)
✔ rate limiting stops subsequent chunks and propagates bounded Retry-After (0.4474ms)
✔ total time, response size, unsafe IDs and duplicate IDs are bounded before further provider reads (0.8072ms)
✔ stored recent-solo summaries reject extra identity data, invalid counts and invalid numeric values (0.1799ms)
ℹ tests 48
ℹ suites 0
ℹ pass 48
ℹ fail 0
ℹ cancelled 0
ℹ skipped 0
ℹ todo 0
ℹ duration_ms 608.1813
