
> klol-gg-v2@0.1.0 test:db
> tsx scripts/test-db/run-data-contracts.ts

[db-contract] isolated PostgreSQL 18 cluster started
✔ S13 settings, AI ledger and signed maintenance preserve authorization and idempotency contracts (1289.7668ms)
ℹ tests 1
ℹ suites 0
ℹ pass 1
ℹ fail 0
ℹ cancelled 0
ℹ skipped 0
ℹ todo 0
ℹ duration_ms 2154.1161
✔ storage probe atomically limits concurrent jobs, rejects replay, and records synthetic storage success and failure (189.8331ms)
ℹ tests 1
ℹ suites 0
ℹ pass 1
ℹ fail 0
ℹ cancelled 0
ℹ skipped 0
ℹ todo 0
ℹ duration_ms 1045.9793
[db-contract] cluster stopped and disposable workspace path removed
