[db-contract] isolated PostgreSQL 18 cluster started
✔ all journaled migrations install idempotently on a distinct empty PostgreSQL 18 database (811.9692ms)
ℹ tests 1
ℹ suites 0
ℹ pass 1
ℹ fail 0
ℹ cancelled 0
ℹ skipped 0
ℹ todo 0
ℹ duration_ms 1479.8048
✔ four guards reject unsafe database targets (0.7525ms)
▶ migrations, constraints, repository, and transaction contracts hold on PostgreSQL 18
  ✔ forward migration preserves existing player rows and is idempotent (1036.1255ms)
  ✔ auth and TOTP constraints fail closed (237.4154ms)
  ✔ database auth repository persists durable session, TOTP, and rate-limit state (231.9447ms)
  ✔ registry uniqueness and lifecycle constraints are enforced (5.8966ms)
  ✔ PostgresPlayerRepository returns only public active projections (21.4274ms)
  ✔ domain change and audit append commit or roll back atomically (6.2457ms)
✔ migrations, constraints, repository, and transaction contracts hold on PostgreSQL 18 (1545.6226ms)
ℹ tests 8
ℹ suites 0
ℹ pass 8
ℹ fail 0
ℹ cancelled 0
ℹ skipped 0
ℹ todo 0
ℹ duration_ms 2205.4384
✔ usage storage: idempotency, KST days, visits, identity transitions, staff exclusions and durable limits (243.0309ms)
ℹ tests 1
ℹ suites 0
ℹ pass 1
ℹ fail 0
ℹ cancelled 0
ℹ skipped 0
ℹ todo 0
ℹ duration_ms 890.0306
✔ 0041 fresh install, populated 0040 upgrade and reapply preserve enrollment history (2608.5639ms)
ℹ tests 1
ℹ suites 0
ℹ pass 1
ℹ fail 0
ℹ cancelled 0
ℹ skipped 0
ℹ todo 0
ℹ duration_ms 3253.7474
▶ administrator TOTP lifecycle is serialized, audited, and rolled back atomically
  ✔ a TOTP setup session that expires while queued cannot mutate security state (545.6242ms)
  ✔ pending setup never rotates silently and explicit cancellation is auditable (15.0208ms)
  ✔ concurrent enable has one winner and revokes every session in its transaction (14.6752ms)
  ✔ audit insertion failure rolls credential, version, and revocation back (12.258ms)
  ✔ concurrent self-disable deletes the factor and revokes all sessions exactly once (16.127ms)
  ✔ USER is rejected while SUPER_ADMIN self-setup remains allowed (6.2431ms)
✔ administrator TOTP lifecycle is serialized, audited, and rolled back atomically (698.8431ms)
ℹ tests 7
ℹ suites 0
ℹ pass 7
ℹ fail 0
ℹ cancelled 0
ℹ skipped 0
ℹ todo 0
ℹ duration_ms 1354.3444
✔ S02 player mutations, legacy mapping, privacy, replay, and rollback hold on PostgreSQL 18 (1133.7648ms)
ℹ tests 1
ℹ suites 0
ℹ pass 1
ℹ fail 0
ℹ cancelled 0
ℹ skipped 0
ℹ todo 0
ℹ duration_ms 1812.8932
▶ season lifecycle, participation ownership, idempotency and audit contracts hold on PostgreSQL 18
  ✔ retired lifecycle timestamps reject activated or ended history (3.0526ms)
  ✔ concurrent activation leaves exactly one active season (139.5396ms)
  ✔ clone creates a draft and stale clone revision is rejected (9.3822ms)
  ✔ Kakao provenance hash and position invariants are enforced by PostgreSQL (210.6879ms)
  ✔ SUPER resolves or cancels pending Kakao applications with idempotency, merge policy and safe team handoff (266.1743ms)
  ✔ SITE upsert reuses the same player/date/round row imported from Kakao (16.789ms)
  ✔ command receipts expire after 24 hours and an expired key is safely reusable (7.5054ms)
  ✔ season audit snapshots retain lifecycle and schedule field diffs (11.9948ms)
  ✔ clone and cancellation roll back with their audit event (9.1884ms)
  ✔ owner cancellation, resubmission and admin review honor revisions (78.4327ms)
  ✔ public DTO excludes member, login, Discord and internal review fields (5.9637ms)
  ✔ public status counts cover the full roster while the projection is capped at 200 (46.5891ms)
  ✔ viewer approval and active-player capability are rechecked from the database (28.2985ms)
  ✔ non-approved account is rechecked inside the mutation transaction (0.8726ms)
  ✔ ACCOUNT and ADMIN purposes cannot cross-authorize season commands (3.7833ms)
  ✔ ADMIN and SUPER_ADMIN roles may use approved user actions only through ACCOUNT sessions (17.9501ms)
  ✔ session revocation wins over a queued ACCOUNT mutation (161.5606ms)
  ✔ optional TOTP removal preserves a valid password-only ADMIN session (167.6606ms)
  ✔ soft-deleted account is rejected again inside the mutation transaction (1.4472ms)
  ✔ reviewer history restricts hard deletion of the reviewer account (5.7948ms)
  ✔ audit failure rolls the season and idempotency receipt back together (3.91ms)
  ✔ ending and retirement preserve history instead of cascading deletion (7.044ms)
✔ season lifecycle, participation ownership, idempotency and audit contracts hold on PostgreSQL 18 (1306.6669ms)
✔ site and Kakao serialize the last seat, allow explicit reserves and block closed rounds (305.4782ms)
ℹ tests 24
ℹ suites 0
ℹ pass 24
ℹ fail 0
ℹ cancelled 0
ℹ skipped 0
ℹ todo 0
ℹ duration_ms 2328.6421
▶ site capacity transition queue is atomic, scoped, replay-safe and offline tolerant
  ✔ UNVERIFIED matches only one-candidate review items (10.4211ms)
  ✔ website roster ignores legacy pending in another scope or mode (73.07ms)
  ✔ 9 to 10, retry and unchanged 10 create a single notification (40.821ms)
  ✔ failed application transaction rolls back its notification (22.7941ms)
  ✔ another scope or target cannot claim and replay is refused (10.8645ms)
  ✔ offline lease expires, concurrent polls claim once, ACK is idempotent (31.6517ms)
  ✔ uncertain send is terminal; a newer 9 to 10 transition remains separate (35.5532ms)
  ✔ expiry, failure bound and retention are enforced (25.9436ms)
✔ site capacity transition queue is atomic, scoped, replay-safe and offline tolerant (335.8209ms)
ℹ tests 9
ℹ suites 0
ℹ pass 9
ℹ fail 0
ℹ cancelled 0
ℹ skipped 0
ℹ todo 0
ℹ duration_ms 994.5027
✔ S01 account lifecycle, recovery security, races, replay, and rollback hold on PostgreSQL 18 (3973.9748ms)
ℹ tests 1
ℹ suites 0
ℹ pass 1
ℹ fail 0
ℹ cancelled 0
ℹ skipped 0
ℹ todo 0
ℹ duration_ms 8093.3081
▶ S04 stores participant display identity and rejection reasons as durable history
  ✔ published detail keeps ten KDA rows and exposes a real API 404/fallback contract (47.3547ms)
  ✔ registry rename does not rewrite a recorded participant or its archived revision (266.9786ms)
  ✔ reject after and reopen before audit snapshots retain the cleared public reason (17.1327ms)
  ✔ web submission accepts only the owner's current valid selected team draft (22.5883ms)
  ✔ admin match creation rechecks and persists the exact selected team draft (14.7128ms)
  ✔ submission approval carries team-balance provenance through match history and outbox (45.1142ms)
✔ S04 stores participant display identity and rejection reasons as durable history (572.6193ms)
ℹ tests 7
ℹ suites 0
ℹ pass 7
ℹ fail 0
ℹ cancelled 0
ℹ skipped 0
ℹ todo 0
ℹ duration_ms 1238.5639
▶ match writes accept password-only administrators and enforce current session boundaries
  ✔ ADMIN without TOTP (10.6739ms)
  ✔ SUPER_ADMIN without TOTP (2.4897ms)
  ✔ existing TOTP session (3.2078ms)
  ✔ ACCOUNT cookie cannot authorize admin import (2.4123ms)
  ✔ ordinary member (1.6589ms)
  ✔ revoked session (2.0799ms)
  ✔ expired session despite earlier request time (1.7264ms)
  ✔ stale auth version (1.8975ms)
  ✔ changed role (2.0706ms)
  ✔ suspended account (1.7263ms)
  ✔ deleted account (1.607ms)
  ✔ password reset required (1.8193ms)
  ✔ fixture session cannot write (1.9777ms)
  ✔ approved member submission (1.9511ms)
✔ match writes accept password-only administrators and enforce current session boundaries (125.2236ms)
ℹ tests 15
ℹ suites 0
ℹ pass 15
ℹ fail 0
ℹ cancelled 0
ℹ skipped 0
ℹ todo 0
ℹ duration_ms 775.9419
✔ S05 rebuilds PUBLISHED match statistics atomically and receipts make replay idempotent (366.2573ms)
ℹ tests 1
ℹ suites 0
ℹ pass 1
ℹ fail 0
ℹ cancelled 0
ℹ skipped 0
ℹ todo 0
ℹ duration_ms 1058.9216
✔ S10 media publication requires a live admin session and is idempotent, asset-safe, auditable, and soft archived (289.0846ms)
✔ S10 admin upload persists STAGED to READY, lists by exact draft, attaches safely, and tombstones unused assets (236.2988ms)
ℹ tests 2
ℹ suites 0
ℹ pass 2
ℹ fail 0
ℹ cancelled 0
ℹ skipped 0
ℹ todo 0
ℹ duration_ms 1255.4874
✔ team internal experience counts published games only and converges after void and restore (258.9847ms)
✔ team-only override requires a live SUPER session and recent solo provider requires connected fresh identity (273.2322ms)
✔ S06 draft lifecycle is owner/admin authorized, append-only, transactional, and idempotent (692.5027ms)
ℹ tests 3
ℹ suites 0
ℹ pass 3
ℹ fail 0
ℹ cancelled 0
ℹ skipped 0
ℹ todo 0
ℹ duration_ms 1935.0545
✔ S05-B persists canonical full-ledger MMR replay without competing for the S04 outbox (2514.131ms)
ℹ tests 1
ℹ suites 0
ℹ pass 1
ℹ fail 0
ℹ cancelled 0
ℹ skipped 0
ℹ todo 0
ℹ duration_ms 3199.6745
✔ S09 PostgreSQL adapter commits aggregate, receipt, audit and outbox atomically with owner/session checks (214.3373ms)
✔ party member statistics are bounded and count distinct parties and primary companions (82.598ms)
✔ S09 PostgreSQL adapter binds a BOT nonce to exactly one signed request identity (92.5082ms)
✔ Kakao aggregate controllers block confused-deputy lifecycle mutations (152.4851ms)
✔ V4 scrim finish completes only the active same-room target and replays without duplicate writes (96.8649ms)
✔ concurrent V4 party member commands serialize on the locked latest aggregate (257.3954ms)
✔ concurrent V4 scrim participant commands compose after the database row lock (146.3474ms)
ℹ tests 7
ℹ suites 0
ℹ pass 7
ℹ fail 0
ℹ cancelled 0
ℹ skipped 0
ℹ todo 0
ℹ duration_ms 1742.2899
✔ S09 operation forms persist signed submissions and ADMIN TOTP mutations atomically (252.111ms)
ℹ tests 1
ℹ suites 0
ℹ pass 1
ℹ fail 0
ℹ cancelled 0
ℹ skipped 0
ℹ todo 0
ℹ duration_ms 931.1387
✔ signed Kakao reads persist safe replay receipts and isolate recruit members to the bound room (157.3115ms)
✔ in-house round metadata persists schedule and notice, clears on full snapshot, and isolates authoritative mode transitions by room (296.5183ms)
✔ authoritative Kakao season sync withdraws only same-room same-round RIFT rows and replays without writes (176.9012ms)
✔ signed Kakao season snapshots match exact players and preserve unresolved entries for review (153.044ms)
✔ recoverable Kakao season rows save valid players, queue review rows, preserve omitted slots, and cancel explicit blanks (117.5233ms)
✔ in-house shortcuts and full snapshots enforce integrated SITE capacity while preserving confirmed decisions (180.0071ms)
✔ in-house finish preserves every roster row, hides the round, and replays without writes (115.834ms)
✔ editable inhouse forms count unlinked names, merge concurrent additions, protect SITE rows and retain closed rosters (447.9848ms)
✔ name-first in-house copies keep pending slots and merge metadata without overwriting newer edits (188.4548ms)
✔ in-house copy forms reopen a vacated reserve slot and preserve the remaining roster (146.3305ms)
✔ owner-created Kakao image sessions bind sender, finalize private assets, replay, and revoke (133.4024ms)
✔ Kakao admin settings and health repair require SUPER TOTP and persist receipts, audit, and outbox (158.9388ms)
✔ inhouse roster matching uses bounded lookups for ten members and guests (237.0264ms)
ℹ {"label":"1-members-save","queries":31,"memberLookups":1,"applicationLookups":1,"elapsedMs":14}
ℹ {"label":"1-members-unchanged","queries":26,"memberLookups":0,"applicationLookups":0,"elapsedMs":15}
ℹ {"label":"10-members-save","queries":40,"memberLookups":1,"applicationLookups":1,"elapsedMs":17}
ℹ {"label":"10-members-unchanged","queries":26,"memberLookups":0,"applicationLookups":0,"elapsedMs":9}
ℹ {"label":"10-guests-save","queries":39,"memberLookups":1,"applicationLookups":0,"elapsedMs":15}
ℹ {"label":"10-guests-unchanged","queries":27,"memberLookups":1,"applicationLookups":0,"elapsedMs":10}
✔ inhouse overview projects all three modes and excludes other rooms, closed rounds and drafts (232.1777ms)
ℹ tests 14
ℹ suites 0
ℹ pass 14
ℹ fail 0
ℹ cancelled 0
ℹ skipped 0
ℹ todo 0
ℹ duration_ms 3572.2985
▶ Kakao short form originals are durable, scoped, reusable and expire at 06:00 KST
  ✔ scope, kind, target and operating-day binding are mandatory (5.9714ms)
  ✔ concurrent readers reuse a single durable original (69.6596ms)
  ✔ transaction rollback does not leave an issued code behind (3.4ms)
  ✔ database constraints fail closed even when application validation is bypassed (107.8222ms)
  ✔ midnight preserves the code but the exact 06:00 boundary rejects it (53.9657ms)
  ✔ bounded retention cleanup never removes a live original (26.0287ms)
✔ Kakao short form originals are durable, scoped, reusable and expire at 06:00 KST (375.0065ms)
ℹ tests 7
ℹ suites 0
ℹ pass 7
ℹ fail 0
ℹ cancelled 0
ℹ skipped 0
ℹ todo 0
ℹ duration_ms 1016.0569
✔ one installation maps to exactly one canonical room without room parsing or sender allowlists (264.4325ms)
ℹ tests 1
ℹ suites 0
ℹ pass 1
ℹ fail 0
ℹ cancelled 0
ℹ skipped 0
ℹ todo 0
ℹ duration_ms 922.1099
✔ ADR0011 lists more than twenty parties without snapshots and reads scoped active/draft details directly (142.3908ms)
ℹ tests 1
ℹ suites 0
ℹ pass 1
ℹ fail 0
ℹ cancelled 0
ℹ skipped 0
ℹ todo 0
ℹ duration_ms 834.1831
✔ [P0-FIXTURE] input-tolerance matrix is pinned to the unchanged V1 oracle (1.3431ms)
✔ [P0-PARTY-01] punctuation, full-width, escape, and whitespace rows have one semantic member (6.9259ms)
✔ [P0-PARTY-02] an explicit empty slot is valid but an absent slot row is not a full snapshot (3.8234ms)
✔ [P0-PARTY-03] slash and comma in one reserve row stay in one display name (0.5647ms)
✔ [P0-PARTY-04] a 2-person title cannot overwrite an existing 5-person recruit target (1.1781ms)
✔ [P0-PARTY-05] conflicting duplicate slot rows reject the whole snapshot (0.566ms)
✔ [P0-PARTY-06] member order is canonical and independent of pasted row order (0.8378ms)
✔ [P0-PARTY-07] name suffix notes, emoji, and Kakao tags are preserved (1.1341ms)
✔ [P0-PARTY-08] multiline metadata values match their single-line semantic values (0.9132ms)
✔ [P0-PARTY-09] an automatic-number empty draft never creates a recruit (0.7752ms)
✔ [P0-OPS-01] all four forms preserve values continued on the following line (3.1094ms)
✔ [P0-OPS-02] all four forms expose exact missing-field contracts without submission (0.7721ms)
✔ [P0-OPS-03] parentheses and comma stay in the person name instead of becoming an implicit delimiter (0.1817ms)
✔ [P0-OPS-04] ordinary conversation and partial label discussions remain UNKNOWN (0.9283ms)
✔ [P0-OPS-05:friends] field order does not alter the canonical payload (0.4344ms)
✔ [P0-OPS-06:friends] a conflicting duplicate label rejects the whole form (0.2349ms)
✔ [P0-OPS-07:friends] arbitrary footer text cannot contaminate the last field (0.2918ms)
✔ [P0-OPS-05:suggestions] field order does not alter the canonical payload (0.1965ms)
✔ [P0-OPS-06:suggestions] a conflicting duplicate label rejects the whole form (0.153ms)
✔ [P0-OPS-07:suggestions] arbitrary footer text cannot contaminate the last field (0.2115ms)
✔ [P0-OPS-05:meetups] field order does not alter the canonical payload (0.2906ms)
✔ [P0-OPS-06:meetups] a conflicting duplicate label rejects the whole form (0.1924ms)
✔ [P0-OPS-07:meetups] arbitrary footer text cannot contaminate the last field (0.3226ms)
✔ [P0-OPS-05:leaves] field order does not alter the canonical payload (0.2693ms)
✔ [P0-OPS-06:leaves] a conflicting duplicate label rejects the whole form (0.2062ms)
✔ [P0-OPS-07:leaves] arbitrary footer text cannot contaminate the last field (0.2377ms)
✔ [P0-OPS-08] prose mentioning every label is not classified as a form (0.4957ms)
✔ [P0-IDEMPOTENCY-01] the same event is dispatched exactly once and then replayed (0.6784ms)
✔ [P0-IDEMPOTENCY-02] different events with one semantic payload are both dispatched (0.6949ms)
✔ [P0-MULTIUSER-01] same-room events from different senders reach edit and finish dispatch (0.523ms)
✔ [P0-CANONICAL-01] V1-local fullwidth slash and digits canonicalize to the same finish command on the server (0.146ms)
✔ [P0-CANONICAL-02] finish and detail commands tolerate whitespace after the copied hash marker (0.205ms)
✔ [P0-MULTIUSER-02] PostgreSQL contract proves same-room cross-user edit/finish and different-room no-mutation without an administrator role (149.3832ms)
ℹ tests 33
ℹ suites 0
ℹ pass 33
ℹ fail 0
ℹ cancelled 0
ℹ skipped 0
ℹ todo 0
ℹ duration_ms 906.9574
(node:25084) DeprecationWarning: Calling client.query() when the client is already executing a query is deprecated and will be removed in pg@9.0. Use async/await or an external async flow control mechanism instead.
(Use `node --trace-deprecation ...` to show where the warning was created)
✔ S07 event adapter persists exact-ten lifecycle, S06 teams, correction invalidation and owner-safe reads (880.9955ms)
ℹ tests 1
ℹ suites 0
ℹ pass 1
ℹ fail 0
ℹ cancelled 0
ℹ skipped 0
ℹ todo 0
ℹ duration_ms 1616.202
✔ S08 adapter persists recruitment, seeded auction, BO stages, roster history, MVP revote and atomic receipts (4477.533ms)
ℹ tests 1
ℹ suites 0
ℹ pass 1
ℹ fail 0
ℹ cancelled 0
ℹ skipped 0
ℹ todo 0
ℹ duration_ms 5230.6476
✔ S13 settings, AI ledger and signed maintenance preserve authorization and idempotency contracts (362.9785ms)
ℹ tests 1
ℹ suites 0
ℹ pass 1
ℹ fail 0
ℹ cancelled 0
ℹ skipped 0
ℹ todo 0
ℹ duration_ms 1040.1055
✔ storage probe atomically limits concurrent jobs, rejects replay, and records synthetic storage success and failure (158.5538ms)
ℹ tests 1
ℹ suites 0
ℹ pass 1
ℹ fail 0
ℹ cancelled 0
ℹ skipped 0
ℹ todo 0
ℹ duration_ms 798.4119
✔ admin diagnostics aggregate only current notice scope and fixed operational evidence in a bounded read-only transaction (264.1925ms)
ℹ tests 1
ℹ suites 0
ℹ pass 1
ℹ fail 0
ℹ cancelled 0
ℹ skipped 0
ℹ todo 0
ℹ duration_ms 930.8444
✔ 0045 fresh, populated 0044 upgrade and replay preserve existing Riot links and summaries (2919.9351ms)
✔ Riot analytics archive deduplicates, pages without upstream access, retains daily observations and hides changed connections (244.7825ms)
✔ S12 Riot persistence keeps owner auth, one-time RSO, jobs, receipts, audit and outbox atomic (290.1365ms)
ℹ tests 3
ℹ suites 0
ℹ pass 3
ℹ fail 0
ℹ cancelled 0
ℹ skipped 0
ℹ todo 0
ℹ duration_ms 4132.7937
✔ production RSO cache and signed sync job survive application retry without persisting credentials (361.2045ms)
✔ scheduled Riot repository excludes ineligible identities and duplicate/recent work (232.6062ms)
✔ Riot key probe persists only safe outcomes and rejects replay, rapid retry, invalid signature and disabled flag (93.2235ms)
ℹ tests 3
ℹ suites 0
ℹ pass 3
ℹ fail 0
ℹ cancelled 0
ℹ skipped 0
ℹ todo 0
ℹ duration_ms 1375.9857
✔ S11 discipline records and private evidence persist with masked ownership, replay, and exact review state (436.2297ms)
ℹ tests 1
ℹ suites 0
ℹ pass 1
ℹ fail 0
ℹ cancelled 0
ℹ skipped 0
ℹ todo 0
ℹ duration_ms 1172.2991
✔ S10 champion catalog keeps live ADMIN session mutations, replay and durable ledgers atomic (287.3134ms)
✔ S10 champion image backfill applies and rolls back all 173 NULL fixture rows (187.4326ms)
ℹ tests 2
ℹ suites 0
ℹ pass 2
ℹ fail 0
ℹ cancelled 0
ℹ skipped 0
ℹ todo 0
ℹ duration_ms 1162.0595
{"kind":"isolated-postgresql-recovery","archiveBytes":1142314,"archiveSha256":"5145bd63f91af084370392c28e1b16ee6c8ed0e0c6b74e1b6700b01b17da8dd2","migrationCount":48,"migrationHead":"0047_usage_analytics","tableCount":112,"schemaDefinitionCount":3607,"exactTableCountsMatched":true,"fixtureRelationMatched":true,"foreignKeysValidated":true,"migrationReplayNoop":true,"failedMigrationRolledBack":true}
✔ PostgreSQL custom archive restores the complete schema, data and migration head (2880.5963ms)
ℹ tests 1
ℹ suites 0
ℹ pass 1
ℹ fail 0
ℹ cancelled 0
ℹ skipped 0
ℹ todo 0
ℹ duration_ms 3514.6392
✔ bounded maintenance deletes only expired rows and records an atomic replayable result (130.4187ms)
ℹ tests 1
ℹ suites 0
ℹ pass 1
ℹ fail 0
ℹ cancelled 0
ℹ skipped 0
ℹ todo 0
ℹ duration_ms 811.0452
[browser-qa-ready] http://127.0.0.1:59510; synthetic credentials retained only in ignored .tmp file
[browser-qa-command] ready | code | empty | season-error | season-restore | account-error | account-restore | sessions-error | sessions-restore | bump-approved | stop
Warning: Detected unsettled top-level await at E:\k-LOL.GG\worktrees\ux-discoverability-20261002\scripts\test-db\run-data-contracts.ts:1298
      process.stdout.write("[db-contract] cluster stopped and disposable workspace path removed\n");
                                                                                    ^
