[db-contract] isolated PostgreSQL 18 cluster started
✔ all journaled migrations install idempotently on a distinct empty PostgreSQL 18 database (756.9717ms)
ℹ tests 1
ℹ suites 0
ℹ pass 1
ℹ fail 0
ℹ cancelled 0
ℹ skipped 0
ℹ todo 0
ℹ duration_ms 1342.9378
✔ four guards reject unsafe database targets (0.7214ms)
▶ migrations, constraints, repository, and transaction contracts hold on PostgreSQL 18
  ✔ forward migration preserves existing player rows and is idempotent (916.1049ms)
  ✔ auth and TOTP constraints fail closed (99.317ms)
  ✔ database auth repository persists durable session, TOTP, and rate-limit state (198.4259ms)
  ✔ registry uniqueness and lifecycle constraints are enforced (5.2167ms)
  ✔ PostgresPlayerRepository returns only public active projections (18.8834ms)
  ✔ domain change and audit append commit or roll back atomically (6.8806ms)
✔ migrations, constraints, repository, and transaction contracts hold on PostgreSQL 18 (1250.6124ms)
ℹ tests 8
ℹ suites 0
ℹ pass 8
ℹ fail 0
ℹ cancelled 0
ℹ skipped 0
ℹ todo 0
ℹ duration_ms 1858.3878
✔ usage storage: idempotency, KST days, visits, identity transitions, staff exclusions and durable limits (210.1265ms)
ℹ tests 1
ℹ suites 0
ℹ pass 1
ℹ fail 0
ℹ cancelled 0
ℹ skipped 0
ℹ todo 0
ℹ duration_ms 807.9757
✔ 0041 fresh install, populated 0040 upgrade and reapply preserve enrollment history (2835.8816ms)
ℹ tests 1
ℹ suites 0
ℹ pass 1
ℹ fail 0
ℹ cancelled 0
ℹ skipped 0
ℹ todo 0
ℹ duration_ms 3434.0721
▶ administrator TOTP lifecycle is serialized, audited, and rolled back atomically
  ✔ a TOTP setup session that expires while queued cannot mutate security state (531.149ms)
  ✔ pending setup never rotates silently and explicit cancellation is auditable (13.7796ms)
  ✔ concurrent enable has one winner and revokes every session in its transaction (13.6099ms)
  ✔ audit insertion failure rolls credential, version, and revocation back (12.6221ms)
  ✔ concurrent self-disable deletes the factor and revokes all sessions exactly once (15.6485ms)
  ✔ USER is rejected while SUPER_ADMIN self-setup remains allowed (5.7099ms)
✔ administrator TOTP lifecycle is serialized, audited, and rolled back atomically (676.6777ms)
ℹ tests 7
ℹ suites 0
ℹ pass 7
ℹ fail 0
ℹ cancelled 0
ℹ skipped 0
ℹ todo 0
ℹ duration_ms 1296.2478
✔ S02 player mutations, legacy mapping, privacy, replay, and rollback hold on PostgreSQL 18 (1062.5726ms)
ℹ tests 1
ℹ suites 0
ℹ pass 1
ℹ fail 0
ℹ cancelled 0
ℹ skipped 0
ℹ todo 0
ℹ duration_ms 1695.8836
▶ season lifecycle, participation ownership, idempotency and audit contracts hold on PostgreSQL 18
  ✔ retired lifecycle timestamps reject activated or ended history (2.936ms)
  ✔ concurrent activation leaves exactly one active season (124.3456ms)
  ✔ clone creates a draft and stale clone revision is rejected (8.7177ms)
  ✔ Kakao provenance hash and position invariants are enforced by PostgreSQL (193.5527ms)
  ✔ SUPER resolves or cancels pending Kakao applications with idempotency, merge policy and safe team handoff (248.8624ms)
  ✔ SITE upsert reuses the same player/date/round row imported from Kakao (14.7108ms)
  ✔ command receipts expire after 24 hours and an expired key is safely reusable (7.0357ms)
  ✔ season audit snapshots retain lifecycle and schedule field diffs (13.1702ms)
  ✔ clone and cancellation roll back with their audit event (8.5921ms)
  ✔ owner cancellation, resubmission and admin review honor revisions (73.0243ms)
  ✔ public DTO excludes member, login, Discord and internal review fields (5.0548ms)
  ✔ public status counts cover the full roster while the projection is capped at 200 (39.9509ms)
  ✔ viewer approval and active-player capability are rechecked from the database (27.7853ms)
  ✔ non-approved account is rechecked inside the mutation transaction (0.8329ms)
  ✔ ACCOUNT and ADMIN purposes cannot cross-authorize season commands (3.7899ms)
  ✔ ADMIN and SUPER_ADMIN roles may use approved user actions only through ACCOUNT sessions (17.8855ms)
  ✔ session revocation wins over a queued ACCOUNT mutation (158.052ms)
  ✔ optional TOTP removal preserves a valid password-only ADMIN session (169.0198ms)
  ✔ soft-deleted account is rejected again inside the mutation transaction (1.3444ms)
  ✔ reviewer history restricts hard deletion of the reviewer account (5.347ms)
  ✔ audit failure rolls the season and idempotency receipt back together (3.6467ms)
  ✔ ending and retirement preserve history instead of cascading deletion (6.362ms)
✔ season lifecycle, participation ownership, idempotency and audit contracts hold on PostgreSQL 18 (1218.3518ms)
✔ site and Kakao serialize the last seat, allow explicit reserves and block closed rounds (283.8199ms)
ℹ tests 24
ℹ suites 0
ℹ pass 24
ℹ fail 0
ℹ cancelled 0
ℹ skipped 0
ℹ todo 0
ℹ duration_ms 2170.9037
▶ site capacity transition queue is atomic, scoped, replay-safe and offline tolerant
  ✔ UNVERIFIED matches only one-candidate review items (10.1475ms)
  ✔ website roster ignores legacy pending in another scope or mode (166.3866ms)
  ✔ 9 to 10, retry and unchanged 10 create a single notification (39.431ms)
  ✔ failed application transaction rolls back its notification (21.6997ms)
  ✔ another scope or target cannot claim and replay is refused (12.309ms)
  ✔ offline lease expires, concurrent polls claim once, ACK is idempotent (24.8621ms)
  ✔ uncertain send is terminal; a newer 9 to 10 transition remains separate (35.3551ms)
  ✔ expiry, failure bound and retention are enforced (33.3553ms)
✔ site capacity transition queue is atomic, scoped, replay-safe and offline tolerant (416.5853ms)
ℹ tests 9
ℹ suites 0
ℹ pass 9
ℹ fail 0
ℹ cancelled 0
ℹ skipped 0
ℹ todo 0
ℹ duration_ms 1032.592
✔ S01 account lifecycle, recovery security, races, replay, and rollback hold on PostgreSQL 18 (3605.3422ms)
ℹ tests 1
ℹ suites 0
ℹ pass 1
ℹ fail 0
ℹ cancelled 0
ℹ skipped 0
ℹ todo 0
ℹ duration_ms 7689.1051
▶ S04 stores participant display identity and rejection reasons as durable history
  ✔ published detail keeps ten KDA rows and exposes a real API 404/fallback contract (44.2448ms)
  ✔ registry rename does not rewrite a recorded participant or its archived revision (246.5253ms)
  ✔ reject after and reopen before audit snapshots retain the cleared public reason (16.5455ms)
  ✔ web submission accepts only the owner's current valid selected team draft (24.4361ms)
  ✔ admin match creation rechecks and persists the exact selected team draft (13.9665ms)
  ✔ submission approval carries team-balance provenance through match history and outbox (32.6121ms)
✔ S04 stores participant display identity and rejection reasons as durable history (509.8331ms)
ℹ tests 7
ℹ suites 0
ℹ pass 7
ℹ fail 0
ℹ cancelled 0
ℹ skipped 0
ℹ todo 0
ℹ duration_ms 1141.4196
▶ match writes accept password-only administrators and enforce current session boundaries
  ✔ ADMIN without TOTP (10.1895ms)
  ✔ SUPER_ADMIN without TOTP (2.477ms)
  ✔ existing TOTP session (2.8018ms)
  ✔ ACCOUNT cookie cannot authorize admin import (2.3009ms)
  ✔ ordinary member (1.7431ms)
  ✔ revoked session (1.9467ms)
  ✔ expired session despite earlier request time (1.9368ms)
  ✔ stale auth version (1.9238ms)
  ✔ changed role (1.8552ms)
  ✔ suspended account (1.6432ms)
  ✔ deleted account (1.5232ms)
  ✔ password reset required (1.3949ms)
  ✔ fixture session cannot write (1.8025ms)
  ✔ approved member submission (2.0525ms)
✔ match writes accept password-only administrators and enforce current session boundaries (115.8165ms)
ℹ tests 15
ℹ suites 0
ℹ pass 15
ℹ fail 0
ℹ cancelled 0
ℹ skipped 0
ℹ todo 0
ℹ duration_ms 707.6813
✔ S05 rebuilds PUBLISHED match statistics atomically and receipts make replay idempotent (336.2633ms)
ℹ tests 1
ℹ suites 0
ℹ pass 1
ℹ fail 0
ℹ cancelled 0
ℹ skipped 0
ℹ todo 0
ℹ duration_ms 964.6096
✔ S10 media publication requires a live admin session and is idempotent, asset-safe, auditable, and soft archived (265.9149ms)
✔ S10 admin upload persists STAGED to READY, lists by exact draft, attaches safely, and tombstones unused assets (218.7312ms)
ℹ tests 2
ℹ suites 0
ℹ pass 2
ℹ fail 0
ℹ cancelled 0
ℹ skipped 0
ℹ todo 0
ℹ duration_ms 1156.7897
✔ team internal experience counts published games only and converges after void and restore (208.5722ms)
✔ team-only override requires a live SUPER session and recent solo provider requires connected fresh identity (241.7447ms)
✔ S06 draft lifecycle is owner/admin authorized, append-only, transactional, and idempotent (548.9074ms)
ℹ tests 3
ℹ suites 0
ℹ pass 3
ℹ fail 0
ℹ cancelled 0
ℹ skipped 0
ℹ todo 0
ℹ duration_ms 1669.2083
✔ S05-B persists canonical full-ledger MMR replay without competing for the S04 outbox (2460.7182ms)
ℹ tests 1
ℹ suites 0
ℹ pass 1
ℹ fail 0
ℹ cancelled 0
ℹ skipped 0
ℹ todo 0
ℹ duration_ms 3101.1916
✔ S09 PostgreSQL adapter commits aggregate, receipt, audit and outbox atomically with owner/session checks (189.3927ms)
✔ party member statistics are bounded and count distinct parties and primary companions (183.911ms)
✔ S09 PostgreSQL adapter binds a BOT nonce to exactly one signed request identity (81.6057ms)
✔ Kakao aggregate controllers block confused-deputy lifecycle mutations (126.66ms)
✔ V4 scrim finish completes only the active same-room target and replays without duplicate writes (88.6491ms)
✔ concurrent V4 party member commands serialize on the locked latest aggregate (244.4392ms)
✔ concurrent V4 scrim participant commands compose after the database row lock (140.1559ms)
ℹ tests 7
ℹ suites 0
ℹ pass 7
ℹ fail 0
ℹ cancelled 0
ℹ skipped 0
ℹ todo 0
ℹ duration_ms 1722.2307
✔ S09 operation forms persist signed submissions and ADMIN TOTP mutations atomically (226.6023ms)
ℹ tests 1
ℹ suites 0
ℹ pass 1
ℹ fail 0
ℹ cancelled 0
ℹ skipped 0
ℹ todo 0
ℹ duration_ms 834.3589
✔ signed Kakao reads persist safe replay receipts and isolate recruit members to the bound room (138.4195ms)
✔ in-house round metadata persists schedule and notice, clears on full snapshot, and isolates authoritative mode transitions by room (276.3257ms)
✔ authoritative Kakao season sync withdraws only same-room same-round RIFT rows and replays without writes (173.0002ms)
✔ signed Kakao season snapshots match exact players and preserve unresolved entries for review (141.6684ms)
✔ recoverable Kakao season rows save valid players, queue review rows, preserve omitted slots, and cancel explicit blanks (107.7518ms)
✔ in-house shortcuts and full snapshots enforce integrated SITE capacity while preserving confirmed decisions (168.689ms)
✔ in-house finish preserves every roster row, hides the round, and replays without writes (110.1947ms)
✔ editable inhouse forms count unlinked names, merge concurrent additions, protect SITE rows and retain closed rosters (383.6834ms)
✔ name-first in-house copies keep pending slots and merge metadata without overwriting newer edits (174.7628ms)
✔ in-house copy forms reopen a vacated reserve slot and preserve the remaining roster (139.0158ms)
✔ owner-created Kakao image sessions bind sender, finalize private assets, replay, and revoke (121.104ms)
✔ Kakao admin settings and health repair require SUPER TOTP and persist receipts, audit, and outbox (145.907ms)
✔ inhouse roster matching uses bounded lookups for ten members and guests (213.3455ms)
ℹ {"label":"1-members-save","queries":31,"memberLookups":1,"applicationLookups":1,"elapsedMs":11}
ℹ {"label":"1-members-unchanged","queries":26,"memberLookups":0,"applicationLookups":0,"elapsedMs":8}
ℹ {"label":"10-members-save","queries":40,"memberLookups":1,"applicationLookups":1,"elapsedMs":14}
ℹ {"label":"10-members-unchanged","queries":26,"memberLookups":0,"applicationLookups":0,"elapsedMs":14}
ℹ {"label":"10-guests-save","queries":39,"memberLookups":1,"applicationLookups":0,"elapsedMs":14}
ℹ {"label":"10-guests-unchanged","queries":27,"memberLookups":1,"applicationLookups":0,"elapsedMs":9}
✔ inhouse overview projects all three modes and excludes other rooms, closed rounds and drafts (89.3626ms)
ℹ tests 14
ℹ suites 0
ℹ pass 14
ℹ fail 0
ℹ cancelled 0
ℹ skipped 0
ℹ todo 0
ℹ duration_ms 3144.3902
▶ Kakao short form originals are durable, scoped, reusable and expire at 06:00 KST
  ✔ scope, kind, target and operating-day binding are mandatory (5.215ms)
  ✔ concurrent readers reuse a single durable original (61.4734ms)
  ✔ transaction rollback does not leave an issued code behind (2.9763ms)
  ✔ database constraints fail closed even when application validation is bypassed (100.0204ms)
  ✔ midnight preserves the code but the exact 06:00 boundary rejects it (48.9139ms)
  ✔ bounded retention cleanup never removes a live original (22.1257ms)
✔ Kakao short form originals are durable, scoped, reusable and expire at 06:00 KST (332.8274ms)
ℹ tests 7
ℹ suites 0
ℹ pass 7
ℹ fail 0
ℹ cancelled 0
ℹ skipped 0
ℹ todo 0
ℹ duration_ms 945.5759
✔ one installation maps to exactly one canonical room without room parsing or sender allowlists (261.4504ms)
ℹ tests 1
ℹ suites 0
ℹ pass 1
ℹ fail 0
ℹ cancelled 0
ℹ skipped 0
ℹ todo 0
ℹ duration_ms 862.7731
✔ ADR0011 lists more than twenty parties without snapshots and reads scoped active/draft details directly (130.5083ms)
ℹ tests 1
ℹ suites 0
ℹ pass 1
ℹ fail 0
ℹ cancelled 0
ℹ skipped 0
ℹ todo 0
ℹ duration_ms 755.1161
✔ [P0-FIXTURE] input-tolerance matrix is pinned to the unchanged V1 oracle (0.9869ms)
✔ [P0-PARTY-01] punctuation, full-width, escape, and whitespace rows have one semantic member (6.6088ms)
✔ [P0-PARTY-02] an explicit empty slot is valid but an absent slot row is not a full snapshot (3.3339ms)
✔ [P0-PARTY-03] slash and comma in one reserve row stay in one display name (0.3925ms)
✔ [P0-PARTY-04] a 2-person title cannot overwrite an existing 5-person recruit target (1.0943ms)
✔ [P0-PARTY-05] conflicting duplicate slot rows reject the whole snapshot (0.4949ms)
✔ [P0-PARTY-06] member order is canonical and independent of pasted row order (0.6092ms)
✔ [P0-PARTY-07] name suffix notes, emoji, and Kakao tags are preserved (1.0506ms)
✔ [P0-PARTY-08] multiline metadata values match their single-line semantic values (0.861ms)
✔ [P0-PARTY-09] an automatic-number empty draft never creates a recruit (0.7406ms)
✔ [P0-OPS-01] all four forms preserve values continued on the following line (2.7371ms)
✔ [P0-OPS-02] all four forms expose exact missing-field contracts without submission (0.6547ms)
✔ [P0-OPS-03] parentheses and comma stay in the person name instead of becoming an implicit delimiter (0.1765ms)
✔ [P0-OPS-04] ordinary conversation and partial label discussions remain UNKNOWN (0.8496ms)
✔ [P0-OPS-05:friends] field order does not alter the canonical payload (0.3465ms)
✔ [P0-OPS-06:friends] a conflicting duplicate label rejects the whole form (0.253ms)
✔ [P0-OPS-07:friends] arbitrary footer text cannot contaminate the last field (0.2955ms)
✔ [P0-OPS-05:suggestions] field order does not alter the canonical payload (0.1975ms)
✔ [P0-OPS-06:suggestions] a conflicting duplicate label rejects the whole form (0.15ms)
✔ [P0-OPS-07:suggestions] arbitrary footer text cannot contaminate the last field (0.2053ms)
✔ [P0-OPS-05:meetups] field order does not alter the canonical payload (0.2874ms)
✔ [P0-OPS-06:meetups] a conflicting duplicate label rejects the whole form (0.1921ms)
✔ [P0-OPS-07:meetups] arbitrary footer text cannot contaminate the last field (0.283ms)
✔ [P0-OPS-05:leaves] field order does not alter the canonical payload (0.2745ms)
✔ [P0-OPS-06:leaves] a conflicting duplicate label rejects the whole form (0.1715ms)
✔ [P0-OPS-07:leaves] arbitrary footer text cannot contaminate the last field (0.2275ms)
✔ [P0-OPS-08] prose mentioning every label is not classified as a form (0.1311ms)
✔ [P0-IDEMPOTENCY-01] the same event is dispatched exactly once and then replayed (0.6328ms)
✔ [P0-IDEMPOTENCY-02] different events with one semantic payload are both dispatched (0.6535ms)
✔ [P0-MULTIUSER-01] same-room events from different senders reach edit and finish dispatch (0.4694ms)
✔ [P0-CANONICAL-01] V1-local fullwidth slash and digits canonicalize to the same finish command on the server (0.1382ms)
✔ [P0-CANONICAL-02] finish and detail commands tolerate whitespace after the copied hash marker (0.1888ms)
✔ [P0-MULTIUSER-02] PostgreSQL contract proves same-room cross-user edit/finish and different-room no-mutation without an administrator role (133.6472ms)
ℹ tests 33
ℹ suites 0
ℹ pass 33
ℹ fail 0
ℹ cancelled 0
ℹ skipped 0
ℹ todo 0
ℹ duration_ms 828.7645
(node:23496) DeprecationWarning: Calling client.query() when the client is already executing a query is deprecated and will be removed in pg@9.0. Use async/await or an external async flow control mechanism instead.
(Use `node --trace-deprecation ...` to show where the warning was created)
✔ S07 event adapter persists exact-ten lifecycle, S06 teams, correction invalidation and owner-safe reads (842.5143ms)
ℹ tests 1
ℹ suites 0
ℹ pass 1
ℹ fail 0
ℹ cancelled 0
ℹ skipped 0
ℹ todo 0
ℹ duration_ms 1557.8607
✔ S08 adapter persists recruitment, seeded auction, BO stages, roster history, MVP revote and atomic receipts (4404.7635ms)
ℹ tests 1
ℹ suites 0
ℹ pass 1
ℹ fail 0
ℹ cancelled 0
ℹ skipped 0
ℹ todo 0
ℹ duration_ms 5113.8442
✔ S13 settings, AI ledger and signed maintenance preserve authorization and idempotency contracts (344.065ms)
ℹ tests 1
ℹ suites 0
ℹ pass 1
ℹ fail 0
ℹ cancelled 0
ℹ skipped 0
ℹ todo 0
ℹ duration_ms 987.7214
✔ storage probe atomically limits concurrent jobs, rejects replay, and records synthetic storage success and failure (143.6639ms)
ℹ tests 1
ℹ suites 0
ℹ pass 1
ℹ fail 0
ℹ cancelled 0
ℹ skipped 0
ℹ todo 0
ℹ duration_ms 752.8578
✔ admin diagnostics aggregate only current notice scope and fixed operational evidence in a bounded read-only transaction (361.4623ms)
ℹ tests 1
ℹ suites 0
ℹ pass 1
ℹ fail 0
ℹ cancelled 0
ℹ skipped 0
ℹ todo 0
ℹ duration_ms 974.3787
✔ 0045 fresh, populated 0044 upgrade and replay preserve existing Riot links and summaries (2882.5224ms)
✔ Riot analytics archive deduplicates, pages without upstream access, retains daily observations and hides changed connections (247.101ms)
✔ S12 Riot persistence keeps owner auth, one-time RSO, jobs, receipts, audit and outbox atomic (298.2131ms)
ℹ tests 3
ℹ suites 0
ℹ pass 3
ℹ fail 0
ℹ cancelled 0
ℹ skipped 0
ℹ todo 0
ℹ duration_ms 4072.2522
✔ production RSO cache and signed sync job survive application retry without persisting credentials (342.6175ms)
✔ scheduled Riot repository excludes ineligible identities and duplicate/recent work (224.8719ms)
✔ Riot key probe persists only safe outcomes and rejects replay, rapid retry, invalid signature and disabled flag (86.6034ms)
ℹ tests 3
ℹ suites 0
ℹ pass 3
ℹ fail 0
ℹ cancelled 0
ℹ skipped 0
ℹ todo 0
ℹ duration_ms 1311.8585
✔ S11 discipline records and private evidence persist with masked ownership, replay, and exact review state (441.4598ms)
ℹ tests 1
ℹ suites 0
ℹ pass 1
ℹ fail 0
ℹ cancelled 0
ℹ skipped 0
ℹ todo 0
ℹ duration_ms 1163.5752
✔ S10 champion catalog keeps live ADMIN session mutations, replay and durable ledgers atomic (249.2545ms)
✔ S10 champion image backfill applies and rolls back all 173 NULL fixture rows (188.1764ms)
ℹ tests 2
ℹ suites 0
ℹ pass 2
ℹ fail 0
ℹ cancelled 0
ℹ skipped 0
ℹ todo 0
ℹ duration_ms 1104.0048
{"kind":"isolated-postgresql-recovery","archiveBytes":1142508,"archiveSha256":"ec49f6878ca83a00bac290a567c3ee40494b742112ddb3a423f05fad9309752f","migrationCount":48,"migrationHead":"0047_usage_analytics","tableCount":112,"schemaDefinitionCount":3607,"exactTableCountsMatched":true,"fixtureRelationMatched":true,"foreignKeysValidated":true,"migrationReplayNoop":true,"failedMigrationRolledBack":true}
✔ PostgreSQL custom archive restores the complete schema, data and migration head (2906.1768ms)
ℹ tests 1
ℹ suites 0
ℹ pass 1
ℹ fail 0
ℹ cancelled 0
ℹ skipped 0
ℹ todo 0
ℹ duration_ms 3513.9212
✔ bounded maintenance deletes only expired rows and records an atomic replayable result (121.9753ms)
ℹ tests 1
ℹ suites 0
ℹ pass 1
ℹ fail 0
ℹ cancelled 0
ℹ skipped 0
ℹ todo 0
ℹ duration_ms 762.7871
[browser-qa-ready] http://127.0.0.1:60301; synthetic credentials retained only in ignored .tmp file
[browser-qa-command] ready | code | empty | season-error | season-restore | account-error | account-restore | sessions-error | sessions-restore | bump-approved | stop
[db-contract] cluster stopped and disposable workspace path removed
