[db-contract] isolated PostgreSQL 18 cluster started
✔ all journaled migrations install idempotently on a distinct empty PostgreSQL 18 database (788.7001ms)
ℹ tests 1
ℹ suites 0
ℹ pass 1
ℹ fail 0
ℹ cancelled 0
ℹ skipped 0
ℹ todo 0
ℹ duration_ms 1399.4014
✔ four guards reject unsafe database targets (0.7184ms)
▶ migrations, constraints, repository, and transaction contracts hold on PostgreSQL 18
  ✔ forward migration preserves existing player rows and is idempotent (958.4458ms)
  ✔ auth and TOTP constraints fail closed (105.9141ms)
  ✔ database auth repository persists durable session, TOTP, and rate-limit state (200.5253ms)
  ✔ registry uniqueness and lifecycle constraints are enforced (5.6364ms)
  ✔ PostgresPlayerRepository returns only public active projections (21.0454ms)
  ✔ domain change and audit append commit or roll back atomically (5.8275ms)
✔ migrations, constraints, repository, and transaction contracts hold on PostgreSQL 18 (1303.8816ms)
ℹ tests 8
ℹ suites 0
ℹ pass 8
ℹ fail 0
ℹ cancelled 0
ℹ skipped 0
ℹ todo 0
ℹ duration_ms 1930.6834
✔ usage storage: idempotency, KST days, visits, identity transitions, staff exclusions and durable limits (223.9258ms)
ℹ tests 1
ℹ suites 0
ℹ pass 1
ℹ fail 0
ℹ cancelled 0
ℹ skipped 0
ℹ todo 0
ℹ duration_ms 843.668
✔ 0041 fresh install, populated 0040 upgrade and reapply preserve enrollment history (2957.5097ms)
ℹ tests 1
ℹ suites 0
ℹ pass 1
ℹ fail 0
ℹ cancelled 0
ℹ skipped 0
ℹ todo 0
ℹ duration_ms 3560.3962
▶ administrator TOTP lifecycle is serialized, audited, and rolled back atomically
  ✔ a TOTP setup session that expires while queued cannot mutate security state (533.0398ms)
  ✔ pending setup never rotates silently and explicit cancellation is auditable (14.2726ms)
  ✔ concurrent enable has one winner and revokes every session in its transaction (14.4971ms)
  ✔ audit insertion failure rolls credential, version, and revocation back (13.0459ms)
  ✔ concurrent self-disable deletes the factor and revokes all sessions exactly once (15.729ms)
  ✔ USER is rejected while SUPER_ADMIN self-setup remains allowed (6.3356ms)
✔ administrator TOTP lifecycle is serialized, audited, and rolled back atomically (688.115ms)
ℹ tests 7
ℹ suites 0
ℹ pass 7
ℹ fail 0
ℹ cancelled 0
ℹ skipped 0
ℹ todo 0
ℹ duration_ms 1303.8537
✔ S02 player mutations, legacy mapping, privacy, replay, and rollback hold on PostgreSQL 18 (1086.9934ms)
ℹ tests 1
ℹ suites 0
ℹ pass 1
ℹ fail 0
ℹ cancelled 0
ℹ skipped 0
ℹ todo 0
ℹ duration_ms 1733.6287
▶ season lifecycle, participation ownership, idempotency and audit contracts hold on PostgreSQL 18
  ✔ retired lifecycle timestamps reject activated or ended history (2.7508ms)
  ✔ concurrent activation leaves exactly one active season (154.0439ms)
  ✔ clone creates a draft and stale clone revision is rejected (9.0306ms)
  ✔ Kakao provenance hash and position invariants are enforced by PostgreSQL (206.3761ms)
  ✔ SUPER resolves or cancels pending Kakao applications with idempotency, merge policy and safe team handoff (250.7588ms)
  ✔ SITE upsert reuses the same player/date/round row imported from Kakao (15.5149ms)
  ✔ command receipts expire after 24 hours and an expired key is safely reusable (7.4199ms)
  ✔ season audit snapshots retain lifecycle and schedule field diffs (10.9777ms)
  ✔ clone and cancellation roll back with their audit event (8.9248ms)
  ✔ owner cancellation, resubmission and admin review honor revisions (77.5963ms)
  ✔ public DTO excludes member, login, Discord and internal review fields (5.5471ms)
  ✔ public status counts cover the full roster while the projection is capped at 200 (43.8237ms)
  ✔ viewer approval and active-player capability are rechecked from the database (25.722ms)
  ✔ non-approved account is rechecked inside the mutation transaction (0.8052ms)
  ✔ ACCOUNT and ADMIN purposes cannot cross-authorize season commands (1.5717ms)
  ✔ ADMIN and SUPER_ADMIN roles may use approved user actions only through ACCOUNT sessions (22.8956ms)
  ✔ session revocation wins over a queued ACCOUNT mutation (167.3633ms)
  ✔ optional TOTP removal preserves a valid password-only ADMIN session (176.7535ms)
  ✔ soft-deleted account is rejected again inside the mutation transaction (1.5035ms)
  ✔ reviewer history restricts hard deletion of the reviewer account (3.8038ms)
  ✔ audit failure rolls the season and idempotency receipt back together (3.7723ms)
  ✔ ending and retirement preserve history instead of cascading deletion (8.3991ms)
✔ season lifecycle, participation ownership, idempotency and audit contracts hold on PostgreSQL 18 (1293.2657ms)
✔ site and Kakao serialize the last seat, allow explicit reserves and block closed rounds (290.1465ms)
ℹ tests 24
ℹ suites 0
ℹ pass 24
ℹ fail 0
ℹ cancelled 0
ℹ skipped 0
ℹ todo 0
ℹ duration_ms 2256.0711
▶ site capacity transition queue is atomic, scoped, replay-safe and offline tolerant
  ✔ UNVERIFIED matches only one-candidate review items (10.5179ms)
  ✔ website roster ignores legacy pending in another scope or mode (75.8615ms)
  ✔ 9 to 10, retry and unchanged 10 create a single notification (42.1486ms)
  ✔ failed application transaction rolls back its notification (22.2162ms)
  ✔ another scope or target cannot claim and replay is refused (11.2076ms)
  ✔ offline lease expires, concurrent polls claim once, ACK is idempotent (26.3204ms)
  ✔ uncertain send is terminal; a newer 9 to 10 transition remains separate (35.6267ms)
  ✔ expiry, failure bound and retention are enforced (35.2899ms)
✔ site capacity transition queue is atomic, scoped, replay-safe and offline tolerant (334.7987ms)
ℹ tests 9
ℹ suites 0
ℹ pass 9
ℹ fail 0
ℹ cancelled 0
ℹ skipped 0
ℹ todo 0
ℹ duration_ms 968.7592
✔ S01 account lifecycle, recovery security, races, replay, and rollback hold on PostgreSQL 18 (3779.7746ms)
ℹ tests 1
ℹ suites 0
ℹ pass 1
ℹ fail 0
ℹ cancelled 0
ℹ skipped 0
ℹ todo 0
ℹ duration_ms 7876.0932
▶ S04 stores participant display identity and rejection reasons as durable history
  ✔ published detail keeps ten KDA rows and exposes a real API 404/fallback contract (54.1529ms)
  ✔ registry rename does not rewrite a recorded participant or its archived revision (275.5846ms)
  ✔ reject after and reopen before audit snapshots retain the cleared public reason (19.1842ms)
  ✔ web submission accepts only the owner's current valid selected team draft (27.3513ms)
  ✔ admin match creation rechecks and persists the exact selected team draft (15.0433ms)
  ✔ submission approval carries team-balance provenance through match history and outbox (35.6306ms)
✔ S04 stores participant display identity and rejection reasons as durable history (569.572ms)
ℹ tests 7
ℹ suites 0
ℹ pass 7
ℹ fail 0
ℹ cancelled 0
ℹ skipped 0
ℹ todo 0
ℹ duration_ms 1202.4778
▶ match writes accept password-only administrators and enforce current session boundaries
  ✔ ADMIN without TOTP (12.0976ms)
  ✔ SUPER_ADMIN without TOTP (2.6121ms)
  ✔ existing TOTP session (2.9408ms)
  ✔ ACCOUNT cookie cannot authorize admin import (2.3833ms)
  ✔ ordinary member (1.7842ms)
  ✔ revoked session (2.0987ms)
  ✔ expired session despite earlier request time (1.9309ms)
  ✔ stale auth version (1.7889ms)
  ✔ changed role (2.1013ms)
  ✔ suspended account (1.6651ms)
  ✔ deleted account (1.5537ms)
  ✔ password reset required (1.3904ms)
  ✔ fixture session cannot write (1.7399ms)
  ✔ approved member submission (1.9118ms)
✔ match writes accept password-only administrators and enforce current session boundaries (124.2424ms)
ℹ tests 15
ℹ suites 0
ℹ pass 15
ℹ fail 0
ℹ cancelled 0
ℹ skipped 0
ℹ todo 0
ℹ duration_ms 734.7531
✔ S05 rebuilds PUBLISHED match statistics atomically and receipts make replay idempotent (350.3243ms)
ℹ tests 1
ℹ suites 0
ℹ pass 1
ℹ fail 0
ℹ cancelled 0
ℹ skipped 0
ℹ todo 0
ℹ duration_ms 1003.0057
✔ S10 media publication requires a live admin session and is idempotent, asset-safe, auditable, and soft archived (285.5068ms)
✔ S10 admin upload persists STAGED to READY, lists by exact draft, attaches safely, and tombstones unused assets (350.6346ms)
ℹ tests 2
ℹ suites 0
ℹ pass 2
ℹ fail 0
ℹ cancelled 0
ℹ skipped 0
ℹ todo 0
ℹ duration_ms 1348.4279
✔ team internal experience counts published games only and converges after void and restore (230.7453ms)
✔ team-only override requires a live SUPER session and recent solo provider requires connected fresh identity (273.1035ms)
✔ S06 draft lifecycle is owner/admin authorized, append-only, transactional, and idempotent (599.408ms)
ℹ tests 3
ℹ suites 0
ℹ pass 3
ℹ fail 0
ℹ cancelled 0
ℹ skipped 0
ℹ todo 0
ℹ duration_ms 1778.9521
✔ S05-B persists canonical full-ledger MMR replay without competing for the S04 outbox (2512.2764ms)
ℹ tests 1
ℹ suites 0
ℹ pass 1
ℹ fail 0
ℹ cancelled 0
ℹ skipped 0
ℹ todo 0
ℹ duration_ms 3174.576
✔ S09 PostgreSQL adapter commits aggregate, receipt, audit and outbox atomically with owner/session checks (201.0081ms)
✔ party member statistics are bounded and count distinct parties and primary companions (78.443ms)
✔ S09 PostgreSQL adapter binds a BOT nonce to exactly one signed request identity (104.9541ms)
✔ Kakao aggregate controllers block confused-deputy lifecycle mutations (135.5484ms)
✔ V4 scrim finish completes only the active same-room target and replays without duplicate writes (95.8233ms)
✔ concurrent V4 party member commands serialize on the locked latest aggregate (273.1459ms)
✔ concurrent V4 scrim participant commands compose after the database row lock (148.6957ms)
ℹ tests 7
ℹ suites 0
ℹ pass 7
ℹ fail 0
ℹ cancelled 0
ℹ skipped 0
ℹ todo 0
ℹ duration_ms 1689.6301
✔ S09 operation forms persist signed submissions and ADMIN TOTP mutations atomically (244.4529ms)
ℹ tests 1
ℹ suites 0
ℹ pass 1
ℹ fail 0
ℹ cancelled 0
ℹ skipped 0
ℹ todo 0
ℹ duration_ms 872.0555
✔ signed Kakao reads persist safe replay receipts and isolate recruit members to the bound room (263.9831ms)
✔ in-house round metadata persists schedule and notice, clears on full snapshot, and isolates authoritative mode transitions by room (296.4392ms)
✔ authoritative Kakao season sync withdraws only same-room same-round RIFT rows and replays without writes (178.7447ms)
✔ signed Kakao season snapshots match exact players and preserve unresolved entries for review (151.9357ms)
✔ recoverable Kakao season rows save valid players, queue review rows, preserve omitted slots, and cancel explicit blanks (113.8281ms)
✔ in-house shortcuts and full snapshots enforce integrated SITE capacity while preserving confirmed decisions (180.5837ms)
✔ in-house finish preserves every roster row, hides the round, and replays without writes (112.76ms)
✔ editable inhouse forms count unlinked names, merge concurrent additions, protect SITE rows and retain closed rosters (404.2238ms)
✔ name-first in-house copies keep pending slots and merge metadata without overwriting newer edits (184.8827ms)
✔ in-house copy forms reopen a vacated reserve slot and preserve the remaining roster (140.636ms)
✔ owner-created Kakao image sessions bind sender, finalize private assets, replay, and revoke (148.3071ms)
✔ Kakao admin settings and health repair require SUPER TOTP and persist receipts, audit, and outbox (159.2119ms)
✔ inhouse roster matching uses bounded lookups for ten members and guests (236.3104ms)
ℹ {"label":"1-members-save","queries":31,"memberLookups":1,"applicationLookups":1,"elapsedMs":14}
ℹ {"label":"1-members-unchanged","queries":26,"memberLookups":0,"applicationLookups":0,"elapsedMs":9}
ℹ {"label":"10-members-save","queries":40,"memberLookups":1,"applicationLookups":1,"elapsedMs":16}
ℹ {"label":"10-members-unchanged","queries":26,"memberLookups":0,"applicationLookups":0,"elapsedMs":14}
ℹ {"label":"10-guests-save","queries":39,"memberLookups":1,"applicationLookups":0,"elapsedMs":15}
ℹ {"label":"10-guests-unchanged","queries":27,"memberLookups":1,"applicationLookups":0,"elapsedMs":11}
✔ inhouse overview projects all three modes and excludes other rooms, closed rounds and drafts (91.0987ms)
ℹ tests 14
ℹ suites 0
ℹ pass 14
ℹ fail 0
ℹ cancelled 0
ℹ skipped 0
ℹ todo 0
ℹ duration_ms 3444.4859
▶ Kakao short form originals are durable, scoped, reusable and expire at 06:00 KST
  ✔ scope, kind, target and operating-day binding are mandatory (5.6499ms)
  ✔ concurrent readers reuse a single durable original (64.4095ms)
  ✔ transaction rollback does not leave an issued code behind (3.0405ms)
  ✔ database constraints fail closed even when application validation is bypassed (120.6008ms)
  ✔ midnight preserves the code but the exact 06:00 boundary rejects it (51.3198ms)
  ✔ bounded retention cleanup never removes a live original (26.8042ms)
✔ Kakao short form originals are durable, scoped, reusable and expire at 06:00 KST (366.2346ms)
ℹ tests 7
ℹ suites 0
ℹ pass 7
ℹ fail 0
ℹ cancelled 0
ℹ skipped 0
ℹ todo 0
ℹ duration_ms 985.1048
✔ one installation maps to exactly one canonical room without room parsing or sender allowlists (256.9505ms)
ℹ tests 1
ℹ suites 0
ℹ pass 1
ℹ fail 0
ℹ cancelled 0
ℹ skipped 0
ℹ todo 0
ℹ duration_ms 889.481
✔ ADR0011 lists more than twenty parties without snapshots and reads scoped active/draft details directly (137.3908ms)
ℹ tests 1
ℹ suites 0
ℹ pass 1
ℹ fail 0
ℹ cancelled 0
ℹ skipped 0
ℹ todo 0
ℹ duration_ms 785.3251
✔ [P0-FIXTURE] input-tolerance matrix is pinned to the unchanged V1 oracle (1.0428ms)
✔ [P0-PARTY-01] punctuation, full-width, escape, and whitespace rows have one semantic member (7.0961ms)
✔ [P0-PARTY-02] an explicit empty slot is valid but an absent slot row is not a full snapshot (3.4417ms)
✔ [P0-PARTY-03] slash and comma in one reserve row stay in one display name (0.3847ms)
✔ [P0-PARTY-04] a 2-person title cannot overwrite an existing 5-person recruit target (1.1701ms)
✔ [P0-PARTY-05] conflicting duplicate slot rows reject the whole snapshot (0.5051ms)
✔ [P0-PARTY-06] member order is canonical and independent of pasted row order (0.6136ms)
✔ [P0-PARTY-07] name suffix notes, emoji, and Kakao tags are preserved (1.1466ms)
✔ [P0-PARTY-08] multiline metadata values match their single-line semantic values (0.8925ms)
✔ [P0-PARTY-09] an automatic-number empty draft never creates a recruit (0.7512ms)
✔ [P0-OPS-01] all four forms preserve values continued on the following line (3.4517ms)
✔ [P0-OPS-02] all four forms expose exact missing-field contracts without submission (0.8577ms)
✔ [P0-OPS-03] parentheses and comma stay in the person name instead of becoming an implicit delimiter (0.2175ms)
✔ [P0-OPS-04] ordinary conversation and partial label discussions remain UNKNOWN (0.9816ms)
✔ [P0-OPS-05:friends] field order does not alter the canonical payload (0.3874ms)
✔ [P0-OPS-06:friends] a conflicting duplicate label rejects the whole form (0.2588ms)
✔ [P0-OPS-07:friends] arbitrary footer text cannot contaminate the last field (0.304ms)
✔ [P0-OPS-05:suggestions] field order does not alter the canonical payload (0.2164ms)
✔ [P0-OPS-06:suggestions] a conflicting duplicate label rejects the whole form (0.1489ms)
✔ [P0-OPS-07:suggestions] arbitrary footer text cannot contaminate the last field (0.2943ms)
✔ [P0-OPS-05:meetups] field order does not alter the canonical payload (0.2763ms)
✔ [P0-OPS-06:meetups] a conflicting duplicate label rejects the whole form (0.222ms)
✔ [P0-OPS-07:meetups] arbitrary footer text cannot contaminate the last field (0.3023ms)
✔ [P0-OPS-05:leaves] field order does not alter the canonical payload (0.2774ms)
✔ [P0-OPS-06:leaves] a conflicting duplicate label rejects the whole form (0.1833ms)
✔ [P0-OPS-07:leaves] arbitrary footer text cannot contaminate the last field (0.2524ms)
✔ [P0-OPS-08] prose mentioning every label is not classified as a form (0.1404ms)
✔ [P0-IDEMPOTENCY-01] the same event is dispatched exactly once and then replayed (0.6556ms)
✔ [P0-IDEMPOTENCY-02] different events with one semantic payload are both dispatched (0.6578ms)
✔ [P0-MULTIUSER-01] same-room events from different senders reach edit and finish dispatch (0.4855ms)
✔ [P0-CANONICAL-01] V1-local fullwidth slash and digits canonicalize to the same finish command on the server (0.1423ms)
✔ [P0-CANONICAL-02] finish and detail commands tolerate whitespace after the copied hash marker (0.1845ms)
✔ [P0-MULTIUSER-02] PostgreSQL contract proves same-room cross-user edit/finish and different-room no-mutation without an administrator role (133.7269ms)
ℹ tests 33
ℹ suites 0
ℹ pass 33
ℹ fail 0
ℹ cancelled 0
ℹ skipped 0
ℹ todo 0
ℹ duration_ms 862.8717
(node:30740) DeprecationWarning: Calling client.query() when the client is already executing a query is deprecated and will be removed in pg@9.0. Use async/await or an external async flow control mechanism instead.
(Use `node --trace-deprecation ...` to show where the warning was created)
✔ S07 event adapter persists exact-ten lifecycle, S06 teams, correction invalidation and owner-safe reads (855.6599ms)
ℹ tests 1
ℹ suites 0
ℹ pass 1
ℹ fail 0
ℹ cancelled 0
ℹ skipped 0
ℹ todo 0
ℹ duration_ms 1547.7174
✔ S08 adapter persists recruitment, seeded auction, BO stages, roster history, MVP revote and atomic receipts (4466.2072ms)
ℹ tests 1
ℹ suites 0
ℹ pass 1
ℹ fail 0
ℹ cancelled 0
ℹ skipped 0
ℹ todo 0
ℹ duration_ms 5171.5383
✔ S13 settings, AI ledger and signed maintenance preserve authorization and idempotency contracts (337.7028ms)
ℹ tests 1
ℹ suites 0
ℹ pass 1
ℹ fail 0
ℹ cancelled 0
ℹ skipped 0
ℹ todo 0
ℹ duration_ms 979.5709
✔ storage probe atomically limits concurrent jobs, rejects replay, and records synthetic storage success and failure (163.7694ms)
ℹ tests 1
ℹ suites 0
ℹ pass 1
ℹ fail 0
ℹ cancelled 0
ℹ skipped 0
ℹ todo 0
ℹ duration_ms 789.9897
✔ admin diagnostics aggregate only current notice scope and fixed operational evidence in a bounded read-only transaction (274.2904ms)
ℹ tests 1
ℹ suites 0
ℹ pass 1
ℹ fail 0
ℹ cancelled 0
ℹ skipped 0
ℹ todo 0
ℹ duration_ms 892.676
✔ 0045 fresh, populated 0044 upgrade and replay preserve existing Riot links and summaries (2907.0061ms)
✔ Riot analytics archive deduplicates, pages without upstream access, retains daily observations and hides changed connections (250.9515ms)
✔ S12 Riot persistence keeps owner auth, one-time RSO, jobs, receipts, audit and outbox atomic (292.4535ms)
ℹ tests 3
ℹ suites 0
ℹ pass 3
ℹ fail 0
ℹ cancelled 0
ℹ skipped 0
ℹ todo 0
ℹ duration_ms 4104.3017
✔ production RSO cache and signed sync job survive application retry without persisting credentials (338.3668ms)
✔ scheduled Riot repository excludes ineligible identities and duplicate/recent work (118.3278ms)
✔ Riot key probe persists only safe outcomes and rejects replay, rapid retry, invalid signature and disabled flag (91.6337ms)
ℹ tests 3
ℹ suites 0
ℹ pass 3
ℹ fail 0
ℹ cancelled 0
ℹ skipped 0
ℹ todo 0
ℹ duration_ms 1196.033
✔ S11 discipline records and private evidence persist with masked ownership, replay, and exact review state (472.0656ms)
ℹ tests 1
ℹ suites 0
ℹ pass 1
ℹ fail 0
ℹ cancelled 0
ℹ skipped 0
ℹ todo 0
ℹ duration_ms 1200.9846
✔ S10 champion catalog keeps live ADMIN session mutations, replay and durable ledgers atomic (250.497ms)
✔ S10 champion image backfill applies and rolls back all 173 NULL fixture rows (182.1108ms)
ℹ tests 2
ℹ suites 0
ℹ pass 2
ℹ fail 0
ℹ cancelled 0
ℹ skipped 0
ℹ todo 0
ℹ duration_ms 1088.1018
{"kind":"isolated-postgresql-recovery","archiveBytes":1143113,"archiveSha256":"ac73d4f15c610bbeb73ec3d35679b8567d7cb19aea3298b3d5aafc62ca7f44d7","migrationCount":48,"migrationHead":"0047_usage_analytics","tableCount":112,"schemaDefinitionCount":3607,"exactTableCountsMatched":true,"fixtureRelationMatched":true,"foreignKeysValidated":true,"migrationReplayNoop":true,"failedMigrationRolledBack":true}
✔ PostgreSQL custom archive restores the complete schema, data and migration head (2965.6379ms)
ℹ tests 1
ℹ suites 0
ℹ pass 1
ℹ fail 0
ℹ cancelled 0
ℹ skipped 0
ℹ todo 0
ℹ duration_ms 3570.5641
✔ bounded maintenance deletes only expired rows and records an atomic replayable result (130.4355ms)
ℹ tests 1
ℹ suites 0
ℹ pass 1
ℹ fail 0
ℹ cancelled 0
ℹ skipped 0
ℹ todo 0
ℹ duration_ms 923.1239
[browser-qa-ready] http://127.0.0.1:64915; synthetic credentials retained only in ignored .tmp file
[browser-qa-command] ready | code | empty | season-error | season-restore | account-error | account-restore | sessions-error | sessions-restore | bump-approved | stop
[db-contract] cluster stopped and disposable workspace path removed
