✔ discipline: lost creation response retries the exact payload/key and locks confirmed navigation (88.9754ms)
✔ discipline: simultaneous submits issue one creation request (27.1295ms)
✔ discipline: 5xx and unreadable success preserve identity and recover without a stuck form (22.9318ms)
✔ discipline: a definite first rejection allows correction with a new identity (22.3901ms)
✔ discipline: 401 after uncertainty does not abandon the original creation (19.3379ms)
✔ discipline: 403 after uncertainty does not abandon the original creation (18.8246ms)
✔ discipline: 429 after uncertainty does not abandon the original creation (21.0533ms)
✔ discipline: malformed success cannot unlock an unconfirmed creation (11.0672ms)
✔ highlight: lost creation response retries the exact payload/key and locks confirmed navigation (47.3987ms)
✔ highlight: simultaneous submits issue one creation request (45.926ms)
✔ highlight: 5xx and unreadable success preserve identity and recover without a stuck form (28.9646ms)
✔ highlight: a definite first rejection allows correction with a new identity (28.6417ms)
✔ highlight: 401 after uncertainty does not abandon the original creation (35.9672ms)
✔ highlight: 403 after uncertainty does not abandon the original creation (31.4271ms)
✔ highlight: 429 after uncertainty does not abandon the original creation (23.6856ms)
✔ highlight: malformed success cannot unlock an unconfirmed creation (23.1534ms)
✔ gallery: lost creation response retries the exact payload/key and locks confirmed navigation (23.8955ms)
✔ gallery: simultaneous submits issue one creation request (23.9343ms)
✔ gallery: 5xx and unreadable success preserve identity and recover without a stuck form (27.9957ms)
✔ gallery: a definite first rejection allows correction with a new identity (23.1227ms)
✔ gallery: 401 after uncertainty does not abandon the original creation (23.6933ms)
✔ gallery: 403 after uncertainty does not abandon the original creation (29.5066ms)
✔ gallery: 429 after uncertainty does not abandon the original creation (22.0768ms)
✔ gallery: malformed success cannot unlock an unconfirmed creation (21.3538ms)
✔ gallery: retry preserves selected files and partial upload results, attachment failure=false (30.0586ms)
✔ gallery: retry preserves selected files and partial upload results, attachment failure=true (31.3469ms)
✔ uncertain destruction retry followed by 401 retains identity and inputs (21.3202ms)
✔ uncertain destruction retry followed by 403 retains identity and inputs (9.0468ms)
✔ uncertain destruction retry followed by 408 retains identity and inputs (10.6132ms)
✔ uncertain destruction retry followed by 429 retains identity and inputs (9.7596ms)
✔ confirmed destruction navigation stays locked (10.4231ms)
✔ destruction concurrent submits send one request before React renders (9.4929ms)
✔ destruction server errors and truncated JSON preserve the creation request (6.4947ms)
✔ a definite destruction input rejection allows correction with a new request (6.566ms)
✔ all eight supported preliminary formats keep distinct actual domain labels (6.3598ms)
✔ CLASSIC creation retains valid recruitment and preliminary-format payloads (57.8156ms)
✔ ARAM creation retains valid recruitment and preliminary-format payloads (46.5797ms)
✔ ARAM_MAYHEM creation retains valid recruitment and preliminary-format payloads (48.4881ms)
✔ public destruction detail keeps owner application, vote and explicit unavailable/error states (2.175ms)
✔ administrator destruction workspaces expose the full staged lifecycle (3.7714ms)
✔ API source keeps account owner and ADMIN boundaries separate (1.3498ms)
✔ event creation retries the exact uncertain request and keeps editing locked until confirmation (65.659ms)
✔ two submissions before render issue only one event request (13.0101ms)
✔ server errors and unreadable successful responses retain the original event identity (9.3111ms)
✔ a definite rejection unlocks correction and gives the corrected request a new identity (7.8207ms)
✔ an uncertain creation keeps its identity after retry receives 401 (7.4189ms)
✔ an uncertain creation keeps its identity after retry receives 403 (8.2717ms)
✔ an uncertain creation keeps its identity after retry receives 429 (6.2608ms)
ℹ tests 48
ℹ suites 0
ℹ pass 48
ℹ fail 0
ℹ cancelled 0
ℹ skipped 0
ℹ todo 0
ℹ duration_ms 979.5248
