✖ event transaction retries a rolled-back serialization failure with a fresh context (0.7308ms)
✖ event transaction retries deadlocks but bounds repeated database contention (0.8926ms)
✔ event transaction does not retry validation or unrelated database errors (0.1983ms)
ℹ tests 3
ℹ suites 0
ℹ pass 1
ℹ fail 2
ℹ cancelled 0
ℹ skipped 0
ℹ todo 0
ℹ duration_ms 673.7283

✖ failing tests:

test at tests\event-postgres-retry.test.ts:23:1
✖ event transaction retries a rolled-back serialization failure with a fresh context (0.7308ms)
  Error: driver wrapper
      at TestContext.<anonymous> (E:\k-LOL.GG\worktrees\ux-discoverability-20261002\tests\event-postgres-retry.test.ts:24:36)
      at Test.runInAsyncScope (node:async_hooks:228:14)
      at Test.run (node:internal/test_runner/test:1118:25)
      at Test.start (node:internal/test_runner/test:1015:17)
      at startSubtestAfterBootstrap (node:internal/test_runner/harness:358:17) {
    [cause]: { code: '40001' }
  }

test at tests\event-postgres-retry.test.ts:40:1
✖ event transaction retries deadlocks but bounds repeated database contention (0.8926ms)
  AssertionError [ERR_ASSERTION]: Expected values to be strictly equal:

  1 !== 3

      at TestContext.<anonymous> (E:\k-LOL.GG\worktrees\ux-discoverability-20261002\tests\event-postgres-retry.test.ts:45:10)
      at async Test.run (node:internal/test_runner/test:1125:7)
      at async Test.processPendingSubtests (node:internal/test_runner/test:787:7) {
    generatedMessage: true,
    code: 'ERR_ASSERTION',
    actual: 1,
    expected: 3,
    operator: 'strictEqual',
    diff: 'simple'
  }
