
> klol-gg-v2@0.1.0 test:db
> tsx scripts/test-db/run-data-contracts.ts

[db-contract] isolated PostgreSQL 18 cluster started
✔ 0041 fresh install, populated 0040 upgrade and reapply preserve enrollment history (2716.1941ms)
ℹ tests 1
ℹ suites 0
ℹ pass 1
ℹ fail 0
ℹ cancelled 0
ℹ skipped 0
ℹ todo 0
ℹ duration_ms 3421.5145
✔ S09 PostgreSQL adapter commits aggregate, receipt, audit and outbox atomically with owner/session checks (971.8577ms)
✔ party member statistics are bounded and count distinct parties and primary companions (73.6251ms)
✔ S09 PostgreSQL adapter binds a BOT nonce to exactly one signed request identity (85.5504ms)
✔ Kakao aggregate controllers block confused-deputy lifecycle mutations (163.7421ms)
✔ V4 scrim finish completes only the active same-room target and replays without duplicate writes (89.5092ms)
✔ concurrent V4 party member commands serialize on the locked latest aggregate (224.4426ms)
✔ concurrent V4 scrim participant commands compose after the database row lock (150.7035ms)
ℹ tests 7
ℹ suites 0
ℹ pass 7
ℹ fail 0
ℹ cancelled 0
ℹ skipped 0
ℹ todo 0
ℹ duration_ms 2475.9239
✔ S09 operation forms persist signed submissions and ADMIN TOTP mutations atomically (207.3731ms)
ℹ tests 1
ℹ suites 0
ℹ pass 1
ℹ fail 0
ℹ cancelled 0
ℹ skipped 0
ℹ todo 0
ℹ duration_ms 924.9226
✔ signed Kakao reads persist safe replay receipts and isolate recruit members to the bound room (158.3419ms)
✔ in-house round metadata persists schedule and notice, clears on full snapshot, and isolates authoritative mode transitions by room (323.2928ms)
✔ authoritative Kakao season sync withdraws only same-room same-round RIFT rows and replays without writes (203.5623ms)
✔ signed Kakao season snapshots match exact players and preserve unresolved entries for review (156.3464ms)
✔ recoverable Kakao season rows save valid players, queue review rows, preserve omitted slots, and cancel explicit blanks (119.3886ms)
✔ in-house shortcuts and full snapshots enforce integrated SITE capacity while preserving confirmed decisions (189.2654ms)
✔ in-house finish preserves every roster row, hides the round, and replays without writes (113.0189ms)
✔ editable inhouse forms count unlinked names, merge concurrent additions, protect SITE rows and retain closed rosters (315.6998ms)
✔ name-first in-house copies keep pending slots and merge metadata without overwriting newer edits (199.7497ms)
✔ in-house copy forms reopen a vacated reserve slot and preserve the remaining roster (253.745ms)
✔ owner-created Kakao image sessions bind sender, finalize private assets, replay, and revoke (133.2457ms)
✔ Kakao admin settings and health repair require SUPER TOTP and persist receipts, audit, and outbox (179.0179ms)
ℹ tests 12
ℹ suites 0
ℹ pass 12
ℹ fail 0
ℹ cancelled 0
ℹ skipped 0
ℹ todo 0
ℹ duration_ms 3201.3377
▶ Kakao short form originals are durable, scoped, reusable and expire at 06:00 KST
  ✔ scope, kind, target and operating-day binding are mandatory (6.6257ms)
  ✔ concurrent readers reuse a single durable original (78.355ms)
  ✔ transaction rollback does not leave an issued code behind (3.2426ms)
  ✔ database constraints fail closed even when application validation is bypassed (114.3523ms)
  ✔ midnight preserves the code but the exact 06:00 boundary rejects it (63.8192ms)
  ✔ bounded retention cleanup never removes a live original (25.5261ms)
✔ Kakao short form originals are durable, scoped, reusable and expire at 06:00 KST (392.8327ms)
ℹ tests 7
ℹ suites 0
ℹ pass 7
ℹ fail 0
ℹ cancelled 0
ℹ skipped 0
ℹ todo 0
ℹ duration_ms 1136.011
✔ one installation maps to exactly one canonical room without room parsing or sender allowlists (296.4881ms)
ℹ tests 1
ℹ suites 0
ℹ pass 1
ℹ fail 0
ℹ cancelled 0
ℹ skipped 0
ℹ todo 0
ℹ duration_ms 1006.4744
▶ season lifecycle, participation ownership, idempotency and audit contracts hold on PostgreSQL 18
  ✔ retired lifecycle timestamps reject activated or ended history (3.349ms)
  ✔ concurrent activation leaves exactly one active season (161.3718ms)
  ✔ clone creates a draft and stale clone revision is rejected (10.772ms)
  ✔ Kakao provenance hash and position invariants are enforced by PostgreSQL (260.4167ms)
  ✔ SUPER resolves or cancels pending Kakao applications with idempotency, merge policy and safe team handoff (314.5828ms)
  ✔ SITE upsert reuses the same player/date/round row imported from Kakao (18.3825ms)
  ✔ command receipts expire after 24 hours and an expired key is safely reusable (9.5615ms)
  ✔ season audit snapshots retain lifecycle and schedule field diffs (15.932ms)
  ✔ clone and cancellation roll back with their audit event (10.1001ms)
  ✔ owner cancellation, resubmission and admin review honor revisions (81.9876ms)
  ✔ public DTO excludes member, login, Discord and internal review fields (9.7961ms)
  ✔ public status counts cover the full roster while the projection is capped at 200 (60.2475ms)
  ✔ viewer approval and active-player capability are rechecked from the database (32.7444ms)
  ✔ non-approved account is rechecked inside the mutation transaction (1.0084ms)
  ✔ ACCOUNT and ADMIN purposes cannot cross-authorize season commands (1.9462ms)
  ✔ ADMIN and SUPER_ADMIN roles may use approved user actions only through ACCOUNT sessions (23.5341ms)
  ✔ session revocation wins over a queued ACCOUNT mutation (171.6233ms)
  ✔ TOTP removal wins over a queued ADMIN mutation (166.5483ms)
  ✔ soft-deleted account is rejected again inside the mutation transaction (1.575ms)
  ✔ reviewer history restricts hard deletion of the reviewer account (4.4104ms)
  ✔ audit failure rolls the season and idempotency receipt back together (6.5591ms)
  ✔ ending and retirement preserve history instead of cascading deletion (10.7514ms)
✔ season lifecycle, participation ownership, idempotency and audit contracts hold on PostgreSQL 18 (1494.992ms)
✔ site and Kakao serialize the last seat, allow explicit reserves and block closed rounds (359.9311ms)
ℹ tests 24
ℹ suites 0
ℹ pass 24
ℹ fail 0
ℹ cancelled 0
ℹ skipped 0
ℹ todo 0
ℹ duration_ms 2681.1401
✔ [P0-FIXTURE] input-tolerance matrix is pinned to the unchanged V1 oracle (1.5958ms)
✔ [P0-PARTY-01] punctuation, full-width, escape, and whitespace rows have one semantic member (7.2028ms)
✔ [P0-PARTY-02] an explicit empty slot is valid but an absent slot row is not a full snapshot (3.833ms)
✔ [P0-PARTY-03] slash and comma in one reserve row stay in one display name (0.3605ms)
✔ [P0-PARTY-04] a 2-person title cannot overwrite an existing 5-person recruit target (1.3222ms)
✔ [P0-PARTY-05] conflicting duplicate slot rows reject the whole snapshot (0.6163ms)
✔ [P0-PARTY-06] member order is canonical and independent of pasted row order (0.8078ms)
✔ [P0-PARTY-07] name suffix notes, emoji, and Kakao tags are preserved (1.3961ms)
✔ [P0-PARTY-08] multiline metadata values match their single-line semantic values (1.9211ms)
✔ [P0-PARTY-09] an automatic-number empty draft never creates a recruit (1.1328ms)
✔ [P0-OPS-01] all four forms preserve values continued on the following line (3.4363ms)
✔ [P0-OPS-02] all four forms expose exact missing-field contracts without submission (0.9411ms)
✔ [P0-OPS-03] parentheses and comma stay in the person name instead of becoming an implicit delimiter (0.2604ms)
✔ [P0-OPS-04] ordinary conversation and partial label discussions remain UNKNOWN (1.3159ms)
✔ [P0-OPS-05:friends] field order does not alter the canonical payload (0.5426ms)
✔ [P0-OPS-06:friends] a conflicting duplicate label rejects the whole form (0.2742ms)
✔ [P0-OPS-07:friends] arbitrary footer text cannot contaminate the last field (0.2987ms)
✔ [P0-OPS-05:suggestions] field order does not alter the canonical payload (0.2364ms)
✔ [P0-OPS-06:suggestions] a conflicting duplicate label rejects the whole form (0.2435ms)
✔ [P0-OPS-07:suggestions] arbitrary footer text cannot contaminate the last field (0.368ms)
✔ [P0-OPS-05:meetups] field order does not alter the canonical payload (0.2642ms)
✔ [P0-OPS-06:meetups] a conflicting duplicate label rejects the whole form (0.2002ms)
✔ [P0-OPS-07:meetups] arbitrary footer text cannot contaminate the last field (0.2861ms)
✔ [P0-OPS-05:leaves] field order does not alter the canonical payload (0.2625ms)
✔ [P0-OPS-06:leaves] a conflicting duplicate label rejects the whole form (0.1756ms)
✔ [P0-OPS-07:leaves] arbitrary footer text cannot contaminate the last field (0.2423ms)
✔ [P0-OPS-08] prose mentioning every label is not classified as a form (0.144ms)
✔ [P0-IDEMPOTENCY-01] the same event is dispatched exactly once and then replayed (0.6692ms)
✔ [P0-IDEMPOTENCY-02] different events with one semantic payload are both dispatched (0.7215ms)
✔ [P0-MULTIUSER-01] same-room events from different senders reach edit and finish dispatch (0.496ms)
✔ [P0-CANONICAL-01] V1-local fullwidth slash and digits canonicalize to the same finish command on the server (0.1841ms)
✔ [P0-CANONICAL-02] finish and detail commands tolerate whitespace after the copied hash marker (0.3366ms)
✔ [P0-MULTIUSER-02] PostgreSQL contract proves same-room cross-user edit/finish and different-room no-mutation without an administrator role (136.4716ms)
ℹ tests 33
ℹ suites 0
ℹ pass 33
ℹ fail 0
ℹ cancelled 0
ℹ skipped 0
ℹ todo 0
ℹ duration_ms 991.4383
[db-contract] cluster stopped and disposable workspace path removed
