
> klol-gg-v2@0.1.0 test:db
> tsx scripts/test-db/run-data-contracts.ts

[db-contract] isolated PostgreSQL 18 cluster started
✔ 0045 fresh, populated 0044 upgrade and replay preserve existing Riot links and summaries (2990.6235ms)
✔ Riot analytics archive deduplicates, pages without upstream access, retains daily observations and hides changed connections (1073.0985ms)
✔ S12 Riot persistence keeps owner auth, one-time RSO, jobs, receipts, audit and outbox atomic (374.0032ms)
ℹ tests 3
ℹ suites 0
ℹ pass 3
ℹ fail 0
ℹ cancelled 0
ℹ skipped 0
ℹ todo 0
ℹ duration_ms 5342.3196
✔ production RSO cache and signed sync job survive application retry without persisting credentials (440.7772ms)
✔ scheduled Riot repository excludes ineligible identities and duplicate/recent work (151.0775ms)
✔ Riot key probe persists only safe outcomes and rejects replay, rapid retry, invalid signature and disabled flag (114.9682ms)
ℹ tests 3
ℹ suites 0
ℹ pass 3
ℹ fail 0
ℹ cancelled 0
ℹ skipped 0
ℹ todo 0
ℹ duration_ms 1545.4436
[db-contract] cluster stopped and disposable workspace path removed
