✔ strict V1 and ordinary V4 reserve full copyable drafts and return one current form after saving (4.6207ms)
✔ strict V1 detail is the full copyable form without repeated command guidance (0.2138ms)
✔ strict V1 status renders recruiting, waiting, playing, and large-party groups (1.0181ms)
✔ strict V1 missing detail uses the canonical not-found reply (0.1873ms)
✔ strict V1 missing scrim detail uses the canonical success reply while ordinary V4 stays not-found (1.3992ms)
✔ strict V1 scrim status and detail preserve a free-text legacy start time (0.7342ms)
✔ 내전과 스크림 빠른 추가·삭제는 슬래시, 모바일 공백과 제한된 오타를 허용한다 (8.5249ms)
✔ 협곡 내전 빠른 추가는 이름만 또는 티어·라인 전체 입력을 모두 허용한다 (2.8029ms)
✔ 내전 전체 양식은 일반 명단과 예비 명단을 함께 동기화한다 (2.4041ms)
✔ 빠른 추가·삭제는 명확한 번호와 한 명의 안전한 이름만 허용한다 (1.4348ms)
✔ 내전 명령도 파티·스크림과 같은 오전 6시 운영일을 사용한다 (0.4697ms)
✔ 내전·스크림 생성은 DRAFT 번호를 먼저 예약하고 실제 번호가 든 양식만 응답한다 (1.6751ms)
✔ 내전 안내 문구는 공지가 아니며 스크림 빈 예약 양식은 활성화 명령이 되지 않는다 (2.0471ms)
✔ 내전·스크림 빠른 추가는 이름을 서버 명령으로 보내고 최신 명단을 함께 응답한다 (1.3184ms)
✔ V4 schema preserves the seven-field client and accepts only the exact V1 strict extension (1.6863ms)
✔ slash boundary preserves zero-or-one leading slash parity (0.5135ms)
✔ V4 signature covers the exact raw envelope and timestamp (0.6161ms)
✔ profile authorization does not receive sender role or allowlist inputs (2.6279ms)
✔ health, contract probes, and classified commands return deterministic replies without a runtime dispatcher (1.8867ms)
✔ event ID is the idempotency boundary and mismatched reuse conflicts (0.6778ms)
✔ hot replay cache binds the verified raw request digest (0.4395ms)
✔ R23 retires every old-phone scrim command and form without dispatching or writing (9.0413ms)
✔ R24 server help separates adding a name from initial party settings and inhouse mode choice (0.7017ms)
✔ public error responses keep stable status and code contracts (16.8498ms)
✔ V4 application errors normalize idempotency conflicts to public 409 only (0.647ms)
✔ 내전 빠른 명단 응답은 결과를 한 줄로 요약하고 본명과 닉네임을 표시한다 (0.936ms)
✔ 내전 빠른 추가 대상이 미등록이어도 이름과 접수 인원에 포함한다 (0.2404ms)
✔ player record, recent matches, and ranking preserve exact V1-visible fields (0.6705ms)
✔ player and ranking boundary replies preserve V1 wording and percent formatting (0.2258ms)
✔ V4 event key is shared by recruiting and assistant durable receipts (0.5832ms)
✔ party create reserves an invisible draft and returns all blank slots with its copy reference (2.0934ms)
✔ the exact generated V1 party form activates with only organizer populated and applies metadata defaults (5.2171ms)
✔ R24 party creation shows all empty slots with unknown time and a short footer code (0.4875ms)
✔ R24 copying the latest party form preserves old names and reports the newly saved name first (2.9101ms)
✔ the reported metadata-only #11 form reaches one idempotent party activation (1.0914ms)
✔ first completed automatic party form creates the party once (0.3426ms)
✔ explicit missing party number never falls back to creating a new party (0.3715ms)
✔ existing party snapshots forward slot states without forwarding submitted type or capacity (0.4423ms)
✔ party status and detail use one server status receipt and return the latest aggregate (0.3822ms)
✔ party member shortcut classifications canonicalize to the current operating day (1.8227ms)
✔ party member shortcut outcomes return confirmation followed by the latest full form (0.9128ms)
✔ missing, ambiguous, and member-limit shortcut results stay concrete successful replies (0.6974ms)
✔ party mutation and latest full form keep the signed instant across the 06:00 KST boundary (1.0597ms)
✔ replayed sync, blank deletion, and finish disclose a failed post-mutation status refresh (0.4187ms)
✔ party snapshot and finish resolve latest revision without owner or role inputs (0.5138ms)
✔ missing current-operating-day party finish is a V1 success reply with the latest status and no mutation (0.6958ms)
✔ scrim status requests only the scrim projection (0.4752ms)
✔ season authoritative zero-person snapshot stays one transactional assistant call (0.4754ms)
✔ season SYNC exposes the latest copy reply to both ordinary and strict clients (0.1682ms)
✔ V1 strict season STATUS maps no active season to the canonical empty reply only (0.3678ms)
✔ scrim create and snapshot each issue one recruiting mutation (0.3244ms)
✔ season status and detail each return one authoritative assistant result (0.2023ms)
✔ scrim deprecated lifecycle commands use a static receipt without domain status queries (0.1686ms)
✔ dispatcher fails closed when command domain and static profile differ (0.1475ms)
✔ Phase 3-A: 내전 모드 선택과 협곡·칼바람 복사 양식을 출력한다 (10.0983ms)
✔ Phase 3-A: 내전 전체 현황과 회차 상세는 정확히 한 번 authoritative assistant를 호출한다 (0.5378ms)
✔ Phase 3-A: 협곡 명단 A→B→A와 0명은 각 입력당 한 번의 authoritative snapshot이다 (4.6839ms)
✔ R23: 스크림 양식·현황·상세는 종료 안내만 반환한다 (1.3324ms)
✔ R23: 구형 스크림 신규 양식과 재전송은 저장 없이 종료 안내만 반환한다 (0.2358ms)
✔ R23: 구형 스크림 수정 양식은 기존 데이터와 대회 바인딩을 변경하지 않는다 (0.2351ms)
✔ Phase 3-A: 번호 행 하나가 빠진 양식은 그 슬롯을 보존하고 나머지 행을 동기화한다 (0.3704ms)
✔ Kakao pending API splits ADMIN reads from SUPER TOTP mutations (5.2968ms)
✔ pending operator UI uses bounded filters, a player picker and revision-safe commands (0.8624ms)
✔ public season applications expose Kakao-started recruit rounds without leaking pending identities (1.6901ms)
✔ site feature access fails closed for missing or unreadable settings (0.9561ms)
✔ registration feature protects both its page and mutation before credential work (0.4758ms)
✔ match submission feature keeps reads available but guards every owner mutation (0.9139ms)
✔ Kakao help feature controls its public guide without exposing configuration (0.3249ms)
✔ recruit guide teaches adding a name before optional creation and explicit cancellation (0.3216ms)
ℹ tests 69
ℹ suites 0
ℹ pass 69
ℹ fail 0
ℹ cancelled 0
ℹ skipped 0
ℹ todo 0
ℹ duration_ms 897.6565
