[db-contract] isolated PostgreSQL 18 cluster started
✔ all journaled migrations install idempotently on a distinct empty PostgreSQL 18 database (914.2696ms)
ℹ tests 1
ℹ suites 0
ℹ pass 1
ℹ fail 0
ℹ cancelled 0
ℹ skipped 0
ℹ todo 0
ℹ duration_ms 1658.5758
✔ 0041 fresh install, populated 0040 upgrade and reapply preserve enrollment history (2689.7845ms)
ℹ tests 1
ℹ suites 0
ℹ pass 1
ℹ fail 0
ℹ cancelled 0
ℹ skipped 0
ℹ todo 0
ℹ duration_ms 3409.1714
✔ four guards reject unsafe database targets (0.9492ms)
▶ migrations, constraints, repository, and transaction contracts hold on PostgreSQL 18
  ✔ forward migration preserves existing player rows and is idempotent (1177.0019ms)
  ✔ auth and TOTP constraints fail closed (140.6214ms)
  ✔ database auth repository persists durable session, TOTP, and rate-limit state (457.2209ms)
  ✔ registry uniqueness and lifecycle constraints are enforced (9.7982ms)
  ✔ PostgresPlayerRepository returns only public active projections (50.0891ms)
  ✔ domain change and audit append commit or roll back atomically (12.4504ms)
✔ migrations, constraints, repository, and transaction contracts hold on PostgreSQL 18 (1854.1029ms)
ℹ tests 8
ℹ suites 0
ℹ pass 8
ℹ fail 0
ℹ cancelled 0
ℹ skipped 0
ℹ todo 0
ℹ duration_ms 2627.0064
▶ administrator TOTP lifecycle is serialized, audited, and rolled back atomically
  ✔ a TOTP setup session that expires while queued cannot mutate security state (531.8535ms)
  ✔ pending setup never rotates silently and explicit cancellation is auditable (21.7399ms)
  ✔ concurrent enable has one winner and revokes every session in its transaction (17.6259ms)
  ✔ audit insertion failure rolls credential, version, and revocation back (16.3334ms)
  ✔ concurrent self-disable deletes the factor and revokes all sessions exactly once (12.4071ms)
  ✔ USER is rejected while SUPER_ADMIN self-setup remains allowed (17.0757ms)
✔ administrator TOTP lifecycle is serialized, audited, and rolled back atomically (726.1735ms)
ℹ tests 7
ℹ suites 0
ℹ pass 7
ℹ fail 0
ℹ cancelled 0
ℹ skipped 0
ℹ todo 0
ℹ duration_ms 1620.5302
✔ S02 player mutations, legacy mapping, privacy, replay, and rollback hold on PostgreSQL 18 (1306.2978ms)
ℹ tests 1
ℹ suites 0
ℹ pass 1
ℹ fail 0
ℹ cancelled 0
ℹ skipped 0
ℹ todo 0
ℹ duration_ms 2958.4828
▶ season lifecycle, participation ownership, idempotency and audit contracts hold on PostgreSQL 18
  ✔ retired lifecycle timestamps reject activated or ended history (4.6895ms)
  ✔ concurrent activation leaves exactly one active season (174.552ms)
  ✔ clone creates a draft and stale clone revision is rejected (11.2599ms)
  ✔ Kakao provenance hash and position invariants are enforced by PostgreSQL (358.5066ms)
  ✔ SUPER resolves or cancels pending Kakao applications with idempotency, merge policy and safe team handoff (340.0109ms)
  ✔ SITE upsert reuses the same player/date/round row imported from Kakao (18.7843ms)
  ✔ command receipts expire after 24 hours and an expired key is safely reusable (9.9772ms)
  ✔ season audit snapshots retain lifecycle and schedule field diffs (15.0683ms)
  ✔ clone and cancellation roll back with their audit event (12.1051ms)
  ✔ owner cancellation, resubmission and admin review honor revisions (117.7361ms)
  ✔ public DTO excludes member, login, Discord and internal review fields (6.0294ms)
  ✔ public status counts cover the full roster while the projection is capped at 200 (82.1852ms)
  ✔ viewer approval and active-player capability are rechecked from the database (44.87ms)
  ✔ non-approved account is rechecked inside the mutation transaction (1.2819ms)
  ✔ ACCOUNT and ADMIN purposes cannot cross-authorize season commands (1.8141ms)
  ✔ ADMIN and SUPER_ADMIN roles may use approved user actions only through ACCOUNT sessions (24.4038ms)
  ✔ session revocation wins over a queued ACCOUNT mutation (172.4353ms)
  ✔ TOTP removal wins over a queued ADMIN mutation (166.5055ms)
  ✔ soft-deleted account is rejected again inside the mutation transaction (1.4284ms)
  ✔ reviewer history restricts hard deletion of the reviewer account (4.8266ms)
  ✔ audit failure rolls the season and idempotency receipt back together (7.8522ms)
  ✔ ending and retirement preserve history instead of cascading deletion (9.6268ms)
✔ season lifecycle, participation ownership, idempotency and audit contracts hold on PostgreSQL 18 (1699.6689ms)
✔ site and Kakao serialize the last seat, allow explicit reserves and block closed rounds (512.1694ms)
ℹ tests 24
ℹ suites 0
ℹ pass 24
ℹ fail 0
ℹ cancelled 0
ℹ skipped 0
ℹ todo 0
ℹ duration_ms 3121.5036
▶ site capacity transition queue is atomic, scoped, replay-safe and offline tolerant
  ✔ UNVERIFIED matches only one-candidate review items (12.5548ms)
  ✔ website roster ignores legacy pending in another scope or mode (99.1187ms)
  ✔ 9 to 10, retry and unchanged 10 create a single notification (40.9439ms)
  ✔ failed application transaction rolls back its notification (37.7521ms)
  ✔ another scope or target cannot claim and replay is refused (13.2617ms)
  ✔ offline lease expires, concurrent polls claim once, ACK is idempotent (29.6754ms)
  ✔ uncertain send is terminal; a newer 9 to 10 transition remains separate (41.1961ms)
  ✔ expiry, failure bound and retention are enforced (47.9491ms)
✔ site capacity transition queue is atomic, scoped, replay-safe and offline tolerant (418.8389ms)
ℹ tests 9
ℹ suites 0
ℹ pass 9
ℹ fail 0
ℹ cancelled 0
ℹ skipped 0
ℹ todo 0
ℹ duration_ms 1315.7542
✔ S01 account lifecycle, recovery security, races, replay, and rollback hold on PostgreSQL 18 (4477.1257ms)
ℹ tests 1
ℹ suites 0
ℹ pass 1
ℹ fail 0
ℹ cancelled 0
ℹ skipped 0
ℹ todo 0
ℹ duration_ms 8679.1372
▶ S04 stores participant display identity and rejection reasons as durable history
  ✔ published detail keeps ten KDA rows and exposes a real API 404/fallback contract (54.8555ms)
  ✔ registry rename does not rewrite a recorded participant or its archived revision (328.8435ms)
  ✔ reject after and reopen before audit snapshots retain the cleared public reason (20.1497ms)
  ✔ web submission accepts only the owner's current valid selected team draft (29.9401ms)
  ✔ admin match creation rechecks and persists the exact selected team draft (23.0358ms)
  ✔ submission approval carries team-balance provenance through match history and outbox (43.0995ms)
✔ S04 stores participant display identity and rejection reasons as durable history (679.166ms)
ℹ tests 7
ℹ suites 0
ℹ pass 7
ℹ fail 0
ℹ cancelled 0
ℹ skipped 0
ℹ todo 0
ℹ duration_ms 1595.4999
✔ S05 rebuilds PUBLISHED match statistics atomically and receipts make replay idempotent (462.4849ms)
ℹ tests 1
ℹ suites 0
ℹ pass 1
ℹ fail 0
ℹ cancelled 0
ℹ skipped 0
ℹ todo 0
ℹ duration_ms 1280.5957
✔ S10 media publication is TOTP-authorized, idempotent, asset-safe, auditable, and soft archived (353.1712ms)
✔ S10 admin upload persists STAGED to READY, lists by exact draft, attaches safely, and tombstones unused assets (304.934ms)
ℹ tests 2
ℹ suites 0
ℹ pass 2
ℹ fail 0
ℹ cancelled 0
ℹ skipped 0
ℹ todo 0
ℹ duration_ms 1593.2005
✔ team internal experience counts published games only and converges after void and restore (273.4749ms)
✔ team-only override is SUPER/TOTP audited and recent solo provider requires connected fresh identity (353.2617ms)
✔ S06 draft lifecycle is owner/admin authorized, append-only, transactional, and idempotent (802.7278ms)
ℹ tests 3
ℹ suites 0
ℹ pass 3
ℹ fail 0
ℹ cancelled 0
ℹ skipped 0
ℹ todo 0
ℹ duration_ms 2361.353
✔ S05-B persists canonical full-ledger MMR replay without competing for the S04 outbox (534.1492ms)
ℹ tests 1
ℹ suites 0
ℹ pass 1
ℹ fail 0
ℹ cancelled 0
ℹ skipped 0
ℹ todo 0
ℹ duration_ms 1415.1018
✔ S09 PostgreSQL adapter commits aggregate, receipt, audit and outbox atomically with owner/session checks (261.1635ms)
✔ party member statistics are bounded and count distinct parties and primary companions (102.4005ms)
✔ S09 PostgreSQL adapter binds a BOT nonce to exactly one signed request identity (114.4855ms)
✔ Kakao aggregate controllers block confused-deputy lifecycle mutations (201.1015ms)
✔ V4 scrim finish completes only the active same-room target and replays without duplicate writes (159.8584ms)
✔ concurrent V4 party member commands serialize on the locked latest aggregate (385.9704ms)
✔ concurrent V4 scrim participant commands compose after the database row lock (223.6295ms)
ℹ tests 7
ℹ suites 0
ℹ pass 7
ℹ fail 0
ℹ cancelled 0
ℹ skipped 0
ℹ todo 0
ℹ duration_ms 2389.8417
✔ S09 operation forms persist signed submissions and ADMIN TOTP mutations atomically (206.8261ms)
ℹ tests 1
ℹ suites 0
ℹ pass 1
ℹ fail 0
ℹ cancelled 0
ℹ skipped 0
ℹ todo 0
ℹ duration_ms 1106.3957
✔ signed Kakao reads persist safe replay receipts and isolate recruit members to the bound room (206.0855ms)
✔ in-house round metadata persists schedule and notice, clears on full snapshot, and isolates authoritative mode transitions by room (436.2126ms)
✔ authoritative Kakao season sync withdraws only same-room same-round RIFT rows and replays without writes (257.1631ms)
✔ signed Kakao season snapshots match exact players and preserve unresolved entries for review (206.412ms)
✔ recoverable Kakao season rows save valid players, queue review rows, preserve omitted slots, and cancel explicit blanks (165.8404ms)
✔ in-house shortcuts and full snapshots enforce integrated SITE capacity while preserving confirmed decisions (277.0078ms)
✔ in-house finish preserves every roster row, hides the round, and replays without writes (164.9643ms)
✔ editable inhouse forms count unlinked names, merge concurrent additions, protect SITE rows and retain closed rosters (414.4265ms)
✔ name-first in-house copies keep pending slots and merge metadata without overwriting newer edits (233.8656ms)
✔ in-house copy forms reopen a vacated reserve slot and preserve the remaining roster (179.6194ms)
✔ owner-created Kakao image sessions bind sender, finalize private assets, replay, and revoke (172.7191ms)
✔ Kakao admin settings and health repair require SUPER TOTP and persist receipts, audit, and outbox (206.0592ms)
ℹ tests 12
ℹ suites 0
ℹ pass 12
ℹ fail 0
ℹ cancelled 0
ℹ skipped 0
ℹ todo 0
ℹ duration_ms 3878.726
▶ Kakao short form originals are durable, scoped, reusable and expire at 06:00 KST
  ✔ scope, kind, target and operating-day binding are mandatory (8.1069ms)
  ✔ concurrent readers reuse a single durable original (94.4015ms)
  ✔ transaction rollback does not leave an issued code behind (4.1633ms)
  ✔ database constraints fail closed even when application validation is bypassed (158.8526ms)
  ✔ midnight preserves the code but the exact 06:00 boundary rejects it (95.4192ms)
  ✔ bounded retention cleanup never removes a live original (56.8363ms)
✔ Kakao short form originals are durable, scoped, reusable and expire at 06:00 KST (545.1024ms)
ℹ tests 7
ℹ suites 0
ℹ pass 7
ℹ fail 0
ℹ cancelled 0
ℹ skipped 0
ℹ todo 0
ℹ duration_ms 1298.3116
✔ one installation maps to exactly one canonical room without room parsing or sender allowlists (459.1511ms)
ℹ tests 1
ℹ suites 0
ℹ pass 1
ℹ fail 0
ℹ cancelled 0
ℹ skipped 0
ℹ todo 0
ℹ duration_ms 1252.3712
✔ ADR0011 lists more than twenty parties without snapshots and reads scoped active/draft details directly (178.2017ms)
ℹ tests 1
ℹ suites 0
ℹ pass 1
ℹ fail 0
ℹ cancelled 0
ℹ skipped 0
ℹ todo 0
ℹ duration_ms 1054.9849
✔ [P0-FIXTURE] input-tolerance matrix is pinned to the unchanged V1 oracle (1.6238ms)
✔ [P0-PARTY-01] punctuation, full-width, escape, and whitespace rows have one semantic member (9.0503ms)
✔ [P0-PARTY-02] an explicit empty slot is valid but an absent slot row is not a full snapshot (4.0096ms)
✔ [P0-PARTY-03] slash and comma in one reserve row stay in one display name (0.3967ms)
✔ [P0-PARTY-04] a 2-person title cannot overwrite an existing 5-person recruit target (1.2205ms)
✔ [P0-PARTY-05] conflicting duplicate slot rows reject the whole snapshot (0.5174ms)
✔ [P0-PARTY-06] member order is canonical and independent of pasted row order (0.633ms)
✔ [P0-PARTY-07] name suffix notes, emoji, and Kakao tags are preserved (2.3223ms)
✔ [P0-PARTY-08] multiline metadata values match their single-line semantic values (1.2452ms)
✔ [P0-PARTY-09] an automatic-number empty draft never creates a recruit (1.2556ms)
✔ [P0-OPS-01] all four forms preserve values continued on the following line (3.9556ms)
✔ [P0-OPS-02] all four forms expose exact missing-field contracts without submission (0.8653ms)
✔ [P0-OPS-03] parentheses and comma stay in the person name instead of becoming an implicit delimiter (0.1901ms)
✔ [P0-OPS-04] ordinary conversation and partial label discussions remain UNKNOWN (0.9263ms)
✔ [P0-OPS-05:friends] field order does not alter the canonical payload (0.5475ms)
✔ [P0-OPS-06:friends] a conflicting duplicate label rejects the whole form (0.4214ms)
✔ [P0-OPS-07:friends] arbitrary footer text cannot contaminate the last field (0.5036ms)
✔ [P0-OPS-05:suggestions] field order does not alter the canonical payload (0.4728ms)
✔ [P0-OPS-06:suggestions] a conflicting duplicate label rejects the whole form (0.2848ms)
✔ [P0-OPS-07:suggestions] arbitrary footer text cannot contaminate the last field (0.3158ms)
✔ [P0-OPS-05:meetups] field order does not alter the canonical payload (0.2796ms)
✔ [P0-OPS-06:meetups] a conflicting duplicate label rejects the whole form (0.2046ms)
✔ [P0-OPS-07:meetups] arbitrary footer text cannot contaminate the last field (0.316ms)
✔ [P0-OPS-05:leaves] field order does not alter the canonical payload (0.3578ms)
✔ [P0-OPS-06:leaves] a conflicting duplicate label rejects the whole form (0.1955ms)
✔ [P0-OPS-07:leaves] arbitrary footer text cannot contaminate the last field (0.2523ms)
✔ [P0-OPS-08] prose mentioning every label is not classified as a form (0.353ms)
✔ [P0-IDEMPOTENCY-01] the same event is dispatched exactly once and then replayed (0.75ms)
✔ [P0-IDEMPOTENCY-02] different events with one semantic payload are both dispatched (0.7506ms)
✔ [P0-MULTIUSER-01] same-room events from different senders reach edit and finish dispatch (1.1917ms)
✔ [P0-CANONICAL-01] V1-local fullwidth slash and digits canonicalize to the same finish command on the server (0.2169ms)
✔ [P0-CANONICAL-02] finish and detail commands tolerate whitespace after the copied hash marker (0.2985ms)
✔ [P0-MULTIUSER-02] PostgreSQL contract proves same-room cross-user edit/finish and different-room no-mutation without an administrator role (181.1879ms)
ℹ tests 33
ℹ suites 0
ℹ pass 33
ℹ fail 0
ℹ cancelled 0
ℹ skipped 0
ℹ todo 0
ℹ duration_ms 1040.4814
(node:31144) DeprecationWarning: Calling client.query() when the client is already executing a query is deprecated and will be removed in pg@9.0. Use async/await or an external async flow control mechanism instead.
(Use `node --trace-deprecation ...` to show where the warning was created)
✔ S07 event adapter persists exact-ten lifecycle, S06 teams, correction invalidation and owner-safe reads (1072.5327ms)
ℹ tests 1
ℹ suites 0
ℹ pass 1
ℹ fail 0
ℹ cancelled 0
ℹ skipped 0
ℹ todo 0
ℹ duration_ms 1914.9735
✔ S08 adapter persists recruitment, seeded auction, BO stages, roster history, MVP revote and atomic receipts (1765.4345ms)
ℹ tests 1
ℹ suites 0
ℹ pass 1
ℹ fail 0
ℹ cancelled 0
ℹ skipped 0
ℹ todo 0
ℹ duration_ms 2623.5188
✔ S13 settings, AI ledger and signed maintenance preserve authorization and idempotency contracts (578.397ms)
ℹ tests 1
ℹ suites 0
ℹ pass 1
ℹ fail 0
ℹ cancelled 0
ℹ skipped 0
ℹ todo 0
ℹ duration_ms 1401.5446
✔ storage probe atomically limits concurrent jobs, rejects replay, and records synthetic storage success and failure (186.2063ms)
ℹ tests 1
ℹ suites 0
ℹ pass 1
ℹ fail 0
ℹ cancelled 0
ℹ skipped 0
ℹ todo 0
ℹ duration_ms 895.6757
✔ S12 Riot persistence keeps owner auth, one-time RSO, jobs, receipts, audit and outbox atomic (405.4343ms)
ℹ tests 1
ℹ suites 0
ℹ pass 1
ℹ fail 0
ℹ cancelled 0
ℹ skipped 0
ℹ todo 0
ℹ duration_ms 1314.7189
✔ production RSO cache and signed sync job survive application retry without persisting credentials (661.7705ms)
ℹ tests 1
ℹ suites 0
ℹ pass 1
ℹ fail 0
ℹ cancelled 0
ℹ skipped 0
ℹ todo 0
ℹ duration_ms 1468.844
✔ S11 discipline records and private evidence persist with masked ownership, replay, and exact review state (569.4074ms)
ℹ tests 1
ℹ suites 0
ℹ pass 1
ℹ fail 0
ℹ cancelled 0
ℹ skipped 0
ℹ todo 0
ℹ duration_ms 1577.0424
✔ S10 champion catalog keeps ADMIN TOTP mutations, replay and durable ledgers atomic (442.6665ms)
✔ S10 champion image backfill applies and rolls back all 173 NULL fixture rows (227.8887ms)
ℹ tests 2
ℹ suites 0
ℹ pass 2
ℹ fail 0
ℹ cancelled 0
ℹ skipped 0
ℹ todo 0
ℹ duration_ms 1566.1357
{"kind":"isolated-postgresql-recovery","archiveBytes":1008407,"archiveSha256":"5235a4e12ded69c6caee395d9bd1dd7044ffe8b623fca3ca220dd57430bf0380","migrationCount":45,"migrationHead":"0044_vengeful_trauma","tableCount":106,"schemaDefinitionCount":3511,"exactTableCountsMatched":true,"fixtureRelationMatched":true,"foreignKeysValidated":true,"migrationReplayNoop":true,"failedMigrationRolledBack":true}
✔ PostgreSQL custom archive restores the complete schema, data and migration head (4022.9696ms)
ℹ tests 1
ℹ suites 0
ℹ pass 1
ℹ fail 0
ℹ cancelled 0
ℹ skipped 0
ℹ todo 0
ℹ duration_ms 4841.2734
✔ bounded maintenance deletes only expired rows and records an atomic replayable result (145.24ms)
ℹ tests 1
ℹ suites 0
ℹ pass 1
ℹ fail 0
ℹ cancelled 0
ℹ skipped 0
ℹ todo 0
ℹ duration_ms 957.6619
[browser-qa-command] ready | code | empty | season-error | season-restore | account-error | account-restore | sessions-error | sessions-restore | bump-approved | stop
[capture] 1/339 200 / -> 001-desktop.png
[capture] 2/339 200 /account -> 002-desktop-account.png
[capture] 3/339 200 /account/discipline -> 003-desktop-account-discipline.png
[capture] 4/339 200 /account/password -> 004-desktop-account-password.png
[capture] 5/339 200 /account/riot -> 005-desktop-account-riot.png
[capture] 6/339 200 /admin -> 006-desktop-admin.png
[capture] 7/339 200 /admin/balance -> 007-desktop-admin-balance.png
[capture] 8/339 200 /admin/balance-ai -> 008-desktop-admin-balance-ai.png
[capture] 9/339 200 /admin/balance/drafts -> 009-desktop-admin-balance-drafts.png
[capture] 10/339 200 /admin/balance/drafts/11e7e539-a879-46b2-867d-7b65449a4ff8 -> 010-desktop-admin-balance-drafts-draftId.png
[capture] 11/339 200 /admin/champions -> 011-desktop-admin-champions.png
[capture] 12/339 200 /admin/champions/v1-1/edit -> 012-desktop-admin-champions-championId-edit.png
[capture] 13/339 200 /admin/champions/new -> 013-desktop-admin-champions-new.png
[capture] 14/339 200 /admin/discipline -> 014-desktop-admin-discipline.png
[capture] 15/339 200 /admin/discipline/479dcb31-1d97-4a3c-97ba-dc6d41b03dc5 -> 015-desktop-admin-discipline-recordId.png
[capture] 16/339 200 /admin/discipline/new -> 016-desktop-admin-discipline-new.png
[capture] 17/339 200 /admin/highlights -> 017-desktop-admin-highlights.png
[capture] 18/339 200 /admin/highlights/a33cddf2-c811-46fd-8a3a-9b229a4e564f/edit -> 018-desktop-admin-highlights-highlightId-edit.png
[capture] 19/339 200 /admin/highlights/new -> 019-desktop-admin-highlights-new.png
[capture] 20/339 200 /admin/images -> 020-desktop-admin-images.png
[capture] 21/339 200 /admin/images/75398057-9b99-4036-8033-30b90e4f3192/edit -> 021-desktop-admin-images-imageId-edit.png
[capture] 22/339 200 /admin/images/new -> 022-desktop-admin-images-new.png
[capture] 23/339 200 /admin/kakao -> 023-desktop-admin-kakao.png
[capture] 24/339 200 /admin/kakao/rooms -> 024-desktop-admin-kakao-rooms.png
[capture] 25/339 200 /admin/login -> 025-desktop-admin-login.png
[capture] 26/339 200 /admin/logs -> 026-desktop-admin-logs.png
[capture] 27/339 200 /admin/matches -> 027-desktop-admin-matches.png
[capture] 28/339 200 /admin/matches/171d86b1-0c34-4f62-91e1-d8c8e9c28867 -> 028-desktop-admin-matches-matchId.png
[capture] 29/339 200 /admin/matches/171d86b1-0c34-4f62-91e1-d8c8e9c28867/edit -> 029-desktop-admin-matches-matchId-edit.png
[capture] 30/339 200 /admin/matches/new -> 030-desktop-admin-matches-new.png
[capture] 31/339 200 /admin/matches/submissions/d32fade6-7995-484a-b844-68052bb7eb5c -> 031-desktop-admin-matches-submissions-submissionId.png
[capture] 32/339 200 /admin/operation-forms -> 032-desktop-admin-operation-forms.png
[capture] 33/339 200 /admin/operation-forms/suggestions -> 033-desktop-admin-operation-forms-formType.png
[capture] 34/339 200 /admin/operation-forms/suggestions/14b32c60-b938-42e0-b531-95296a146bd0 -> 034-desktop-admin-operation-forms-formType-id.png
[capture] 35/339 200 /admin/players -> 035-desktop-admin-players.png
[capture] 36/339 200 /admin/players/5d4845f4-56f1-42b6-a1a7-e4422829cea2 -> 036-desktop-admin-players-playerId.png
[capture] 37/339 200 /admin/players/new -> 037-desktop-admin-players-new.png
[capture] 38/339 200 /admin/private-assets -> 038-desktop-admin-private-assets.png
[capture] 39/339 200 /admin/private-assets/c173d2ae-6e62-4fc6-8659-f1a56cb83988 -> 039-desktop-admin-private-assets-assetId.png
[capture] 40/339 200 /admin/progress/destruction -> 040-desktop-admin-progress-destruction.png
[capture] 41/339 200 /admin/progress/destruction/4c885a5c-f8b0-4391-a305-b0a9b6099f4b -> 041-desktop-admin-progress-destruction-tournamentId.png
[capture] 42/339 200 /admin/progress/destruction/new -> 042-desktop-admin-progress-destruction-new.png
[capture] 43/339 200 /admin/progress/event -> 043-desktop-admin-progress-event.png
[capture] 44/339 200 /admin/progress/event/b4b495f1-730b-4522-802a-3ec46be78bbb -> 044-desktop-admin-progress-event-eventId.png
[capture] 45/339 200 /admin/progress/event/new -> 045-desktop-admin-progress-event-new.png
[capture] 46/339 200 /admin/riot -> 046-desktop-admin-riot.png
[capture] 47/339 200 /admin/search -> 047-desktop-admin-search.png
[capture] 48/339 200 /admin/seasons -> 048-desktop-admin-seasons.png
[capture] 49/339 200 /admin/seasons/kakao-pending -> 049-desktop-admin-seasons-kakao-pending.png
[capture] 50/339 200 /admin/seasons/kakao-pending/f7185f3e-18ca-4d42-a3b4-b1da464eede1 -> 050-desktop-admin-seasons-kakao-pending-pendingId.png
[capture] 51/339 200 /admin/security -> 051-desktop-admin-security.png
[capture] 52/339 200 /admin/site-settings -> 052-desktop-admin-site-settings.png
[capture] 53/339 200 /admin/users -> 053-desktop-admin-users.png
[capture] 54/339 200 /admin/users/fd376372-0d37-48e8-b438-7521d5cb0ff8 -> 054-desktop-admin-users-userAccountId.png
[capture] 55/339 200 /applications -> 055-desktop-applications.png
[capture] 56/339 200 /competitions -> 056-desktop-competitions.png
[capture] 57/339 200 /competitions/destruction -> 057-desktop-competitions-destruction.png
[capture] 58/339 200 /competitions/destruction/4c885a5c-f8b0-4391-a305-b0a9b6099f4b -> 058-desktop-competitions-destruction-tournamentId.png
[capture] 59/339 200 /competitions/events -> 059-desktop-competitions-events.png
[capture] 60/339 200 /competitions/events/b4b495f1-730b-4522-802a-3ec46be78bbb -> 060-desktop-competitions-events-eventId.png
[capture] 61/339 200 /discipline -> 061-desktop-discipline.png
[capture] 62/339 200 /forbidden -> 062-desktop-forbidden.png
[capture] 63/339 200 /forgot-password -> 063-desktop-forgot-password.png
[capture] 64/339 200 /help/kakao -> 064-desktop-help-kakao.png
[capture] 65/339 200 /help/recruits -> 065-desktop-help-recruits.png
[capture] 66/339 200 /help/riot -> 066-desktop-help-riot.png
[capture] 67/339 200 /highlights -> 067-desktop-highlights.png
[capture] 68/339 200 /highlights/a33cddf2-c811-46fd-8a3a-9b229a4e564f -> 068-desktop-highlights-highlightId.png
[capture] 69/339 200 /images -> 069-desktop-images.png
[capture] 70/339 200 /images/75398057-9b99-4036-8033-30b90e4f3192 -> 070-desktop-images-imageId.png
[capture] 71/339 200 /install -> 071-desktop-install.png
[capture] 72/339 200 /login -> 072-desktop-login.png
[capture] 73/339 200 /matches -> 073-desktop-matches.png
[capture] 74/339 200 /matches/171d86b1-0c34-4f62-91e1-d8c8e9c28867 -> 074-desktop-matches-matchId.png
[capture] 75/339 200 /matches/submissions -> 075-desktop-matches-submissions.png
[capture] 76/339 200 /matches/submit -> 076-desktop-matches-submit.png
[capture] 77/339 200 /players -> 077-desktop-players.png
[capture] 78/339 200 /players/5d4845f4-56f1-42b6-a1a7-e4422829cea2 -> 078-desktop-players-playerId.png
[capture] 79/339 200 /privacy -> 079-desktop-privacy.png
[capture] 80/339 200 /rankings -> 080-desktop-rankings.png
[capture] 81/339 200 /rankings/mmr -> 081-desktop-rankings-mmr.png
[capture] 82/339 200 /recruits -> 082-desktop-recruits.png
[capture] 83/339 200 /signup -> 083-desktop-signup.png
[capture] 84/339 200 /start -> 084-desktop-start.png
[capture] 85/339 200 /terms -> 085-desktop-terms.png
[capture] 86/339 200 /tools/coin-toss -> 086-desktop-tools-coin-toss.png
[capture] 87/339 200 /tools/random-team -> 087-desktop-tools-random-team.png
[capture] 88/339 200 /tools/team-balance -> 088-desktop-tools-team-balance.png
[capture] 89/339 200 /tools/team-balance/drafts -> 089-desktop-tools-team-balance-drafts.png
[capture] 90/339 200 /tools/team-balance/drafts/11e7e539-a879-46b2-867d-7b65449a4ff8 -> 090-desktop-tools-team-balance-drafts-draftId.png
[capture] 91/339 200 /account?tab=player -> 091-desktop-account-player.png
[capture] 92/339 200 /admin/balance-ai?tab=players -> 092-desktop-admin-balance-ai-players.png
[capture] 93/339 200 /admin/balance-ai?tab=reviews -> 093-desktop-admin-balance-ai-reviews.png
[capture] 94/339 200 /admin/balance-ai?tab=reviews&review=dcbf6102-1ee6-4e9d-ad26-3f2a52725683 -> 094-desktop-admin-balance-ai-review-detail.png
[capture] 95/339 200 /admin/balance-ai?action=recalculate -> 095-desktop-admin-balance-ai-recalculate-confirmation.png
[capture] 96/339 200 /admin/balance/drafts?view=recommendations&draftId=11e7e539-a879-46b2-867d-7b65449a4ff8&team=RED -> 096-desktop-admin-balance-drafts-recommendations-red.png
[capture] 97/339 200 /admin/balance/drafts?view=recommendations&draftId=11e7e539-a879-46b2-867d-7b65449a4ff8&team=BLUE -> 097-desktop-admin-balance-drafts-recommendations-blue.png
[capture] 98/339 200 /admin/balance/drafts/11e7e539-a879-46b2-867d-7b65449a4ff8?tab=recommendations&team=RED -> 098-desktop-admin-balance-drafts-draftId-recommendations-red.png
[capture] 99/339 200 /admin/balance/drafts/11e7e539-a879-46b2-867d-7b65449a4ff8?tab=recommendations&team=BLUE -> 099-desktop-admin-balance-drafts-draftId-recommendations-blue.png
[capture] 100/339 200 /admin/discipline?tab=tasks -> 100-desktop-admin-discipline-tasks.png
[capture] 101/339 200 /admin/discipline?tab=reviews -> 101-desktop-admin-discipline-reviews.png
[capture] 102/339 200 /admin/kakao?tab=recruits -> 102-desktop-admin-kakao-recruits.png
[capture] 103/339 200 /admin/kakao?tab=scrims -> 103-desktop-admin-kakao-scrims.png
[capture] 104/339 200 /admin/kakao?tab=stats -> 104-desktop-admin-kakao-stats.png
[capture] 105/339 200 /admin/kakao?tab=settings -> 105-desktop-admin-kakao-settings.png
[capture] 106/339 200 /admin/kakao?tab=logs -> 106-desktop-admin-kakao-logs.png
[capture] 107/339 200 /admin/kakao?tab=health -> 107-desktop-admin-kakao-health.png
[capture] 108/339 200 /admin/logs?view=stats -> 108-desktop-admin-logs-stats.png
[capture] 109/339 200 /admin/logs?view=ai-requests -> 109-desktop-admin-logs-ai-requests.png
[capture] 110/339 200 /admin/matches?view=submissions -> 110-desktop-admin-matches-submissions.png
[capture] 111/339 200 /admin/matches/171d86b1-0c34-4f62-91e1-d8c8e9c28867?tab=ai-review -> 111-desktop-admin-matches-matchId-ai-review.png
[capture] 112/339 200 /admin/operation-forms?type=friends -> 112-desktop-admin-operation-forms-friends.png
[capture] 113/339 200 /admin/operation-forms?type=leaves -> 113-desktop-admin-operation-forms-leaves.png
[capture] 114/339 200 /admin/operation-forms?type=meetups -> 114-desktop-admin-operation-forms-meetups.png
[capture] 115/339 200 /admin/operation-forms?type=suggestions -> 115-desktop-admin-operation-forms-suggestions.png
[capture] 116/339 200 /admin/players/5d4845f4-56f1-42b6-a1a7-e4422829cea2?mode=edit -> 116-desktop-admin-players-playerId-edit.png
[capture] 117/339 200 /admin/players/5d4845f4-56f1-42b6-a1a7-e4422829cea2?tab=balance -> 117-desktop-admin-players-playerId-balance.png
[capture] 118/339 200 /admin/players/5d4845f4-56f1-42b6-a1a7-e4422829cea2?tab=riot -> 118-desktop-admin-players-playerId-riot.png
[capture] 119/339 200 /admin/private-assets?status=READY -> 119-desktop-admin-private-assets-ready.png
[capture] 120/339 200 /admin/private-assets?status=DELETE_PENDING -> 120-desktop-admin-private-assets-cleanup.png
[capture] 121/339 200 /admin/progress/destruction/4c885a5c-f8b0-4391-a305-b0a9b6099f4b?tab=auction&mode=live -> 121-desktop-admin-progress-destruction-tournamentId-live-auction.png
[capture] 122/339 200 /admin/riot?tab=sync -> 122-desktop-admin-riot-sync.png
[capture] 123/339 200 /admin/riot?tab=logs -> 123-desktop-admin-riot-logs.png
[capture] 124/339 200 /admin/riot?tab=accounts&action=bulk-link&q=QA&batchSize=10 -> 124-desktop-admin-riot-bulk-link.png
[capture] 125/339 200 /admin/seasons?view=applications -> 125-desktop-admin-seasons-applications.png
[capture] 126/339 200 /applications?type=season -> 126-desktop-applications-season.png
[capture] 127/339 200 /applications?type=season&source=pwa -> 127-desktop-applications-season-pwa-entry.png
[capture] 128/339 200 /applications?type=event -> 128-desktop-applications-event.png
[capture] 129/339 200 /applications?type=destruction -> 129-desktop-applications-destruction.png
[capture] 130/339 200 /competitions/destruction/4c885a5c-f8b0-4391-a305-b0a9b6099f4b?action=apply -> 130-desktop-competitions-destruction-tournamentId-apply.png
[capture] 131/339 200 /competitions/destruction/4c885a5c-f8b0-4391-a305-b0a9b6099f4b?tab=captain-points -> 131-desktop-competitions-destruction-tournamentId-captain-points.png
[capture] 132/339 200 /competitions/destruction/4c885a5c-f8b0-4391-a305-b0a9b6099f4b?tab=participants -> 132-desktop-competitions-destruction-tournamentId-participants.png
[capture] 133/339 200 /competitions/destruction/4c885a5c-f8b0-4391-a305-b0a9b6099f4b?tab=participants&player=2b56bef0-7bc5-4714-b0f1-23e82e4c7665 -> 133-desktop-competitions-destruction-tournamentId-participant-detail.png
[capture] 134/339 200 /competitions/destruction/4c885a5c-f8b0-4391-a305-b0a9b6099f4b?tab=gallery -> 134-desktop-competitions-destruction-tournamentId-gallery.png
[capture] 135/339 200 /competitions/destruction/4c885a5c-f8b0-4391-a305-b0a9b6099f4b?tab=gallery&imageIndex=0 -> 135-desktop-competitions-destruction-tournamentId-gallery-lightbox.png
[capture] 136/339 200 /competitions/destruction/4c885a5c-f8b0-4391-a305-b0a9b6099f4b?tab=mvp -> 136-desktop-competitions-destruction-tournamentId-mvp.png
[capture] 137/339 200 /competitions/events/b4b495f1-730b-4522-802a-3ec46be78bbb?action=apply -> 137-desktop-competitions-events-eventId-apply.png
[capture] 138/339 200 /players/5d4845f4-56f1-42b6-a1a7-e4422829cea2?tab=riot -> 138-desktop-players-playerId-riot.png
[capture] 139/339 200 /rankings/mmr?view=players -> 139-desktop-rankings-mmr-players.png
[capture] 140/339 200 /tools/random-team?mode=tier -> 140-desktop-tools-random-team-tier.png
[capture] 141/339 200 /tools/team-balance/drafts?view=recommendations&draftId=11e7e539-a879-46b2-867d-7b65449a4ff8&team=RED -> 141-desktop-tools-team-balance-drafts-recommendations-red.png
[capture] 142/339 200 /tools/team-balance/drafts?view=recommendations&draftId=11e7e539-a879-46b2-867d-7b65449a4ff8&team=BLUE -> 142-desktop-tools-team-balance-drafts-recommendations-blue.png
[capture] 143/339 200 /tools/team-balance/drafts/11e7e539-a879-46b2-867d-7b65449a4ff8?tab=recommendations&team=RED -> 143-desktop-tools-team-balance-drafts-draftId-recommendations-red.png
[capture] 144/339 200 /tools/team-balance/drafts/11e7e539-a879-46b2-867d-7b65449a4ff8?tab=recommendations&team=BLUE -> 144-desktop-tools-team-balance-drafts-draftId-recommendations-blue.png
[capture] 145/339 200 /admin/ai-requests -> 145-desktop-admin-ai-requests-redirect-contract.png
[capture] 146/339 200 /admin/kakao/operation-forms -> 146-desktop-admin-kakao-operation-forms-redirect-contract.png
[capture] 147/339 200 /admin/kakao/operation-forms/suggestions -> 147-desktop-admin-kakao-operation-forms-formType-redirect-contract.png
[capture] 148/339 200 /admin/kakao/recruits -> 148-desktop-admin-kakao-recruits-redirect-contract.png
[capture] 149/339 200 /admin/kakao/recruits/logs -> 149-desktop-admin-kakao-recruits-logs-redirect-contract.png
[capture] 150/339 200 /admin/kakao/recruits/settings -> 150-desktop-admin-kakao-recruits-settings-redirect-contract.png
[capture] 151/339 200 /admin/kakao/scrims -> 151-desktop-admin-kakao-scrims-redirect-contract.png
[capture] 152/339 200 /admin/kakao/season-apply -> 152-desktop-admin-kakao-season-apply-redirect-contract.png
[capture] 153/339 200 /admin/kakao/settings -> 153-desktop-admin-kakao-settings-redirect-contract.png
[capture] 154/339 200 /admin/kakao/stats -> 154-desktop-admin-kakao-stats-redirect-contract.png
[capture] 155/339 200 /admin/logs/kakao -> 155-desktop-admin-logs-kakao-redirect-contract.png
[capture] 156/339 200 /admin/operation-forms/warnings -> 156-desktop-admin-operation-forms-warnings-redirect-contract.png
[capture] 157/339 200 /admin/recruits -> 157-desktop-admin-recruits-redirect-contract.png
[capture] 158/339 200 /app -> 158-desktop-app-redirect-contract.png
[capture] 159/339 200 /app/players -> 159-desktop-app-players-redirect-contract.png
[capture] 160/339 200 / -> 160-tablet.png
[capture] 161/339 200 /account -> 161-tablet-account.png
[capture] 162/339 200 /account/discipline -> 162-tablet-account-discipline.png
[capture] 163/339 200 /account/password -> 163-tablet-account-password.png
[capture] 164/339 200 /account/riot -> 164-tablet-account-riot.png
[capture] 165/339 200 /admin -> 165-tablet-admin.png
[capture] 166/339 200 /admin/balance -> 166-tablet-admin-balance.png
[capture] 167/339 200 /admin/balance-ai -> 167-tablet-admin-balance-ai.png
[capture] 168/339 200 /admin/balance/drafts -> 168-tablet-admin-balance-drafts.png
[capture] 169/339 200 /admin/balance/drafts/11e7e539-a879-46b2-867d-7b65449a4ff8 -> 169-tablet-admin-balance-drafts-draftId.png
[capture] 170/339 200 /admin/champions -> 170-tablet-admin-champions.png
[capture] 171/339 200 /admin/champions/v1-1/edit -> 171-tablet-admin-champions-championId-edit.png
[capture] 172/339 200 /admin/champions/new -> 172-tablet-admin-champions-new.png
[capture] 173/339 200 /admin/discipline -> 173-tablet-admin-discipline.png
[capture] 174/339 200 /admin/discipline/479dcb31-1d97-4a3c-97ba-dc6d41b03dc5 -> 174-tablet-admin-discipline-recordId.png
[capture] 175/339 200 /admin/discipline/new -> 175-tablet-admin-discipline-new.png
[capture] 176/339 200 /admin/highlights -> 176-tablet-admin-highlights.png
[capture] 177/339 200 /admin/highlights/a33cddf2-c811-46fd-8a3a-9b229a4e564f/edit -> 177-tablet-admin-highlights-highlightId-edit.png
[capture] 178/339 200 /admin/highlights/new -> 178-tablet-admin-highlights-new.png
[capture] 179/339 200 /admin/images -> 179-tablet-admin-images.png
[capture] 180/339 200 /admin/images/75398057-9b99-4036-8033-30b90e4f3192/edit -> 180-tablet-admin-images-imageId-edit.png
[capture] 181/339 200 /admin/images/new -> 181-tablet-admin-images-new.png
[capture] 182/339 200 /admin/kakao -> 182-tablet-admin-kakao.png
[capture] 183/339 200 /admin/kakao/rooms -> 183-tablet-admin-kakao-rooms.png
[capture] 184/339 200 /admin/login -> 184-tablet-admin-login.png
[capture] 185/339 200 /admin/logs -> 185-tablet-admin-logs.png
[capture] 186/339 200 /admin/matches -> 186-tablet-admin-matches.png
[capture] 187/339 200 /admin/matches/171d86b1-0c34-4f62-91e1-d8c8e9c28867 -> 187-tablet-admin-matches-matchId.png
[capture] 188/339 200 /admin/matches/171d86b1-0c34-4f62-91e1-d8c8e9c28867/edit -> 188-tablet-admin-matches-matchId-edit.png
[capture] 189/339 200 /admin/matches/new -> 189-tablet-admin-matches-new.png
[capture] 190/339 200 /admin/matches/submissions/d32fade6-7995-484a-b844-68052bb7eb5c -> 190-tablet-admin-matches-submissions-submissionId.png
[capture] 191/339 200 /admin/operation-forms -> 191-tablet-admin-operation-forms.png
[capture] 192/339 200 /admin/operation-forms/suggestions -> 192-tablet-admin-operation-forms-formType.png
[capture] 193/339 200 /admin/operation-forms/suggestions/14b32c60-b938-42e0-b531-95296a146bd0 -> 193-tablet-admin-operation-forms-formType-id.png
[capture] 194/339 200 /admin/players -> 194-tablet-admin-players.png
[capture] 195/339 200 /admin/players/5d4845f4-56f1-42b6-a1a7-e4422829cea2 -> 195-tablet-admin-players-playerId.png
[capture] 196/339 200 /admin/players/new -> 196-tablet-admin-players-new.png
[capture] 197/339 200 /admin/private-assets -> 197-tablet-admin-private-assets.png
[capture] 198/339 200 /admin/private-assets/c173d2ae-6e62-4fc6-8659-f1a56cb83988 -> 198-tablet-admin-private-assets-assetId.png
[capture] 199/339 200 /admin/progress/destruction -> 199-tablet-admin-progress-destruction.png
[capture] 200/339 200 /admin/progress/destruction/4c885a5c-f8b0-4391-a305-b0a9b6099f4b -> 200-tablet-admin-progress-destruction-tournamentId.png
[capture] 201/339 200 /admin/progress/destruction/new -> 201-tablet-admin-progress-destruction-new.png
[capture] 202/339 200 /admin/progress/event -> 202-tablet-admin-progress-event.png
[capture] 203/339 200 /admin/progress/event/b4b495f1-730b-4522-802a-3ec46be78bbb -> 203-tablet-admin-progress-event-eventId.png
[capture] 204/339 200 /admin/progress/event/new -> 204-tablet-admin-progress-event-new.png
[capture] 205/339 200 /admin/riot -> 205-tablet-admin-riot.png
[capture] 206/339 200 /admin/search -> 206-tablet-admin-search.png
[capture] 207/339 200 /admin/seasons -> 207-tablet-admin-seasons.png
[capture] 208/339 200 /admin/seasons/kakao-pending -> 208-tablet-admin-seasons-kakao-pending.png
[capture] 209/339 200 /admin/seasons/kakao-pending/f7185f3e-18ca-4d42-a3b4-b1da464eede1 -> 209-tablet-admin-seasons-kakao-pending-pendingId.png
[capture] 210/339 200 /admin/security -> 210-tablet-admin-security.png
[capture] 211/339 200 /admin/site-settings -> 211-tablet-admin-site-settings.png
[capture] 212/339 200 /admin/users -> 212-tablet-admin-users.png
[capture] 213/339 200 /admin/users/fd376372-0d37-48e8-b438-7521d5cb0ff8 -> 213-tablet-admin-users-userAccountId.png
[capture] 214/339 200 /applications -> 214-tablet-applications.png
[capture] 215/339 200 /competitions -> 215-tablet-competitions.png
[capture] 216/339 200 /competitions/destruction -> 216-tablet-competitions-destruction.png
[capture] 217/339 200 /competitions/destruction/4c885a5c-f8b0-4391-a305-b0a9b6099f4b -> 217-tablet-competitions-destruction-tournamentId.png
[capture] 218/339 200 /competitions/events -> 218-tablet-competitions-events.png
[capture] 219/339 200 /competitions/events/b4b495f1-730b-4522-802a-3ec46be78bbb -> 219-tablet-competitions-events-eventId.png
[capture] 220/339 200 /discipline -> 220-tablet-discipline.png
[capture] 221/339 200 /forbidden -> 221-tablet-forbidden.png
[capture] 222/339 200 /forgot-password -> 222-tablet-forgot-password.png
[capture] 223/339 200 /help/kakao -> 223-tablet-help-kakao.png
[capture] 224/339 200 /help/recruits -> 224-tablet-help-recruits.png
[capture] 225/339 200 /help/riot -> 225-tablet-help-riot.png
[capture] 226/339 200 /highlights -> 226-tablet-highlights.png
[capture] 227/339 200 /highlights/a33cddf2-c811-46fd-8a3a-9b229a4e564f -> 227-tablet-highlights-highlightId.png
[capture] 228/339 200 /images -> 228-tablet-images.png
[capture] 229/339 200 /images/75398057-9b99-4036-8033-30b90e4f3192 -> 229-tablet-images-imageId.png
[capture] 230/339 200 /install -> 230-tablet-install.png
[capture] 231/339 200 /login -> 231-tablet-login.png
[capture] 232/339 200 /matches -> 232-tablet-matches.png
[capture] 233/339 200 /matches/171d86b1-0c34-4f62-91e1-d8c8e9c28867 -> 233-tablet-matches-matchId.png
[capture] 234/339 200 /matches/submissions -> 234-tablet-matches-submissions.png
[capture] 235/339 200 /matches/submit -> 235-tablet-matches-submit.png
[capture] 236/339 200 /players -> 236-tablet-players.png
[capture] 237/339 200 /players/5d4845f4-56f1-42b6-a1a7-e4422829cea2 -> 237-tablet-players-playerId.png
[capture] 238/339 200 /privacy -> 238-tablet-privacy.png
[capture] 239/339 200 /rankings -> 239-tablet-rankings.png
[capture] 240/339 200 /rankings/mmr -> 240-tablet-rankings-mmr.png
[capture] 241/339 200 /recruits -> 241-tablet-recruits.png
[capture] 242/339 200 /signup -> 242-tablet-signup.png
[capture] 243/339 200 /start -> 243-tablet-start.png
[capture] 244/339 200 /terms -> 244-tablet-terms.png
[capture] 245/339 200 /tools/coin-toss -> 245-tablet-tools-coin-toss.png
[capture] 246/339 200 /tools/random-team -> 246-tablet-tools-random-team.png
[capture] 247/339 200 /tools/team-balance -> 247-tablet-tools-team-balance.png
[capture] 248/339 200 /tools/team-balance/drafts -> 248-tablet-tools-team-balance-drafts.png
[capture] 249/339 200 /tools/team-balance/drafts/11e7e539-a879-46b2-867d-7b65449a4ff8 -> 249-tablet-tools-team-balance-drafts-draftId.png
[capture] 250/339 200 / -> 250-mobile.png
[capture] 251/339 200 /account -> 251-mobile-account.png
[capture] 252/339 200 /account/discipline -> 252-mobile-account-discipline.png
[capture] 253/339 200 /account/password -> 253-mobile-account-password.png
[capture] 254/339 200 /account/riot -> 254-mobile-account-riot.png
[capture] 255/339 200 /admin -> 255-mobile-admin.png
[capture] 256/339 200 /admin/balance -> 256-mobile-admin-balance.png
[capture] 257/339 200 /admin/balance-ai -> 257-mobile-admin-balance-ai.png
[capture] 258/339 200 /admin/balance/drafts -> 258-mobile-admin-balance-drafts.png
[capture] 259/339 200 /admin/balance/drafts/11e7e539-a879-46b2-867d-7b65449a4ff8 -> 259-mobile-admin-balance-drafts-draftId.png
[capture] 260/339 200 /admin/champions -> 260-mobile-admin-champions.png
[capture] 261/339 200 /admin/champions/v1-1/edit -> 261-mobile-admin-champions-championId-edit.png
[capture] 262/339 200 /admin/champions/new -> 262-mobile-admin-champions-new.png
[capture] 263/339 200 /admin/discipline -> 263-mobile-admin-discipline.png
[capture] 264/339 200 /admin/discipline/479dcb31-1d97-4a3c-97ba-dc6d41b03dc5 -> 264-mobile-admin-discipline-recordId.png
[capture] 265/339 200 /admin/discipline/new -> 265-mobile-admin-discipline-new.png
[capture] 266/339 200 /admin/highlights -> 266-mobile-admin-highlights.png
[capture] 267/339 200 /admin/highlights/a33cddf2-c811-46fd-8a3a-9b229a4e564f/edit -> 267-mobile-admin-highlights-highlightId-edit.png
[capture] 268/339 200 /admin/highlights/new -> 268-mobile-admin-highlights-new.png
[capture] 269/339 200 /admin/images -> 269-mobile-admin-images.png
[capture] 270/339 200 /admin/images/75398057-9b99-4036-8033-30b90e4f3192/edit -> 270-mobile-admin-images-imageId-edit.png
[capture] 271/339 200 /admin/images/new -> 271-mobile-admin-images-new.png
[capture] 272/339 200 /admin/kakao -> 272-mobile-admin-kakao.png
[capture] 273/339 200 /admin/kakao/rooms -> 273-mobile-admin-kakao-rooms.png
[capture] 274/339 200 /admin/login -> 274-mobile-admin-login.png
[capture] 275/339 200 /admin/logs -> 275-mobile-admin-logs.png
[capture] 276/339 200 /admin/matches -> 276-mobile-admin-matches.png
[capture] 277/339 200 /admin/matches/171d86b1-0c34-4f62-91e1-d8c8e9c28867 -> 277-mobile-admin-matches-matchId.png
[capture] 278/339 200 /admin/matches/171d86b1-0c34-4f62-91e1-d8c8e9c28867/edit -> 278-mobile-admin-matches-matchId-edit.png
[capture] 279/339 200 /admin/matches/new -> 279-mobile-admin-matches-new.png
[capture] 280/339 200 /admin/matches/submissions/d32fade6-7995-484a-b844-68052bb7eb5c -> 280-mobile-admin-matches-submissions-submissionId.png
[capture] 281/339 200 /admin/operation-forms -> 281-mobile-admin-operation-forms.png
[capture] 282/339 200 /admin/operation-forms/suggestions -> 282-mobile-admin-operation-forms-formType.png
[capture] 283/339 200 /admin/operation-forms/suggestions/14b32c60-b938-42e0-b531-95296a146bd0 -> 283-mobile-admin-operation-forms-formType-id.png
[capture] 284/339 200 /admin/players -> 284-mobile-admin-players.png
[capture] 285/339 200 /admin/players/5d4845f4-56f1-42b6-a1a7-e4422829cea2 -> 285-mobile-admin-players-playerId.png
[capture] 286/339 200 /admin/players/new -> 286-mobile-admin-players-new.png
[capture] 287/339 200 /admin/private-assets -> 287-mobile-admin-private-assets.png
[capture] 288/339 200 /admin/private-assets/c173d2ae-6e62-4fc6-8659-f1a56cb83988 -> 288-mobile-admin-private-assets-assetId.png
[capture] 289/339 200 /admin/progress/destruction -> 289-mobile-admin-progress-destruction.png
[capture] 290/339 200 /admin/progress/destruction/4c885a5c-f8b0-4391-a305-b0a9b6099f4b -> 290-mobile-admin-progress-destruction-tournamentId.png
[capture] 291/339 200 /admin/progress/destruction/new -> 291-mobile-admin-progress-destruction-new.png
[capture] 292/339 200 /admin/progress/event -> 292-mobile-admin-progress-event.png
[capture] 293/339 200 /admin/progress/event/b4b495f1-730b-4522-802a-3ec46be78bbb -> 293-mobile-admin-progress-event-eventId.png
[capture] 294/339 200 /admin/progress/event/new -> 294-mobile-admin-progress-event-new.png
[capture] 295/339 200 /admin/riot -> 295-mobile-admin-riot.png
[capture] 296/339 200 /admin/search -> 296-mobile-admin-search.png
[capture] 297/339 200 /admin/seasons -> 297-mobile-admin-seasons.png
[capture] 298/339 200 /admin/seasons/kakao-pending -> 298-mobile-admin-seasons-kakao-pending.png
[capture] 299/339 200 /admin/seasons/kakao-pending/f7185f3e-18ca-4d42-a3b4-b1da464eede1 -> 299-mobile-admin-seasons-kakao-pending-pendingId.png
[capture] 300/339 200 /admin/security -> 300-mobile-admin-security.png
[capture] 301/339 200 /admin/site-settings -> 301-mobile-admin-site-settings.png
[capture] 302/339 200 /admin/users -> 302-mobile-admin-users.png
[capture] 303/339 200 /admin/users/fd376372-0d37-48e8-b438-7521d5cb0ff8 -> 303-mobile-admin-users-userAccountId.png
[capture] 304/339 200 /applications -> 304-mobile-applications.png
[capture] 305/339 200 /competitions -> 305-mobile-competitions.png
[capture] 306/339 200 /competitions/destruction -> 306-mobile-competitions-destruction.png
[capture] 307/339 200 /competitions/destruction/4c885a5c-f8b0-4391-a305-b0a9b6099f4b -> 307-mobile-competitions-destruction-tournamentId.png
[capture] 308/339 200 /competitions/events -> 308-mobile-competitions-events.png
[capture] 309/339 200 /competitions/events/b4b495f1-730b-4522-802a-3ec46be78bbb -> 309-mobile-competitions-events-eventId.png
[capture] 310/339 200 /discipline -> 310-mobile-discipline.png
[capture] 311/339 200 /forbidden -> 311-mobile-forbidden.png
[capture] 312/339 200 /forgot-password -> 312-mobile-forgot-password.png
[capture] 313/339 200 /help/kakao -> 313-mobile-help-kakao.png
[capture] 314/339 200 /help/recruits -> 314-mobile-help-recruits.png
[capture] 315/339 200 /help/riot -> 315-mobile-help-riot.png
[capture] 316/339 200 /highlights -> 316-mobile-highlights.png
[capture] 317/339 200 /highlights/a33cddf2-c811-46fd-8a3a-9b229a4e564f -> 317-mobile-highlights-highlightId.png
[capture] 318/339 200 /images -> 318-mobile-images.png
[capture] 319/339 200 /images/75398057-9b99-4036-8033-30b90e4f3192 -> 319-mobile-images-imageId.png
[capture] 320/339 200 /install -> 320-mobile-install.png
[capture] 321/339 200 /login -> 321-mobile-login.png
[capture] 322/339 200 /matches -> 322-mobile-matches.png
[capture] 323/339 200 /matches/171d86b1-0c34-4f62-91e1-d8c8e9c28867 -> 323-mobile-matches-matchId.png
[capture] 324/339 200 /matches/submissions -> 324-mobile-matches-submissions.png
[capture] 325/339 200 /matches/submit -> 325-mobile-matches-submit.png
[capture] 326/339 200 /players -> 326-mobile-players.png
[capture] 327/339 200 /players/5d4845f4-56f1-42b6-a1a7-e4422829cea2 -> 327-mobile-players-playerId.png
[capture] 328/339 200 /privacy -> 328-mobile-privacy.png
[capture] 329/339 200 /rankings -> 329-mobile-rankings.png
[capture] 330/339 200 /rankings/mmr -> 330-mobile-rankings-mmr.png
[capture] 331/339 200 /recruits -> 331-mobile-recruits.png
[capture] 332/339 200 /signup -> 332-mobile-signup.png
[capture] 333/339 200 /start -> 333-mobile-start.png
[capture] 334/339 200 /terms -> 334-mobile-terms.png
[capture] 335/339 200 /tools/coin-toss -> 335-mobile-tools-coin-toss.png
[capture] 336/339 200 /tools/random-team -> 336-mobile-tools-random-team.png
[capture] 337/339 200 /tools/team-balance -> 337-mobile-tools-team-balance.png
[capture] 338/339 200 /tools/team-balance/drafts -> 338-mobile-tools-team-balance-drafts.png
[capture] 339/339 200 /tools/team-balance/drafts/11e7e539-a879-46b2-867d-7b65449a4ff8 -> 339-mobile-tools-team-balance-drafts-draftId.png
[full-page-qa] PASS 105 pages / 339 captures -> E:\k-LOL.GG\worktrees\kakao-v4-gateway\.tmp\readiness-qa-complete
[db-contract] cluster stopped and disposable workspace path removed
