[db-contract] isolated PostgreSQL 18 cluster started
✔ all journaled migrations install idempotently on a distinct empty PostgreSQL 18 database (904.5803ms)
ℹ tests 1
ℹ suites 0
ℹ pass 1
ℹ fail 0
ℹ cancelled 0
ℹ skipped 0
ℹ todo 0
ℹ duration_ms 1606.0064
✔ 0041 fresh install, populated 0040 upgrade and reapply preserve enrollment history (2457.8739ms)
ℹ tests 1
ℹ suites 0
ℹ pass 1
ℹ fail 0
ℹ cancelled 0
ℹ skipped 0
ℹ todo 0
ℹ duration_ms 3169.4414
✔ four guards reject unsafe database targets (0.8258ms)
▶ migrations, constraints, repository, and transaction contracts hold on PostgreSQL 18
  ✔ forward migration preserves existing player rows and is idempotent (1164.1048ms)
  ✔ auth and TOTP constraints fail closed (241.5127ms)
  ✔ database auth repository persists durable session, TOTP, and rate-limit state (258.1275ms)
  ✔ registry uniqueness and lifecycle constraints are enforced (7.8368ms)
  ✔ PostgresPlayerRepository returns only public active projections (25.0265ms)
  ✔ domain change and audit append commit or roll back atomically (6.3008ms)
✔ migrations, constraints, repository, and transaction contracts hold on PostgreSQL 18 (1709.5117ms)
ℹ tests 8
ℹ suites 0
ℹ pass 8
ℹ fail 0
ℹ cancelled 0
ℹ skipped 0
ℹ todo 0
ℹ duration_ms 2485.4665
▶ administrator TOTP lifecycle is serialized, audited, and rolled back atomically
  ✔ a TOTP setup session that expires while queued cannot mutate security state (542.256ms)
  ✔ pending setup never rotates silently and explicit cancellation is auditable (17.415ms)
  ✔ concurrent enable has one winner and revokes every session in its transaction (18.7513ms)
  ✔ audit insertion failure rolls credential, version, and revocation back (15.0301ms)
  ✔ concurrent self-disable deletes the factor and revokes all sessions exactly once (10.6498ms)
  ✔ USER is rejected while SUPER_ADMIN self-setup remains allowed (21.5152ms)
✔ administrator TOTP lifecycle is serialized, audited, and rolled back atomically (738.7646ms)
ℹ tests 7
ℹ suites 0
ℹ pass 7
ℹ fail 0
ℹ cancelled 0
ℹ skipped 0
ℹ todo 0
ℹ duration_ms 1562.9716
✔ S02 player mutations, legacy mapping, privacy, replay, and rollback hold on PostgreSQL 18 (1187.0663ms)
ℹ tests 1
ℹ suites 0
ℹ pass 1
ℹ fail 0
ℹ cancelled 0
ℹ skipped 0
ℹ todo 0
ℹ duration_ms 2000.7836
▶ season lifecycle, participation ownership, idempotency and audit contracts hold on PostgreSQL 18
  ✔ retired lifecycle timestamps reject activated or ended history (3.7639ms)
  ✔ concurrent activation leaves exactly one active season (174.3926ms)
  ✔ clone creates a draft and stale clone revision is rejected (9.8865ms)
  ✔ Kakao provenance hash and position invariants are enforced by PostgreSQL (274.3214ms)
  ✔ SUPER resolves or cancels pending Kakao applications with idempotency, merge policy and safe team handoff (322.0532ms)
  ✔ SITE upsert reuses the same player/date/round row imported from Kakao (18.3997ms)
  ✔ command receipts expire after 24 hours and an expired key is safely reusable (9.434ms)
  ✔ season audit snapshots retain lifecycle and schedule field diffs (13.6857ms)
  ✔ clone and cancellation roll back with their audit event (10.6544ms)
  ✔ owner cancellation, resubmission and admin review honor revisions (106.192ms)
  ✔ public DTO excludes member, login, Discord and internal review fields (6.0027ms)
  ✔ public status counts cover the full roster while the projection is capped at 200 (53.7275ms)
  ✔ viewer approval and active-player capability are rechecked from the database (31.9133ms)
  ✔ non-approved account is rechecked inside the mutation transaction (1.3523ms)
  ✔ ACCOUNT and ADMIN purposes cannot cross-authorize season commands (2.5673ms)
  ✔ ADMIN and SUPER_ADMIN roles may use approved user actions only through ACCOUNT sessions (27.8979ms)
  ✔ session revocation wins over a queued ACCOUNT mutation (164.8594ms)
  ✔ TOTP removal wins over a queued ADMIN mutation (169.1559ms)
  ✔ soft-deleted account is rejected again inside the mutation transaction (2.1634ms)
  ✔ reviewer history restricts hard deletion of the reviewer account (5.3089ms)
  ✔ audit failure rolls the season and idempotency receipt back together (3.6486ms)
  ✔ ending and retirement preserve history instead of cascading deletion (9.0067ms)
✔ season lifecycle, participation ownership, idempotency and audit contracts hold on PostgreSQL 18 (1539.4887ms)
✔ site and Kakao serialize the last seat, allow explicit reserves and block closed rounds (377.0767ms)
ℹ tests 24
ℹ suites 0
ℹ pass 24
ℹ fail 0
ℹ cancelled 0
ℹ skipped 0
ℹ todo 0
ℹ duration_ms 2711.8743
▶ site capacity transition queue is atomic, scoped, replay-safe and offline tolerant
  ✔ UNVERIFIED matches only one-candidate review items (12.3034ms)
  ✔ website roster ignores legacy pending in another scope or mode (98.4132ms)
  ✔ 9 to 10, retry and unchanged 10 create a single notification (40.1359ms)
  ✔ failed application transaction rolls back its notification (35.2951ms)
  ✔ another scope or target cannot claim and replay is refused (12.5127ms)
  ✔ offline lease expires, concurrent polls claim once, ACK is idempotent (30.334ms)
  ✔ uncertain send is terminal; a newer 9 to 10 transition remains separate (43.9032ms)
  ✔ expiry, failure bound and retention are enforced (41.4998ms)
✔ site capacity transition queue is atomic, scoped, replay-safe and offline tolerant (423.3134ms)
ℹ tests 9
ℹ suites 0
ℹ pass 9
ℹ fail 0
ℹ cancelled 0
ℹ skipped 0
ℹ todo 0
ℹ duration_ms 1182.8187
✔ S01 account lifecycle, recovery security, races, replay, and rollback hold on PostgreSQL 18 (4304.2831ms)
ℹ tests 1
ℹ suites 0
ℹ pass 1
ℹ fail 0
ℹ cancelled 0
ℹ skipped 0
ℹ todo 0
ℹ duration_ms 8455.1011
▶ S04 stores participant display identity and rejection reasons as durable history
  ✔ published detail keeps ten KDA rows and exposes a real API 404/fallback contract (53.951ms)
  ✔ registry rename does not rewrite a recorded participant or its archived revision (310.8566ms)
  ✔ reject after and reopen before audit snapshots retain the cleared public reason (21.5056ms)
  ✔ web submission accepts only the owner's current valid selected team draft (24.1188ms)
  ✔ admin match creation rechecks and persists the exact selected team draft (17.4336ms)
  ✔ submission approval carries team-balance provenance through match history and outbox (45.3386ms)
✔ S04 stores participant display identity and rejection reasons as durable history (640.3071ms)
ℹ tests 7
ℹ suites 0
ℹ pass 7
ℹ fail 0
ℹ cancelled 0
ℹ skipped 0
ℹ todo 0
ℹ duration_ms 1473.6801
✔ S05 rebuilds PUBLISHED match statistics atomically and receipts make replay idempotent (409.2759ms)
ℹ tests 1
ℹ suites 0
ℹ pass 1
ℹ fail 0
ℹ cancelled 0
ℹ skipped 0
ℹ todo 0
ℹ duration_ms 1166.1643
✔ S10 media publication is TOTP-authorized, idempotent, asset-safe, auditable, and soft archived (326.1848ms)
✔ S10 admin upload persists STAGED to READY, lists by exact draft, attaches safely, and tombstones unused assets (267.6927ms)
ℹ tests 2
ℹ suites 0
ℹ pass 2
ℹ fail 0
ℹ cancelled 0
ℹ skipped 0
ℹ todo 0
ℹ duration_ms 1396.7527
✔ team internal experience counts published games only and converges after void and restore (316.1332ms)
✔ team-only override is SUPER/TOTP audited and recent solo provider requires connected fresh identity (294.1806ms)
✔ S06 draft lifecycle is owner/admin authorized, append-only, transactional, and idempotent (789.7753ms)
ℹ tests 3
ℹ suites 0
ℹ pass 3
ℹ fail 0
ℹ cancelled 0
ℹ skipped 0
ℹ todo 0
ℹ duration_ms 2164.1752
✔ S05-B persists canonical full-ledger MMR replay without competing for the S04 outbox (477.7493ms)
ℹ tests 1
ℹ suites 0
ℹ pass 1
ℹ fail 0
ℹ cancelled 0
ℹ skipped 0
ℹ todo 0
ℹ duration_ms 1208.3671
✔ S09 PostgreSQL adapter commits aggregate, receipt, audit and outbox atomically with owner/session checks (252.706ms)
✔ party member statistics are bounded and count distinct parties and primary companions (96.0144ms)
✔ S09 PostgreSQL adapter binds a BOT nonce to exactly one signed request identity (104.0191ms)
✔ Kakao aggregate controllers block confused-deputy lifecycle mutations (167.8752ms)
✔ V4 scrim finish completes only the active same-room target and replays without duplicate writes (110.0826ms)
✔ concurrent V4 party member commands serialize on the locked latest aggregate (316.7498ms)
✔ concurrent V4 scrim participant commands compose after the database row lock (181.0769ms)
ℹ tests 7
ℹ suites 0
ℹ pass 7
ℹ fail 0
ℹ cancelled 0
ℹ skipped 0
ℹ todo 0
ℹ duration_ms 1992.1818
✔ S09 operation forms persist signed submissions and ADMIN TOTP mutations atomically (189.7533ms)
ℹ tests 1
ℹ suites 0
ℹ pass 1
ℹ fail 0
ℹ cancelled 0
ℹ skipped 0
ℹ todo 0
ℹ duration_ms 917.6393
✔ signed Kakao reads persist safe replay receipts and isolate recruit members to the bound room (172.7781ms)
✔ in-house round metadata persists schedule and notice, clears on full snapshot, and isolates authoritative mode transitions by room (332.6557ms)
✔ authoritative Kakao season sync withdraws only same-room same-round RIFT rows and replays without writes (207.258ms)
✔ signed Kakao season snapshots match exact players and preserve unresolved entries for review (185.5407ms)
✔ recoverable Kakao season rows save valid players, queue review rows, preserve omitted slots, and cancel explicit blanks (138.8068ms)
✔ in-house shortcuts and full snapshots enforce integrated SITE capacity while preserving confirmed decisions (201.9787ms)
✔ in-house finish preserves every roster row, hides the round, and replays without writes (134.6767ms)
✔ editable inhouse forms count unlinked names, merge concurrent additions, protect SITE rows and retain closed rosters (360.4458ms)
✔ name-first in-house copies keep pending slots and merge metadata without overwriting newer edits (204.0812ms)
✔ in-house copy forms reopen a vacated reserve slot and preserve the remaining roster (165.9284ms)
✔ owner-created Kakao image sessions bind sender, finalize private assets, replay, and revoke (154.5932ms)
✔ Kakao admin settings and health repair require SUPER TOTP and persist receipts, audit, and outbox (195.4141ms)
ℹ tests 12
ℹ suites 0
ℹ pass 12
ℹ fail 0
ℹ cancelled 0
ℹ skipped 0
ℹ todo 0
ℹ duration_ms 3326.7815
▶ Kakao short form originals are durable, scoped, reusable and expire at 06:00 KST
  ✔ scope, kind, target and operating-day binding are mandatory (7.3632ms)
  ✔ concurrent readers reuse a single durable original (80.2133ms)
  ✔ transaction rollback does not leave an issued code behind (3.9913ms)
  ✔ database constraints fail closed even when application validation is bypassed (152.0729ms)
  ✔ midnight preserves the code but the exact 06:00 boundary rejects it (63.6007ms)
  ✔ bounded retention cleanup never removes a live original (34.9609ms)
✔ Kakao short form originals are durable, scoped, reusable and expire at 06:00 KST (463.5245ms)
ℹ tests 7
ℹ suites 0
ℹ pass 7
ℹ fail 0
ℹ cancelled 0
ℹ skipped 0
ℹ todo 0
ℹ duration_ms 1167.779
✔ one installation maps to exactly one canonical room without room parsing or sender allowlists (297.9311ms)
ℹ tests 1
ℹ suites 0
ℹ pass 1
ℹ fail 0
ℹ cancelled 0
ℹ skipped 0
ℹ todo 0
ℹ duration_ms 995.3445
✔ ADR0011 lists more than twenty parties without snapshots and reads scoped active/draft details directly (159.1655ms)
ℹ tests 1
ℹ suites 0
ℹ pass 1
ℹ fail 0
ℹ cancelled 0
ℹ skipped 0
ℹ todo 0
ℹ duration_ms 888.683
✔ [P0-FIXTURE] input-tolerance matrix is pinned to the unchanged V1 oracle (1.1646ms)
✔ [P0-PARTY-01] punctuation, full-width, escape, and whitespace rows have one semantic member (7.5937ms)
✔ [P0-PARTY-02] an explicit empty slot is valid but an absent slot row is not a full snapshot (3.4882ms)
✔ [P0-PARTY-03] slash and comma in one reserve row stay in one display name (0.4363ms)
✔ [P0-PARTY-04] a 2-person title cannot overwrite an existing 5-person recruit target (2.5648ms)
✔ [P0-PARTY-05] conflicting duplicate slot rows reject the whole snapshot (1.0877ms)
✔ [P0-PARTY-06] member order is canonical and independent of pasted row order (0.8783ms)
✔ [P0-PARTY-07] name suffix notes, emoji, and Kakao tags are preserved (1.1097ms)
✔ [P0-PARTY-08] multiline metadata values match their single-line semantic values (0.9463ms)
✔ [P0-PARTY-09] an automatic-number empty draft never creates a recruit (0.7866ms)
✔ [P0-OPS-01] all four forms preserve values continued on the following line (3.1742ms)
✔ [P0-OPS-02] all four forms expose exact missing-field contracts without submission (0.6915ms)
✔ [P0-OPS-03] parentheses and comma stay in the person name instead of becoming an implicit delimiter (0.1962ms)
✔ [P0-OPS-04] ordinary conversation and partial label discussions remain UNKNOWN (0.8932ms)
✔ [P0-OPS-05:friends] field order does not alter the canonical payload (0.6326ms)
✔ [P0-OPS-06:friends] a conflicting duplicate label rejects the whole form (0.2494ms)
✔ [P0-OPS-07:friends] arbitrary footer text cannot contaminate the last field (0.3052ms)
✔ [P0-OPS-05:suggestions] field order does not alter the canonical payload (0.2304ms)
✔ [P0-OPS-06:suggestions] a conflicting duplicate label rejects the whole form (0.1478ms)
✔ [P0-OPS-07:suggestions] arbitrary footer text cannot contaminate the last field (0.2572ms)
✔ [P0-OPS-05:meetups] field order does not alter the canonical payload (0.3493ms)
✔ [P0-OPS-06:meetups] a conflicting duplicate label rejects the whole form (0.2085ms)
✔ [P0-OPS-07:meetups] arbitrary footer text cannot contaminate the last field (0.3159ms)
✔ [P0-OPS-05:leaves] field order does not alter the canonical payload (0.3203ms)
✔ [P0-OPS-06:leaves] a conflicting duplicate label rejects the whole form (0.189ms)
✔ [P0-OPS-07:leaves] arbitrary footer text cannot contaminate the last field (0.2382ms)
✔ [P0-OPS-08] prose mentioning every label is not classified as a form (0.1488ms)
✔ [P0-IDEMPOTENCY-01] the same event is dispatched exactly once and then replayed (0.6741ms)
✔ [P0-IDEMPOTENCY-02] different events with one semantic payload are both dispatched (1.0245ms)
✔ [P0-MULTIUSER-01] same-room events from different senders reach edit and finish dispatch (0.7642ms)
✔ [P0-CANONICAL-01] V1-local fullwidth slash and digits canonicalize to the same finish command on the server (0.1613ms)
✔ [P0-CANONICAL-02] finish and detail commands tolerate whitespace after the copied hash marker (0.2983ms)
✔ [P0-MULTIUSER-02] PostgreSQL contract proves same-room cross-user edit/finish and different-room no-mutation without an administrator role (157.3833ms)
ℹ tests 33
ℹ suites 0
ℹ pass 33
ℹ fail 0
ℹ cancelled 0
ℹ skipped 0
ℹ todo 0
ℹ duration_ms 960.6833
(node:30704) DeprecationWarning: Calling client.query() when the client is already executing a query is deprecated and will be removed in pg@9.0. Use async/await or an external async flow control mechanism instead.
(Use `node --trace-deprecation ...` to show where the warning was created)
✔ S07 event adapter persists exact-ten lifecycle, S06 teams, correction invalidation and owner-safe reads (929.8109ms)
ℹ tests 1
ℹ suites 0
ℹ pass 1
ℹ fail 0
ℹ cancelled 0
ℹ skipped 0
ℹ todo 0
ℹ duration_ms 1788.7419
✔ S08 adapter persists recruitment, seeded auction, BO stages, roster history, MVP revote and atomic receipts (1486.9942ms)
ℹ tests 1
ℹ suites 0
ℹ pass 1
ℹ fail 0
ℹ cancelled 0
ℹ skipped 0
ℹ todo 0
ℹ duration_ms 2309.9788
✔ S13 settings, AI ledger and signed maintenance preserve authorization and idempotency contracts (409.9748ms)
ℹ tests 1
ℹ suites 0
ℹ pass 1
ℹ fail 0
ℹ cancelled 0
ℹ skipped 0
ℹ todo 0
ℹ duration_ms 1136.225
✔ storage probe atomically limits concurrent jobs, rejects replay, and records synthetic storage success and failure (209.622ms)
ℹ tests 1
ℹ suites 0
ℹ pass 1
ℹ fail 0
ℹ cancelled 0
ℹ skipped 0
ℹ todo 0
ℹ duration_ms 901.4348
✖ S12 Riot persistence keeps owner auth, one-time RSO, jobs, receipts, audit and outbox atomic (335.6845ms)
ℹ tests 1
ℹ suites 0
ℹ pass 0
ℹ fail 1
ℹ cancelled 0
ℹ skipped 0
ℹ todo 0
ℹ duration_ms 1061.3427

✖ failing tests:

test at tests\database\riot.contract.test.ts:76:1
✖ S12 Riot persistence keeps owner auth, one-time RSO, jobs, receipts, audit and outbox atomic (335.6845ms)
  AssertionError [ERR_ASSERTION]: private projection remains durable but hidden after unlink

  2 !== 1

      at TestContext.<anonymous> (E:\k-LOL.GG\worktrees\kakao-v4-gateway\tests\database\riot.contract.test.ts:288:12)
      at process.processTicksAndRejections (node:internal/process/task_queues:104:5)
      at async Test.run (node:internal/test_runner/test:1125:7)
      at async startSubtestAfterBootstrap (node:internal/test_runner/harness:358:3) {
    generatedMessage: false,
    code: 'ERR_ASSERTION',
    actual: 2,
    expected: 1,
    operator: 'strictEqual',
    diff: 'simple'
  }
[db-contract] cluster stopped and disposable workspace path removed
E:\k-LOL.GG\worktrees\kakao-v4-gateway\scripts\test-db\run-data-contracts.ts:498
      throw new Error(`${relativeTestFile} failed with exit code ${exitCode}.`);
            ^

Error: tests/database/riot.contract.test.ts failed with exit code 1.
    at runContractTests (E:\k-LOL.GG\worktrees\kakao-v4-gateway\scripts\test-db\run-data-contracts.ts:498:13)
    at process.processTicksAndRejections (node:internal/process/task_queues:104:5)
    at async runFreshThenUpgradeContractTests (E:\k-LOL.GG\worktrees\kakao-v4-gateway\scripts\test-db\run-data-contracts.ts:659:3)
    at async main (E:\k-LOL.GG\worktrees\kakao-v4-gateway\scripts\test-db\run-data-contracts.ts:1244:5)
    at async <anonymous> (E:\k-LOL.GG\worktrees\kakao-v4-gateway\scripts\test-db\run-data-contracts.ts:1265:1)

Node.js v24.14.1
[full-page-qa] cleanup warning: isolated browser QA harness failed with exit code 1.
Error: isolated browser QA harness failed with exit code 1.
    at ChildProcess.<anonymous> (file:///E:/k-LOL.GG/worktrees/kakao-v4-gateway/scripts/run-full-page-qa.mjs:84:35)
    at Object.onceWrapper (node:events:623:26)
    at ChildProcess.emit (node:events:508:28)
    at ChildProcess._handle.onexit (node:internal/child_process:294:12)
