[db-contract] isolated PostgreSQL 18 cluster started
✔ S12 Riot persistence keeps owner auth, one-time RSO, jobs, receipts, audit and outbox atomic (1247.3624ms)
ℹ tests 1
ℹ suites 0
ℹ pass 1
ℹ fail 0
ℹ cancelled 0
ℹ skipped 0
ℹ todo 0
ℹ duration_ms 2066.759
✔ production RSO cache and signed sync job survive application retry without persisting credentials (493.9262ms)
ℹ tests 1
ℹ suites 0
ℹ pass 1
ℹ fail 0
ℹ cancelled 0
ℹ skipped 0
ℹ todo 0
ℹ duration_ms 1381.5796
[db-contract] cluster stopped and disposable workspace path removed
