✔ 역할 변경 API는 same-origin 세션 검사 뒤 일반 ADMIN을 mutation parsing 전에 거부한다 (4.1803ms)
✔ 역할 관리 UI와 목록 진입점은 SUPER_ADMIN에게만 노출된다 (1.7437ms)
✔ 승인된 미삭제 USER의 ADMIN 승격은 플레이어 연결을 요구하지 않는다 (3.6161ms)
✔ 플레이어 상세는 연결 계정 revision으로 기존 SUPER_ADMIN 역할 API를 안전하게 재사용한다 (1.3241ms)
✔ administrator balance status uses readable Korean operational labels (4.0898ms)
✔ administrator balance navigation is a visible keyboard-focusable control (1.0975ms)
✔ MMR 수동 조정은 raw UUID 대신 bounded 플레이어 선택기를 사용한다 (1.6637ms)
✔ Riot 작업은 현재 목록에서 플레이어와 link를 선택하고 revision을 자동 계산한다 (0.6151ms)
✔ 징계 대상 선택은 관리자 전용 bounded endpoint의 allowlist metadata로 표시값을 채운다 (1.644ms)
✔ 공통 bounded picker는 원격 metadata를 문자열 allowlist로 제한한다 (0.6515ms)
✔ season administration presents lifecycle, status, source, and position labels in Korean (5.0012ms)
✔ account and settings administration avoid decorative English labels (1.3994ms)
✔ admin HTTP guard matrix covers every canonical App Router page (67.385ms)
✔ administrator team draft pages use the ADMIN viewer and administrator mutation boundary (3.9436ms)
✔ administrator recommendation aliases remain same-origin permanent redirects (0.9105ms)
✔ administrator drafts support recoverable archive and persisted match registration (2.8965ms)
✔ champion administrator pages reuse the highlight content shell and keep safe mutations (4.8196ms)
✔ champion read APIs keep public and administrator namespaces separated (2.0128ms)
✔ public destruction detail keeps owner application, vote and explicit unavailable/error states (2.9294ms)
✔ administrator destruction workspaces expose the full staged lifecycle (9.8722ms)
✔ API source keeps account owner and ADMIN boundaries separate (1.3861ms)
✔ public discipline API exposes aggregate statistics only (4.3489ms)
✔ owner and admin evidence boundaries require session, revision, idempotency, and concealed reads (5.3385ms)
✔ regular administrators may read discipline details but only super administrators may mutate them (2.1071ms)
✔ asset jobs accept signed requests only and are durably replay-guarded (0.917ms)
✔ discipline pages declare real empty, error, and unavailable states (1.1285ms)
✔ discipline administrator headings and status labels are readable Korean (1.1574ms)
✔ 관리자 직접 가져오기는 파일·붙여넣기·비공개 미리보기·재시도 복구를 제공한다 (4.2392ms)
✔ 관리자 로그아웃은 가져오기 복구 namespace만 best-effort로 지운다 (0.8779ms)
✔ 직접 가져오기 API는 예약→bounded body→work gate→private finalize 순서를 지킨다 (1.2038ms)
✔ 검토 UI는 fuzzy 자동 연결 없이 구조화 행별 사람 확인을 요구한다 (1.5196ms)
✔ admin import cancellation is authorized only for ADMIN-source rows (0.7817ms)
✔ match editor exposes only the structured form and traps the void confirmation dialog (4.4396ms)
✔ picker status copy is outside the listbox and visual active row matches aria active descendant (0.9678ms)
✔ submission reject dialog shares the accessible modal behavior (1.7533ms)
✔ submission conflict keeps component identity and adopts only a verified latest revision (1.0297ms)
✔ match editor conflict preserves local input and adopts only a verified latest aggregate (0.8362ms)
✔ match editor save action stays readable in enabled and disabled states (0.8071ms)
✔ operational diagnostics remain admin-only server rendering with no polling or mutation (4.4708ms)
✔ 사용자·관리자 상세 화면은 저장소 오류 상태에서도 페이지 제목과 상태 의미를 유지한다 (3.3361ms)
✔ 공용 미디어 편집 화면도 저장소 오류 상태에서 페이지 제목을 유지한다 (0.5402ms)
✔ account pagination reports the filtered total and page range while retaining filters and page size (21.3789ms)
✔ first and last job pages expose only valid navigation and preserve the status filter (3.7394ms)
✔ log navigation retains its source and does not produce an incompatible account status (2.0153ms)
✔ bulk preview remains a bounded first batch without ordinary page navigation or invented totals (1.1193ms)
✔ a now-empty page can return to available results without displaying a nonexistent range (1.1147ms)
✔ navigation respects the query ceiling and unavailable data never pretends there are zero accounts (3.3192ms)
✔ app/(public)/(applications)/applications/error.tsx: 다시 시도 re-fetches the failed server segment (38.3145ms)
✔ app/(admin)/admin/players/error.tsx: 다시 시도 re-fetches the failed server segment (6.7023ms)
✔ app/(admin)/admin/users/error.tsx: 다시 시도 re-fetches the failed server segment (3.8972ms)
✔ app/(admin)/admin/users/[userAccountId]/error.tsx: 다시 시도 re-fetches the failed server segment (5.6402ms)
ℹ tests 51
ℹ suites 0
ℹ pass 51
ℹ fail 0
ℹ cancelled 0
ℹ skipped 0
ℹ todo 0
ℹ duration_ms 502.0887
