✔ 역할 변경 API는 same-origin 세션 검사 뒤 일반 ADMIN을 mutation parsing 전에 거부한다 (4.1403ms)
✔ 역할 관리 UI와 목록 진입점은 SUPER_ADMIN에게만 노출된다 (1.7045ms)
✔ 승인된 미삭제 USER의 ADMIN 승격은 플레이어 연결을 요구하지 않는다 (8.0538ms)
✔ 플레이어 상세는 연결 계정 revision으로 기존 SUPER_ADMIN 역할 API를 안전하게 재사용한다 (2.3391ms)
✔ administrator balance status uses readable Korean operational labels (5.2322ms)
✔ administrator balance navigation is a visible keyboard-focusable control (2.4149ms)
✔ season administration presents lifecycle, status, source, and position labels in Korean (4.4831ms)
✔ account and settings administration avoid decorative English labels (6.3291ms)
✔ administrator team draft pages use the ADMIN viewer and administrator mutation boundary (4.886ms)
✔ administrator recommendation aliases remain same-origin permanent redirects (5.1833ms)
✔ administrator drafts support recoverable archive and persisted match registration (2.7878ms)
✔ public destruction detail keeps owner application, vote and explicit unavailable/error states (2.8621ms)
✔ administrator destruction workspaces expose the full staged lifecycle (10.9734ms)
✔ API source keeps account owner and ADMIN boundaries separate (1.8523ms)
✔ public competition pages expose list/detail/application states without administrator controls (7.6467ms)
✔ administrator event pages connect every lifecycle operation to protected canonical APIs (2.1217ms)
✔ legacy event routes reuse the common no-store same-origin redirect boundary (0.6946ms)
✔ Kakao admin API splits ADMIN reads from SUPER TOTP mutations (7.5342ms)
✔ legacy Kakao admin pages permanently redirect to canonical real-state tabs (7.9624ms)
✔ every canonical Kakao handler checks the stored feature policy (10.9687ms)
✔ owner image session creation honors site and Kakao feature switches (0.5928ms)
✔ 관리자 직접 가져오기는 파일·붙여넣기·비공개 미리보기·재시도 복구를 제공한다 (5.2571ms)
✔ 관리자 로그아웃은 가져오기 복구 namespace만 best-effort로 지운다 (1.6618ms)
✔ 직접 가져오기 API는 예약→bounded body→work gate→private finalize 순서를 지킨다 (1.1327ms)
✔ 검토 UI는 fuzzy 자동 연결 없이 구조화 행별 사람 확인을 요구한다 (1.809ms)
✔ admin import cancellation is authorized only for ADMIN-source rows (0.9829ms)
✔ match editor exposes only the structured form and traps the void confirmation dialog (3.6188ms)
✔ picker status copy is outside the listbox and visual active row matches aria active descendant (0.9644ms)
✔ submission reject dialog shares the accessible modal behavior (1.7214ms)
✔ submission conflict keeps component identity and adopts only a verified latest revision (0.9816ms)
✔ match editor conflict preserves local input and adopts only a verified latest aggregate (0.9133ms)
✔ match editor save action stays readable in enabled and disabled states (1.1743ms)
✔ public MMR page exposes canonical allowlisted filters and bounded projection summaries (1.4916ms)
✔ admin MMR workspace connects protected recalculate, adjustment, players and review states (1.2526ms)
✔ team balance provider selects READY MMR before statistics fallback (2.1453ms)
✔ operational diagnostics remain admin-only server rendering with no polling or mutation (4.0869ms)
✔ account pagination reports the filtered total and page range while retaining filters and page size (26.4639ms)
✔ first and last job pages expose only valid navigation and preserve the status filter (7.5776ms)
✔ log navigation retains its source and does not produce an incompatible account status (2.6283ms)
✔ bulk preview remains a bounded first batch without ordinary page navigation or invented totals (1.8947ms)
✔ a now-empty page can return to available results without displaying a nonexistent range (1.6768ms)
✔ navigation respects the query ceiling and unavailable data never pretends there are zero accounts (3.471ms)
✔ 사용자 shell은 skip target, landmark, modal search, 모바일 5개 진입점을 제공한다 (6.0206ms)
✔ 전체 메뉴는 목적별로 기능을 보여주고 필요한 계정 접근을 안내한다 (0.808ms)
✔ 일반 로그인은 홈으로 돌아가고 로그인된 헤더·모바일 메뉴는 내 정보를 표시한다 (1.2731ms)
✔ V2 UI는 실제 운영 데이터가 없을 때 합성 샘플을 사용자 화면에 연결하지 않는다 (1.6086ms)
✔ 사용자와 관리자 로그아웃 UI는 세션 폐기 성공 뒤에만 로그인 화면으로 이동한다 (1.4408ms)
✔ 관리자 계정 상세는 저장소 장애를 존재하지 않음 404로 축소하지 않는다 (0.8088ms)
✔ 모바일 관리자 메뉴에서도 현재 역할과 안전한 로그아웃을 제공한다 (0.5254ms)
✔ 관리자 로그인은 비밀번호 후 원래 화면으로 이동하며 인증 코드 필드가 없다 (0.4673ms)
✔ 계정 작업 UI는 stale revision에서 최신 projection을 읽고 안내를 유지한다 (1.5113ms)
✔ 일회성 비밀번호는 숨김·BFCache 복귀·명시적 닫기에서 메모리와 안내를 함께 종료한다 (1.6692ms)
✔ 내 계정 플레이어 탭은 대기 claim과 거절 claim을 구분한다 (1.1368ms)
✔ 내 계정 상태 안내는 공개 사유가 없을 때도 상태별 기본 문구를 구분한다 (1.0386ms)
✔ 계정 시각은 공통 Asia/Seoul 24시간 포맷터를 사용한다 (1.3128ms)
✔ 가입·본인 비밀번호 변경 UI는 성공과 pagehide에서 비밀번호 fingerprint ref를 즉시 비운다 (0.7051ms)
ℹ tests 56
ℹ suites 0
ℹ pass 56
ℹ fail 0
ℹ cancelled 0
ℹ skipped 0
ℹ todo 0
ℹ duration_ms 587.0255
