
> klol-gg-v2@0.1.0 check
> npm run lint && npm run typecheck && npm run db:erd:check && npm test && npm run verify:home-guide-art && npm run build


> klol-gg-v2@0.1.0 lint
> eslint


E:\k-LOL.GG\worktrees\ux-discoverability-20261002\integrations\messengerbot-r\KLOL_KAKAO_BOT_V41_MESSENGERBOT_R.js
   1:838   warning  'e' is defined but never used  @typescript-eslint/no-unused-vars
   5:130   warning  'e' is defined but never used  @typescript-eslint/no-unused-vars
  32:231   warning  'e' is defined but never used  @typescript-eslint/no-unused-vars
  33:79    warning  'e' is defined but never used  @typescript-eslint/no-unused-vars
  33:196   warning  'e' is defined but never used  @typescript-eslint/no-unused-vars
  34:274   warning  'e' is defined but never used  @typescript-eslint/no-unused-vars
  35:200   warning  'e' is defined but never used  @typescript-eslint/no-unused-vars
  36:66    warning  'e' is defined but never used  @typescript-eslint/no-unused-vars
  44:347   warning  'n' is defined but never used  @typescript-eslint/no-unused-vars
  54:409   warning  'e' is defined but never used  @typescript-eslint/no-unused-vars
  56:71    warning  'e' is defined but never used  @typescript-eslint/no-unused-vars
  59:168   warning  'e' is defined but never used  @typescript-eslint/no-unused-vars
  60:318   warning  'e' is defined but never used  @typescript-eslint/no-unused-vars
  65:1002  warning  'e' is defined but never used  @typescript-eslint/no-unused-vars
  74:403   warning  'e' is defined but never used  @typescript-eslint/no-unused-vars
  75:151   warning  'e' is defined but never used  @typescript-eslint/no-unused-vars
  75:216   warning  'e' is defined but never used  @typescript-eslint/no-unused-vars
  75:497   warning  'e' is defined but never used  @typescript-eslint/no-unused-vars
  78:2934  warning  'e' is defined but never used  @typescript-eslint/no-unused-vars
  79:8     warning  'e' is defined but never used  @typescript-eslint/no-unused-vars
  80:116   warning  'e' is defined but never used  @typescript-eslint/no-unused-vars
  81:378   warning  'e' is defined but never used  @typescript-eslint/no-unused-vars

E:\k-LOL.GG\worktrees\ux-discoverability-20261002\integrations\messengerbot-r\KLOL_KAKAO_BOT_V41_V1_COMPAT.js
  1:1  warning  Unused eslint-disable directive (no problems were reported)

E:\k-LOL.GG\worktrees\ux-discoverability-20261002\integrations\messengerbot-r\KLOL_KAKAO_BOT_V41_V2_COMPLETE.js
    2:5  warning  'KLOL_V41_BUNDLE_START_SENTINEL' is assigned a value but never used  @typescript-eslint/no-unused-vars
  369:1  warning  Unused eslint-disable directive (no problems were reported)

E:\k-LOL.GG\worktrees\ux-discoverability-20261002\integrations\messengerbot-r\v1-strict\KLOL_KAKAO_BOT_V1_STRICT_MESSENGERBOT_R.js
     1:5   warning  'KLOL_V1_SOURCE_SHA256' is assigned a value but never used           @typescript-eslint/no-unused-vars
     2:5   warning  'KLOL_V1_EXTRACTED_SHA256' is assigned a value but never used        @typescript-eslint/no-unused-vars
     3:5   warning  'KLOL_V1_SOURCE_FUNCTIONS' is assigned a value but never used        @typescript-eslint/no-unused-vars
     6:5   warning  'KLOL_V1_TRANSPORT_SEAMS' is assigned a value but never used         @typescript-eslint/no-unused-vars
    38:10  warning  'ignored' is defined but never used                                  @typescript-eslint/no-unused-vars
   131:10  warning  'ignored' is defined but never used                                  @typescript-eslint/no-unused-vars
   228:5   warning  'PARTY_RECRUIT_STATUS_API_URL' is assigned a value but never used    @typescript-eslint/no-unused-vars
   239:46  warning  'ignored' is defined but never used                                  @typescript-eslint/no-unused-vars
   304:10  warning  'ignoredJavaNormalizationError' is defined but never used            @typescript-eslint/no-unused-vars
   314:10  warning  'parsePartyMemberMutationCommand' is defined but never used          @typescript-eslint/no-unused-vars
   457:10  warning  'error' is defined but never used                                    @typescript-eslint/no-unused-vars
   476:10  warning  'error' is defined but never used                                    @typescript-eslint/no-unused-vars
   491:10  warning  'error' is defined but never used                                    @typescript-eslint/no-unused-vars
   529:10  warning  'error' is defined but never used                                    @typescript-eslint/no-unused-vars
   555:10  warning  'error' is defined but never used                                    @typescript-eslint/no-unused-vars
   567:10  warning  'error' is defined but never used                                    @typescript-eslint/no-unused-vars
   605:10  warning  'error' is defined but never used                                    @typescript-eslint/no-unused-vars
   609:29  warning  'room' is defined but never used                                     @typescript-eslint/no-unused-vars
   609:35  warning  'sender' is defined but never used                                   @typescript-eslint/no-unused-vars
   609:43  warning  'imageBase64' is defined but never used                              @typescript-eslint/no-unused-vars
   609:56  warning  'replier' is defined but never used                                  @typescript-eslint/no-unused-vars
   612:36  warning  'room' is defined but never used                                     @typescript-eslint/no-unused-vars
   612:42  warning  'sender' is defined but never used                                   @typescript-eslint/no-unused-vars
   612:50  warning  'replier' is defined but never used                                  @typescript-eslint/no-unused-vars
   754:77  warning  'packageName' is defined but never used                              @typescript-eslint/no-unused-vars
   765:10  warning  'ignoredImageError' is defined but never used                        @typescript-eslint/no-unused-vars
   769:10  warning  'ignoredImageBase64Error' is defined but never used                  @typescript-eslint/no-unused-vars
   782:10  warning  'ignoredImageBitmapError' is defined but never used                  @typescript-eslint/no-unused-vars
  1798:5   warning  'isOperationFormCompleteMessage' is assigned a value but never used  @typescript-eslint/no-unused-vars
  1800:5   warning  'isSeasonApplyCompleteMessage' is assigned a value but never used    @typescript-eslint/no-unused-vars
  1830:10  warning  'response' is defined but never used                                 @typescript-eslint/no-unused-vars
  1838:12  warning  'ignoredDiagnosticReply' is defined but never used                   @typescript-eslint/no-unused-vars

E:\k-LOL.GG\worktrees\ux-discoverability-20261002\src\modules\matches\infrastructure\postgres-match-transaction-authorizer.ts
  11:73  warning  '_now' is defined but never used  @typescript-eslint/no-unused-vars

✖ 58 problems (0 errors, 58 warnings)
  0 errors and 2 warnings potentially fixable with the `--fix` option.


> klol-gg-v2@0.1.0 typecheck
> tsc --noEmit


> klol-gg-v2@0.1.0 db:erd:check
> tsx scripts/database/generate-erd.ts --check

[db:erd] up to date: 111 tables, 173 foreign keys, schema sha256 0601644420b7cbdc056c1f307d67aec845c6190d005d31c5143cc44cb0d4baa2

> klol-gg-v2@0.1.0 test
> npm run test:contracts && npm run test:unit


> klol-gg-v2@0.1.0 test:contracts
> node --test tests/*.test.mjs

✔ public match and player detail use the same allowlisted champion portrait with a safe fallback (3.0057ms)
✔ my account connects bounded participation and current discipline status to details and evidence (2.3661ms)
✔ event and destruction details retain actions while exposing readable lifecycle and result hierarchy (4.3331ms)
✔ own player mutation keeps approval, origin, revision and idempotency guards (4.2706ms)
✔ own player form keeps one idempotency key for an uncertain retry and explains Riot relinking (1.4966ms)
✔ account pages reuse the account shell and avoid decorative English headings (2.1615ms)
✔ isolated account HTTP verification runs the real Chromium owner profile regression (1.6316ms)
✔ 역할 변경 API는 same-origin 세션 검사 뒤 일반 ADMIN을 mutation parsing 전에 거부한다 (3.8175ms)
✔ 역할 관리 UI와 목록 진입점은 SUPER_ADMIN에게만 노출된다 (1.4671ms)
✔ 승인된 미삭제 USER의 ADMIN 승격은 플레이어 연결을 요구하지 않는다 (2.2761ms)
✔ 플레이어 상세는 연결 계정 revision으로 기존 SUPER_ADMIN 역할 API를 안전하게 재사용한다 (5.2648ms)
✔ administrator balance status uses readable Korean operational labels (5.4779ms)
✔ administrator balance navigation is a visible keyboard-focusable control (1.1786ms)
✔ MMR 수동 조정은 raw UUID 대신 bounded 플레이어 선택기를 사용한다 (0.9888ms)
✔ Riot 작업은 현재 목록에서 플레이어와 link를 선택하고 revision을 자동 계산한다 (0.7335ms)
✔ 징계 대상 선택은 관리자 전용 bounded endpoint의 allowlist metadata로 표시값을 채운다 (7.7669ms)
✔ 공통 bounded picker는 원격 metadata를 문자열 allowlist로 제한한다 (0.5624ms)
✔ the contracted match edit page reuses the guarded editor and preserves the AI review alias (3.3758ms)
✔ season administration presents lifecycle, status, source, and position labels in Korean (3.3029ms)
✔ account and settings administration avoid decorative English labels (5.8362ms)
✔ admin HTTP guard matrix covers every canonical App Router page (82.3988ms)
✔ administrator team draft pages use the ADMIN viewer and administrator mutation boundary (4.3148ms)
✔ administrator recommendation aliases remain same-origin permanent redirects (1.0361ms)
✔ administrator drafts support recoverable archive and persisted match registration (2.2231ms)
✔ season, date and round changes replace application form state in both editable branches (316.7164ms)
✔ position-free rounds do not display a fabricated main/sub position in own or public status (81.7635ms)
✔ a missing site application retains a direct path to recover Kakao member linking (19.324ms)
✔ event position labels remain readable while form values retain the API position codes (18.1014ms)
✔ own status and public roster use the same Korean position labels as the application form (138.1362ms)
✔ ranking view and applied criteria replace stale unsaved filter inputs (18.5185ms)
✔ destruction format choices distinguish match lengths and retain the selected canonical filter (76.8958ms)
✔ capture fixture example resolves every repository page without placeholders (227.7878ms)
✔ browser QA server emits setup credentials, actor identity and fail-fast dynamic source IDs (1.3582ms)
✔ browser quality boundary accepts WCAG and performance values at their budgets (3.3028ms)
✔ browser quality boundary reports semantic, keyboard, motion, axe and performance failures (0.5024ms)
✔ compact standalone auth pages do not require a skip link or a single h1 (0.1671ms)
✔ full-page capture uses stable light reduced-motion rendering and wakes lazy media (0.8413ms)
✔ full-page capture fails visible repository error states even when HTTP is 200 (0.1801ms)
✔ full-page capture accepts synthetic credentials through bounded stdin (0.137ms)
✔ champion administrator pages reuse the highlight content shell and keep safe mutations (7.1842ms)
✔ champion read APIs keep public and administrator namespaces separated (4.0365ms)
✔ Data Dragon version monitor discovers the upstream latest version without changing the pinned catalog (4.3283ms)
✔ only documentation changed since the actual successful deployment can skip (1.4093ms)
✔ first deployments, manual redeploys, missing history and mismatched checkout build (0.207ms)
✔ 핵심 일반 텍스트 토큰은 밝은 배경에서 WCAG AA 4.5:1 이상이다 (3.9856ms)
✔ 기능 상태 패널의 홈 링크는 AA 대비 primary 토큰 쌍을 사용한다 (0.963ms)
✔ public destruction detail keeps owner application, vote and explicit unavailable/error states (5.9438ms)
✔ administrator destruction workspaces expose the full staged lifecycle (10.7356ms)
✔ API source keeps account owner and ADMIN boundaries separate (1.6417ms)
✔ public discipline API exposes aggregate statistics only (5.6217ms)
✔ owner and admin evidence boundaries require session, revision, idempotency, and concealed reads (1.9377ms)
✖ regular administrators may read discipline details but only super administrators may mutate them (8.5616ms)
✔ asset jobs accept signed requests only and are durably replay-guarded (119.9202ms)
✔ discipline pages declare real empty, error, and unavailable states (1.0174ms)
✖ discipline administrator headings and status labels are readable Korean (1.3954ms)
✔ public competition pages expose list/detail/application states without administrator controls (3.5176ms)
✔ administrator event pages connect every lifecycle operation to protected canonical APIs (6.383ms)
✔ legacy event routes reuse the common no-store same-origin redirect boundary (0.6486ms)
✔ the application menu marks exactly the selected application type, including query navigation (211.8739ms)
✔ clearing or resetting a slow player search cancels the request and returns to idle (150.7327ms)
✔ a superseded request cannot clear the loading state of the newer search (59.9417ms)
✔ full-page QA runner parses only tagged synthetic harness values (3.1907ms)
✔ full-page QA summary fails count drift and any route issue (0.2366ms)
✔ capture credentials use bounded stdin instead of command-line secrets (6.9269ms)
✔ capture CLI rejects unknown stdin credential fields before opening files or Chromium (123.0506ms)
✔ 홈과 데스크톱 메뉴는 이미 구현된 경기·팀 밸런스를 준비 중으로 표시하지 않는다 (1.5406ms)
✔ 홈 공개 집계는 활성 플레이어·시즌과 게시 경기만 센다 (1.9074ms)
✔ 홈 공개 피드는 실제 구인·대회와 완료된 멸망전 우승 갤러리를 조회한다 (1.2956ms)
✔ 홈 피드 공개 projection은 소유자·회원·Discord 필드를 선택하지 않는다 (0.6292ms)
✔ 홈은 DB 전체 활성 챔피언을 읽되 여성 허용 목록에서 KST 일일 안내 챔피언을 선택한다 (1.9975ms)
✔ 홈과 플레이어 찾기는 회원명 검색을 안내하되 회원명을 결과로 출력하지 않는다 (2.171ms)
✔ 홈은 소개·랭킹·바로가기·소식·내 활동·기록 순서로 안내한다 (0.8649ms)
✔ ranking choices name all three rankings before the single slide and expose selection (139.4976ms)
✔ direct ranking choice stops rotation and updates its single slide and full-ranking destination (35.7958ms)
✔ named choices retain directional keyboard, previous/next and explicit play controls (35.6856ms)
✔ empty or single ranking does not expose impossible slide controls (64.1334ms)
✔ a rejected native install prompt reports recovery and accepts a new browser offer (145.4156ms)
✔ installation prevents duplicate native prompts and waits for actual appinstalled (21.2029ms)
✔ a ready browser offer is not overwritten by initial environment detection (11.7892ms)
✔ a late native choice cannot overwrite confirmed app installation (14.6204ms)
✔ Kakao admin API splits ADMIN reads from SUPER TOTP mutations (4.7659ms)
✔ legacy Kakao admin pages permanently redirect to canonical real-state tabs (12.9258ms)
✔ every canonical Kakao handler checks the stored feature policy (8.3965ms)
✔ owner image session creation honors site and Kakao feature switches (0.7037ms)
✔ Kakao assistant routes share raw-body HMAC and durable read receipts (7.5725ms)
✔ managed forms remain isolated while season snapshots and owner-bound images are durable (6.5031ms)
✔ legacy Kakao paths execute the signed canonical POST handlers without redirects (6.6592ms)
✔ Kakao route capability policy is explicit for every phone endpoint (22.6285ms)
✔ season member submissions and reads use the FEATURES room but force cancel has a trusted command gate (1.5958ms)
✔ normal room authorization uses only canonical registry state and keeps environment bootstrap explicit (1.0468ms)
✔ private installer generator preserves shared settings and creates one identity per Kakao room (576.3189ms)
✔ Kakao routes are explicitly isolated between recruit and features installations (11.5816ms)
✔ wrong-room failures remain short and actionable on the phone (1.4766ms)
✔ recruit mutations expose PII-free stage timing for p50 and p95 aggregation (0.8477ms)
✔ companion is ES5 and below both editor character limits (44.3693ms)
✔ exact status/version commands are local and preserve OFF, settings and the registered target (2.0801ms)
✔ diagnostics ignore ordinary messages, slash variants and untrusted app callbacks (0.7405ms)
✔ registration results use fixed Korean replies and never poll or expose secrets (2.4524ms)
✔ OFF and repeated registration replies cannot enable polling or replace a session (0.8785ms)
✔ installed response callback reports status and registration without queue delivery (1.0406ms)
✔ no registration, disabled, wrong app/code, or another session cannot send (0.687ms)
✔ ACK loss retries ACK without sending again, including after restart (1.2328ms)
✔ crash marker or ambiguous SDK result never resends automatically (1.3514ms)
✔ ledger write failure, wrong target and stale lease fail closed before send (1.8352ms)
✔ explicit SDK rejection is retryable after manual session renewal (0.701ms)
✔ whole installed runtime answers local diagnostics without credentials, network or registration (1.4702ms)
✔ initialization failures leave version and fixed failure-stage diagnostics available (2.707ms)
✔ rejected callback contexts stay silent and record only fixed local diagnostic codes (0.7439ms)
✔ reply failure and SDK rejection produce fixed local evidence without leaking exceptions (1.3017ms)
✔ reported open-chat false group flag still answers version, diagnostics and status locally (2.6635ms)
✔ false group flag requires exact one-use code and retains only explicitly registered session (0.9287ms)
✔ false group flag never permits debug, missing-package or other-app registration (3.1759ms)
✔ the ADR freezes every non-negotiable V1-exact adapter constraint (12.5547ms)
✔ the reusable V4 text transport is one signed five-second request without bearer fallback (1.3018ms)
✔ the V1 strict phone installer uses the current private artifact and omits public-only provenance (3.0838ms)
✔ installation profiles, not callback room or sender role, form the V4 text authorization boundary (0.9641ms)
✔ V2 services can reserve a hidden DRAFT and legacy bearer routes remain closed (5.7739ms)
✔ the existing image service is separately signed, bounded, and session-backed (0.8942ms)
✔ canonical V40 R2 routes managed commands to site-first links, not the legacy image session creator (43.9883ms)
✔ a clean V1-strict install keeps imageDB silent instead of inventing an unreachable UUID flow (15.6923ms)
✔ the dormant legacy image receiver remains secure for non-strict clients without reopening bearer access (7.7975ms)
✔ builder pins the canonical V1 hash and produces an ES5/Rhino-safe artifact (393.7327ms)
✔ Rhino audit detects functions that mix value and bare returns (0.7765ms)
✔ V1 strict routes organizer-only metadata activation forms with or without one slash (39.0239ms)
✔ V1 strict routes scoped in-house finish commands as unchanged raw text (47.5209ms)
✔ R23 retired scrim commands and forms reply locally without an HTTP request (94.6245ms)
✔ R25 local help matches optional member linking, Rift lanes, protected editing and detail rereads (13.4834ms)
✔ R24 compact copy forms keep complete success and pending envelopes in one signed request (64.6624ms)
✔ R24 compact form routing leaves malformed references to the server and ignores prose (33.9144ms)
✔ R24 actual server-rendered party and inhouse templates accept one name through the phone (344.2404ms)
✔ R23 copy-paste party and inhouse forms forward names and saved references unchanged (21.9279ms)
✔ V1 strict routes the full organizer-only template returned by the production server (3.7229ms)
✔ artifact excludes legacy HTTP, bearer, and embedded secret material (0.9953ms)
✔ all response-reachable non-transport V1 executable lines are preserved without comments or blank spacers (58.486ms)
✔ strict adapter reuses the canonical V1 local dedupe storage keys (0.8893ms)
✔ local replies, echo rules, events, and no-reply behavior equal the canonical V1 (12.031ms)
✔ R19 chooses one complete tone when the OpenChat entry guide appears (13.8699ms)
✔ R19 consumes the raw join event and accepts only the OpenChat entry heading (5.5548ms)
✔ approved party member mutations parse safely and use one RECRUIT gateway request (14.7578ms)
✔ inhouse member shortcuts reach the matching profile gateway (66.2454ms)
✔ reported inhouse loading echo is ignored while user commands and explicit member edits keep one reply (10.3601ms)
✔ same MessengerBot logId replay suppresses only the duplicate visible reply (17.2887ms)
✔ ambiguous party member text never reaches the mutation gateway (78.4699ms)
✔ local recruit help documents member commands and keeps full-form guidance (11.5626ms)
✔ command and form predicates are byte-derived and behaviorally equal to V1 (18.969ms)
✔ one public command performs one five-second signed gateway request without room binding (19.2494ms)
✔ recoverable season rows reach the gateway once even with whitespace numbering and partial fields (8.7783ms)
✔ completed augment-ARAM in-house forms reach the FEATURES gateway and always reply (9.5731ms)
✔ completed augment-ARAM metadata with ten empty name rows activates through FEATURES (10.9575ms)
✔ a complete empty season snapshot reaches the gateway once for authoritative cancellation (8.6224ms)
✔ empty-snapshot gate rejects incomplete forms and ordinary conversation (10.9779ms)
✔ clean-session imageDB input preserves the active V40 R2 no-reply and no-HTTP behavior (3.1056ms)
✔ all seven active text seams preserve V1 success and empty replies while failures use safe common notices (65.9919ms)
✔ literal transport failures distinguish settings, input, and connection errors without exposing values (21.8814ms)
✔ both V40 R2 image seams stay inactive for every transport outcome (13.2846ms)
✔ R26 text commands never probe notification images before their response (17.6776ms)
✔ R26 speed diagnostic keeps the previous request timing across ordinary chat and bot echo (3.1699ms)
✔ R27 local diagnostics bypass request state, deduplication and notification image reads (2.797ms)
✔ R27 diagnostic distinguishes reply failure and tolerates unavailable logging (1.8645ms)
✔ V1-strict keeps completion diagnostics but routes incomplete operation-form candidates (19.1873ms)
✔ V1-strict candidate routing ignores ordinary label discussion (15.0982ms)
✔ V1-strict ordinary label discussion performs no request or local dedupe write (40.781ms)
✔ V1-strict accepts standalone wrapper titles but ignores wrappers embedded in prose (23.1658ms)
✔ V1-strict response forwards one incomplete form request to the FEATURES gateway (6.4445ms)
✔ V1-strict canonicalizes tolerant label spelling before gateway classification (3.1596ms)
✔ V1_STRICT fixture preserves the canonical V1 bytes across checkout line endings (2.0827ms)
✔ V1_STRICT fixture contains no hard-coded credential value (0.9614ms)
✔ V1_STRICT fixture remains ES5 and Rhino-static warning free (65.7058ms)
✔ V1_STRICT executes the original bot-version reply with or without slash (6.8022ms)
✔ V1_STRICT executes the original user help exactly (3.5731ms)
✔ APPROVED_EXTENSIONS cannot be mislabeled as commands from the V1_STRICT oracle (11.3611ms)
✔ [A01] the unified phone artifact is a readable ES5 single file below 40,000 characters (59.5013ms)
✔ [A02] the final unified artifact has zero Rhino static warning candidates (19.0615ms)
✔ [A03] the generated artifact classifies each command into exactly one server profile (2.1895ms)
✔ [A04] callback room, channel and group values are neither read nor transmitted (4.4544ms)
✔ [A05] text transport timeout is no more than five seconds (13.5925ms)
✔ V4 source template is one thin command-family routing client (35.2168ms)
✔ the generated unified phone file is standalone ES5 with one callback (20.3248ms)
✔ builder owns the unified output and refreshes deprecated split fixtures (1.948ms)
✔ release docs lock one phone, one MessengerBot profile, and two Kakao rooms (1.837ms)
✔ [C01] each entry sends its own static profile regardless of poisoned callback room values (13.5924ms)
✔ [C02] RECRUIT ignores FEATURES commands locally without a server call (1.6785ms)
✔ [C03] FEATURES ignores RECRUIT commands locally without a server call (1.8561ms)
✔ [C03A] one unified phone bot routes both room command families exactly once (12.8705ms)
✔ [C03C] party template commands including spaced aliases use exactly one server request for a V1 number (3.2342ms)
✔ [C03D] a copied V1 party form without its number returns the exact local guidance (3.42ms)
✔ [C03B] unified bot version is one local reply and never reaches transport (36.0743ms)
✔ [C04] malformed slash, URLs and middle slash are rejected before transport (23.7231ms)
✔ [C05] no-logId boot counter gives every independent command a new event ID (1.9451ms)
✔ [C06] one command performs one HTTP execute with a five-second maximum (1.7578ms)
✔ [C05A] logId replay is stable in one boot and isolated across profiles and restarts (32.9887ms)
✔ [C05C] phone settings are read from MessengerBot storage once within one request cache (2.9454ms)
✔ [C05B] unified echo suppression checks both room-specific bot display names (5.2874ms)
✔ [C07] one scrim command performs exactly one client-to-server send (6.6389ms)
✔ [C08:WRONG_PROFILE] client exposes the WRONG_PROFILE error category (1.2756ms)
✔ [C08:INVALID_SIGNATURE] client exposes the INVALID_SIGNATURE error category (10.6936ms)
✔ [C08:REPLAY_CONFLICT] client exposes the REPLAY_CONFLICT error category (8.0495ms)
✔ [C08:SERVER_UNAVAILABLE] client exposes the SERVER_UNAVAILABLE error category (3.5471ms)
✔ [C08:INVALID_FORM] client exposes the INVALID_FORM error category (25.5699ms)
✔ [C08A] INVALID_FORM keeps the server parser detail and has a safe fallback (14.2881ms)
✔ [P3-C01] FEATURES entry sends one request for 내전구인 (24.6586ms)
✔ [P3-C02] FEATURES entry sends one request for 내전구인 협곡 2026-09-09 21:30 #2 10명 (1.4649ms)
✔ [P3-C03] FEATURES entry sends one request for 내전구인 칼바람 2026-09-09 21:30 #3 10명 (1.7756ms)
✔ [P3-C04] FEATURES entry sends one request for 내전구인 증바람 2026-09-09 21:30 #4 10명 (1.4011ms)
✔ [P3-C05] FEATURES entry sends one request for 내전현황 (1.7496ms)
✔ [P3-C06] FEATURES entry sends one request for 내전상세 2 (1.3403ms)
✔ [P3-C07] FEATURES entry sends one request for 📢 내전하실분 #2 (1.0333ms)
✔ [P3-C08] RECRUIT entry sends one request for 스크림구인 (1.565ms)
✔ [P3-C09] RECRUIT entry sends one request for [K-LOL.GG 스크림 구인 양식] (4.3899ms)
✔ [P3-C10] FEATURES entry sends one request for 지인 이름: 친구 (1.5798ms)
✔ [P3-C11] FEATURES entry sends one request for 본인 이름 및 닉네임: 홍길동/테스터 (2.6442ms)
✔ [P3-C12] FEATURES entry sends one request for 주최자 이름 및 닉네임: 홍길동/테스터 (2.104ms)
✔ [P3-C13] FEATURES entry sends one request for 이름 및 닉네임: 신청자/닉 (2.5063ms)
✔ [P3-C14] FEATURES entry sends one request for 등록 (6.7987ms)
✔ [P3-C15] FEATURES entry sends one request for 내전등록 (2.0835ms)
✔ [P3-C16] FEATURES entry sends one request for 경고등록 (3.0082ms)
✔ [P3-C17] FEATURES entry sends one request for 인증 (0.9644ms)
✔ [P3-C18] FEATURES entry sends one request for 경고현황 (1.8058ms)
✔ [P3-C19] FEATURES entry sends one request for 결과현황 (3.6511ms)
✔ [P3-C20] FEATURES entry sends one request for 사진취소 (1.9506ms)
✔ [P3-C21] FEATURES entry sends one request for 자동공지 20 (4.5032ms)
✔ [P4-C01] unified 봇버전 is client-only with exact local content (20.2689ms)
✔ [P4-C02] unified 도움말 is client-only with exact local content (2.8944ms)
✔ [P4-C03] unified 구인도움말 is client-only with exact local content (3.2478ms)
✔ [P4-C04] unified 구인웹도우미 is client-only with exact local content (2.6447ms)
✔ [P4-C05] every V1 PUBLIC alias is classified by the unified phone with at most one send (99.2734ms)
✔ [P4-C06] malformed slash, URL and middle-slash inputs never enter public transport (15.2473ms)
✔ [P4-I01] V2도움말 never enters public V4 transport (9.653ms)
✔ [P4-I02] V2진단 never enters public V4 transport (5.0835ms)
✔ [P4-I03] V2연동확인 never enters public V4 transport (4.3362ms)
✔ [P4-I04] 연동확인 never enters public V4 transport (9.3778ms)
✔ [P4-I05] V2모집 never enters public V4 transport (15.2139ms)
✔ [P4-I06] V2시즌 never enters public V4 transport (11.5367ms)
✔ [P4-I07] V2양식 never enters public V4 transport (8.4967ms)
✔ [P4-I08] V2사진세션 never enters public V4 transport (15.1833ms)
✔ [P4-I09] V2사진취소 never enters public V4 transport (4.3923ms)
✔ [P4-A01] final unified phone artifact is synchronized ES5, under 40k and Rhino-static clean (58.6817ms)
✔ [P4-C01] every public V1 alias passes the correct phone profile with zero-or-one slash (33.2521ms)
✔ [P4-C02] local public replies are exact and never include V2 operator commands (3.8176ms)
✔ [P4-C02A] all actual V41 public command samples pass the matching V4 phone profile (5.7787ms)
✔ [P4-C03] photo and retired preview commands reply locally with no server transmission (2.916ms)
✔ [P4-C04] internal, unknown, and malformed inputs are rejected before transport (2.3077ms)
✔ [P4-C05] unified entry preserves one send site, five-second timeout, and dynamic family split (0.8317ms)
✔ [P4-C02B] member shortcuts tolerate mobile normalization and reject ambiguous mutations (4.5559ms)
✔ V4 private generator creates one ignored paste-ready file without printing secrets (851.2566ms)
✔ [R01] V4 durable receipt and nonce schema is present in the ordered migration ledger (4.8037ms)
✔ [R02] installation, canonical room, key and capability migrations match the runtime schema (5.1525ms)
✔ [R03] V3 and V4 server intake coexist while one V4 entry binds profile-specific installation identity (6.1536ms)
✔ [RESOLVED R04] V4 uses deterministic installation scope without a pairing command (11.6223ms)
✔ [R05] documented Vercel variable names cover the V4 runtime without reading values (31.8557ms)
✔ contract fixture has traceable V1 evidence and all required domains (1.57ms)
✔ zero or exactly one leading slash routes to the same command (0.4046ms)
✔ double slash, URL slash, separated slash, and middle slash are not commands (0.1563ms)
✔ same installation scope members can edit and finish across sender identities (0.2005ms)
✔ initial party form exposes the three activation fields without participant rows (0.2102ms)
✔ full party forms are authoritative snapshots and allow A→B→A (0.2703ms)
✔ party member shortcuts retain the full-form workflow and current-scope mutation boundary (0.1831ms)
✔ Rift, ARAM, and Augment ARAM preserve their V1 field policies (0.2537ms)
✔ scrim keeps full-form editing and V1 disabled manual lifecycle replies (0.2228ms)
✔ operation forms retain V1 labels, wrappers, missing-field reply, and echo guard (1.6158ms)
✔ registration and warning guidance preserve exact V1 headings and destinations (0.1942ms)
✔ user-facing help excludes V2 diagnostics and raw JSON commands (0.1433ms)
✔ representative record, recent, and ranking replies remain exact V1 fixtures (0.0895ms)
✔ V40 구인도움말 문구와 줄바꿈을 그대로 유지한다 (13.751ms)
✔ V40 5인파티 생성 응답에 모집번호가 있는 편집 가능한 전체 양식을 유지한다 (6.6644ms)
✔ V40 구인현황 제목과 상세 명령 CTA를 포함한 정확한 응답을 유지한다 (5.24ms)
✔ V40 bare 멸망전스크림 입력을 스크림 명령으로 분류한다 (10.9553ms)
✔ V40 일반 도움말의 제목·항목·줄바꿈을 모든 별칭에서 그대로 유지한다 (25.0994ms)
✔ V40 구인 웹 도우미와 구인 도움말을 서로 다른 응답으로 유지한다 (28.8567ms)
✔ V40 등록 센터의 설명과 기존 링크를 모든 별칭에서 그대로 유지한다 (8.1063ms)
▶ V40 내전·경고·인증·현황 링크 응답을 그대로 유지한다
  ✔ 내전등록 (14.1959ms)
  ✔ 경고등록 (22.0521ms)
  ✔ 인증 (22.2322ms)
  ✔ 경고현황 (6.1245ms)
  ✔ 결과현황 (12.3076ms)
✔ V40 내전·경고·인증·현황 링크 응답을 그대로 유지한다 (77.9808ms)
▶ V40 전적·최근·랭킹의 사용자 표시 정보를 잃지 않는다
  ✔ 전적 (7.7617ms)
  ✔ 최근 (5.4473ms)
  ✔ 랭킹 (9.2655ms)
✔ V40 전적·최근·랭킹의 사용자 표시 정보를 잃지 않는다 (23.1674ms)
✔ V40처럼 오픈채팅봇이 출력한 운영 양식은 재접수하지 않는다 (2.361ms)
✔ V40 운영 양식은 서버가 만든 접수 문구를 그대로 전달한다 (7.3182ms)
✔ V40 사진취소 별칭의 사이트 우선 안내 동작을 그대로 유지한다 (6.0818ms)
✔ V40 입장·퇴장·초대·서버 echo 동작을 유지한다 (2.4016ms)
✔ V40 스크림구인은 자동배정 번호와 원래 줄바꿈을 가진 전체 양식을 반환한다 (12.2627ms)
✔ V40 스크림현황은 파티 현황과 섞지 않고 한글 상태와 상세 명령을 표시한다 (3.8862ms)
✔ V40 스크림현황 빈 상태 문구를 정확히 유지한다 (9.2238ms)
✔ V40 스크림상세는 복사 가능한 전체 양식과 수정 안내를 그대로 반환한다 (9.5568ms)
✔ V40 스크림 전체 양식 신규 제출은 즉시 한 번 저장하고 등록 완료만 응답한다 (8.7849ms)
✔ V40 원본 양식은 멸망전번호 없이 서버의 단일 활성 대회 자동 판별을 사용한다 (6.5065ms)
✔ V40 스크림 전체 양식 수정 제출은 별도 확인 없이 같은 번호를 교체 반영한다 (12.7355ms)
✔ V40에서 사용 중단된 참가·확정·취소·수동 종료는 원래 안내만 하고 변경하지 않는다 (9.1933ms)
✔ paste-ready V41 bot routes major commands only through the signed V2 transport (8.624ms)
✔ mobile installer has no Rhino CODE_HAS_NO_SIDE_EFFECTS statement candidates (93.2332ms)
✔ phone transport renders actionable HTTP failure categories (4.7394ms)
✔ Kakao pending slot lookup is lifecycle-neutral and only cancels ACTIVE rows (3.4117ms)
✔ 자동 수집한 전체 명령 계약은 slash/무슬래시를 하나의 canonical command로 만든다 (14.1803ms)
✔ V1 호환 파서는 모든 공개 V1 명령에서 slash/무슬래시 분류를 동일하게 유지한다 (24.7605ms)
✔ canonical command 경계는 본문과 Riot ID를 보존하고 slash 오인식을 막는다 (2.4261ms)
✔ 휴대폰 압축본의 V1 무통신 명령은 읽기 쉬운 전체본과 동일하게 응답한다 (21.6844ms)
✔ room and channel callback fields are not used for installation scope (11.908ms)
✔ installation scope is stable across signing-key rotation and differs across installations (6.9084ms)
✔ delivery identity ignores raw room and channel while binding installation, sender, log, and message (10.4501ms)
✔ opaque sender uses userHash when available and display-name fallback is labeled (1.741ms)
✔ field diagnostics explicitly use installation scope and retain opaque sender (1.2008ms)
✔ response stores a season preview and only the matching one-time code performs SYNC (17.0371ms)
✔ response requires a complete authoritative snapshot scope and supports preview cancellation (4.3351ms)
✔ response ignores server echoes and restores legacy guide aliases after full-width normalization (5.6904ms)
✔ response preserves V40 room events, missing-number guidance, and parameterized managed shortcuts (7.2016ms)
✔ response keeps an active image session when MessengerBot only exposes a placeholder (11.262ms)
✔ response routes legacy record, recent, and ranking commands through V2 data while preserving V1 replies (3.9303ms)
✔ response formats scheduled notice aliases as read-only previews (3.1422ms)
✔ response accepts bitmap fallback, reports image progress, and clears terminal or cancelled sessions (3.3859ms)
✔ response exposes a secret-free V2 transport diagnostic (1.8107ms)
✔ response scopes different senders to one installation and ignores broken room parser fields (4.1719ms)
✔ response suppresses a duplicate callback with the same Kakao log identity (1.816ms)
✔ response entry point keeps representative V1 and V2 replies identical with or without slash (39.0844ms)
✔ raw V2 recruiting JSON is explicitly marked for the server-side operator gate (2.151ms)
✔ response entry point does not treat slash-only, URL, middle slash, double slash, or slash-space as commands (3.4668ms)
✔ V41 season output uses the site application fields and round-trips as bot input (8.237ms)
✔ V41 season input accepts the labeled site form and rejects invalid sub positions (5.9954ms)
✔ V41 authoritative sync response reports create, update, cancel and review counts (3.9603ms)
✔ V1 compatibility parser stays ES5, transport-free, and rejects unsafe input (8.8324ms)
✔ all V40 party creation, finish, help, status, and detail aliases are classified (4.1027ms)
✔ party form parser preserves metadata, positions, numbered members, and substitutes (6.6685ms)
✔ party form metadata accepts line endings and colon variants without rewriting values (1.5535ms)
✔ party form tolerates clipped headers, Markdown escapes, attached values, and controlled line wraps (2.1378ms)
✔ inhouse aliases parse mode, date, time, recruit number, and capacity (3.5627ms)
✔ scrim aliases and legacy full form are converted without a transport call (4.3148ms)
✔ four operation forms become exact V2 payload shapes with sender fallbacks (4.6571ms)
✔ four legacy 외출 wrappers parse identically and missing fields are explicit (2.8212ms)
✔ registration, warning, result, evidence, status, and photo-cancel aliases are classified (3.5395ms)
✔ V1: 내전구인만 입력하면 종목 선택 안내를 정확히 보낸다 (16.6201ms)
✔ V1: 알 수 없는 내전 종목에만 입력값을 포함한 오류와 선택 안내를 보낸다 (3.0847ms)
✔ V1: 협곡 내전구인은 티어·라인과 빈 칸을 포함한 전체 양식을 정확히 보낸다 (3.6305ms)
✔ V1: 칼바람 내전구인은 이름 전용 전체 양식을 정확히 보낸다 (2.9337ms)
✔ V1: 번호 없는 내전현황은 모든 회차 요약과 내전상세 명령을 정확히 보낸다 (5.0741ms)
✔ V1: 내전상세 번호는 참여자와 빈 칸을 포함한 편집 가능한 전체 양식을 정확히 보낸다 (2.8833ms)
✔ V1: 작성한 전체 신청 양식은 확인 단계 없이 한 번 동기화하고 서버 답변을 그대로 보낸다 (12.2429ms)
✔ V1: 같은 전체 신청 양식이 연속 수신되면 첫 반영 뒤 중복 요청과 중복 답변을 내지 않는다 (3.7032ms)
✔ V1: 빈 전체 양식은 일반·ASCII slash·전각 slash 모두 0명 authoritative sync로 처리한다 (8.9571ms)
✔ V1: 불완전한 빈 양식과 double·URL·중간 slash는 authoritative sync를 실행하지 않는다 (10.4026ms)
✔ 외출 필수값 누락은 항목별 안내만 보내고 서버 제출을 실행하지 않는다 (9.5735ms)
✔ 오류 제목이 이미 포함된 서버 상세는 K-LOL.GG 요청 실패 제목을 중복하지 않는다 (3.1798ms)
✔ legacy party create suppresses a duplicate callback before a second V2 mutation (19.0308ms)
✔ legacy full party form maps positions to slots and synchronizes the existing V2 party (10.9862ms)
✔ slash and plain temporary/form flows share server-first metadata fallback and preserve free text (11.4917ms)
✔ 99 재현, 지오, 97 기용 fixtures complete public create, form, and finish flows with or without slash (27.9403ms)
✔ legacy party candidates stay separate from primary capacity (3.4327ms)
✔ legacy finish suppresses a duplicate callback after the party leaves active status (2.4896ms)
✔ same-room users can clear and finish another user's two-digit party while repeated forms stay idempotent (12.1628ms)
✔ failed party mutations return the cause without fetching or appending status (2.4291ms)
✔ successful sync, blank deletion, and finish explain a failed status refresh (4.8476ms)
✔ legacy operation form, inhouse template, and scrim template stay available (4.539ms)
✔ legacy scrim full form is stored through the typed V2 mutation and replays safely (7.6026ms)
✔ 숫자형 플레이어·미디어 상세는 존재 확인 뒤 canonical UUID로 이동한다 (4.3394ms)
✔ 숫자형 이벤트전·멸망전은 존재 확인 뒤 canonical UUID로 이동한다 (17.0017ms)
✔ 관리자 직접 가져오기는 파일·붙여넣기·비공개 미리보기·재시도 복구를 제공한다 (4.3588ms)
✔ 관리자 로그아웃은 가져오기 복구 namespace만 best-effort로 지운다 (1.1724ms)
✔ 직접 가져오기 API는 예약→bounded body→work gate→private finalize 순서를 지킨다 (1.2086ms)
✔ 검토 UI는 fuzzy 자동 연결 없이 구조화 행별 사람 확인을 요구한다 (1.733ms)
✔ admin import cancellation is authorized only for ADMIN-source rows (0.8429ms)
✔ match editor exposes only the structured form and traps the void confirmation dialog (4.5108ms)
✔ picker status copy is outside the listbox and visual active row matches aria active descendant (6.5106ms)
✔ submission reject dialog shares the accessible modal behavior (1.7043ms)
✔ submission conflict keeps component identity and adopts only a verified latest revision (1.1277ms)
✔ match editor conflict preserves local input and adopts only a verified latest aggregate (1.0297ms)
✔ match editor save action stays readable in enabled and disabled states (0.8748ms)
✔ OCR route reserves before the process gate and all external work (5.5603ms)
✔ OCR reservation is durable, single-image and replay-first (3.875ms)
✔ submission approval durably transfers team-balance provenance into the match aggregate (0.9008ms)
✔ ordinary match amendments cannot clear immutable team-balance provenance (0.183ms)
✔ web submission linkage revalidates draft ownership, lifecycle and selected layout in its transaction (0.2516ms)
✔ match changed outbox carries team-balance provenance in its typed row and payload (0.1822ms)
✔ public match detail returns a not-found contract instead of a blank success (5.8995ms)
✔ first submission prioritizes required information while optional fields and continuation stay available (18.0788ms)
✔ a cancelled partial upload never displays unfinished images as a completed step (2.0308ms)
✔ anonymous result continuation returns to the same submission after login (1.208ms)
✔ changing a continuation code or draft resets form identity while same-context refresh preserves edits (35.9734ms)
✔ pending, rejected, suspended and password-reset accounts get recovery before filling the submission form (110.6653ms)
✔ completed or rejected submissions show their result and recovery without impossible upload controls (6.6179ms)
✔ submission lookup failure keeps the code for retry and is distinct from a missing submission (60.6246ms)
✔ creating a submission locks mutations until the server route has committed and resets new-submission state (82.7887ms)
✔ match submission accepts only an owner-verified selected team-balance draft (0.968ms)
✔ successful server selection remounts both draft workspaces without resetting local edits (0.15ms)
✔ 홈과 이미지 상세은 같은 접근 가능한 수동 캐러셀을 사용한다 (2.4321ms)
✔ 캐러셀은 빈 상태를 안전하게 닫고 한 장에는 이동 컨트롤을 숨기며 여러 장에는 직접 이동을 제공한다 (1.3994ms)
✔ 캐러셀은 모바일 비율·44px 조작 영역·모션 감소 설정을 유지한다 (0.8008ms)
✔ 홈 우승 사진은 FK 연결을 우선하고 엄격한 레거시 후보만 보강하며 실제 자산 URL을 사용한다 (0.8763ms)
✔ gallery image load failures keep a clear, accessible fallback in the reserved card area (3.7889ms)
✔ migration journal has contiguous indices, increasing timestamps, and matching SQL tags (1.7983ms)
✔ public MMR page exposes canonical allowlisted filters and bounded projection summaries (5.8543ms)
✔ admin MMR workspace connects protected recalculate, adjustment, players and review states (1.2886ms)
✔ team balance provider selects READY MMR before statistics fallback (1.1876ms)
✔ MMR previous/next links reach later players and preserve validated search, position, and page size (18.7562ms)
✔ first and last MMR pages expose only valid directions (8.2539ms)
✔ selected position displays the score used to rank and that position's sample, including zero (5.9713ms)
✔ empty projection, unmatched search, and out-of-range page have different recovery actions (7.9063ms)
✔ invalid MMR address is rejected before loading and has a clean recovery link (9.8503ms)
✔ MMR load failure retries the same bounded query without pretending the list is empty (2.2467ms)
✔ unknown root addresses keep one complete public shell and recovery links (17.7562ms)
✔ public resource and invalid-query recovery uses the existing layout without nesting another shell (1.9396ms)
✔ application error recovery keeps the public main landmark singular (7.8648ms)
✔ admin not-found content stays behind its layout authorization and inside one admin shell (35.4551ms)
✔ signed operation-form submit retains raw-body HMAC and durable replay boundaries (4.7315ms)
✔ admin mutation requires ADMIN session, same-origin, If-Match and idempotency (9.1931ms)
✔ admin pages expose filtered empty/error/unavailable states and compatibility routes (2.0238ms)
✔ operational diagnostics remain admin-only server rendering with no polling or mutation (5.9698ms)
✔ public operations endpoints expose bounded settings and minimum health only (12.4035ms)
✔ admin mutations and downloads retain strong server authorization boundaries (2.0985ms)
✔ internal maintenance requires a signed job and never accepts session authorization (3.3872ms)
✔ Vercel schedules destruction ratings, statistics, MMR, Riot and daily Kakao close through protected GET boundaries (1.8604ms)
✔ route groups are removed while concrete and dynamic segments become canonical URLs (42.6143ms)
✔ route fixtures override parameter fixtures and every missing dynamic fixture fails immediately (1.4091ms)
✔ recommendation query variants reject a malformed transcribed draft fixture (0.5397ms)
✔ capture sessions are isolated by authentication boundary (0.1499ms)
[capture-plan] 1 page files -> 4 capture targets at C:\Users\sjh11\AppData\Local\Temp\klol-capture-cli-MuHCEE\nested\capture-plan.json
✔ the CLI contract reads a fixtures JSON file and creates its output directory (51.0337ms)
✔ the repository plan covers every page once, resolves IDs and adds reviewed variants (407.6334ms)
✔ 사용자·관리자 상세 화면은 저장소 오류 상태에서도 페이지 제목과 상태 의미를 유지한다 (9.7186ms)
✔ 공용 미디어 편집 화면도 저장소 오류 상태에서 페이지 제목을 유지한다 (0.8814ms)
✔ 챔피언 이미지 projection은 0025 적용 전에도 공개 통계·목록 조회를 유지한다 (14.149ms)
✔ 플레이어 공개 프로필은 실제 경기 KDA와 신청 포지션 배치·팀 밸런스 점수를 함께 설명한다 (2.636ms)
✔ 공개 Riot 읽기는 API·RSO 비밀 구성과 분리되고 UI가 미연동·대기·오류를 구분한다 (3.169ms)
✔ 플레이어 검색어는 문자열·배열·미입력을 하나의 안전한 문자열로 정규화한다 (0.8233ms)
✔ 중복 q 파라미터 배열은 첫 값으로 정규화되어 trim 오류를 만들지 않는다 (0.2658ms)
✔ 검색 유스케이스는 PlayerRepository 포트를 통해 주입된 구현만 호출한다 (0.6454ms)
✔ PWA manifest and layout publish the expected install contract (15.8103ms)
✔ service worker caches static public assets only (1.1436ms)
✔ install icons exist and are not empty (1.0908ms)
✔ 공개 구인 카드와 API DTO는 참여자 표시 정보만 노출한다 (3.7224ms)
✔ 내전 등록·상세 UI는 경기 시간을 입력하거나 표시하지 않는다 (2.9253ms)
✔ 이벤트 대회와 멸망전은 목록·필터·신청 CTA·관리 흐름을 독립 경로로 유지한다 (6.8867ms)
✔ account pagination reports the filtered total and page range while retaining filters and page size (46.3752ms)
✔ first and last job pages expose only valid navigation and preserve the status filter (7.8614ms)
✔ log navigation retains its source and does not produce an incompatible account status (2.0152ms)
✔ bulk preview remains a bounded first batch without ordinary page navigation or invented totals (1.6516ms)
✔ a now-empty page can return to available results without displaying a nonexistent range (1.8175ms)
✔ navigation respects the query ceiling and unavailable data never pretends there are zero accounts (4.8289ms)
✔ history chart server output preserves tooltip text for every chart mode (185.7951ms)
✔ match growth server output preserves own and opponent tooltips without fabricated missing values (76.1804ms)
✔ match summaries render identical Korean clock text across server and browser locale data (260.5326ms)
✔ filter and chart date keys use fixed Korean calendar parts across locale data and year boundaries (87.2539ms)
✔ app/(public)/(applications)/applications/error.tsx: 다시 시도 re-fetches the failed server segment (83.453ms)
✔ app/(admin)/admin/players/error.tsx: 다시 시도 re-fetches the failed server segment (9.3314ms)
✔ app/(admin)/admin/users/error.tsx: 다시 시도 re-fetches the failed server segment (8.3632ms)
✔ app/(admin)/admin/users/[userAccountId]/error.tsx: 다시 시도 re-fetches the failed server segment (13.5347ms)
✔ Kakao pending API splits ADMIN reads from SUPER TOTP mutations (7.6181ms)
✔ pending operator UI uses bounded filters, a player picker and revision-safe commands (15.1815ms)
✔ public season applications expose Kakao-started recruit rounds without leaking pending identities (3.731ms)
✔ feature-gated site assistant is mounted globally and uses protected AI contracts (1.3231ms)
✔ site feature access fails closed for missing or unreadable settings (2.514ms)
✔ registration feature protects both its page and mutation before credential work (0.5169ms)
✔ match submission feature keeps reads available but guards every owner mutation (2.4216ms)
✔ Kakao help feature controls its public guide without exposing configuration (0.9421ms)
✔ recruit guide teaches participation and guarded edits before optional creation (0.3843ms)
✔ recommendation APIs keep owner/admin scope and the team-balance feature boundary (6.9222ms)
✔ team-balance pages expose recommendation views and fail closed with the site switch (2.7968ms)
✔ a lost create response retries the exact draft request with its original idempotency key (56.4284ms)
✔ editing an unresolved draft request uses a new key and returning to the original input retains its retry (38.8613ms)
✔ draft workspace retries an uncertain mutation before refresh and separates later revisions (38.7444ms)
✔ 랜덤 팀 화면은 도메인 계산과 입력·빈·오류·결과·복사·초기화 상태를 연결한다 (3.1599ms)
✔ 코인 토스 화면은 제작 영상과 상태머신·fallback 공개 경로를 함께 둔다 (4.291ms)
✔ 공개 도구 페이지에는 상호 이동과 canonical metadata가 있다 (20.8051ms)
✔ 팀 밸런스 화면은 승인 계정, 10명 입력, V1 단일 추천·공유·수동·저장·재평가 수명주기를 연결한다 (7.5033ms)
✔ 팀 밸런스 후보 API는 승인 계정과 안전한 서버 검색·신청 그룹 경계를 사용한다 (1.4449ms)
✔ 시작 페이지는 익명·계정 상태·승인 계정·관리자 진입을 구분한다 (2.1089ms)
✔ Riot 도움말은 직접 연결과 별도 본인 인증, 공개·비공개 범위를 안내한다 (0.2967ms)
✔ 설치 화면은 install prompt와 iOS·Android PWA·개인 캐시 금지를 구분한다 (4.7841ms)
✔ 사용자 shell은 skip target, landmark, modal search, 모바일 5개 진입점을 제공한다 (16.5824ms)
✔ 전체 메뉴는 목적별로 기능을 보여주고 필요한 계정 접근을 안내한다 (1.0855ms)
✔ 일반 로그인은 홈으로 돌아가고 로그인된 헤더·모바일 메뉴는 내 정보를 표시한다 (1.5724ms)
✔ V2 UI는 실제 운영 데이터가 없을 때 합성 샘플을 사용자 화면에 연결하지 않는다 (1.6898ms)
✔ 사용자와 관리자 로그아웃 UI는 세션 폐기 성공 뒤에만 로그인 화면으로 이동한다 (1.7607ms)
✔ 관리자 계정 상세는 저장소 장애를 존재하지 않음 404로 축소하지 않는다 (1.1315ms)
✔ 모바일 관리자 메뉴에서도 현재 역할과 안전한 로그아웃을 제공한다 (1.2054ms)
✔ 관리자 로그인은 비밀번호 후 원래 화면으로 이동하며 인증 코드 필드가 없다 (2.287ms)
✔ 계정 작업 UI는 stale revision에서 최신 projection을 읽고 안내를 유지한다 (2.5249ms)
✔ 일회성 비밀번호는 숨김·BFCache 복귀·명시적 닫기에서 메모리와 안내를 함께 종료한다 (1.0118ms)
✔ 내 계정 플레이어 탭은 대기 claim과 거절 claim을 구분한다 (0.7093ms)
✔ 내 계정 상태 안내는 공개 사유가 없을 때도 상태별 기본 문구를 구분한다 (0.9209ms)
✔ 계정 시각은 공통 Asia/Seoul 24시간 포맷터를 사용한다 (1.2882ms)
✔ 가입·본인 비밀번호 변경 UI는 성공과 pagehide에서 비밀번호 fingerprint ref를 즉시 비운다 (1.7434ms)
✔ 정적 마감 대상의 native button은 submit 여부를 명시한다 (328.2364ms)
✔ 이벤트 운영 폼은 내부 UUID나 JSON 복사를 요구하지 않는다 (1.6145ms)
✔ 완성된 메뉴와 관리자 검색은 과거 단계 문구를 노출하지 않는다 (0.5789ms)
✔ Riot ID의 게임 이름과 태그는 각각 이름을 가진다 (0.7948ms)
✔ 화면 효과는 스트리밍 중인 React 하위 DOM을 변경하지 않는다 (6.1879ms)
✔ 전역 효과 CSS는 감속 모드·정밀 포인터·강제 색상 경계를 유지한다 (0.6007ms)
ℹ tests 488
ℹ suites 0
ℹ pass 486
ℹ fail 2
ℹ cancelled 0
ℹ skipped 0
ℹ todo 0
ℹ duration_ms 2629.5856

✖ failing tests:

test at tests\discipline-http-ui.test.mjs:27:1
✖ regular administrators may read discipline details but only super administrators may mutate them (8.5616ms)
  AssertionError [ERR_ASSERTION]: The input did not match the regular expression /관리자 · 상세/. Input:

  'import { notFound } from "next/navigation";\n' +
    'import Link from "next/link";\n' +
    '\n' +
    'import { AdminDisciplineActions } from "@/components/discipline/admin-discipline-actions";\n' +
    'import styles from "@/components/admin/admin-operations.module.css";\n' +
    'import { requirePageRole } from "@/modules/auth/infrastructure/server-authorization";\n' +
    'import { loadRuntimeDiscipline } from "@/modules/discipline/infrastructure/runtime-discipline";\n' +
    '\n' +
    'export const dynamic = "force-dynamic";\n' +
    '\n' +
    'const typeLabel = { CAUTION: "주의", WARNING: "경고", BAN: "이용 제한" } as const;\n' +
    'const categoryLabel = { GENERAL: "일반", INHOUSE: "내전" } as const;\n' +
    'const taskStatusLabel = {\n' +
    '  REQUIRED: "업로드 필요",\n' +
    '  AWAITING_UPLOAD: "추가 업로드 필요",\n' +
    '  PENDING_REVIEW: "검토 대기",\n' +
    '  REJECTED: "보완 필요",\n' +
    '  APPROVED: "승인 완료",\n' +
    '  CANCELLED: "취소됨",\n' +
    '} as const;\n' +
    'const evidenceStatusLabel = { STAGED: "검사 중", READY: "저장 완료", DELETE_PENDING: "삭제 대기" } as const;\n' +
    '\n' +
    'export default async function AdminDisciplineDetailPage({ params }: { params: Promise<{ recordId: string }> }) {\n' +
    '  const { recordId } = await params; const session = await requirePageRole("ADMIN", `/admin/discipline/${recordId}`);\n' +
    '  const result = await loadRuntimeDiscipline((service) => service.adapter.getAdminRecord(recordId));\n' +
    '  if (result.state === "ready" && !result.data) notFound();\n' +
    '  if (result.state !== "ready") return <main className={styles.page}><section className={styles.state} role={result.state === "error" ? "alert" : "status"}><h1>징계 상세를 불러오지 못했습니다.</h1></section></main>;\n' +
    '  const record = result.data!;\n' +
    '  return <main className={styles.page}><header className={styles.header}><div><h1>{record.targetName}</h1><p>{typeLabel[record.type]} · 변경 버전 {record.revision}</p></div><Link className={styles.link} href="/admin/discipline">목록으로</Link></header><div className={styles.detailGrid}><section className={styles.panel}><h2>기록</h2><dl className={styles.facts}><div><dt>분류</dt><dd>{categoryLabel[record.category]}</dd></div><div><dt>출처</dt><dd>{record.source}</dd></div><div><dt>활성</dt><dd>{record.active ? "활성" : "종료"}</dd></div><div><dt>등록</dt><dd>{new Intl.DateTimeFormat("ko-KR", { dateStyle: "medium", timeStyle: "short", timeZone: "Asia/Seoul" }).format(new Date(record.createdAt))}</dd></div></dl><h3>사유</h3><p>{record.reason}</p></section><section className={styles.panel}><h2>해소 과제</h2>{record.task ? <><p><span className={styles.badge}>{taskStatusLabel[record.task.status]}</span> · {record.task.submittedEvidenceCount}/{record.task.requiredGameCount}장</p>{record.task.reviewNote ? <p className={styles.notice}>{record.task.reviewNote}</p> : null}<div className={styles.evidence}>{record.task.evidence.map((item, index) => <a key={item.assetId} href={`/api/admin/discipline/assets/${item.assetId}`} target="_blank" rel="noreferrer">증거 {index + 1}<br />{evidenceStatusLabel[item.status]}</a>)}</div></> : <p className={styles.muted}>연결된 과제가 없습니다.</p>}</section></div><AdminDisciplineActions record={record} canManage={session.role === "SUPER_ADMIN"} /></main>;\n' +
    '}\n'

      at TestContext.<anonymous> (file:///E:/k-LOL.GG/worktrees/ux-discoverability-20261002/tests/discipline-http-ui.test.mjs:37:10)
      at async Test.run (node:internal/test_runner/test:1125:7)
      at async Test.processPendingSubtests (node:internal/test_runner/test:787:7) {
    generatedMessage: true,
    code: 'ERR_ASSERTION',
    actual: 'import { notFound } from "next/navigation";\nimport Link from "next/link";\n\nimport { AdminDisciplineActions } from "@/components/discipline/admin-discipline-actions";\nimport styles from "@/components/admin/admin-operations.module.css";\nimport { requirePageRole } from "@/modules/auth/infrastructure/server-authorization";\nimport { loadRuntimeDiscipline } from "@/modules/discipline/infrastructure/runtime-discipline";\n\nexport const dynamic = "force-dynamic";\n\nconst typeLabel = { CAUTION: "주의", WARNING: "경고", BAN: "이용 제한" } as const;\nconst categoryLabel = { GENERAL: "일반", INHOUSE: "내전" } as const;\nconst taskStatusLabel = {\n  REQUIRED: "업로드 필요",\n  AWAITING_UPLOAD: "추가 업로드 필요",\n  PENDING_REVIEW: "검토 대기",\n  REJECTED: "보완 필요",\n  APPROVED: "승인 완료",\n  CANCELLED: "취소됨",\n} as const;\nconst evidenceStatusLabel = { STAGED: "검사 중", READY: "저장 완료", DELETE_PENDING: "삭제 대기" } as const;\n\nexport default async function AdminDisciplineDetailPage({ params }: { params: Promise<{ recordId: string }> }) {\n  const { recordId } = await params; const session = await requirePageRole("ADMIN", `/admin/discipline/${recordId}`);\n  const result = await loadRuntimeDiscipline((service) => service.adapter.getAdminRecord(recordId));\n  if (result.state === "ready" && !result.data) notFound();\n  if (result.state !== "ready") return <main className={styles.page}><section className={styles.state} role={result.state === "error" ? "alert" : "status"}><h1>징계 상세를 불러오지 못했습니다.</h1></section></main>;\n  const record = result.data!;\n  return <main className={styles.page}><header className={styles.header}><div><h1>{record.targetName}</h1><p>{typeLabel[record.type]} · 변경 버전 {record.revision}</p></div><Link className={styles.link} href="/admin/discipline">목록으로</Link></header><div className={styles.detailGrid}><section className={styles.panel}><h2>기록</h2><dl className={styles.facts}><div><dt>분류</dt><dd>{categoryLabel[record.category]}</dd></div><div><dt>출처</dt><dd>{record.source}</dd></div><div><dt>활성</dt><dd>{record.active ? "활성" : "종료"}</dd></div><div><dt>등록</dt><dd>{new Intl.DateTimeFormat("ko-KR", { dateStyle: "medium", timeStyle: "short", timeZone: "Asia/Seoul" }).format(new Date(record.createdAt))}</dd></div></dl><h3>사유</h3><p>{record.reason}</p></section><section className={styles.panel}><h2>해소 과제</h2>{record.task ? <><p><span className={styles.badge}>{taskStatusLabel[record.task.status]}</span> · {record.task.submittedEvidenceCount}/{record.task.requiredGameCount}장</p>{record.task.reviewNote ? <p className={styles.notice}>{record.task.reviewNote}</p> : null}<div className={styles.evidence}>{record.task.evidence.map((item, index) => <a key={item.assetId} href={`/api/admin/discipline/assets/${item.assetId}`} target="_blank" rel="noreferrer">증거 {index + 1}<br />{evidenceStatusLabel[item.status]}</a>)}</div></> : <p className={styles.muted}>연결된 과제가 없습니다.</p>}</section></div><AdminDisciplineActions record={record} canManage={session.role === "SUPER_ADMIN"} /></main>;\n}\n',
    expected: /관리자 · 상세/,
    operator: 'match',
    diff: 'simple'
  }

test at tests\discipline-http-ui.test.mjs:65:1
✖ discipline administrator headings and status labels are readable Korean (1.3954ms)
  AssertionError [ERR_ASSERTION]: The input did not match the regular expression /관리자 · 새 기록/. Input:

  'import Link from "next/link";\n' +
    '\n' +
    'import { AdminDisciplineCreateForm } from "@/components/discipline/admin-discipline-create-form";\n' +
    'import styles from "@/components/admin/admin-operations.module.css";\n' +
    'import { requirePageRole } from "@/modules/auth/infrastructure/server-authorization";\n' +
    '\n' +
    'export default async function AdminDisciplineNewPage() {\n' +
    '  await requirePageRole("ADMIN", "/admin/discipline/new");\n' +
    '  return <main className={styles.page}><header className={styles.header}><div><h1>징계 기록 등록</h1><p>당사자 공개 화면에는 사유와 식별 정보가 노출되지 않습니다.</p></div><Link className={styles.link} href="/admin/discipline">목록으로</Link></header><AdminDisciplineCreateForm /></main>;\n' +
    '}\n'

      at TestContext.<anonymous> (file:///E:/k-LOL.GG/worktrees/ux-discoverability-20261002/tests/discipline-http-ui.test.mjs:74:10)
      at async Test.run (node:internal/test_runner/test:1125:7)
      at async Test.processPendingSubtests (node:internal/test_runner/test:787:7) {
    generatedMessage: true,
    code: 'ERR_ASSERTION',
    actual: 'import Link from "next/link";\n\nimport { AdminDisciplineCreateForm } from "@/components/discipline/admin-discipline-create-form";\nimport styles from "@/components/admin/admin-operations.module.css";\nimport { requirePageRole } from "@/modules/auth/infrastructure/server-authorization";\n\nexport default async function AdminDisciplineNewPage() {\n  await requirePageRole("ADMIN", "/admin/discipline/new");\n  return <main className={styles.page}><header className={styles.header}><div><h1>징계 기록 등록</h1><p>당사자 공개 화면에는 사유와 식별 정보가 노출되지 않습니다.</p></div><Link className={styles.link} href="/admin/discipline">목록으로</Link></header><AdminDisciplineCreateForm /></main>;\n}\n',
    expected: /관리자 · 새 기록/,
    operator: 'match',
    diff: 'simple'
  }
