✔ season, date and round changes replace application form state in both editable branches (153.2815ms)
✔ position-free rounds do not display a fabricated main/sub position in own or public status (35.271ms)
✔ a missing site application retains a direct path to recover Kakao member linking (10.4468ms)
✔ event position labels remain readable while form values retain the API position codes (9.6818ms)
✔ own status and public roster use the same Korean position labels as the application form (58.7816ms)
✔ ranking view and applied criteria replace stale unsaved filter inputs (10.7085ms)
✖ destruction format choices distinguish match lengths and retain the selected canonical filter (34.3727ms)
ℹ tests 7
ℹ suites 0
ℹ pass 6
ℹ fail 1
ℹ cancelled 0
ℹ skipped 0
ℹ todo 0
ℹ duration_ms 610.1033

✖ failing tests:

test at tests\application-navigation.test.mjs:181:1
✖ destruction format choices distinguish match lengths and retain the selected canonical filter (34.3727ms)
  AssertionError [ERR_ASSERTION]: each supported format needs a distinguishable visible choice

  4 !== 8

      at TestContext.<anonymous> (file:///E:/k-LOL.GG/worktrees/ux-discoverability-20261002/tests/application-navigation.test.mjs:208:12)
      at async Test.run (node:internal/test_runner/test:1125:7)
      at async Test.processPendingSubtests (node:internal/test_runner/test:787:7) {
    generatedMessage: false,
    code: 'ERR_ASSERTION',
    actual: 4,
    expected: 8,
    operator: 'strictEqual',
    diff: 'simple'
  }
