
> klol-gg-v2@0.1.0 test:db
> tsx scripts/test-db/run-data-contracts.ts

[db-contract] isolated PostgreSQL 18 cluster started
✔ all journaled migrations install idempotently on a distinct empty PostgreSQL 18 database (830.517ms)
ℹ tests 1
ℹ suites 0
ℹ pass 1
ℹ fail 0
ℹ cancelled 0
ℹ skipped 0
ℹ todo 0
ℹ duration_ms 1482.5283
✔ four guards reject unsafe database targets (0.7342ms)
▶ migrations, constraints, repository, and transaction contracts hold on PostgreSQL 18
  ✔ forward migration preserves existing player rows and is idempotent (1038.2669ms)
  ✔ auth and TOTP constraints fail closed (119.63ms)
  ✔ database auth repository persists durable session, TOTP, and rate-limit state (212.2768ms)
  ✔ registry uniqueness and lifecycle constraints are enforced (5.9499ms)
  ✔ PostgresPlayerRepository returns only public active projections (22.0493ms)
  ✔ domain change and audit append commit or roll back atomically (7.001ms)
✔ migrations, constraints, repository, and transaction contracts hold on PostgreSQL 18 (1411.84ms)
ℹ tests 8
ℹ suites 0
ℹ pass 8
ℹ fail 0
ℹ cancelled 0
ℹ skipped 0
ℹ todo 0
ℹ duration_ms 2107.8326
✔ usage storage: idempotency, KST days, visits, identity transitions, staff exclusions and durable limits (234.6035ms)
ℹ tests 1
ℹ suites 0
ℹ pass 1
ℹ fail 0
ℹ cancelled 0
ℹ skipped 0
ℹ todo 0
ℹ duration_ms 896.6075
✔ 0041 fresh install, populated 0040 upgrade and reapply preserve enrollment history (3126.5704ms)
ℹ tests 1
ℹ suites 0
ℹ pass 1
ℹ fail 0
ℹ cancelled 0
ℹ skipped 0
ℹ todo 0
ℹ duration_ms 3784.6949
▶ administrator TOTP lifecycle is serialized, audited, and rolled back atomically
  ✔ a TOTP setup session that expires while queued cannot mutate security state (534.9497ms)
  ✔ pending setup never rotates silently and explicit cancellation is auditable (15.3529ms)
  ✔ concurrent enable has one winner and revokes every session in its transaction (15.4647ms)
  ✔ audit insertion failure rolls credential, version, and revocation back (12.6539ms)
  ✔ concurrent self-disable deletes the factor and revokes all sessions exactly once (19.6701ms)
  ✔ USER is rejected while SUPER_ADMIN self-setup remains allowed (6.7046ms)
✔ administrator TOTP lifecycle is serialized, audited, and rolled back atomically (702.527ms)
ℹ tests 7
ℹ suites 0
ℹ pass 7
ℹ fail 0
ℹ cancelled 0
ℹ skipped 0
ℹ todo 0
ℹ duration_ms 1385.5753
✔ S02 player mutations, legacy mapping, privacy, replay, and rollback hold on PostgreSQL 18 (1112.3739ms)
ℹ tests 1
ℹ suites 0
ℹ pass 1
ℹ fail 0
ℹ cancelled 0
ℹ skipped 0
ℹ todo 0
ℹ duration_ms 1810.7129
▶ season lifecycle, participation ownership, idempotency and audit contracts hold on PostgreSQL 18
  ✔ retired lifecycle timestamps reject activated or ended history (3.0396ms)
  ✔ concurrent activation leaves exactly one active season (141.0971ms)
  ✔ clone creates a draft and stale clone revision is rejected (9.19ms)
  ✔ Kakao provenance hash and position invariants are enforced by PostgreSQL (223.6123ms)
  ✔ SUPER resolves or cancels pending Kakao applications with idempotency, merge policy and safe team handoff (283.6413ms)
  ✔ SITE upsert reuses the same player/date/round row imported from Kakao (17.0043ms)
  ✔ command receipts expire after 24 hours and an expired key is safely reusable (8.4521ms)
  ✔ season audit snapshots retain lifecycle and schedule field diffs (11.5578ms)
  ✔ clone and cancellation roll back with their audit event (9.7728ms)
  ✔ owner cancellation, resubmission and admin review honor revisions (94.7828ms)
  ✔ public DTO excludes member, login, Discord and internal review fields (6.2475ms)
  ✔ public status counts cover the full roster while the projection is capped at 200 (48.268ms)
  ✔ viewer approval and active-player capability are rechecked from the database (27.7264ms)
  ✔ non-approved account is rechecked inside the mutation transaction (0.8913ms)
  ✔ ACCOUNT and ADMIN purposes cannot cross-authorize season commands (1.8239ms)
  ✔ ADMIN and SUPER_ADMIN roles may use approved user actions only through ACCOUNT sessions (28.3945ms)
  ✔ session revocation wins over a queued ACCOUNT mutation (166.881ms)
  ✔ optional TOTP removal preserves a valid password-only ADMIN session (172.3249ms)
  ✔ soft-deleted account is rejected again inside the mutation transaction (1.6028ms)
  ✔ reviewer history restricts hard deletion of the reviewer account (3.9796ms)
  ✔ audit failure rolls the season and idempotency receipt back together (3.9545ms)
  ✔ ending and retirement preserve history instead of cascading deletion (8.8057ms)
✔ season lifecycle, participation ownership, idempotency and audit contracts hold on PostgreSQL 18 (1365.9295ms)
✔ site and Kakao serialize the last seat, allow explicit reserves and block closed rounds (337.114ms)
ℹ tests 24
ℹ suites 0
ℹ pass 24
ℹ fail 0
ℹ cancelled 0
ℹ skipped 0
ℹ todo 0
ℹ duration_ms 2452.0823
▶ site capacity transition queue is atomic, scoped, replay-safe and offline tolerant
  ✔ UNVERIFIED matches only one-candidate review items (10.9725ms)
  ✔ website roster ignores legacy pending in another scope or mode (78.2195ms)
  ✔ 9 to 10, retry and unchanged 10 create a single notification (43.1186ms)
  ✔ failed application transaction rolls back its notification (23.4474ms)
  ✔ another scope or target cannot claim and replay is refused (12.63ms)
  ✔ offline lease expires, concurrent polls claim once, ACK is idempotent (27.6176ms)
  ✔ uncertain send is terminal; a newer 9 to 10 transition remains separate (37.7268ms)
  ✔ expiry, failure bound and retention are enforced (37.6734ms)
✔ site capacity transition queue is atomic, scoped, replay-safe and offline tolerant (353.2118ms)
ℹ tests 9
ℹ suites 0
ℹ pass 9
ℹ fail 0
ℹ cancelled 0
ℹ skipped 0
ℹ todo 0
ℹ duration_ms 1032.4065
✔ S01 account lifecycle, recovery security, races, replay, and rollback hold on PostgreSQL 18 (3964.0326ms)
ℹ tests 1
ℹ suites 0
ℹ pass 1
ℹ fail 0
ℹ cancelled 0
ℹ skipped 0
ℹ todo 0
ℹ duration_ms 8090.1037
▶ S04 stores participant display identity and rejection reasons as durable history
  ✔ published detail keeps ten KDA rows and exposes a real API 404/fallback contract (48.4037ms)
  ✔ registry rename does not rewrite a recorded participant or its archived revision (253.5999ms)
  ✔ reject after and reopen before audit snapshots retain the cleared public reason (19.2289ms)
  ✔ web submission accepts only the owner's current valid selected team draft (27.1664ms)
  ✔ admin match creation rechecks and persists the exact selected team draft (15.2072ms)
  ✔ submission approval carries team-balance provenance through match history and outbox (45.6816ms)
✔ S04 stores participant display identity and rejection reasons as durable history (561.4598ms)
ℹ tests 7
ℹ suites 0
ℹ pass 7
ℹ fail 0
ℹ cancelled 0
ℹ skipped 0
ℹ todo 0
ℹ duration_ms 1250.1846
▶ match writes accept password-only administrators and enforce current session boundaries
  ✔ ADMIN without TOTP (14.5857ms)
  ✔ SUPER_ADMIN without TOTP (2.8524ms)
  ✔ existing TOTP session (3.1577ms)
  ✔ ACCOUNT cookie cannot authorize admin import (2.8275ms)
  ✔ ordinary member (1.7809ms)
  ✔ revoked session (1.9979ms)
  ✔ expired session despite earlier request time (2.0933ms)
  ✔ stale auth version (1.8519ms)
  ✔ changed role (1.9042ms)
  ✔ suspended account (2.0181ms)
  ✔ deleted account (1.6901ms)
  ✔ password reset required (1.4321ms)
  ✔ fixture session cannot write (1.8449ms)
  ✔ approved member submission (2.002ms)
✔ match writes accept password-only administrators and enforce current session boundaries (133.9928ms)
ℹ tests 15
ℹ suites 0
ℹ pass 15
ℹ fail 0
ℹ cancelled 0
ℹ skipped 0
ℹ todo 0
ℹ duration_ms 802.1055
✔ S05 rebuilds PUBLISHED match statistics atomically and receipts make replay idempotent (395.6616ms)
ℹ tests 1
ℹ suites 0
ℹ pass 1
ℹ fail 0
ℹ cancelled 0
ℹ skipped 0
ℹ todo 0
ℹ duration_ms 1162.2317
✔ S10 media publication requires a live admin session and is idempotent, asset-safe, auditable, and soft archived (299.3987ms)
✔ S10 admin upload persists STAGED to READY, lists by exact draft, attaches safely, and tombstones unused assets (243.0428ms)
ℹ tests 2
ℹ suites 0
ℹ pass 2
ℹ fail 0
ℹ cancelled 0
ℹ skipped 0
ℹ todo 0
ℹ duration_ms 1289.4846
✔ team internal experience counts published games only and converges after void and restore (228.6783ms)
✔ team-only override requires a live SUPER session and recent solo provider requires connected fresh identity (270.5782ms)
✔ S06 draft lifecycle is owner/admin authorized, append-only, transactional, and idempotent (616.9133ms)
ℹ tests 3
ℹ suites 0
ℹ pass 3
ℹ fail 0
ℹ cancelled 0
ℹ skipped 0
ℹ todo 0
ℹ duration_ms 1848.4608
✔ S05-B persists canonical full-ledger MMR replay without competing for the S04 outbox (2496.4219ms)
ℹ tests 1
ℹ suites 0
ℹ pass 1
ℹ fail 0
ℹ cancelled 0
ℹ skipped 0
ℹ todo 0
ℹ duration_ms 3210.7603
✔ S09 PostgreSQL adapter commits aggregate, receipt, audit and outbox atomically with owner/session checks (219.3213ms)
✔ party member statistics are bounded and count distinct parties and primary companions (86.9674ms)
✔ S09 PostgreSQL adapter binds a BOT nonce to exactly one signed request identity (90.1669ms)
✔ Kakao aggregate controllers block confused-deputy lifecycle mutations (154.5164ms)
✔ V4 scrim finish completes only the active same-room target and replays without duplicate writes (99.6767ms)
✔ concurrent V4 party member commands serialize on the locked latest aggregate (299.8213ms)
✔ concurrent V4 scrim participant commands compose after the database row lock (153.2293ms)
ℹ tests 7
ℹ suites 0
ℹ pass 7
ℹ fail 0
ℹ cancelled 0
ℹ skipped 0
ℹ todo 0
ℹ duration_ms 1822.6904
✔ S09 operation forms persist signed submissions and ADMIN TOTP mutations atomically (255.6104ms)
ℹ tests 1
ℹ suites 0
ℹ pass 1
ℹ fail 0
ℹ cancelled 0
ℹ skipped 0
ℹ todo 0
ℹ duration_ms 936.1341
✔ signed Kakao reads persist safe replay receipts and isolate recruit members to the bound room (149.5437ms)
✔ in-house round metadata persists schedule and notice, clears on full snapshot, and isolates authoritative mode transitions by room (301.7151ms)
✔ authoritative Kakao season sync withdraws only same-room same-round RIFT rows and replays without writes (295.9254ms)
✔ signed Kakao season snapshots match exact players and preserve unresolved entries for review (163.565ms)
✔ recoverable Kakao season rows save valid players, queue review rows, preserve omitted slots, and cancel explicit blanks (122.8832ms)
✔ in-house shortcuts and full snapshots enforce integrated SITE capacity while preserving confirmed decisions (188.6185ms)
✔ in-house finish preserves every roster row, hides the round, and replays without writes (122.2034ms)
✔ editable inhouse forms count unlinked names, merge concurrent additions, protect SITE rows and retain closed rosters (439.0258ms)
✔ name-first in-house copies keep pending slots and merge metadata without overwriting newer edits (197.7798ms)
✔ in-house copy forms reopen a vacated reserve slot and preserve the remaining roster (159.0107ms)
✔ owner-created Kakao image sessions bind sender, finalize private assets, replay, and revoke (141.6701ms)
✔ Kakao admin settings and health repair require SUPER TOTP and persist receipts, audit, and outbox (168.6175ms)
✔ inhouse roster matching uses bounded lookups for ten members and guests (251.5079ms)
ℹ {"label":"1-members-save","queries":31,"memberLookups":1,"applicationLookups":1,"elapsedMs":13}
ℹ {"label":"1-members-unchanged","queries":26,"memberLookups":0,"applicationLookups":0,"elapsedMs":15}
ℹ {"label":"10-members-save","queries":40,"memberLookups":1,"applicationLookups":1,"elapsedMs":18}
ℹ {"label":"10-members-unchanged","queries":26,"memberLookups":0,"applicationLookups":0,"elapsedMs":10}
ℹ {"label":"10-guests-save","queries":39,"memberLookups":1,"applicationLookups":0,"elapsedMs":18}
ℹ {"label":"10-guests-unchanged","queries":27,"memberLookups":1,"applicationLookups":0,"elapsedMs":11}
✔ inhouse overview projects all three modes and excludes other rooms, closed rounds and drafts (95.1933ms)
ℹ tests 14
ℹ suites 0
ℹ pass 14
ℹ fail 0
ℹ cancelled 0
ℹ skipped 0
ℹ todo 0
ℹ duration_ms 3635.0597
▶ Kakao short form originals are durable, scoped, reusable and expire at 06:00 KST
  ✔ scope, kind, target and operating-day binding are mandatory (6.2352ms)
  ✔ concurrent readers reuse a single durable original (73.7253ms)
  ✔ transaction rollback does not leave an issued code behind (3.1813ms)
  ✔ database constraints fail closed even when application validation is bypassed (231.4668ms)
  ✔ midnight preserves the code but the exact 06:00 boundary rejects it (158.9061ms)
  ✔ bounded retention cleanup never removes a live original (26.7858ms)
✔ Kakao short form originals are durable, scoped, reusable and expire at 06:00 KST (605.5094ms)
ℹ tests 7
ℹ suites 0
ℹ pass 7
ℹ fail 0
ℹ cancelled 0
ℹ skipped 0
ℹ todo 0
ℹ duration_ms 1269.6232
✔ one installation maps to exactly one canonical room without room parsing or sender allowlists (297.7968ms)
ℹ tests 1
ℹ suites 0
ℹ pass 1
ℹ fail 0
ℹ cancelled 0
ℹ skipped 0
ℹ todo 0
ℹ duration_ms 977.1922
✔ ADR0011 lists more than twenty parties without snapshots and reads scoped active/draft details directly (149.1862ms)
ℹ tests 1
ℹ suites 0
ℹ pass 1
ℹ fail 0
ℹ cancelled 0
ℹ skipped 0
ℹ todo 0
ℹ duration_ms 877.7352
✔ [P0-FIXTURE] input-tolerance matrix is pinned to the unchanged V1 oracle (1.305ms)
✔ [P0-PARTY-01] punctuation, full-width, escape, and whitespace rows have one semantic member (7.9945ms)
✔ [P0-PARTY-02] an explicit empty slot is valid but an absent slot row is not a full snapshot (3.6072ms)
✔ [P0-PARTY-03] slash and comma in one reserve row stay in one display name (0.6704ms)
✔ [P0-PARTY-04] a 2-person title cannot overwrite an existing 5-person recruit target (1.2347ms)
✔ [P0-PARTY-05] conflicting duplicate slot rows reject the whole snapshot (0.569ms)
✔ [P0-PARTY-06] member order is canonical and independent of pasted row order (0.6405ms)
✔ [P0-PARTY-07] name suffix notes, emoji, and Kakao tags are preserved (1.138ms)
✔ [P0-PARTY-08] multiline metadata values match their single-line semantic values (0.9375ms)
✔ [P0-PARTY-09] an automatic-number empty draft never creates a recruit (0.8282ms)
✔ [P0-OPS-01] all four forms preserve values continued on the following line (2.8218ms)
✔ [P0-OPS-02] all four forms expose exact missing-field contracts without submission (0.6875ms)
✔ [P0-OPS-03] parentheses and comma stay in the person name instead of becoming an implicit delimiter (0.189ms)
✔ [P0-OPS-04] ordinary conversation and partial label discussions remain UNKNOWN (1.0761ms)
✔ [P0-OPS-05:friends] field order does not alter the canonical payload (0.4524ms)
✔ [P0-OPS-06:friends] a conflicting duplicate label rejects the whole form (0.285ms)
✔ [P0-OPS-07:friends] arbitrary footer text cannot contaminate the last field (0.346ms)
✔ [P0-OPS-05:suggestions] field order does not alter the canonical payload (0.2096ms)
✔ [P0-OPS-06:suggestions] a conflicting duplicate label rejects the whole form (0.1507ms)
✔ [P0-OPS-07:suggestions] arbitrary footer text cannot contaminate the last field (0.2552ms)
✔ [P0-OPS-05:meetups] field order does not alter the canonical payload (0.4329ms)
✔ [P0-OPS-06:meetups] a conflicting duplicate label rejects the whole form (0.2083ms)
✔ [P0-OPS-07:meetups] arbitrary footer text cannot contaminate the last field (0.3135ms)
✔ [P0-OPS-05:leaves] field order does not alter the canonical payload (0.2862ms)
✔ [P0-OPS-06:leaves] a conflicting duplicate label rejects the whole form (0.1837ms)
✔ [P0-OPS-07:leaves] arbitrary footer text cannot contaminate the last field (0.2565ms)
✔ [P0-OPS-08] prose mentioning every label is not classified as a form (0.1446ms)
✔ [P0-IDEMPOTENCY-01] the same event is dispatched exactly once and then replayed (0.9326ms)
✔ [P0-IDEMPOTENCY-02] different events with one semantic payload are both dispatched (0.9489ms)
✔ [P0-MULTIUSER-01] same-room events from different senders reach edit and finish dispatch (0.778ms)
✔ [P0-CANONICAL-01] V1-local fullwidth slash and digits canonicalize to the same finish command on the server (0.3526ms)
✔ [P0-CANONICAL-02] finish and detail commands tolerate whitespace after the copied hash marker (0.3092ms)
✔ [P0-MULTIUSER-02] PostgreSQL contract proves same-room cross-user edit/finish and different-room no-mutation without an administrator role (147.3836ms)
ℹ tests 33
ℹ suites 0
ℹ pass 33
ℹ fail 0
ℹ cancelled 0
ℹ skipped 0
ℹ todo 0
ℹ duration_ms 965.3332
(node:31568) DeprecationWarning: Calling client.query() when the client is already executing a query is deprecated and will be removed in pg@9.0. Use async/await or an external async flow control mechanism instead.
(Use `node --trace-deprecation ...` to show where the warning was created)
✔ S07 event adapter persists exact-ten lifecycle, S06 teams, correction invalidation and owner-safe reads (982.9735ms)
ℹ tests 1
ℹ suites 0
ℹ pass 1
ℹ fail 0
ℹ cancelled 0
ℹ skipped 0
ℹ todo 0
ℹ duration_ms 1750.492
✔ S08 adapter persists recruitment, seeded auction, BO stages, roster history, MVP revote and atomic receipts (4745.9282ms)
ℹ tests 1
ℹ suites 0
ℹ pass 1
ℹ fail 0
ℹ cancelled 0
ℹ skipped 0
ℹ todo 0
ℹ duration_ms 5535.0369
✔ S13 settings, AI ledger and signed maintenance preserve authorization and idempotency contracts (362.1994ms)
ℹ tests 1
ℹ suites 0
ℹ pass 1
ℹ fail 0
ℹ cancelled 0
ℹ skipped 0
ℹ todo 0
ℹ duration_ms 1052.8134
✔ storage probe atomically limits concurrent jobs, rejects replay, and records synthetic storage success and failure (160.1293ms)
ℹ tests 1
ℹ suites 0
ℹ pass 1
ℹ fail 0
ℹ cancelled 0
ℹ skipped 0
ℹ todo 0
ℹ duration_ms 823.0472
✔ admin diagnostics aggregate only current notice scope and fixed operational evidence in a bounded read-only transaction (284.4457ms)
ℹ tests 1
ℹ suites 0
ℹ pass 1
ℹ fail 0
ℹ cancelled 0
ℹ skipped 0
ℹ todo 0
ℹ duration_ms 967.6087
✔ 0045 fresh, populated 0044 upgrade and replay preserve existing Riot links and summaries (3005.4947ms)
✔ Riot analytics archive deduplicates, pages without upstream access, retains daily observations and hides changed connections (275.8614ms)
✔ S12 Riot persistence keeps owner auth, one-time RSO, jobs, receipts, audit and outbox atomic (330.6975ms)
ℹ tests 3
ℹ suites 0
ℹ pass 3
ℹ fail 0
ℹ cancelled 0
ℹ skipped 0
ℹ todo 0
ℹ duration_ms 4416.6328
✔ production RSO cache and signed sync job survive application retry without persisting credentials (406.786ms)
✔ scheduled Riot repository excludes ineligible identities and duplicate/recent work (136.4425ms)
✔ Riot key probe persists only safe outcomes and rejects replay, rapid retry, invalid signature and disabled flag (107.8358ms)
ℹ tests 3
ℹ suites 0
ℹ pass 3
ℹ fail 0
ℹ cancelled 0
ℹ skipped 0
ℹ todo 0
ℹ duration_ms 1386.7933
✔ S11 discipline records and private evidence persist with masked ownership, replay, and exact review state (484.2687ms)
ℹ tests 1
ℹ suites 0
ℹ pass 1
ℹ fail 0
ℹ cancelled 0
ℹ skipped 0
ℹ todo 0
ℹ duration_ms 1331.6171
✔ S10 champion catalog keeps live ADMIN session mutations, replay and durable ledgers atomic (281.729ms)
✔ S10 champion image backfill applies and rolls back all 173 NULL fixture rows (200.5642ms)
ℹ tests 2
ℹ suites 0
ℹ pass 2
ℹ fail 0
ℹ cancelled 0
ℹ skipped 0
ℹ todo 0
ℹ duration_ms 1222.4021
{"kind":"isolated-postgresql-recovery","archiveBytes":1142888,"archiveSha256":"1fd0d708b4af8e5f975410f23d8b4af1361b9be6aa7c42539e6e7c5c2e2cb8ef","migrationCount":48,"migrationHead":"0047_usage_analytics","tableCount":112,"schemaDefinitionCount":3607,"exactTableCountsMatched":true,"fixtureRelationMatched":true,"foreignKeysValidated":true,"migrationReplayNoop":true,"failedMigrationRolledBack":true}
✔ PostgreSQL custom archive restores the complete schema, data and migration head (3062.5832ms)
ℹ tests 1
ℹ suites 0
ℹ pass 1
ℹ fail 0
ℹ cancelled 0
ℹ skipped 0
ℹ todo 0
ℹ duration_ms 3735.5831
✔ bounded maintenance deletes only expired rows and records an atomic replayable result (129.4483ms)
ℹ tests 1
ℹ suites 0
ℹ pass 1
ℹ fail 0
ℹ cancelled 0
ℹ skipped 0
ℹ todo 0
ℹ duration_ms 810.8939
[db-contract] cluster stopped and disposable workspace path removed
