
> klol-gg-v2@0.1.0 test:db
> tsx scripts/test-db/run-data-contracts.ts

[db-contract] isolated PostgreSQL 18 cluster started
✔ all journaled migrations install idempotently on a distinct empty PostgreSQL 18 database (853.491ms)
ℹ tests 1
ℹ suites 0
ℹ pass 1
ℹ fail 0
ℹ cancelled 0
ℹ skipped 0
ℹ todo 0
ℹ duration_ms 1530.5939
✔ four guards reject unsafe database targets (0.8011ms)
▶ migrations, constraints, repository, and transaction contracts hold on PostgreSQL 18
  ✔ forward migration preserves existing player rows and is idempotent (1150.4597ms)
  ✔ auth and TOTP constraints fail closed (117.7993ms)
  ✔ database auth repository persists durable session, TOTP, and rate-limit state (243.9796ms)
  ✔ registry uniqueness and lifecycle constraints are enforced (6.6468ms)
  ✔ PostgresPlayerRepository returns only public active projections (37.4314ms)
  ✔ domain change and audit append commit or roll back atomically (6.4959ms)
✔ migrations, constraints, repository, and transaction contracts hold on PostgreSQL 18 (1569.3473ms)
ℹ tests 8
ℹ suites 0
ℹ pass 8
ℹ fail 0
ℹ cancelled 0
ℹ skipped 0
ℹ todo 0
ℹ duration_ms 2279.2049
✔ usage storage: idempotency, KST days, visits, identity transitions, staff exclusions and durable limits (268.6997ms)
ℹ tests 1
ℹ suites 0
ℹ pass 1
ℹ fail 0
ℹ cancelled 0
ℹ skipped 0
ℹ todo 0
ℹ duration_ms 947.8356
✔ 0041 fresh install, populated 0040 upgrade and reapply preserve enrollment history (3114.4183ms)
ℹ tests 1
ℹ suites 0
ℹ pass 1
ℹ fail 0
ℹ cancelled 0
ℹ skipped 0
ℹ todo 0
ℹ duration_ms 3816.659
▶ administrator TOTP lifecycle is serialized, audited, and rolled back atomically
  ✔ a TOTP setup session that expires while queued cannot mutate security state (538.088ms)
  ✔ pending setup never rotates silently and explicit cancellation is auditable (15.6802ms)
  ✔ concurrent enable has one winner and revokes every session in its transaction (15.2375ms)
  ✔ audit insertion failure rolls credential, version, and revocation back (12.5689ms)
  ✔ concurrent self-disable deletes the factor and revokes all sessions exactly once (17.1403ms)
  ✔ USER is rejected while SUPER_ADMIN self-setup remains allowed (6.2358ms)
✔ administrator TOTP lifecycle is serialized, audited, and rolled back atomically (697.0413ms)
ℹ tests 7
ℹ suites 0
ℹ pass 7
ℹ fail 0
ℹ cancelled 0
ℹ skipped 0
ℹ todo 0
ℹ duration_ms 1380.7751
✔ S02 player mutations, legacy mapping, privacy, replay, and rollback hold on PostgreSQL 18 (1117.2057ms)
ℹ tests 1
ℹ suites 0
ℹ pass 1
ℹ fail 0
ℹ cancelled 0
ℹ skipped 0
ℹ todo 0
ℹ duration_ms 1827.6095
▶ season lifecycle, participation ownership, idempotency and audit contracts hold on PostgreSQL 18
  ✔ retired lifecycle timestamps reject activated or ended history (2.801ms)
  ✔ concurrent activation leaves exactly one active season (147.8329ms)
  ✔ clone creates a draft and stale clone revision is rejected (9.4559ms)
  ✔ Kakao provenance hash and position invariants are enforced by PostgreSQL (232.0113ms)
  ✔ SUPER resolves or cancels pending Kakao applications with idempotency, merge policy and safe team handoff (284.405ms)
  ✔ SITE upsert reuses the same player/date/round row imported from Kakao (16.0805ms)
  ✔ command receipts expire after 24 hours and an expired key is safely reusable (8.5293ms)
  ✔ season audit snapshots retain lifecycle and schedule field diffs (12.2647ms)
  ✔ clone and cancellation roll back with their audit event (9.2157ms)
  ✔ owner cancellation, resubmission and admin review honor revisions (82.0134ms)
  ✔ public DTO excludes member, login, Discord and internal review fields (5.7907ms)
  ✔ public status counts cover the full roster while the projection is capped at 200 (47.9988ms)
  ✔ viewer approval and active-player capability are rechecked from the database (28.7322ms)
  ✔ non-approved account is rechecked inside the mutation transaction (3.4666ms)
  ✔ ACCOUNT and ADMIN purposes cannot cross-authorize season commands (1.8852ms)
  ✔ ADMIN and SUPER_ADMIN roles may use approved user actions only through ACCOUNT sessions (21.5289ms)
  ✔ session revocation wins over a queued ACCOUNT mutation (162.8214ms)
  ✔ optional TOTP removal preserves a valid password-only ADMIN session (166.2256ms)
  ✔ soft-deleted account is rejected again inside the mutation transaction (1.436ms)
  ✔ reviewer history restricts hard deletion of the reviewer account (4.5358ms)
  ✔ audit failure rolls the season and idempotency receipt back together (3.7366ms)
  ✔ ending and retirement preserve history instead of cascading deletion (7.6978ms)
✔ season lifecycle, participation ownership, idempotency and audit contracts hold on PostgreSQL 18 (1359.4685ms)
✔ site and Kakao serialize the last seat, allow explicit reserves and block closed rounds (433.7994ms)
ℹ tests 24
ℹ suites 0
ℹ pass 24
ℹ fail 0
ℹ cancelled 0
ℹ skipped 0
ℹ todo 0
ℹ duration_ms 2531.3607
▶ site capacity transition queue is atomic, scoped, replay-safe and offline tolerant
  ✔ UNVERIFIED matches only one-candidate review items (11.4702ms)
  ✔ website roster ignores legacy pending in another scope or mode (82.1873ms)
  ✔ 9 to 10, retry and unchanged 10 create a single notification (44.1912ms)
  ✔ failed application transaction rolls back its notification (23.2487ms)
  ✔ another scope or target cannot claim and replay is refused (12.0332ms)
  ✔ offline lease expires, concurrent polls claim once, ACK is idempotent (27.444ms)
  ✔ uncertain send is terminal; a newer 9 to 10 transition remains separate (36.387ms)
  ✔ expiry, failure bound and retention are enforced (37.4338ms)
✔ site capacity transition queue is atomic, scoped, replay-safe and offline tolerant (367.8418ms)
ℹ tests 9
ℹ suites 0
ℹ pass 9
ℹ fail 0
ℹ cancelled 0
ℹ skipped 0
ℹ todo 0
ℹ duration_ms 1070.4609
✔ S01 account lifecycle, recovery security, races, replay, and rollback hold on PostgreSQL 18 (3980.3396ms)
ℹ tests 1
ℹ suites 0
ℹ pass 1
ℹ fail 0
ℹ cancelled 0
ℹ skipped 0
ℹ todo 0
ℹ duration_ms 8118.669
▶ S04 stores participant display identity and rejection reasons as durable history
  ✔ published detail keeps ten KDA rows and exposes a real API 404/fallback contract (49.7819ms)
  ✔ registry rename does not rewrite a recorded participant or its archived revision (297.0673ms)
  ✔ reject after and reopen before audit snapshots retain the cleared public reason (21.0196ms)
  ✔ web submission accepts only the owner's current valid selected team draft (23.4822ms)
  ✔ admin match creation rechecks and persists the exact selected team draft (17.565ms)
  ✔ submission approval carries team-balance provenance through match history and outbox (50.4988ms)
✔ S04 stores participant display identity and rejection reasons as durable history (619.1054ms)
ℹ tests 7
ℹ suites 0
ℹ pass 7
ℹ fail 0
ℹ cancelled 0
ℹ skipped 0
ℹ todo 0
ℹ duration_ms 1334.4338
▶ match writes accept password-only administrators and enforce current session boundaries
  ✔ ADMIN without TOTP (10.4986ms)
  ✔ SUPER_ADMIN without TOTP (2.5465ms)
  ✔ existing TOTP session (3.3634ms)
  ✔ ACCOUNT cookie cannot authorize admin import (3.2441ms)
  ✔ ordinary member (1.8944ms)
  ✔ revoked session (1.9633ms)
  ✔ expired session despite earlier request time (1.9223ms)
  ✔ stale auth version (2.0076ms)
  ✔ changed role (1.8973ms)
  ✔ suspended account (1.603ms)
  ✔ deleted account (1.7284ms)
  ✔ password reset required (1.4269ms)
  ✔ fixture session cannot write (1.8109ms)
  ✔ approved member submission (1.9982ms)
✔ match writes accept password-only administrators and enforce current session boundaries (131.6412ms)
ℹ tests 15
ℹ suites 0
ℹ pass 15
ℹ fail 0
ℹ cancelled 0
ℹ skipped 0
ℹ todo 0
ℹ duration_ms 829.8374
✔ S05 rebuilds PUBLISHED match statistics atomically and receipts make replay idempotent (464.2243ms)
ℹ tests 1
ℹ suites 0
ℹ pass 1
ℹ fail 0
ℹ cancelled 0
ℹ skipped 0
ℹ todo 0
ℹ duration_ms 1183.6598
✔ S10 media publication requires a live admin session and is idempotent, asset-safe, auditable, and soft archived (310.1728ms)
✔ S10 admin upload persists STAGED to READY, lists by exact draft, attaches safely, and tombstones unused assets (251.977ms)
ℹ tests 2
ℹ suites 0
ℹ pass 2
ℹ fail 0
ℹ cancelled 0
ℹ skipped 0
ℹ todo 0
ℹ duration_ms 1324.6525
✔ team internal experience counts published games only and converges after void and restore (224.199ms)
✔ team-only override requires a live SUPER session and recent solo provider requires connected fresh identity (271.1997ms)
✔ S06 draft lifecycle is owner/admin authorized, append-only, transactional, and idempotent (625.2508ms)
ℹ tests 3
ℹ suites 0
ℹ pass 3
ℹ fail 0
ℹ cancelled 0
ℹ skipped 0
ℹ todo 0
ℹ duration_ms 1863.958
✔ S05-B persists canonical full-ledger MMR replay without competing for the S04 outbox (2532.7227ms)
ℹ tests 1
ℹ suites 0
ℹ pass 1
ℹ fail 0
ℹ cancelled 0
ℹ skipped 0
ℹ todo 0
ℹ duration_ms 3261.3674
✔ S09 PostgreSQL adapter commits aggregate, receipt, audit and outbox atomically with owner/session checks (357.3008ms)
✔ party member statistics are bounded and count distinct parties and primary companions (89.8436ms)
✔ S09 PostgreSQL adapter binds a BOT nonce to exactly one signed request identity (94.9859ms)
✔ Kakao aggregate controllers block confused-deputy lifecycle mutations (148.1202ms)
✔ V4 scrim finish completes only the active same-room target and replays without duplicate writes (107.4753ms)
✔ concurrent V4 party member commands serialize on the locked latest aggregate (275.3048ms)
✔ concurrent V4 scrim participant commands compose after the database row lock (160.367ms)
ℹ tests 7
ℹ suites 0
ℹ pass 7
ℹ fail 0
ℹ cancelled 0
ℹ skipped 0
ℹ todo 0
ℹ duration_ms 1979.6569
✔ S09 operation forms persist signed submissions and ADMIN TOTP mutations atomically (269.872ms)
ℹ tests 1
ℹ suites 0
ℹ pass 1
ℹ fail 0
ℹ cancelled 0
ℹ skipped 0
ℹ todo 0
ℹ duration_ms 968.917
✔ signed Kakao reads persist safe replay receipts and isolate recruit members to the bound room (162.3778ms)
✔ in-house round metadata persists schedule and notice, clears on full snapshot, and isolates authoritative mode transitions by room (308.3848ms)
✔ authoritative Kakao season sync withdraws only same-room same-round RIFT rows and replays without writes (187.0088ms)
✔ signed Kakao season snapshots match exact players and preserve unresolved entries for review (165.272ms)
✔ recoverable Kakao season rows save valid players, queue review rows, preserve omitted slots, and cancel explicit blanks (128.2118ms)
✔ in-house shortcuts and full snapshots enforce integrated SITE capacity while preserving confirmed decisions (194.3074ms)
✔ in-house finish preserves every roster row, hides the round, and replays without writes (125.0255ms)
✔ editable inhouse forms count unlinked names, merge concurrent additions, protect SITE rows and retain closed rosters (435.5214ms)
✔ name-first in-house copies keep pending slots and merge metadata without overwriting newer edits (202.0618ms)
✔ in-house copy forms reopen a vacated reserve slot and preserve the remaining roster (154.1963ms)
✔ owner-created Kakao image sessions bind sender, finalize private assets, replay, and revoke (148.6482ms)
✔ Kakao admin settings and health repair require SUPER TOTP and persist receipts, audit, and outbox (172.1846ms)
✔ inhouse roster matching uses bounded lookups for ten members and guests (249.1006ms)
ℹ {"label":"1-members-save","queries":31,"memberLookups":1,"applicationLookups":1,"elapsedMs":13}
ℹ {"label":"1-members-unchanged","queries":26,"memberLookups":0,"applicationLookups":0,"elapsedMs":13}
ℹ {"label":"10-members-save","queries":40,"memberLookups":1,"applicationLookups":1,"elapsedMs":18}
ℹ {"label":"10-members-unchanged","queries":26,"memberLookups":0,"applicationLookups":0,"elapsedMs":10}
ℹ {"label":"10-guests-save","queries":39,"memberLookups":1,"applicationLookups":0,"elapsedMs":17}
ℹ {"label":"10-guests-unchanged","queries":27,"memberLookups":1,"applicationLookups":0,"elapsedMs":11}
✔ inhouse overview projects all three modes and excludes other rooms, closed rounds and drafts (98.2731ms)
ℹ tests 14
ℹ suites 0
ℹ pass 14
ℹ fail 0
ℹ cancelled 0
ℹ skipped 0
ℹ todo 0
ℹ duration_ms 3590.7433
▶ Kakao short form originals are durable, scoped, reusable and expire at 06:00 KST
  ✔ scope, kind, target and operating-day binding are mandatory (6.6514ms)
  ✔ concurrent readers reuse a single durable original (71.8774ms)
  ✔ transaction rollback does not leave an issued code behind (3.4541ms)
  ✔ database constraints fail closed even when application validation is bypassed (115.3312ms)
  ✔ midnight preserves the code but the exact 06:00 boundary rejects it (57.8533ms)
  ✔ bounded retention cleanup never removes a live original (28.1285ms)
✔ Kakao short form originals are durable, scoped, reusable and expire at 06:00 KST (396.4803ms)
ℹ tests 7
ℹ suites 0
ℹ pass 7
ℹ fail 0
ℹ cancelled 0
ℹ skipped 0
ℹ todo 0
ℹ duration_ms 1072.2341
✔ one installation maps to exactly one canonical room without room parsing or sender allowlists (277.4981ms)
ℹ tests 1
ℹ suites 0
ℹ pass 1
ℹ fail 0
ℹ cancelled 0
ℹ skipped 0
ℹ todo 0
ℹ duration_ms 965.6597
✔ ADR0011 lists more than twenty parties without snapshots and reads scoped active/draft details directly (143.1118ms)
ℹ tests 1
ℹ suites 0
ℹ pass 1
ℹ fail 0
ℹ cancelled 0
ℹ skipped 0
ℹ todo 0
ℹ duration_ms 856.7384
✔ [P0-FIXTURE] input-tolerance matrix is pinned to the unchanged V1 oracle (1.3563ms)
✔ [P0-PARTY-01] punctuation, full-width, escape, and whitespace rows have one semantic member (8.2977ms)
✔ [P0-PARTY-02] an explicit empty slot is valid but an absent slot row is not a full snapshot (3.7884ms)
✔ [P0-PARTY-03] slash and comma in one reserve row stay in one display name (0.4344ms)
✔ [P0-PARTY-04] a 2-person title cannot overwrite an existing 5-person recruit target (1.1832ms)
✔ [P0-PARTY-05] conflicting duplicate slot rows reject the whole snapshot (0.4994ms)
✔ [P0-PARTY-06] member order is canonical and independent of pasted row order (0.6201ms)
✔ [P0-PARTY-07] name suffix notes, emoji, and Kakao tags are preserved (1.1098ms)
✔ [P0-PARTY-08] multiline metadata values match their single-line semantic values (1.1617ms)
✔ [P0-PARTY-09] an automatic-number empty draft never creates a recruit (0.8433ms)
✔ [P0-OPS-01] all four forms preserve values continued on the following line (2.7947ms)
✔ [P0-OPS-02] all four forms expose exact missing-field contracts without submission (0.6763ms)
✔ [P0-OPS-03] parentheses and comma stay in the person name instead of becoming an implicit delimiter (0.1801ms)
✔ [P0-OPS-04] ordinary conversation and partial label discussions remain UNKNOWN (1.0537ms)
✔ [P0-OPS-05:friends] field order does not alter the canonical payload (0.3987ms)
✔ [P0-OPS-06:friends] a conflicting duplicate label rejects the whole form (0.2716ms)
✔ [P0-OPS-07:friends] arbitrary footer text cannot contaminate the last field (0.2978ms)
✔ [P0-OPS-05:suggestions] field order does not alter the canonical payload (0.2021ms)
✔ [P0-OPS-06:suggestions] a conflicting duplicate label rejects the whole form (0.1472ms)
✔ [P0-OPS-07:suggestions] arbitrary footer text cannot contaminate the last field (0.2356ms)
✔ [P0-OPS-05:meetups] field order does not alter the canonical payload (0.2934ms)
✔ [P0-OPS-06:meetups] a conflicting duplicate label rejects the whole form (0.1962ms)
✔ [P0-OPS-07:meetups] arbitrary footer text cannot contaminate the last field (0.2811ms)
✔ [P0-OPS-05:leaves] field order does not alter the canonical payload (0.4074ms)
✔ [P0-OPS-06:leaves] a conflicting duplicate label rejects the whole form (0.1813ms)
✔ [P0-OPS-07:leaves] arbitrary footer text cannot contaminate the last field (0.235ms)
✔ [P0-OPS-08] prose mentioning every label is not classified as a form (0.1347ms)
✔ [P0-IDEMPOTENCY-01] the same event is dispatched exactly once and then replayed (0.6827ms)
✔ [P0-IDEMPOTENCY-02] different events with one semantic payload are both dispatched (0.6591ms)
✔ [P0-MULTIUSER-01] same-room events from different senders reach edit and finish dispatch (0.5098ms)
✔ [P0-CANONICAL-01] V1-local fullwidth slash and digits canonicalize to the same finish command on the server (0.1611ms)
✔ [P0-CANONICAL-02] finish and detail commands tolerate whitespace after the copied hash marker (0.1871ms)
✔ [P0-MULTIUSER-02] PostgreSQL contract proves same-room cross-user edit/finish and different-room no-mutation without an administrator role (156.299ms)
ℹ tests 33
ℹ suites 0
ℹ pass 33
ℹ fail 0
ℹ cancelled 0
ℹ skipped 0
ℹ todo 0
ℹ duration_ms 944.4992
(node:11568) DeprecationWarning: Calling client.query() when the client is already executing a query is deprecated and will be removed in pg@9.0. Use async/await or an external async flow control mechanism instead.
(Use `node --trace-deprecation ...` to show where the warning was created)
✔ S07 event adapter persists exact-ten lifecycle, S06 teams, correction invalidation and owner-safe reads (1039.3183ms)
ℹ tests 1
ℹ suites 0
ℹ pass 1
ℹ fail 0
ℹ cancelled 0
ℹ skipped 0
ℹ todo 0
ℹ duration_ms 1810.5902
✔ S08 adapter persists recruitment, seeded auction, BO stages, roster history, MVP revote and atomic receipts (4710.4514ms)
ℹ tests 1
ℹ suites 0
ℹ pass 1
ℹ fail 0
ℹ cancelled 0
ℹ skipped 0
ℹ todo 0
ℹ duration_ms 5522.7953
✔ S13 settings, AI ledger and signed maintenance preserve authorization and idempotency contracts (369.9785ms)
ℹ tests 1
ℹ suites 0
ℹ pass 1
ℹ fail 0
ℹ cancelled 0
ℹ skipped 0
ℹ todo 0
ℹ duration_ms 1085.2904
✔ storage probe atomically limits concurrent jobs, rejects replay, and records synthetic storage success and failure (182.9079ms)
ℹ tests 1
ℹ suites 0
ℹ pass 1
ℹ fail 0
ℹ cancelled 0
ℹ skipped 0
ℹ todo 0
ℹ duration_ms 868.4538
✔ admin diagnostics aggregate only current notice scope and fixed operational evidence in a bounded read-only transaction (282.149ms)
ℹ tests 1
ℹ suites 0
ℹ pass 1
ℹ fail 0
ℹ cancelled 0
ℹ skipped 0
ℹ todo 0
ℹ duration_ms 976.848
✔ 0045 fresh, populated 0044 upgrade and replay preserve existing Riot links and summaries (3116.4216ms)
✔ Riot analytics archive deduplicates, pages without upstream access, retains daily observations and hides changed connections (259.9463ms)
✔ S12 Riot persistence keeps owner auth, one-time RSO, jobs, receipts, audit and outbox atomic (306.5761ms)
ℹ tests 3
ℹ suites 0
ℹ pass 3
ℹ fail 0
ℹ cancelled 0
ℹ skipped 0
ℹ todo 0
ℹ duration_ms 4406.2567
✔ production RSO cache and signed sync job survive application retry without persisting credentials (377.8308ms)
✔ scheduled Riot repository excludes ineligible identities and duplicate/recent work (131.1724ms)
✔ Riot key probe persists only safe outcomes and rejects replay, rapid retry, invalid signature and disabled flag (97.2951ms)
ℹ tests 3
ℹ suites 0
ℹ pass 3
ℹ fail 0
ℹ cancelled 0
ℹ skipped 0
ℹ todo 0
ℹ duration_ms 1323.9799
✔ S11 discipline records and private evidence persist with masked ownership, replay, and exact review state (467.3648ms)
ℹ tests 1
ℹ suites 0
ℹ pass 1
ℹ fail 0
ℹ cancelled 0
ℹ skipped 0
ℹ todo 0
ℹ duration_ms 1245.5515
✔ S10 champion catalog keeps live ADMIN session mutations, replay and durable ledgers atomic (283.008ms)
✔ S10 champion image backfill applies and rolls back all 173 NULL fixture rows (203.6205ms)
ℹ tests 2
ℹ suites 0
ℹ pass 2
ℹ fail 0
ℹ cancelled 0
ℹ skipped 0
ℹ todo 0
ℹ duration_ms 1219.2675
{"kind":"isolated-postgresql-recovery","archiveBytes":1143207,"archiveSha256":"005ce298053c614577f374d941e544a8ee487951478b579c408b82425317e440","migrationCount":48,"migrationHead":"0047_usage_analytics","tableCount":112,"schemaDefinitionCount":3607,"exactTableCountsMatched":true,"fixtureRelationMatched":true,"foreignKeysValidated":true,"migrationReplayNoop":true,"failedMigrationRolledBack":true}
✔ PostgreSQL custom archive restores the complete schema, data and migration head (3030.1959ms)
ℹ tests 1
ℹ suites 0
ℹ pass 1
ℹ fail 0
ℹ cancelled 0
ℹ skipped 0
ℹ todo 0
ℹ duration_ms 3696.8761
✔ bounded maintenance deletes only expired rows and records an atomic replayable result (132.9399ms)
ℹ tests 1
ℹ suites 0
ℹ pass 1
ℹ fail 0
ℹ cancelled 0
ℹ skipped 0
ℹ todo 0
ℹ duration_ms 831.6947
[db-contract] cluster stopped and disposable workspace path removed
