✖ app/(public)/(applications)/applications/error.tsx: 다시 시도 re-fetches the failed server segment (33.919ms)
✖ app/(admin)/admin/players/error.tsx: 다시 시도 re-fetches the failed server segment (5.1115ms)
✖ app/(admin)/admin/users/error.tsx: 다시 시도 re-fetches the failed server segment (4.0632ms)
✔ app/(admin)/admin/users/[userAccountId]/error.tsx: 다시 시도 re-fetches the failed server segment (5.0926ms)
ℹ tests 4
ℹ suites 0
ℹ pass 1
ℹ fail 3
ℹ cancelled 0
ℹ skipped 0
ℹ todo 0
ℹ duration_ms 272.2078

✖ failing tests:

test at tests\route-error-recovery.test.mjs:39:3
✖ app/(public)/(applications)/applications/error.tsx: 다시 시도 re-fetches the failed server segment (33.919ms)
  AssertionError [ERR_ASSERTION]: Recovery must request fresh data, not only clear the previous error

  0 !== 1

      at TestContext.<anonymous> (file:///E:/k-LOL.GG/worktrees/ux-discoverability-20261002/tests/route-error-recovery.test.mjs:50:12)
      at Test.runInAsyncScope (node:async_hooks:228:14)
      at Test.run (node:internal/test_runner/test:1118:25)
      at Test.start (node:internal/test_runner/test:1015:17)
      at startSubtestAfterBootstrap (node:internal/test_runner/harness:358:17) {
    generatedMessage: false,
    code: 'ERR_ASSERTION',
    actual: 0,
    expected: 1,
    operator: 'strictEqual',
    diff: 'simple'
  }

test at tests\route-error-recovery.test.mjs:39:3
✖ app/(admin)/admin/players/error.tsx: 다시 시도 re-fetches the failed server segment (5.1115ms)
  AssertionError [ERR_ASSERTION]: Recovery must request fresh data, not only clear the previous error

  0 !== 1

      at TestContext.<anonymous> (file:///E:/k-LOL.GG/worktrees/ux-discoverability-20261002/tests/route-error-recovery.test.mjs:50:12)
      at Test.runInAsyncScope (node:async_hooks:228:14)
      at Test.run (node:internal/test_runner/test:1118:25)
      at Test.processPendingSubtests (node:internal/test_runner/test:787:18)
      at Test.postRun (node:internal/test_runner/test:1247:19)
      at Test.run (node:internal/test_runner/test:1175:12)
      at async startSubtestAfterBootstrap (node:internal/test_runner/harness:358:3) {
    generatedMessage: false,
    code: 'ERR_ASSERTION',
    actual: 0,
    expected: 1,
    operator: 'strictEqual',
    diff: 'simple'
  }

test at tests\route-error-recovery.test.mjs:39:3
✖ app/(admin)/admin/users/error.tsx: 다시 시도 re-fetches the failed server segment (4.0632ms)
  AssertionError [ERR_ASSERTION]: Recovery must request fresh data, not only clear the previous error

  0 !== 1

      at TestContext.<anonymous> (file:///E:/k-LOL.GG/worktrees/ux-discoverability-20261002/tests/route-error-recovery.test.mjs:50:12)
      at Test.runInAsyncScope (node:async_hooks:228:14)
      at Test.run (node:internal/test_runner/test:1118:25)
      at Test.processPendingSubtests (node:internal/test_runner/test:787:18)
      at Test.postRun (node:internal/test_runner/test:1247:19)
      at Test.run (node:internal/test_runner/test:1175:12)
      at async Test.processPendingSubtests (node:internal/test_runner/test:787:7) {
    generatedMessage: false,
    code: 'ERR_ASSERTION',
    actual: 0,
    expected: 1,
    operator: 'strictEqual',
    diff: 'simple'
  }
