> klol-gg-v2@0.1.0 test:db
> tsx scripts/test-db/run-data-contracts.ts

[db-contract] isolated PostgreSQL 18 cluster started
✔ all journaled migrations install idempotently on a distinct empty PostgreSQL 18 database (864.6626ms)
ℹ tests 1
ℹ suites 0
ℹ pass 1
ℹ fail 0
ℹ cancelled 0
ℹ skipped 0
ℹ todo 0
ℹ duration_ms 1540.3974
✔ four guards reject unsafe database targets (0.8258ms)
▶ migrations, constraints, repository, and transaction contracts hold on PostgreSQL 18
  ✔ forward migration preserves existing player rows and is idempotent (1425.8579ms)
  ✔ auth and TOTP constraints fail closed (128.2705ms)
  ✔ database auth repository persists durable session, TOTP, and rate-limit state (227.9974ms)
  ✔ registry uniqueness and lifecycle constraints are enforced (6.3127ms)
  ✔ PostgresPlayerRepository returns only public active projections (30.3346ms)
  ✔ domain change and audit append commit or roll back atomically (7.5565ms)
✔ migrations, constraints, repository, and transaction contracts hold on PostgreSQL 18 (1834.5973ms)
ℹ tests 8
ℹ suites 0
ℹ pass 8
ℹ fail 0
ℹ cancelled 0
ℹ skipped 0
ℹ todo 0
ℹ duration_ms 2603.7495
✔ usage storage: idempotency, KST days, visits, identity transitions, staff exclusions and durable limits (241.321ms)
ℹ tests 1
ℹ suites 0
ℹ pass 1
ℹ fail 0
ℹ cancelled 0
ℹ skipped 0
ℹ todo 0
ℹ duration_ms 938.2317
✔ 0041 fresh install, populated 0040 upgrade and reapply preserve enrollment history (2830.4124ms)
ℹ tests 1
ℹ suites 0
ℹ pass 1
ℹ fail 0
ℹ cancelled 0
ℹ skipped 0
ℹ todo 0
ℹ duration_ms 3528.2229
▶ administrator TOTP lifecycle is serialized, audited, and rolled back atomically
  ✔ a TOTP setup session that expires while queued cannot mutate security state (538.5804ms)
  ✔ pending setup never rotates silently and explicit cancellation is auditable (15.0967ms)
  ✔ concurrent enable has one winner and revokes every session in its transaction (18.5363ms)
  ✔ audit insertion failure rolls credential, version, and revocation back (12.6251ms)
  ✔ concurrent self-disable deletes the factor and revokes all sessions exactly once (20.7988ms)
  ✔ USER is rejected while SUPER_ADMIN self-setup remains allowed (6.2888ms)
✔ administrator TOTP lifecycle is serialized, audited, and rolled back atomically (809.845ms)
ℹ tests 7
ℹ suites 0
ℹ pass 7
ℹ fail 0
ℹ cancelled 0
ℹ skipped 0
ℹ todo 0
ℹ duration_ms 1530.4453
✔ S02 player mutations, legacy mapping, privacy, replay, and rollback hold on PostgreSQL 18 (1128.4434ms)
ℹ tests 1
ℹ suites 0
ℹ pass 1
ℹ fail 0
ℹ cancelled 0
ℹ skipped 0
ℹ todo 0
ℹ duration_ms 1861.5281
▶ season lifecycle, participation ownership, idempotency and audit contracts hold on PostgreSQL 18
  ✔ retired lifecycle timestamps reject activated or ended history (3.4103ms)
  ✔ concurrent activation leaves exactly one active season (151.7554ms)
  ✔ clone creates a draft and stale clone revision is rejected (8.796ms)
  ✔ Kakao provenance hash and position invariants are enforced by PostgreSQL (237.0149ms)
  ✔ SUPER resolves or cancels pending Kakao applications with idempotency, merge policy and safe team handoff (278.0084ms)
  ✔ SITE upsert reuses the same player/date/round row imported from Kakao (16.7675ms)
  ✔ command receipts expire after 24 hours and an expired key is safely reusable (9.3123ms)
  ✔ season audit snapshots retain lifecycle and schedule field diffs (16.0445ms)
  ✔ clone and cancellation roll back with their audit event (13.9589ms)
  ✔ owner cancellation, resubmission and admin review honor revisions (83.3746ms)
  ✔ public DTO excludes member, login, Discord and internal review fields (5.8703ms)
  ✔ public status counts cover the full roster while the projection is capped at 200 (52.306ms)
  ✔ viewer approval and active-player capability are rechecked from the database (30.2182ms)
  ✔ non-approved account is rechecked inside the mutation transaction (0.9211ms)
  ✔ ACCOUNT and ADMIN purposes cannot cross-authorize season commands (1.5924ms)
  ✔ ADMIN and SUPER_ADMIN roles may use approved user actions only through ACCOUNT sessions (29.6562ms)
  ✔ session revocation wins over a queued ACCOUNT mutation (267.0259ms)
  ✔ optional TOTP removal preserves a valid password-only ADMIN session (170.5519ms)
  ✔ soft-deleted account is rejected again inside the mutation transaction (1.882ms)
  ✔ reviewer history restricts hard deletion of the reviewer account (3.7894ms)
  ✔ audit failure rolls the season and idempotency receipt back together (4.0293ms)
  ✔ ending and retirement preserve history instead of cascading deletion (9.1962ms)
✔ season lifecycle, participation ownership, idempotency and audit contracts hold on PostgreSQL 18 (1492.6999ms)
✔ site and Kakao serialize the last seat, allow explicit reserves and block closed rounds (333.7465ms)
ℹ tests 24
ℹ suites 0
ℹ pass 24
ℹ fail 0
ℹ cancelled 0
ℹ skipped 0
ℹ todo 0
ℹ duration_ms 2591.1277
▶ site capacity transition queue is atomic, scoped, replay-safe and offline tolerant
  ✔ UNVERIFIED matches only one-candidate review items (11.3447ms)
  ✔ website roster ignores legacy pending in another scope or mode (101.9202ms)
  ✔ 9 to 10, retry and unchanged 10 create a single notification (46.2726ms)
  ✔ failed application transaction rolls back its notification (24.0515ms)
  ✔ another scope or target cannot claim and replay is refused (12.6745ms)
  ✔ offline lease expires, concurrent polls claim once, ACK is idempotent (29.7901ms)
  ✔ uncertain send is terminal; a newer 9 to 10 transition remains separate (45.1414ms)
  ✔ expiry, failure bound and retention are enforced (29.0936ms)
✔ site capacity transition queue is atomic, scoped, replay-safe and offline tolerant (391.9395ms)
ℹ tests 9
ℹ suites 0
ℹ pass 9
ℹ fail 0
ℹ cancelled 0
ℹ skipped 0
ℹ todo 0
ℹ duration_ms 1113.514
✔ S01 account lifecycle, recovery security, races, replay, and rollback hold on PostgreSQL 18 (4071.5045ms)
ℹ tests 1
ℹ suites 0
ℹ pass 1
ℹ fail 0
ℹ cancelled 0
ℹ skipped 0
ℹ todo 0
ℹ duration_ms 8234.2083
▶ S04 stores participant display identity and rejection reasons as durable history
  ✔ published detail keeps ten KDA rows and exposes a real API 404/fallback contract (54.0955ms)
  ✔ registry rename does not rewrite a recorded participant or its archived revision (284.8271ms)
  ✔ reject after and reopen before audit snapshots retain the cleared public reason (18.9548ms)
  ✔ web submission accepts only the owner's current valid selected team draft (28.8825ms)
  ✔ admin match creation rechecks and persists the exact selected team draft (22.1288ms)
  ✔ submission approval carries team-balance provenance through match history and outbox (40.5735ms)
✔ S04 stores participant display identity and rejection reasons as durable history (603.5889ms)
ℹ tests 7
ℹ suites 0
ℹ pass 7
ℹ fail 0
ℹ cancelled 0
ℹ skipped 0
ℹ todo 0
ℹ duration_ms 1442.2569
▶ match writes accept password-only administrators and enforce current session boundaries
  ✔ ADMIN without TOTP (12.8113ms)
  ✔ SUPER_ADMIN without TOTP (3.64ms)
  ✔ existing TOTP session (3.4507ms)
  ✔ ACCOUNT cookie cannot authorize admin import (2.5526ms)
  ✔ ordinary member (1.6442ms)
  ✔ revoked session (1.9353ms)
  ✔ expired session despite earlier request time (2.0309ms)
  ✔ stale auth version (1.8168ms)
  ✔ changed role (2.1062ms)
  ✔ suspended account (1.7928ms)
  ✔ deleted account (1.4845ms)
  ✔ password reset required (1.359ms)
  ✔ fixture session cannot write (2.1904ms)
  ✔ approved member submission (2.0353ms)
✔ match writes accept password-only administrators and enforce current session boundaries (134.2389ms)
ℹ tests 15
ℹ suites 0
ℹ pass 15
ℹ fail 0
ℹ cancelled 0
ℹ skipped 0
ℹ todo 0
ℹ duration_ms 833.0618
✔ S05 rebuilds PUBLISHED match statistics atomically and receipts make replay idempotent (395.9869ms)
ℹ tests 1
ℹ suites 0
ℹ pass 1
ℹ fail 0
ℹ cancelled 0
ℹ skipped 0
ℹ todo 0
ℹ duration_ms 1167.8791
✔ S10 media publication requires a live admin session and is idempotent, asset-safe, auditable, and soft archived (319.918ms)
✔ S10 admin upload persists STAGED to READY, lists by exact draft, attaches safely, and tombstones unused assets (251.9815ms)
ℹ tests 2
ℹ suites 0
ℹ pass 2
ℹ fail 0
ℹ cancelled 0
ℹ skipped 0
ℹ todo 0
ℹ duration_ms 1378.5841
✔ team internal experience counts published games only and converges after void and restore (245.4393ms)
✔ team-only override requires a live SUPER session and recent solo provider requires connected fresh identity (287.6714ms)
✔ S06 draft lifecycle is owner/admin authorized, append-only, transactional, and idempotent (639.733ms)
ℹ tests 3
ℹ suites 0
ℹ pass 3
ℹ fail 0
ℹ cancelled 0
ℹ skipped 0
ℹ todo 0
ℹ duration_ms 1930.1248
✔ S05-B persists canonical full-ledger MMR replay without competing for the S04 outbox (2637.5198ms)
ℹ tests 1
ℹ suites 0
ℹ pass 1
ℹ fail 0
ℹ cancelled 0
ℹ skipped 0
ℹ todo 0
ℹ duration_ms 3386.1891
✔ S09 PostgreSQL adapter commits aggregate, receipt, audit and outbox atomically with owner/session checks (236.7928ms)
✔ party member statistics are bounded and count distinct parties and primary companions (110.3135ms)
✔ S09 PostgreSQL adapter binds a BOT nonce to exactly one signed request identity (112.4895ms)
✔ Kakao aggregate controllers block confused-deputy lifecycle mutations (167.4155ms)
✔ V4 scrim finish completes only the active same-room target and replays without duplicate writes (134.174ms)
✔ concurrent V4 party member commands serialize on the locked latest aggregate (326.4837ms)
✔ concurrent V4 scrim participant commands compose after the database row lock (203.9144ms)
ℹ tests 7
ℹ suites 0
ℹ pass 7
ℹ fail 0
ℹ cancelled 0
ℹ skipped 0
ℹ todo 0
ℹ duration_ms 2045.0629
✔ S09 operation forms persist signed submissions and ADMIN TOTP mutations atomically (267.695ms)
ℹ tests 1
ℹ suites 0
ℹ pass 1
ℹ fail 0
ℹ cancelled 0
ℹ skipped 0
ℹ todo 0
ℹ duration_ms 994.959
✔ signed Kakao reads persist safe replay receipts and isolate recruit members to the bound room (159.1405ms)
✔ in-house round metadata persists schedule and notice, clears on full snapshot, and isolates authoritative mode transitions by room (316.0829ms)
✔ authoritative Kakao season sync withdraws only same-room same-round RIFT rows and replays without writes (194.2804ms)
✔ signed Kakao season snapshots match exact players and preserve unresolved entries for review (168.1786ms)
✔ recoverable Kakao season rows save valid players, queue review rows, preserve omitted slots, and cancel explicit blanks (125.4753ms)
✔ in-house shortcuts and full snapshots enforce integrated SITE capacity while preserving confirmed decisions (204.8546ms)
✔ in-house finish preserves every roster row, hides the round, and replays without writes (235.1253ms)
✔ editable inhouse forms count unlinked names, merge concurrent additions, protect SITE rows and retain closed rosters (445.864ms)
✔ name-first in-house copies keep pending slots and merge metadata without overwriting newer edits (203.5266ms)
✔ in-house copy forms reopen a vacated reserve slot and preserve the remaining roster (160.4816ms)
✔ owner-created Kakao image sessions bind sender, finalize private assets, replay, and revoke (182.4009ms)
✔ Kakao admin settings and health repair require SUPER TOTP and persist receipts, audit, and outbox (178.075ms)
✔ inhouse roster matching uses bounded lookups for ten members and guests (252.3056ms)
ℹ {"label":"1-members-save","queries":31,"memberLookups":1,"applicationLookups":1,"elapsedMs":14}
ℹ {"label":"1-members-unchanged","queries":26,"memberLookups":0,"applicationLookups":0,"elapsedMs":9}
ℹ {"label":"10-members-save","queries":40,"memberLookups":1,"applicationLookups":1,"elapsedMs":18}
ℹ {"label":"10-members-unchanged","queries":26,"memberLookups":0,"applicationLookups":0,"elapsedMs":14}
ℹ {"label":"10-guests-save","queries":39,"memberLookups":1,"applicationLookups":0,"elapsedMs":16}
ℹ {"label":"10-guests-unchanged","queries":27,"memberLookups":1,"applicationLookups":0,"elapsedMs":10}
✔ inhouse overview projects all three modes and excludes other rooms, closed rounds and drafts (99.7343ms)
ℹ tests 14
ℹ suites 0
ℹ pass 14
ℹ fail 0
ℹ cancelled 0
ℹ skipped 0
ℹ todo 0
ℹ duration_ms 3796.4023
▶ Kakao short form originals are durable, scoped, reusable and expire at 06:00 KST
  ✔ scope, kind, target and operating-day binding are mandatory (5.9859ms)
  ✔ concurrent readers reuse a single durable original (75.8911ms)
  ✔ transaction rollback does not leave an issued code behind (3.3363ms)
  ✔ database constraints fail closed even when application validation is bypassed (116.5407ms)
  ✔ midnight preserves the code but the exact 06:00 boundary rejects it (59.4632ms)
  ✔ bounded retention cleanup never removes a live original (27.1043ms)
✔ Kakao short form originals are durable, scoped, reusable and expire at 06:00 KST (396.5511ms)
ℹ tests 7
ℹ suites 0
ℹ pass 7
ℹ fail 0
ℹ cancelled 0
ℹ skipped 0
ℹ todo 0
ℹ duration_ms 1086.7914
✔ one installation maps to exactly one canonical room without room parsing or sender allowlists (289.2208ms)
ℹ tests 1
ℹ suites 0
ℹ pass 1
ℹ fail 0
ℹ cancelled 0
ℹ skipped 0
ℹ todo 0
ℹ duration_ms 998.16
✔ ADR0011 lists more than twenty parties without snapshots and reads scoped active/draft details directly (152.2866ms)
ℹ tests 1
ℹ suites 0
ℹ pass 1
ℹ fail 0
ℹ cancelled 0
ℹ skipped 0
ℹ todo 0
ℹ duration_ms 925.0036
✔ [P0-FIXTURE] input-tolerance matrix is pinned to the unchanged V1 oracle (1.2034ms)
✔ [P0-PARTY-01] punctuation, full-width, escape, and whitespace rows have one semantic member (7.2598ms)
✔ [P0-PARTY-02] an explicit empty slot is valid but an absent slot row is not a full snapshot (3.6361ms)
✔ [P0-PARTY-03] slash and comma in one reserve row stay in one display name (0.5154ms)
✔ [P0-PARTY-04] a 2-person title cannot overwrite an existing 5-person recruit target (1.1602ms)
✔ [P0-PARTY-05] conflicting duplicate slot rows reject the whole snapshot (0.5108ms)
✔ [P0-PARTY-06] member order is canonical and independent of pasted row order (0.6137ms)
✔ [P0-PARTY-07] name suffix notes, emoji, and Kakao tags are preserved (1.4166ms)
✔ [P0-PARTY-08] multiline metadata values match their single-line semantic values (1.5734ms)
✔ [P0-PARTY-09] an automatic-number empty draft never creates a recruit (0.9505ms)
✔ [P0-OPS-01] all four forms preserve values continued on the following line (3.1486ms)
✔ [P0-OPS-02] all four forms expose exact missing-field contracts without submission (0.7658ms)
✔ [P0-OPS-03] parentheses and comma stay in the person name instead of becoming an implicit delimiter (0.1865ms)
✔ [P0-OPS-04] ordinary conversation and partial label discussions remain UNKNOWN (0.8983ms)
✔ [P0-OPS-05:friends] field order does not alter the canonical payload (0.5121ms)
✔ [P0-OPS-06:friends] a conflicting duplicate label rejects the whole form (0.3143ms)
✔ [P0-OPS-07:friends] arbitrary footer text cannot contaminate the last field (0.3202ms)
✔ [P0-OPS-05:suggestions] field order does not alter the canonical payload (0.2021ms)
✔ [P0-OPS-06:suggestions] a conflicting duplicate label rejects the whole form (0.1475ms)
✔ [P0-OPS-07:suggestions] arbitrary footer text cannot contaminate the last field (0.2234ms)
✔ [P0-OPS-05:meetups] field order does not alter the canonical payload (0.3284ms)
✔ [P0-OPS-06:meetups] a conflicting duplicate label rejects the whole form (0.199ms)
✔ [P0-OPS-07:meetups] arbitrary footer text cannot contaminate the last field (0.2849ms)
✔ [P0-OPS-05:leaves] field order does not alter the canonical payload (0.2687ms)
✔ [P0-OPS-06:leaves] a conflicting duplicate label rejects the whole form (0.1849ms)
✔ [P0-OPS-07:leaves] arbitrary footer text cannot contaminate the last field (0.2352ms)
✔ [P0-OPS-08] prose mentioning every label is not classified as a form (0.1379ms)
✔ [P0-IDEMPOTENCY-01] the same event is dispatched exactly once and then replayed (0.6731ms)
✔ [P0-IDEMPOTENCY-02] different events with one semantic payload are both dispatched (0.699ms)
✔ [P0-MULTIUSER-01] same-room events from different senders reach edit and finish dispatch (0.5095ms)
✔ [P0-CANONICAL-01] V1-local fullwidth slash and digits canonicalize to the same finish command on the server (0.1575ms)
✔ [P0-CANONICAL-02] finish and detail commands tolerate whitespace after the copied hash marker (0.2528ms)
✔ [P0-MULTIUSER-02] PostgreSQL contract proves same-room cross-user edit/finish and different-room no-mutation without an administrator role (150.1224ms)
ℹ tests 33
ℹ suites 0
ℹ pass 33
ℹ fail 0
ℹ cancelled 0
ℹ skipped 0
ℹ todo 0
ℹ duration_ms 945.9371
(node:34360) DeprecationWarning: Calling client.query() when the client is already executing a query is deprecated and will be removed in pg@9.0. Use async/await or an external async flow control mechanism instead.
(Use `node --trace-deprecation ...` to show where the warning was created)
✔ S07 event adapter persists exact-ten lifecycle, S06 teams, correction invalidation and owner-safe reads (905.6596ms)
ℹ tests 1
ℹ suites 0
ℹ pass 1
ℹ fail 0
ℹ cancelled 0
ℹ skipped 0
ℹ todo 0
ℹ duration_ms 1671.2364
✔ S08 adapter persists recruitment, seeded auction, BO stages, roster history, MVP revote and atomic receipts (4747.0235ms)
ℹ tests 1
ℹ suites 0
ℹ pass 1
ℹ fail 0
ℹ cancelled 0
ℹ skipped 0
ℹ todo 0
ℹ duration_ms 5597.5684
✔ S13 settings, AI ledger and signed maintenance preserve authorization and idempotency contracts (488.7281ms)
ℹ tests 1
ℹ suites 0
ℹ pass 1
ℹ fail 0
ℹ cancelled 0
ℹ skipped 0
ℹ todo 0
ℹ duration_ms 1203.4817
✔ storage probe atomically limits concurrent jobs, rejects replay, and records synthetic storage success and failure (260.5473ms)
ℹ tests 1
ℹ suites 0
ℹ pass 1
ℹ fail 0
ℹ cancelled 0
ℹ skipped 0
ℹ todo 0
ℹ duration_ms 954.987
✔ admin diagnostics aggregate only current notice scope and fixed operational evidence in a bounded read-only transaction (279.3822ms)
ℹ tests 1
ℹ suites 0
ℹ pass 1
ℹ fail 0
ℹ cancelled 0
ℹ skipped 0
ℹ todo 0
ℹ duration_ms 961.4646
✔ 0045 fresh, populated 0044 upgrade and replay preserve existing Riot links and summaries (3110.4366ms)
✔ Riot analytics archive deduplicates, pages without upstream access, retains daily observations and hides changed connections (258.6522ms)
✔ S12 Riot persistence keeps owner auth, one-time RSO, jobs, receipts, audit and outbox atomic (309.9711ms)
ℹ tests 3
ℹ suites 0
ℹ pass 3
ℹ fail 0
ℹ cancelled 0
ℹ skipped 0
ℹ todo 0
ℹ duration_ms 4400.0756
✔ production RSO cache and signed sync job survive application retry without persisting credentials (474.187ms)
✔ scheduled Riot repository excludes ineligible identities and duplicate/recent work (185.1855ms)
✔ Riot key probe persists only safe outcomes and rejects replay, rapid retry, invalid signature and disabled flag (95.7515ms)
ℹ tests 3
ℹ suites 0
ℹ pass 3
ℹ fail 0
ℹ cancelled 0
ℹ skipped 0
ℹ todo 0
ℹ duration_ms 1500.1414
✔ S11 discipline records and private evidence persist with masked ownership, replay, and exact review state (614.6123ms)
ℹ tests 1
ℹ suites 0
ℹ pass 1
ℹ fail 0
ℹ cancelled 0
ℹ skipped 0
ℹ todo 0
ℹ duration_ms 1435.5479
✔ S10 champion catalog keeps live ADMIN session mutations, replay and durable ledgers atomic (280.7859ms)
✔ S10 champion image backfill applies and rolls back all 173 NULL fixture rows (207.7287ms)
ℹ tests 2
ℹ suites 0
ℹ pass 2
ℹ fail 0
ℹ cancelled 0
ℹ skipped 0
ℹ todo 0
ℹ duration_ms 1231.9688
{"kind":"isolated-postgresql-recovery","archiveBytes":1144078,"archiveSha256":"c959985f0d6b730a9f3d194021d81e2522eae8bca8ed76f6bd30b5686a8e6163","migrationCount":48,"migrationHead":"0047_usage_analytics","tableCount":112,"schemaDefinitionCount":3607,"exactTableCountsMatched":true,"fixtureRelationMatched":true,"foreignKeysValidated":true,"migrationReplayNoop":true,"failedMigrationRolledBack":true}
✔ PostgreSQL custom archive restores the complete schema, data and migration head (3040.2995ms)
ℹ tests 1
ℹ suites 0
ℹ pass 1
ℹ fail 0
ℹ cancelled 0
ℹ skipped 0
ℹ todo 0
ℹ duration_ms 3720.2846
✔ bounded maintenance deletes only expired rows and records an atomic replayable result (138.7348ms)
ℹ tests 1
ℹ suites 0
ℹ pass 1
ℹ fail 0
ℹ cancelled 0
ℹ skipped 0
ℹ todo 0
ℹ duration_ms 885.0004
[db-contract] cluster stopped and disposable workspace path removed
