[db-contract] isolated PostgreSQL 18 cluster started
✔ all journaled migrations install idempotently on a distinct empty PostgreSQL 18 database (824.5156ms)
ℹ tests 1
ℹ suites 0
ℹ pass 1
ℹ fail 0
ℹ cancelled 0
ℹ skipped 0
ℹ todo 0
ℹ duration_ms 1481.2679
✔ four guards reject unsafe database targets (1.0598ms)
▶ migrations, constraints, repository, and transaction contracts hold on PostgreSQL 18
  ✔ forward migration preserves existing player rows and is idempotent (1010.4341ms)
  ✔ auth and TOTP constraints fail closed (114.3304ms)
  ✔ database auth repository persists durable session, TOTP, and rate-limit state (239.0032ms)
  ✔ registry uniqueness and lifecycle constraints are enforced (8.2767ms)
  ✔ PostgresPlayerRepository returns only public active projections (127.2469ms)
  ✔ domain change and audit append commit or roll back atomically (5.953ms)
✔ migrations, constraints, repository, and transaction contracts hold on PostgreSQL 18 (1511.6382ms)
ℹ tests 8
ℹ suites 0
ℹ pass 8
ℹ fail 0
ℹ cancelled 0
ℹ skipped 0
ℹ todo 0
ℹ duration_ms 2187.6542
✔ usage storage: idempotency, KST days, visits, identity transitions, staff exclusions and durable limits (230.8439ms)
ℹ tests 1
ℹ suites 0
ℹ pass 1
ℹ fail 0
ℹ cancelled 0
ℹ skipped 0
ℹ todo 0
ℹ duration_ms 901.9141
✔ 0041 fresh install, populated 0040 upgrade and reapply preserve enrollment history (3052.8298ms)
ℹ tests 1
ℹ suites 0
ℹ pass 1
ℹ fail 0
ℹ cancelled 0
ℹ skipped 0
ℹ todo 0
ℹ duration_ms 3697.9919
▶ administrator TOTP lifecycle is serialized, audited, and rolled back atomically
  ✔ a TOTP setup session that expires while queued cannot mutate security state (534.7252ms)
  ✔ pending setup never rotates silently and explicit cancellation is auditable (14.7761ms)
  ✔ concurrent enable has one winner and revokes every session in its transaction (15.2174ms)
  ✔ audit insertion failure rolls credential, version, and revocation back (11.5695ms)
  ✔ concurrent self-disable deletes the factor and revokes all sessions exactly once (16.6322ms)
  ✔ USER is rejected while SUPER_ADMIN self-setup remains allowed (6.328ms)
✔ administrator TOTP lifecycle is serialized, audited, and rolled back atomically (687.389ms)
ℹ tests 7
ℹ suites 0
ℹ pass 7
ℹ fail 0
ℹ cancelled 0
ℹ skipped 0
ℹ todo 0
ℹ duration_ms 1350.8855
✔ S02 player mutations, legacy mapping, privacy, replay, and rollback hold on PostgreSQL 18 (1118.3174ms)
ℹ tests 1
ℹ suites 0
ℹ pass 1
ℹ fail 0
ℹ cancelled 0
ℹ skipped 0
ℹ todo 0
ℹ duration_ms 1819.8427
▶ season lifecycle, participation ownership, idempotency and audit contracts hold on PostgreSQL 18
  ✔ retired lifecycle timestamps reject activated or ended history (2.7088ms)
  ✔ concurrent activation leaves exactly one active season (147.1712ms)
  ✔ clone creates a draft and stale clone revision is rejected (9.2954ms)
  ✔ Kakao provenance hash and position invariants are enforced by PostgreSQL (224.4746ms)
  ✔ SUPER resolves or cancels pending Kakao applications with idempotency, merge policy and safe team handoff (288.3386ms)
  ✔ SITE upsert reuses the same player/date/round row imported from Kakao (15.7761ms)
  ✔ command receipts expire after 24 hours and an expired key is safely reusable (8.5143ms)
  ✔ season audit snapshots retain lifecycle and schedule field diffs (11.613ms)
  ✔ clone and cancellation roll back with their audit event (9.3179ms)
  ✔ owner cancellation, resubmission and admin review honor revisions (79.7957ms)
  ✔ public DTO excludes member, login, Discord and internal review fields (6.0703ms)
  ✔ public status counts cover the full roster while the projection is capped at 200 (47.4465ms)
  ✔ viewer approval and active-player capability are rechecked from the database (27.4113ms)
  ✔ non-approved account is rechecked inside the mutation transaction (0.8659ms)
  ✔ ACCOUNT and ADMIN purposes cannot cross-authorize season commands (3.843ms)
  ✔ ADMIN and SUPER_ADMIN roles may use approved user actions only through ACCOUNT sessions (18.8847ms)
  ✔ session revocation wins over a queued ACCOUNT mutation (169.2552ms)
  ✔ optional TOTP removal preserves a valid password-only ADMIN session (156.9156ms)
  ✔ soft-deleted account is rejected again inside the mutation transaction (1.6829ms)
  ✔ reviewer history restricts hard deletion of the reviewer account (5.9816ms)
  ✔ audit failure rolls the season and idempotency receipt back together (3.5528ms)
  ✔ ending and retirement preserve history instead of cascading deletion (6.7759ms)
✔ season lifecycle, participation ownership, idempotency and audit contracts hold on PostgreSQL 18 (1358.1853ms)
✔ site and Kakao serialize the last seat, allow explicit reserves and block closed rounds (308.7169ms)
ℹ tests 24
ℹ suites 0
ℹ pass 24
ℹ fail 0
ℹ cancelled 0
ℹ skipped 0
ℹ todo 0
ℹ duration_ms 2396.8751
▶ site capacity transition queue is atomic, scoped, replay-safe and offline tolerant
  ✔ UNVERIFIED matches only one-candidate review items (11.5922ms)
  ✔ website roster ignores legacy pending in another scope or mode (76.1744ms)
  ✔ 9 to 10, retry and unchanged 10 create a single notification (42.3951ms)
  ✔ failed application transaction rolls back its notification (23.4754ms)
  ✔ another scope or target cannot claim and replay is refused (10.868ms)
  ✔ offline lease expires, concurrent polls claim once, ACK is idempotent (26.7708ms)
  ✔ uncertain send is terminal; a newer 9 to 10 transition remains separate (35.2754ms)
  ✔ expiry, failure bound and retention are enforced (36.063ms)
✔ site capacity transition queue is atomic, scoped, replay-safe and offline tolerant (349.7887ms)
ℹ tests 9
ℹ suites 0
ℹ pass 9
ℹ fail 0
ℹ cancelled 0
ℹ skipped 0
ℹ todo 0
ℹ duration_ms 1029.9623
✔ S01 account lifecycle, recovery security, races, replay, and rollback hold on PostgreSQL 18 (3835.6984ms)
ℹ tests 1
ℹ suites 0
ℹ pass 1
ℹ fail 0
ℹ cancelled 0
ℹ skipped 0
ℹ todo 0
ℹ duration_ms 7965.0852
▶ S04 stores participant display identity and rejection reasons as durable history
  ✔ published detail keeps ten KDA rows and exposes a real API 404/fallback contract (48.6321ms)
  ✔ registry rename does not rewrite a recorded participant or its archived revision (241.7727ms)
  ✔ reject after and reopen before audit snapshots retain the cleared public reason (17.87ms)
  ✔ web submission accepts only the owner's current valid selected team draft (22.0123ms)
  ✔ admin match creation rechecks and persists the exact selected team draft (21.7251ms)
  ✔ submission approval carries team-balance provenance through match history and outbox (36.0382ms)
✔ S04 stores participant display identity and rejection reasons as durable history (539.025ms)
ℹ tests 7
ℹ suites 0
ℹ pass 7
ℹ fail 0
ℹ cancelled 0
ℹ skipped 0
ℹ todo 0
ℹ duration_ms 1224.3321
▶ match writes accept password-only administrators and enforce current session boundaries
  ✔ ADMIN without TOTP (16.8853ms)
  ✔ SUPER_ADMIN without TOTP (2.9377ms)
  ✔ existing TOTP session (3.2596ms)
  ✔ ACCOUNT cookie cannot authorize admin import (2.3422ms)
  ✔ ordinary member (1.9661ms)
  ✔ revoked session (2.4149ms)
  ✔ expired session despite earlier request time (1.9593ms)
  ✔ stale auth version (1.7799ms)
  ✔ changed role (1.9513ms)
  ✔ suspended account (1.5245ms)
  ✔ deleted account (1.6135ms)
  ✔ password reset required (1.464ms)
  ✔ fixture session cannot write (2.0713ms)
  ✔ approved member submission (1.9251ms)
✔ match writes accept password-only administrators and enforce current session boundaries (135.734ms)
ℹ tests 15
ℹ suites 0
ℹ pass 15
ℹ fail 0
ℹ cancelled 0
ℹ skipped 0
ℹ todo 0
ℹ duration_ms 795.8985
✔ S05 rebuilds PUBLISHED match statistics atomically and receipts make replay idempotent (373.7303ms)
ℹ tests 1
ℹ suites 0
ℹ pass 1
ℹ fail 0
ℹ cancelled 0
ℹ skipped 0
ℹ todo 0
ℹ duration_ms 1073.1007
✔ S10 media publication requires a live admin session and is idempotent, asset-safe, auditable, and soft archived (291.276ms)
✔ S10 admin upload persists STAGED to READY, lists by exact draft, attaches safely, and tombstones unused assets (236.1696ms)
ℹ tests 2
ℹ suites 0
ℹ pass 2
ℹ fail 0
ℹ cancelled 0
ℹ skipped 0
ℹ todo 0
ℹ duration_ms 1268.374
✔ team internal experience counts published games only and converges after void and restore (225.9722ms)
✔ team-only override requires a live SUPER session and recent solo provider requires connected fresh identity (264.9263ms)
✔ S06 draft lifecycle is owner/admin authorized, append-only, transactional, and idempotent (591.2434ms)
ℹ tests 3
ℹ suites 0
ℹ pass 3
ℹ fail 0
ℹ cancelled 0
ℹ skipped 0
ℹ todo 0
ℹ duration_ms 1802.2638
✔ S05-B persists canonical full-ledger MMR replay without competing for the S04 outbox (2492.2226ms)
ℹ tests 1
ℹ suites 0
ℹ pass 1
ℹ fail 0
ℹ cancelled 0
ℹ skipped 0
ℹ todo 0
ℹ duration_ms 3200.5533
✔ S09 PostgreSQL adapter commits aggregate, receipt, audit and outbox atomically with owner/session checks (214.5845ms)
✔ party member statistics are bounded and count distinct parties and primary companions (82.1269ms)
✔ S09 PostgreSQL adapter binds a BOT nonce to exactly one signed request identity (96.7392ms)
✔ Kakao aggregate controllers block confused-deputy lifecycle mutations (139.79ms)
✔ V4 scrim finish completes only the active same-room target and replays without duplicate writes (198.4105ms)
✔ concurrent V4 party member commands serialize on the locked latest aggregate (274.4536ms)
✔ concurrent V4 scrim participant commands compose after the database row lock (158.0659ms)
ℹ tests 7
ℹ suites 0
ℹ pass 7
ℹ fail 0
ℹ cancelled 0
ℹ skipped 0
ℹ todo 0
ℹ duration_ms 1886.7306
✔ S09 operation forms persist signed submissions and ADMIN TOTP mutations atomically (352.1009ms)
ℹ tests 1
ℹ suites 0
ℹ pass 1
ℹ fail 0
ℹ cancelled 0
ℹ skipped 0
ℹ todo 0
ℹ duration_ms 1026.8242
✔ signed Kakao reads persist safe replay receipts and isolate recruit members to the bound room (159.9963ms)
✔ in-house round metadata persists schedule and notice, clears on full snapshot, and isolates authoritative mode transitions by room (291.4665ms)
✔ authoritative Kakao season sync withdraws only same-room same-round RIFT rows and replays without writes (181.5728ms)
✔ signed Kakao season snapshots match exact players and preserve unresolved entries for review (158.1219ms)
✔ recoverable Kakao season rows save valid players, queue review rows, preserve omitted slots, and cancel explicit blanks (123.9475ms)
✔ in-house shortcuts and full snapshots enforce integrated SITE capacity while preserving confirmed decisions (188.2245ms)
✔ in-house finish preserves every roster row, hides the round, and replays without writes (120.1301ms)
✔ editable inhouse forms count unlinked names, merge concurrent additions, protect SITE rows and retain closed rosters (418.4073ms)
✔ name-first in-house copies keep pending slots and merge metadata without overwriting newer edits (192.8546ms)
✔ in-house copy forms reopen a vacated reserve slot and preserve the remaining roster (149.5092ms)
✔ owner-created Kakao image sessions bind sender, finalize private assets, replay, and revoke (138.3441ms)
✔ Kakao admin settings and health repair require SUPER TOTP and persist receipts, audit, and outbox (165.028ms)
✔ inhouse roster matching uses bounded lookups for ten members and guests (236.8171ms)
ℹ {"label":"1-members-save","queries":31,"memberLookups":1,"applicationLookups":1,"elapsedMs":12}
ℹ {"label":"1-members-unchanged","queries":26,"memberLookups":0,"applicationLookups":0,"elapsedMs":13}
ℹ {"label":"10-members-save","queries":40,"memberLookups":1,"applicationLookups":1,"elapsedMs":16}
ℹ {"label":"10-members-unchanged","queries":26,"memberLookups":0,"applicationLookups":0,"elapsedMs":11}
ℹ {"label":"10-guests-save","queries":39,"memberLookups":1,"applicationLookups":0,"elapsedMs":14}
ℹ {"label":"10-guests-unchanged","queries":27,"memberLookups":1,"applicationLookups":0,"elapsedMs":10}
✔ inhouse overview projects all three modes and excludes other rooms, closed rounds and drafts (94.7587ms)
ℹ tests 14
ℹ suites 0
ℹ pass 14
ℹ fail 0
ℹ cancelled 0
ℹ skipped 0
ℹ todo 0
ℹ duration_ms 3451.4506
▶ Kakao short form originals are durable, scoped, reusable and expire at 06:00 KST
  ✔ scope, kind, target and operating-day binding are mandatory (6.2296ms)
  ✔ concurrent readers reuse a single durable original (65.2422ms)
  ✔ transaction rollback does not leave an issued code behind (3.1315ms)
  ✔ database constraints fail closed even when application validation is bypassed (129.8538ms)
  ✔ midnight preserves the code but the exact 06:00 boundary rejects it (54.5843ms)
  ✔ bounded retention cleanup never removes a live original (30.4403ms)
✔ Kakao short form originals are durable, scoped, reusable and expire at 06:00 KST (399.6642ms)
ℹ tests 7
ℹ suites 0
ℹ pass 7
ℹ fail 0
ℹ cancelled 0
ℹ skipped 0
ℹ todo 0
ℹ duration_ms 1060.1036
✔ one installation maps to exactly one canonical room without room parsing or sender allowlists (267.9286ms)
ℹ tests 1
ℹ suites 0
ℹ pass 1
ℹ fail 0
ℹ cancelled 0
ℹ skipped 0
ℹ todo 0
ℹ duration_ms 936.7921
✔ ADR0011 lists more than twenty parties without snapshots and reads scoped active/draft details directly (149.8684ms)
ℹ tests 1
ℹ suites 0
ℹ pass 1
ℹ fail 0
ℹ cancelled 0
ℹ skipped 0
ℹ todo 0
ℹ duration_ms 842.3284
✔ [P0-FIXTURE] input-tolerance matrix is pinned to the unchanged V1 oracle (1.1049ms)
✔ [P0-PARTY-01] punctuation, full-width, escape, and whitespace rows have one semantic member (7.0642ms)
✔ [P0-PARTY-02] an explicit empty slot is valid but an absent slot row is not a full snapshot (3.3582ms)
✔ [P0-PARTY-03] slash and comma in one reserve row stay in one display name (0.3895ms)
✔ [P0-PARTY-04] a 2-person title cannot overwrite an existing 5-person recruit target (1.1439ms)
✔ [P0-PARTY-05] conflicting duplicate slot rows reject the whole snapshot (0.4854ms)
✔ [P0-PARTY-06] member order is canonical and independent of pasted row order (0.6448ms)
✔ [P0-PARTY-07] name suffix notes, emoji, and Kakao tags are preserved (1.0601ms)
✔ [P0-PARTY-08] multiline metadata values match their single-line semantic values (1.0597ms)
✔ [P0-PARTY-09] an automatic-number empty draft never creates a recruit (0.7546ms)
✔ [P0-OPS-01] all four forms preserve values continued on the following line (3.6481ms)
✔ [P0-OPS-02] all four forms expose exact missing-field contracts without submission (0.7606ms)
✔ [P0-OPS-03] parentheses and comma stay in the person name instead of becoming an implicit delimiter (0.1877ms)
✔ [P0-OPS-04] ordinary conversation and partial label discussions remain UNKNOWN (0.8654ms)
✔ [P0-OPS-05:friends] field order does not alter the canonical payload (0.3498ms)
✔ [P0-OPS-06:friends] a conflicting duplicate label rejects the whole form (0.2578ms)
✔ [P0-OPS-07:friends] arbitrary footer text cannot contaminate the last field (0.3011ms)
✔ [P0-OPS-05:suggestions] field order does not alter the canonical payload (0.2006ms)
✔ [P0-OPS-06:suggestions] a conflicting duplicate label rejects the whole form (0.1446ms)
✔ [P0-OPS-07:suggestions] arbitrary footer text cannot contaminate the last field (0.2479ms)
✔ [P0-OPS-05:meetups] field order does not alter the canonical payload (0.2573ms)
✔ [P0-OPS-06:meetups] a conflicting duplicate label rejects the whole form (0.1933ms)
✔ [P0-OPS-07:meetups] arbitrary footer text cannot contaminate the last field (0.2909ms)
✔ [P0-OPS-05:leaves] field order does not alter the canonical payload (0.2746ms)
✔ [P0-OPS-06:leaves] a conflicting duplicate label rejects the whole form (0.1775ms)
✔ [P0-OPS-07:leaves] arbitrary footer text cannot contaminate the last field (0.2325ms)
✔ [P0-OPS-08] prose mentioning every label is not classified as a form (0.1349ms)
✔ [P0-IDEMPOTENCY-01] the same event is dispatched exactly once and then replayed (0.6409ms)
✔ [P0-IDEMPOTENCY-02] different events with one semantic payload are both dispatched (0.6585ms)
✔ [P0-MULTIUSER-01] same-room events from different senders reach edit and finish dispatch (0.4777ms)
✔ [P0-CANONICAL-01] V1-local fullwidth slash and digits canonicalize to the same finish command on the server (0.1416ms)
✔ [P0-CANONICAL-02] finish and detail commands tolerate whitespace after the copied hash marker (0.1949ms)
✔ [P0-MULTIUSER-02] PostgreSQL contract proves same-room cross-user edit/finish and different-room no-mutation without an administrator role (148.6209ms)
ℹ tests 33
ℹ suites 0
ℹ pass 33
ℹ fail 0
ℹ cancelled 0
ℹ skipped 0
ℹ todo 0
ℹ duration_ms 915.1068
(node:12748) DeprecationWarning: Calling client.query() when the client is already executing a query is deprecated and will be removed in pg@9.0. Use async/await or an external async flow control mechanism instead.
(Use `node --trace-deprecation ...` to show where the warning was created)
✔ S07 event adapter persists exact-ten lifecycle, S06 teams, correction invalidation and owner-safe reads (915.3645ms)
ℹ tests 1
ℹ suites 0
ℹ pass 1
ℹ fail 0
ℹ cancelled 0
ℹ skipped 0
ℹ todo 0
ℹ duration_ms 1662.8655
✔ S08 adapter persists recruitment, seeded auction, BO stages, roster history, MVP revote and atomic receipts (4395.2103ms)
ℹ tests 1
ℹ suites 0
ℹ pass 1
ℹ fail 0
ℹ cancelled 0
ℹ skipped 0
ℹ todo 0
ℹ duration_ms 5172.9331
✔ S13 settings, AI ledger and signed maintenance preserve authorization and idempotency contracts (372.5146ms)
ℹ tests 1
ℹ suites 0
ℹ pass 1
ℹ fail 0
ℹ cancelled 0
ℹ skipped 0
ℹ todo 0
ℹ duration_ms 1063.3181
✔ storage probe atomically limits concurrent jobs, rejects replay, and records synthetic storage success and failure (157.6294ms)
ℹ tests 1
ℹ suites 0
ℹ pass 1
ℹ fail 0
ℹ cancelled 0
ℹ skipped 0
ℹ todo 0
ℹ duration_ms 821.9308
✔ admin diagnostics aggregate only current notice scope and fixed operational evidence in a bounded read-only transaction (264.3715ms)
ℹ tests 1
ℹ suites 0
ℹ pass 1
ℹ fail 0
ℹ cancelled 0
ℹ skipped 0
ℹ todo 0
ℹ duration_ms 938.7427
✔ 0045 fresh, populated 0044 upgrade and replay preserve existing Riot links and summaries (2950.1786ms)
✔ Riot analytics archive deduplicates, pages without upstream access, retains daily observations and hides changed connections (262.4544ms)
✔ S12 Riot persistence keeps owner auth, one-time RSO, jobs, receipts, audit and outbox atomic (367.8403ms)
ℹ tests 3
ℹ suites 0
ℹ pass 3
ℹ fail 0
ℹ cancelled 0
ℹ skipped 0
ℹ todo 0
ℹ duration_ms 4354.9669
✔ production RSO cache and signed sync job survive application retry without persisting credentials (355.464ms)
✔ scheduled Riot repository excludes ineligible identities and duplicate/recent work (125.0975ms)
✔ Riot key probe persists only safe outcomes and rejects replay, rapid retry, invalid signature and disabled flag (94.4581ms)
ℹ tests 3
ℹ suites 0
ℹ pass 3
ℹ fail 0
ℹ cancelled 0
ℹ skipped 0
ℹ todo 0
ℹ duration_ms 1279.7058
✔ S11 discipline records and private evidence persist with masked ownership, replay, and exact review state (448.3203ms)
ℹ tests 1
ℹ suites 0
ℹ pass 1
ℹ fail 0
ℹ cancelled 0
ℹ skipped 0
ℹ todo 0
ℹ duration_ms 1209.5837
✔ S10 champion catalog keeps live ADMIN session mutations, replay and durable ledgers atomic (272.7002ms)
✔ S10 champion image backfill applies and rolls back all 173 NULL fixture rows (192.0344ms)
ℹ tests 2
ℹ suites 0
ℹ pass 2
ℹ fail 0
ℹ cancelled 0
ℹ skipped 0
ℹ todo 0
ℹ duration_ms 1180.9703
{"kind":"isolated-postgresql-recovery","archiveBytes":1143194,"archiveSha256":"c53766ea027ff08802a99d8bc840f0c725a7db57a52e416a6c8eb47f4220e655","migrationCount":48,"migrationHead":"0047_usage_analytics","tableCount":112,"schemaDefinitionCount":3607,"exactTableCountsMatched":true,"fixtureRelationMatched":true,"foreignKeysValidated":true,"migrationReplayNoop":true,"failedMigrationRolledBack":true}
✔ PostgreSQL custom archive restores the complete schema, data and migration head (2989.1759ms)
ℹ tests 1
ℹ suites 0
ℹ pass 1
ℹ fail 0
ℹ cancelled 0
ℹ skipped 0
ℹ todo 0
ℹ duration_ms 3651.3671
✔ bounded maintenance deletes only expired rows and records an atomic replayable result (136.4814ms)
ℹ tests 1
ℹ suites 0
ℹ pass 1
ℹ fail 0
ℹ cancelled 0
ℹ skipped 0
ℹ todo 0
ℹ duration_ms 828.142
[qa-harness] Database contracts completed. Browser fixture startup failed; pool shutdown emitted PostgreSQL 57P01 and masked the original error. Harness exit 1. Raw client diagnostics retained only in ignored temporary storage.
