✔ scheduled sync queues one connected account, keeps direct links unverified and respects six hours (8.7484ms)
✔ queued sync is cancelled after disconnect and stale exhausted leases cannot block later jobs (2.2507ms)
✔ sync discards a provider response when owner disconnects during the network request (1.0473ms)
✔ a provider rate limit pauses both queued consumption and scheduled account discovery (1.9479ms)
✔ approved owner direct link/unlink is transactional, idempotent, and never leaks PUUID (1.2595ms)
✔ direct and RSO links must match the player's canonical registry Riot ID (2.4628ms)
✔ feature flag fails closed and outbox failure rolls link, audit, and receipt back together (0.6436ms)
✔ RSO callback is internal-return, expiring, one-time and exchange-idempotent across response replay (1.1381ms)
✔ only SUPER_ADMIN can bulk/sync-all while owner is restricted to the owned link (1.2579ms)
✔ SUPER bulk-link derives registry Riot IDs and atomically records exact replay (1.0119ms)
✔ bulk-link rolls every successful link back when durable event recording fails (0.2953ms)
✔ sync enforces cooldown, Retry-After, stale lease recovery and partial completion (1.1211ms)
✔ recent solo summary persists only when complete; missing data preserves rank and 429 retains retry (1.7259ms)
✔ sync-all reuses active work and schedules cooling accounts without blocking the whole population (2.7467ms)
✔ analytics persists useful partial facts during backoff, reuses its cache, and discards data after a concurrent identity change (3.2855ms)
✔ partial diagnostics survive application, audit and outbox while rank and retry policy stay intact (7.3149ms)
✔ Riot IDs normalize NFKC and reject separators or oversized tags (1.9397ms)
✔ RSO return path cannot escape origin (0.2212ms)
✔ RSO state is owner-bound, expiring and one-time (0.4452ms)
✔ disconnect clears encrypted PUUID and hides existence from another owner (0.2136ms)
✔ sync jobs retry rate limits and transient failures with bounded backoff (0.4466ms)
✔ last allowed transient attempt becomes terminal failure (0.1739ms)
✔ last allowed rate-limited attempt retains its provider cooldown after terminal failure (0.151ms)
✔ stale RUNNING lease is recoverable and the old worker cannot finish it (0.2025ms)
✔ invalid upstream Retry-After is rejected rather than creating an invalid schedule (0.1939ms)
✔ permanent upstream failure never retries (1.3437ms)
✔ public Riot DTO excludes PUUID, owner and request-log provenance (0.2241ms)
✔ partial diagnostics preserve bounded provider codes without response bodies (23.0975ms)
✔ partial diagnostics distinguish the total budget from a failed provider payload (4.2861ms)
✔ partial diagnostics retain a request timeout without exceeding the existing total budget (1008.49ms)
✔ partial rank diagnostics preserve available fields and distinguish unranked (2.0102ms)
✔ a timed-out response body remains a timeout for analytics and rank, not invalid JSON (2025.5663ms)
✔ partial diagnostics distinguish invalid match and timeline while keeping usable facts (6.1624ms)
✔ partial diagnostics identify incomplete cached solo samples without detail refetch (0.7293ms)
✔ partial diagnostics never replace rate-limit backoff or a genuine rank failure (0.949ms)
✔ domain only retains allowlisted partial codes and public snapshots keep their existing shape (0.9043ms)
✔ analytics allowlists player and timeline facts, preserves missing stats, and discards provider identities (9.7181ms)
✔ turret plates use the optional official challenge count and keep unavailable values separate from zero (2.3704ms)
✔ known unsupported or aborted games do not trap the historical cursor, while malformed normal matches remain incomplete (27.4623ms)
✔ only verified public matchmaking is archived; custom, tutorial and unknown queues advance without disclosure (7.9117ms)
✔ duplicate timeline frames merge deterministically, keeping legitimate same-millisecond item counts (1.7334ms)
✔ analytics reuses a match across solo/recent pages, collects a timeline, then serves cache without detail refetch (1.8869ms)
✔ timeline failures preserve match facts and a 429 stops all further provider requests with Retry-After (1.0906ms)
✔ unsupported successful timelines do not starve older games while transport failures remain retryable (10.7961ms)
✔ the history cursor advances only after a complete bounded older batch, and never erases earlier progress on failure (1.4828ms)
✔ invalid match IDs, malformed cursors and a 25-second budget are bounded before more upstream work (0.5589ms)
✔ a new non-overlapping latest page reopens completed or ongoing history and subsequently collects the hidden gap (20.81ms)
✔ a partial gap restart preserves a safe cursor across backoff and overlap keeps ordinary history progress (5.2578ms)
✔ an already observed all-private latest page cannot repeatedly reset older public-game backfill (17.128ms)
✔ PUUID encryption is authenticated, opaque and rotation-ready (2.6489ms)
✔ Riot gateway resolves Riot ID and reads the SOLO queue through bounded official endpoints (16.1336ms)
✔ Riot gateway classifies 429, 404, 5xx and malformed responses without exposing credentials (0.7688ms)
✔ production API configuration is independent of optional RSO and binds the exact callback (0.3809ms)
✔ RSO state is HMAC-bound and authorization URL never includes the client secret (0.8306ms)
✔ 0020 adds only the protected exchange cache and signed sync consumer route (0.9626ms)
✔ public Riot profile separates unlinked, connected, stale, temporary and rate-limited states (1.9248ms)
✔ recent solo uses queue 420, 20 matches, at most two concurrent requests and a summary-only result (37.7124ms)
✔ empty history and explicit remakes are known zero samples while malformed or wrong-scope details are unavailable (0.7344ms)
✔ rate limiting stops subsequent chunks and propagates bounded Retry-After (0.5219ms)
✔ total time, response size, unsafe IDs and duplicate IDs are bounded before further provider reads (0.7974ms)
✔ stored recent-solo summaries reject extra identity data, invalid counts and invalid numeric values (0.1792ms)
ℹ tests 61
ℹ suites 0
ℹ pass 61
ℹ fail 0
ℹ cancelled 0
ℹ skipped 0
ℹ todo 0
ℹ duration_ms 3357.5945
