[db-contract] isolated PostgreSQL 18 cluster started
✔ all journaled migrations install idempotently on a distinct empty PostgreSQL 18 database (833.523ms)
ℹ tests 1
ℹ suites 0
ℹ pass 1
ℹ fail 0
ℹ cancelled 0
ℹ skipped 0
ℹ todo 0
ℹ duration_ms 1490.0369
✔ four guards reject unsafe database targets (0.8983ms)
▶ migrations, constraints, repository, and transaction contracts hold on PostgreSQL 18
  ✔ forward migration preserves existing player rows and is idempotent (1023.5489ms)
  ✔ auth and TOTP constraints fail closed (111.8447ms)
  ✔ database auth repository persists durable session, TOTP, and rate-limit state (208.4769ms)
  ✔ registry uniqueness and lifecycle constraints are enforced (5.7345ms)
  ✔ PostgresPlayerRepository returns only public active projections (21.1908ms)
  ✔ domain change and audit append commit or roll back atomically (6.0762ms)
✔ migrations, constraints, repository, and transaction contracts hold on PostgreSQL 18 (1383.6329ms)
ℹ tests 8
ℹ suites 0
ℹ pass 8
ℹ fail 0
ℹ cancelled 0
ℹ skipped 0
ℹ todo 0
ℹ duration_ms 2062.6418
✔ usage storage: idempotency, KST days, visits, identity transitions, staff exclusions and durable limits (226.4677ms)
ℹ tests 1
ℹ suites 0
ℹ pass 1
ℹ fail 0
ℹ cancelled 0
ℹ skipped 0
ℹ todo 0
ℹ duration_ms 882.006
✔ 0041 fresh install, populated 0040 upgrade and reapply preserve enrollment history (2599.4299ms)
ℹ tests 1
ℹ suites 0
ℹ pass 1
ℹ fail 0
ℹ cancelled 0
ℹ skipped 0
ℹ todo 0
ℹ duration_ms 3261.5688
▶ administrator TOTP lifecycle is serialized, audited, and rolled back atomically
  ✔ a TOTP setup session that expires while queued cannot mutate security state (541.344ms)
  ✔ pending setup never rotates silently and explicit cancellation is auditable (14.7297ms)
  ✔ concurrent enable has one winner and revokes every session in its transaction (14.2749ms)
  ✔ audit insertion failure rolls credential, version, and revocation back (12.2361ms)
  ✔ concurrent self-disable deletes the factor and revokes all sessions exactly once (16.2413ms)
  ✔ USER is rejected while SUPER_ADMIN self-setup remains allowed (6.8735ms)
✔ administrator TOTP lifecycle is serialized, audited, and rolled back atomically (693.7021ms)
ℹ tests 7
ℹ suites 0
ℹ pass 7
ℹ fail 0
ℹ cancelled 0
ℹ skipped 0
ℹ todo 0
ℹ duration_ms 1360.2772
✔ S02 player mutations, legacy mapping, privacy, replay, and rollback hold on PostgreSQL 18 (1094.4808ms)
ℹ tests 1
ℹ suites 0
ℹ pass 1
ℹ fail 0
ℹ cancelled 0
ℹ skipped 0
ℹ todo 0
ℹ duration_ms 1795.4199
▶ season lifecycle, participation ownership, idempotency and audit contracts hold on PostgreSQL 18
  ✔ retired lifecycle timestamps reject activated or ended history (2.8192ms)
  ✔ concurrent activation leaves exactly one active season (137.3205ms)
  ✔ clone creates a draft and stale clone revision is rejected (8.5041ms)
  ✔ Kakao provenance hash and position invariants are enforced by PostgreSQL (222.7102ms)
  ✔ SUPER resolves or cancels pending Kakao applications with idempotency, merge policy and safe team handoff (258.7468ms)
  ✔ SITE upsert reuses the same player/date/round row imported from Kakao (25.6237ms)
  ✔ command receipts expire after 24 hours and an expired key is safely reusable (8.1962ms)
  ✔ season audit snapshots retain lifecycle and schedule field diffs (12.9241ms)
  ✔ clone and cancellation roll back with their audit event (9.2724ms)
  ✔ owner cancellation, resubmission and admin review honor revisions (80.3154ms)
  ✔ public DTO excludes member, login, Discord and internal review fields (6.1647ms)
  ✔ public status counts cover the full roster while the projection is capped at 200 (47.4766ms)
  ✔ viewer approval and active-player capability are rechecked from the database (28.077ms)
  ✔ non-approved account is rechecked inside the mutation transaction (0.8759ms)
  ✔ ACCOUNT and ADMIN purposes cannot cross-authorize season commands (1.762ms)
  ✔ ADMIN and SUPER_ADMIN roles may use approved user actions only through ACCOUNT sessions (28.3515ms)
  ✔ session revocation wins over a queued ACCOUNT mutation (172.881ms)
  ✔ optional TOTP removal preserves a valid password-only ADMIN session (173.4786ms)
  ✔ soft-deleted account is rejected again inside the mutation transaction (1.4529ms)
  ✔ reviewer history restricts hard deletion of the reviewer account (4.0147ms)
  ✔ audit failure rolls the season and idempotency receipt back together (3.5968ms)
  ✔ ending and retirement preserve history instead of cascading deletion (9.6455ms)
✔ season lifecycle, participation ownership, idempotency and audit contracts hold on PostgreSQL 18 (1343.0313ms)
✔ site and Kakao serialize the last seat, allow explicit reserves and block closed rounds (321.1434ms)
ℹ tests 24
ℹ suites 0
ℹ pass 24
ℹ fail 0
ℹ cancelled 0
ℹ skipped 0
ℹ todo 0
ℹ duration_ms 2396.1391
▶ site capacity transition queue is atomic, scoped, replay-safe and offline tolerant
  ✔ UNVERIFIED matches only one-candidate review items (11.2988ms)
  ✔ website roster ignores legacy pending in another scope or mode (77.2919ms)
  ✔ 9 to 10, retry and unchanged 10 create a single notification (41.6312ms)
  ✔ failed application transaction rolls back its notification (24.0039ms)
  ✔ another scope or target cannot claim and replay is refused (10.7037ms)
  ✔ offline lease expires, concurrent polls claim once, ACK is idempotent (26.3871ms)
  ✔ uncertain send is terminal; a newer 9 to 10 transition remains separate (35.6458ms)
  ✔ expiry, failure bound and retention are enforced (35.6269ms)
✔ site capacity transition queue is atomic, scoped, replay-safe and offline tolerant (350.1799ms)
ℹ tests 9
ℹ suites 0
ℹ pass 9
ℹ fail 0
ℹ cancelled 0
ℹ skipped 0
ℹ todo 0
ℹ duration_ms 1049.6892
✔ S01 account lifecycle, recovery security, races, replay, and rollback hold on PostgreSQL 18 (3825.6703ms)
ℹ tests 1
ℹ suites 0
ℹ pass 1
ℹ fail 0
ℹ cancelled 0
ℹ skipped 0
ℹ todo 0
ℹ duration_ms 7966.3661
▶ S04 stores participant display identity and rejection reasons as durable history
  ✔ published detail keeps ten KDA rows and exposes a real API 404/fallback contract (47.6795ms)
  ✔ registry rename does not rewrite a recorded participant or its archived revision (239.4863ms)
  ✔ reject after and reopen before audit snapshots retain the cleared public reason (16.1817ms)
  ✔ web submission accepts only the owner's current valid selected team draft (23.7224ms)
  ✔ admin match creation rechecks and persists the exact selected team draft (20.4539ms)
  ✔ submission approval carries team-balance provenance through match history and outbox (35.8428ms)
✔ S04 stores participant display identity and rejection reasons as durable history (533.9721ms)
ℹ tests 7
ℹ suites 0
ℹ pass 7
ℹ fail 0
ℹ cancelled 0
ℹ skipped 0
ℹ todo 0
ℹ duration_ms 1220.5335
▶ match writes accept password-only administrators and enforce current session boundaries
  ✔ ADMIN without TOTP (16.6428ms)
  ✔ SUPER_ADMIN without TOTP (2.5852ms)
  ✔ existing TOTP session (3.3074ms)
  ✔ ACCOUNT cookie cannot authorize admin import (2.2335ms)
  ✔ ordinary member (1.7555ms)
  ✔ revoked session (2.0289ms)
  ✔ expired session despite earlier request time (1.7738ms)
  ✔ stale auth version (2.1219ms)
  ✔ changed role (1.8621ms)
  ✔ suspended account (1.545ms)
  ✔ deleted account (1.5808ms)
  ✔ password reset required (1.8138ms)
  ✔ fixture session cannot write (2.1991ms)
  ✔ approved member submission (2.0418ms)
✔ match writes accept password-only administrators and enforce current session boundaries (133.3414ms)
ℹ tests 15
ℹ suites 0
ℹ pass 15
ℹ fail 0
ℹ cancelled 0
ℹ skipped 0
ℹ todo 0
ℹ duration_ms 794.4852
✔ S05 rebuilds PUBLISHED match statistics atomically and receipts make replay idempotent (370.0359ms)
ℹ tests 1
ℹ suites 0
ℹ pass 1
ℹ fail 0
ℹ cancelled 0
ℹ skipped 0
ℹ todo 0
ℹ duration_ms 1075.5148
✔ S10 media publication requires a live admin session and is idempotent, asset-safe, auditable, and soft archived (289.4212ms)
✔ S10 admin upload persists STAGED to READY, lists by exact draft, attaches safely, and tombstones unused assets (237.9813ms)
ℹ tests 2
ℹ suites 0
ℹ pass 2
ℹ fail 0
ℹ cancelled 0
ℹ skipped 0
ℹ todo 0
ℹ duration_ms 1275.7209
✔ team internal experience counts published games only and converges after void and restore (222.6434ms)
✔ team-only override requires a live SUPER session and recent solo provider requires connected fresh identity (258.9951ms)
✔ S06 draft lifecycle is owner/admin authorized, append-only, transactional, and idempotent (603.9658ms)
ℹ tests 3
ℹ suites 0
ℹ pass 3
ℹ fail 0
ℹ cancelled 0
ℹ skipped 0
ℹ todo 0
ℹ duration_ms 1803.281
✔ S05-B persists canonical full-ledger MMR replay without competing for the S04 outbox (2526.4852ms)
ℹ tests 1
ℹ suites 0
ℹ pass 1
ℹ fail 0
ℹ cancelled 0
ℹ skipped 0
ℹ todo 0
ℹ duration_ms 3292.1625
✔ S09 PostgreSQL adapter commits aggregate, receipt, audit and outbox atomically with owner/session checks (215.9243ms)
✔ party member statistics are bounded and count distinct parties and primary companions (84.0542ms)
✔ S09 PostgreSQL adapter binds a BOT nonce to exactly one signed request identity (91.0382ms)
✔ Kakao aggregate controllers block confused-deputy lifecycle mutations (141.8567ms)
✔ V4 scrim finish completes only the active same-room target and replays without duplicate writes (107.6416ms)
✔ concurrent V4 party member commands serialize on the locked latest aggregate (269.7228ms)
✔ concurrent V4 scrim participant commands compose after the database row lock (161.9308ms)
ℹ tests 7
ℹ suites 0
ℹ pass 7
ℹ fail 0
ℹ cancelled 0
ℹ skipped 0
ℹ todo 0
ℹ duration_ms 1803.7713
✔ S09 operation forms persist signed submissions and ADMIN TOTP mutations atomically (248.7496ms)
ℹ tests 1
ℹ suites 0
ℹ pass 1
ℹ fail 0
ℹ cancelled 0
ℹ skipped 0
ℹ todo 0
ℹ duration_ms 923.4518
✔ signed Kakao reads persist safe replay receipts and isolate recruit members to the bound room (159.6965ms)
✔ in-house round metadata persists schedule and notice, clears on full snapshot, and isolates authoritative mode transitions by room (295.9772ms)
✔ authoritative Kakao season sync withdraws only same-room same-round RIFT rows and replays without writes (181.3572ms)
✔ signed Kakao season snapshots match exact players and preserve unresolved entries for review (160.3712ms)
✔ recoverable Kakao season rows save valid players, queue review rows, preserve omitted slots, and cancel explicit blanks (121.7906ms)
✔ in-house shortcuts and full snapshots enforce integrated SITE capacity while preserving confirmed decisions (187.2168ms)
✔ in-house finish preserves every roster row, hides the round, and replays without writes (121.9762ms)
✔ editable inhouse forms count unlinked names, merge concurrent additions, protect SITE rows and retain closed rosters (436.0248ms)
✔ name-first in-house copies keep pending slots and merge metadata without overwriting newer edits (190.5785ms)
✔ in-house copy forms reopen a vacated reserve slot and preserve the remaining roster (150.1364ms)
✔ owner-created Kakao image sessions bind sender, finalize private assets, replay, and revoke (134.5355ms)
✔ Kakao admin settings and health repair require SUPER TOTP and persist receipts, audit, and outbox (164.7853ms)
✔ inhouse roster matching uses bounded lookups for ten members and guests (237.0846ms)
ℹ {"label":"1-members-save","queries":31,"memberLookups":1,"applicationLookups":1,"elapsedMs":12}
ℹ {"label":"1-members-unchanged","queries":26,"memberLookups":0,"applicationLookups":0,"elapsedMs":12}
ℹ {"label":"10-members-save","queries":40,"memberLookups":1,"applicationLookups":1,"elapsedMs":16}
ℹ {"label":"10-members-unchanged","queries":26,"memberLookups":0,"applicationLookups":0,"elapsedMs":10}
ℹ {"label":"10-guests-save","queries":39,"memberLookups":1,"applicationLookups":0,"elapsedMs":15}
ℹ {"label":"10-guests-unchanged","queries":27,"memberLookups":1,"applicationLookups":0,"elapsedMs":10}
✔ inhouse overview projects all three modes and excludes other rooms, closed rounds and drafts (93.1318ms)
ℹ tests 14
ℹ suites 0
ℹ pass 14
ℹ fail 0
ℹ cancelled 0
ℹ skipped 0
ℹ todo 0
ℹ duration_ms 3466.0894
▶ Kakao short form originals are durable, scoped, reusable and expire at 06:00 KST
  ✔ scope, kind, target and operating-day binding are mandatory (6.0837ms)
  ✔ concurrent readers reuse a single durable original (92.1882ms)
  ✔ transaction rollback does not leave an issued code behind (3.3379ms)
  ✔ database constraints fail closed even when application validation is bypassed (109.0423ms)
  ✔ midnight preserves the code but the exact 06:00 boundary rejects it (60.1691ms)
  ✔ bounded retention cleanup never removes a live original (27.4886ms)
✔ Kakao short form originals are durable, scoped, reusable and expire at 06:00 KST (416.124ms)
ℹ tests 7
ℹ suites 0
ℹ pass 7
ℹ fail 0
ℹ cancelled 0
ℹ skipped 0
ℹ todo 0
ℹ duration_ms 1083.6273
✔ one installation maps to exactly one canonical room without room parsing or sender allowlists (268.3713ms)
ℹ tests 1
ℹ suites 0
ℹ pass 1
ℹ fail 0
ℹ cancelled 0
ℹ skipped 0
ℹ todo 0
ℹ duration_ms 959.0524
✔ ADR0011 lists more than twenty parties without snapshots and reads scoped active/draft details directly (147.8512ms)
ℹ tests 1
ℹ suites 0
ℹ pass 1
ℹ fail 0
ℹ cancelled 0
ℹ skipped 0
ℹ todo 0
ℹ duration_ms 843.7794
✔ [P0-FIXTURE] input-tolerance matrix is pinned to the unchanged V1 oracle (1.0438ms)
✔ [P0-PARTY-01] punctuation, full-width, escape, and whitespace rows have one semantic member (7.157ms)
✔ [P0-PARTY-02] an explicit empty slot is valid but an absent slot row is not a full snapshot (3.4516ms)
✔ [P0-PARTY-03] slash and comma in one reserve row stay in one display name (0.3779ms)
✔ [P0-PARTY-04] a 2-person title cannot overwrite an existing 5-person recruit target (1.1588ms)
✔ [P0-PARTY-05] conflicting duplicate slot rows reject the whole snapshot (0.568ms)
✔ [P0-PARTY-06] member order is canonical and independent of pasted row order (0.6191ms)
✔ [P0-PARTY-07] name suffix notes, emoji, and Kakao tags are preserved (1.1112ms)
✔ [P0-PARTY-08] multiline metadata values match their single-line semantic values (1.1187ms)
✔ [P0-PARTY-09] an automatic-number empty draft never creates a recruit (0.788ms)
✔ [P0-OPS-01] all four forms preserve values continued on the following line (2.7572ms)
✔ [P0-OPS-02] all four forms expose exact missing-field contracts without submission (0.6494ms)
✔ [P0-OPS-03] parentheses and comma stay in the person name instead of becoming an implicit delimiter (0.1785ms)
✔ [P0-OPS-04] ordinary conversation and partial label discussions remain UNKNOWN (0.8944ms)
✔ [P0-OPS-05:friends] field order does not alter the canonical payload (0.3687ms)
✔ [P0-OPS-06:friends] a conflicting duplicate label rejects the whole form (0.2484ms)
✔ [P0-OPS-07:friends] arbitrary footer text cannot contaminate the last field (0.2937ms)
✔ [P0-OPS-05:suggestions] field order does not alter the canonical payload (0.228ms)
✔ [P0-OPS-06:suggestions] a conflicting duplicate label rejects the whole form (0.1435ms)
✔ [P0-OPS-07:suggestions] arbitrary footer text cannot contaminate the last field (0.2102ms)
✔ [P0-OPS-05:meetups] field order does not alter the canonical payload (0.267ms)
✔ [P0-OPS-06:meetups] a conflicting duplicate label rejects the whole form (0.1935ms)
✔ [P0-OPS-07:meetups] arbitrary footer text cannot contaminate the last field (0.2844ms)
✔ [P0-OPS-05:leaves] field order does not alter the canonical payload (0.2604ms)
✔ [P0-OPS-06:leaves] a conflicting duplicate label rejects the whole form (0.1752ms)
✔ [P0-OPS-07:leaves] arbitrary footer text cannot contaminate the last field (0.2316ms)
✔ [P0-OPS-08] prose mentioning every label is not classified as a form (0.1498ms)
✔ [P0-IDEMPOTENCY-01] the same event is dispatched exactly once and then replayed (0.6451ms)
✔ [P0-IDEMPOTENCY-02] different events with one semantic payload are both dispatched (0.6409ms)
✔ [P0-MULTIUSER-01] same-room events from different senders reach edit and finish dispatch (0.5014ms)
✔ [P0-CANONICAL-01] V1-local fullwidth slash and digits canonicalize to the same finish command on the server (0.1643ms)
✔ [P0-CANONICAL-02] finish and detail commands tolerate whitespace after the copied hash marker (0.5194ms)
✔ [P0-MULTIUSER-02] PostgreSQL contract proves same-room cross-user edit/finish and different-room no-mutation without an administrator role (245.6613ms)
ℹ tests 33
ℹ suites 0
ℹ pass 33
ℹ fail 0
ℹ cancelled 0
ℹ skipped 0
ℹ todo 0
ℹ duration_ms 1014.0178
(node:32764) DeprecationWarning: Calling client.query() when the client is already executing a query is deprecated and will be removed in pg@9.0. Use async/await or an external async flow control mechanism instead.
(Use `node --trace-deprecation ...` to show where the warning was created)
✔ S07 event adapter persists exact-ten lifecycle, S06 teams, correction invalidation and owner-safe reads (1026.2578ms)
ℹ tests 1
ℹ suites 0
ℹ pass 1
ℹ fail 0
ℹ cancelled 0
ℹ skipped 0
ℹ todo 0
ℹ duration_ms 1772.1201
✔ S08 adapter persists recruitment, seeded auction, BO stages, roster history, MVP revote and atomic receipts (4359.7391ms)
ℹ tests 1
ℹ suites 0
ℹ pass 1
ℹ fail 0
ℹ cancelled 0
ℹ skipped 0
ℹ todo 0
ℹ duration_ms 5141.8913
✔ S13 settings, AI ledger and signed maintenance preserve authorization and idempotency contracts (371.1059ms)
ℹ tests 1
ℹ suites 0
ℹ pass 1
ℹ fail 0
ℹ cancelled 0
ℹ skipped 0
ℹ todo 0
ℹ duration_ms 1074.4218
✔ storage probe atomically limits concurrent jobs, rejects replay, and records synthetic storage success and failure (157.6841ms)
ℹ tests 1
ℹ suites 0
ℹ pass 1
ℹ fail 0
ℹ cancelled 0
ℹ skipped 0
ℹ todo 0
ℹ duration_ms 818.4417
✔ admin diagnostics aggregate only current notice scope and fixed operational evidence in a bounded read-only transaction (266.9812ms)
ℹ tests 1
ℹ suites 0
ℹ pass 1
ℹ fail 0
ℹ cancelled 0
ℹ skipped 0
ℹ todo 0
ℹ duration_ms 936.1266
✔ 0045 fresh, populated 0044 upgrade and replay preserve existing Riot links and summaries (2906.713ms)
✔ Riot analytics archive deduplicates, pages without upstream access, retains daily observations and hides changed connections (249.2154ms)
✔ S12 Riot persistence keeps owner auth, one-time RSO, jobs, receipts, audit and outbox atomic (477.1427ms)
ℹ tests 3
ℹ suites 0
ℹ pass 3
ℹ fail 0
ℹ cancelled 0
ℹ skipped 0
ℹ todo 0
ℹ duration_ms 4358.4163
✔ production RSO cache and signed sync job survive application retry without persisting credentials (464.5838ms)
✔ scheduled Riot repository excludes ineligible identities and duplicate/recent work (125.0796ms)
✔ Riot key probe persists only safe outcomes and rejects replay, rapid retry, invalid signature and disabled flag (94.5883ms)
ℹ tests 3
ℹ suites 0
ℹ pass 3
ℹ fail 0
ℹ cancelled 0
ℹ skipped 0
ℹ todo 0
ℹ duration_ms 1386.217
✔ S11 discipline records and private evidence persist with masked ownership, replay, and exact review state (443.0923ms)
ℹ tests 1
ℹ suites 0
ℹ pass 1
ℹ fail 0
ℹ cancelled 0
ℹ skipped 0
ℹ todo 0
ℹ duration_ms 1199.1425
✔ S10 champion catalog keeps live ADMIN session mutations, replay and durable ledgers atomic (283.243ms)
✔ S10 champion image backfill applies and rolls back all 173 NULL fixture rows (192.5335ms)
ℹ tests 2
ℹ suites 0
ℹ pass 2
ℹ fail 0
ℹ cancelled 0
ℹ skipped 0
ℹ todo 0
ℹ duration_ms 1191.197
{"kind":"isolated-postgresql-recovery","archiveBytes":1143063,"archiveSha256":"4f5d181b2aa1ccd66d21a148c6c11f60202579d27f58ef43e32cc4640243acaf","migrationCount":48,"migrationHead":"0047_usage_analytics","tableCount":112,"schemaDefinitionCount":3607,"exactTableCountsMatched":true,"fixtureRelationMatched":true,"foreignKeysValidated":true,"migrationReplayNoop":true,"failedMigrationRolledBack":true}
✔ PostgreSQL custom archive restores the complete schema, data and migration head (2965.8458ms)
ℹ tests 1
ℹ suites 0
ℹ pass 1
ℹ fail 0
ℹ cancelled 0
ℹ skipped 0
ℹ todo 0
ℹ duration_ms 3623.9368
✔ bounded maintenance deletes only expired rows and records an atomic replayable result (133.7719ms)
ℹ tests 1
ℹ suites 0
ℹ pass 1
ℹ fail 0
ℹ cancelled 0
ℹ skipped 0
ℹ todo 0
ℹ duration_ms 829.8363
[browser-qa-ready] http://127.0.0.1:61701; synthetic credentials retained only in ignored .tmp file
[browser-qa-command] ready | code | empty | season-error | season-restore | account-error | account-restore | sessions-error | sessions-restore | bump-approved | stop
[db-contract] cluster stopped and disposable workspace path removed
