
> klol-gg-v2@0.1.0 test:db
> tsx scripts/test-db/run-data-contracts.ts

[db-contract] isolated PostgreSQL 18 cluster started
✔ S09 PostgreSQL adapter commits aggregate, receipt, audit and outbox atomically with owner/session checks (926.6924ms)
✔ party member statistics are bounded and count distinct parties and primary companions (74.6327ms)
✔ S09 PostgreSQL adapter binds a BOT nonce to exactly one signed request identity (81.3033ms)
✔ Kakao aggregate controllers block confused-deputy lifecycle mutations (146.6102ms)
✔ V4 scrim finish completes only the active same-room target and replays without duplicate writes (82.3752ms)
✔ concurrent V4 party member commands serialize on the locked latest aggregate (174.7209ms)
✔ concurrent V4 scrim participant commands compose after the database row lock (145.224ms)
ℹ tests 7
ℹ suites 0
ℹ pass 7
ℹ fail 0
ℹ cancelled 0
ℹ skipped 0
ℹ todo 0
ℹ duration_ms 2313.553
✔ S09 operation forms persist signed submissions and ADMIN TOTP mutations atomically (147.3942ms)
ℹ tests 1
ℹ suites 0
ℹ pass 1
ℹ fail 0
ℹ cancelled 0
ℹ skipped 0
ℹ todo 0
ℹ duration_ms 815.3841
✔ signed Kakao reads persist safe replay receipts and isolate recruit members to the bound room (136.7946ms)
✔ in-house round metadata persists schedule and notice, clears on full snapshot, and isolates authoritative mode transitions by room (274.5642ms)
✔ authoritative Kakao season sync withdraws only same-room same-round RIFT rows and replays without writes (164.7604ms)
✔ signed Kakao season snapshots match exact players and preserve unresolved entries for review (150.4648ms)
✔ recoverable Kakao season rows save valid players, queue review rows, preserve omitted slots, and cancel explicit blanks (113.7988ms)
✔ in-house shortcuts and full snapshots enforce integrated SITE capacity while preserving confirmed decisions (177.2595ms)
✔ in-house finish cancels only mutable same-room rows, hides the round, and replays without writes (108.134ms)
✔ in-house copied forms save names without organizer, preserve lanes, and reject concurrent, legacy destructive and stale-day copies (233.3633ms)
✔ owner-created Kakao image sessions bind sender, finalize private assets, replay, and revoke (132.7913ms)
✔ Kakao admin settings and health repair require SUPER TOTP and persist receipts, audit, and outbox (158.7224ms)
ℹ tests 10
ℹ suites 0
ℹ pass 10
ℹ fail 0
ℹ cancelled 0
ℹ skipped 0
ℹ todo 0
ℹ duration_ms 2427.5342
✔ one installation maps to exactly one canonical room without room parsing or sender allowlists (285.8517ms)
ℹ tests 1
ℹ suites 0
ℹ pass 1
ℹ fail 0
ℹ cancelled 0
ℹ skipped 0
ℹ todo 0
ℹ duration_ms 969.471
✔ [P0-FIXTURE] input-tolerance matrix is pinned to the unchanged V1 oracle (1.0705ms)
✔ [P0-PARTY-01] punctuation, full-width, escape, and whitespace rows have one semantic member (6.27ms)
✔ [P0-PARTY-02] an explicit empty slot is valid but an absent slot row is not a full snapshot (3.8284ms)
✔ [P0-PARTY-03] slash and comma in one reserve row stay in one display name (0.2956ms)
✔ [P0-PARTY-04] a 2-person title cannot overwrite an existing 5-person recruit target (1.0455ms)
✔ [P0-PARTY-05] conflicting duplicate slot rows reject the whole snapshot (0.453ms)
✔ [P0-PARTY-06] member order is canonical and independent of pasted row order (0.4541ms)
✔ [P0-PARTY-07] name suffix notes, emoji, and Kakao tags are preserved (0.7114ms)
✔ [P0-PARTY-08] multiline metadata values match their single-line semantic values (0.7065ms)
✔ [P0-PARTY-09] an automatic-number empty draft never creates a recruit (1.0197ms)
✔ [P0-OPS-01] all four forms preserve values continued on the following line (2.5942ms)
✔ [P0-OPS-02] all four forms expose exact missing-field contracts without submission (0.6253ms)
✔ [P0-OPS-03] parentheses and comma stay in the person name instead of becoming an implicit delimiter (0.1722ms)
✔ [P0-OPS-04] ordinary conversation and partial label discussions remain UNKNOWN (0.9199ms)
✔ [P0-OPS-05:friends] field order does not alter the canonical payload (0.3214ms)
✔ [P0-OPS-06:friends] a conflicting duplicate label rejects the whole form (0.3254ms)
✔ [P0-OPS-07:friends] arbitrary footer text cannot contaminate the last field (0.4243ms)
✔ [P0-OPS-05:suggestions] field order does not alter the canonical payload (0.2827ms)
✔ [P0-OPS-06:suggestions] a conflicting duplicate label rejects the whole form (0.139ms)
✔ [P0-OPS-07:suggestions] arbitrary footer text cannot contaminate the last field (0.1993ms)
✔ [P0-OPS-05:meetups] field order does not alter the canonical payload (0.2543ms)
✔ [P0-OPS-06:meetups] a conflicting duplicate label rejects the whole form (0.1799ms)
✔ [P0-OPS-07:meetups] arbitrary footer text cannot contaminate the last field (0.243ms)
✔ [P0-OPS-05:leaves] field order does not alter the canonical payload (0.2416ms)
✔ [P0-OPS-06:leaves] a conflicting duplicate label rejects the whole form (0.1725ms)
✔ [P0-OPS-07:leaves] arbitrary footer text cannot contaminate the last field (0.211ms)
✔ [P0-OPS-08] prose mentioning every label is not classified as a form (0.163ms)
✔ [P0-IDEMPOTENCY-01] the same event is dispatched exactly once and then replayed (0.9584ms)
✔ [P0-IDEMPOTENCY-02] different events with one semantic payload are both dispatched (0.5442ms)
✔ [P0-MULTIUSER-01] same-room events from different senders reach edit and finish dispatch (0.4104ms)
✔ [P0-CANONICAL-01] V1-local fullwidth slash and digits canonicalize to the same finish command on the server (0.1406ms)
✔ [P0-CANONICAL-02] finish and detail commands tolerate whitespace after the copied hash marker (0.18ms)
✔ [P0-MULTIUSER-02] PostgreSQL contract proves same-room cross-user edit/finish and different-room no-mutation without an administrator role (114.9215ms)
ℹ tests 33
ℹ suites 0
ℹ pass 33
ℹ fail 0
ℹ cancelled 0
ℹ skipped 0
ℹ todo 0
ℹ duration_ms 874.7629
[db-contract] cluster stopped and disposable workspace path removed
