
> klol-gg-v2@0.1.0 check
> npm run lint && npm run typecheck && npm run db:erd:check && npm test && npm run verify:home-guide-art && npm run build


> klol-gg-v2@0.1.0 lint
> eslint


E:\k-LOL.GG\worktrees\ux-discoverability-20261002\integrations\messengerbot-r\KLOL_KAKAO_BOT_V41_MESSENGERBOT_R.js
   1:838   warning  'e' is defined but never used  @typescript-eslint/no-unused-vars
   5:130   warning  'e' is defined but never used  @typescript-eslint/no-unused-vars
  32:231   warning  'e' is defined but never used  @typescript-eslint/no-unused-vars
  33:79    warning  'e' is defined but never used  @typescript-eslint/no-unused-vars
  33:196   warning  'e' is defined but never used  @typescript-eslint/no-unused-vars
  34:274   warning  'e' is defined but never used  @typescript-eslint/no-unused-vars
  35:200   warning  'e' is defined but never used  @typescript-eslint/no-unused-vars
  36:66    warning  'e' is defined but never used  @typescript-eslint/no-unused-vars
  44:347   warning  'n' is defined but never used  @typescript-eslint/no-unused-vars
  54:409   warning  'e' is defined but never used  @typescript-eslint/no-unused-vars
  56:71    warning  'e' is defined but never used  @typescript-eslint/no-unused-vars
  59:168   warning  'e' is defined but never used  @typescript-eslint/no-unused-vars
  60:318   warning  'e' is defined but never used  @typescript-eslint/no-unused-vars
  65:1002  warning  'e' is defined but never used  @typescript-eslint/no-unused-vars
  74:403   warning  'e' is defined but never used  @typescript-eslint/no-unused-vars
  75:151   warning  'e' is defined but never used  @typescript-eslint/no-unused-vars
  75:216   warning  'e' is defined but never used  @typescript-eslint/no-unused-vars
  75:497   warning  'e' is defined but never used  @typescript-eslint/no-unused-vars
  78:2934  warning  'e' is defined but never used  @typescript-eslint/no-unused-vars
  79:8     warning  'e' is defined but never used  @typescript-eslint/no-unused-vars
  80:116   warning  'e' is defined but never used  @typescript-eslint/no-unused-vars
  81:378   warning  'e' is defined but never used  @typescript-eslint/no-unused-vars

E:\k-LOL.GG\worktrees\ux-discoverability-20261002\integrations\messengerbot-r\KLOL_KAKAO_BOT_V41_V1_COMPAT.js
  1:1  warning  Unused eslint-disable directive (no problems were reported)

E:\k-LOL.GG\worktrees\ux-discoverability-20261002\integrations\messengerbot-r\KLOL_KAKAO_BOT_V41_V2_COMPLETE.js
    2:5  warning  'KLOL_V41_BUNDLE_START_SENTINEL' is assigned a value but never used  @typescript-eslint/no-unused-vars
  369:1  warning  Unused eslint-disable directive (no problems were reported)

E:\k-LOL.GG\worktrees\ux-discoverability-20261002\integrations\messengerbot-r\v1-strict\KLOL_KAKAO_BOT_V1_STRICT_MESSENGERBOT_R.js
     1:5   warning  'KLOL_V1_SOURCE_SHA256' is assigned a value but never used           @typescript-eslint/no-unused-vars
     2:5   warning  'KLOL_V1_EXTRACTED_SHA256' is assigned a value but never used        @typescript-eslint/no-unused-vars
     3:5   warning  'KLOL_V1_SOURCE_FUNCTIONS' is assigned a value but never used        @typescript-eslint/no-unused-vars
     6:5   warning  'KLOL_V1_TRANSPORT_SEAMS' is assigned a value but never used         @typescript-eslint/no-unused-vars
    38:10  warning  'ignored' is defined but never used                                  @typescript-eslint/no-unused-vars
   131:10  warning  'ignored' is defined but never used                                  @typescript-eslint/no-unused-vars
   228:5   warning  'PARTY_RECRUIT_STATUS_API_URL' is assigned a value but never used    @typescript-eslint/no-unused-vars
   239:46  warning  'ignored' is defined but never used                                  @typescript-eslint/no-unused-vars
   304:10  warning  'ignoredJavaNormalizationError' is defined but never used            @typescript-eslint/no-unused-vars
   314:10  warning  'parsePartyMemberMutationCommand' is defined but never used          @typescript-eslint/no-unused-vars
   457:10  warning  'error' is defined but never used                                    @typescript-eslint/no-unused-vars
   476:10  warning  'error' is defined but never used                                    @typescript-eslint/no-unused-vars
   491:10  warning  'error' is defined but never used                                    @typescript-eslint/no-unused-vars
   529:10  warning  'error' is defined but never used                                    @typescript-eslint/no-unused-vars
   555:10  warning  'error' is defined but never used                                    @typescript-eslint/no-unused-vars
   567:10  warning  'error' is defined but never used                                    @typescript-eslint/no-unused-vars
   605:10  warning  'error' is defined but never used                                    @typescript-eslint/no-unused-vars
   609:29  warning  'room' is defined but never used                                     @typescript-eslint/no-unused-vars
   609:35  warning  'sender' is defined but never used                                   @typescript-eslint/no-unused-vars
   609:43  warning  'imageBase64' is defined but never used                              @typescript-eslint/no-unused-vars
   609:56  warning  'replier' is defined but never used                                  @typescript-eslint/no-unused-vars
   612:36  warning  'room' is defined but never used                                     @typescript-eslint/no-unused-vars
   612:42  warning  'sender' is defined but never used                                   @typescript-eslint/no-unused-vars
   612:50  warning  'replier' is defined but never used                                  @typescript-eslint/no-unused-vars
   754:77  warning  'packageName' is defined but never used                              @typescript-eslint/no-unused-vars
   765:10  warning  'ignoredImageError' is defined but never used                        @typescript-eslint/no-unused-vars
   769:10  warning  'ignoredImageBase64Error' is defined but never used                  @typescript-eslint/no-unused-vars
   782:10  warning  'ignoredImageBitmapError' is defined but never used                  @typescript-eslint/no-unused-vars
  1798:5   warning  'isOperationFormCompleteMessage' is assigned a value but never used  @typescript-eslint/no-unused-vars
  1800:5   warning  'isSeasonApplyCompleteMessage' is assigned a value but never used    @typescript-eslint/no-unused-vars
  1830:10  warning  'response' is defined but never used                                 @typescript-eslint/no-unused-vars
  1838:12  warning  'ignoredDiagnosticReply' is defined but never used                   @typescript-eslint/no-unused-vars

E:\k-LOL.GG\worktrees\ux-discoverability-20261002\src\modules\matches\infrastructure\postgres-match-transaction-authorizer.ts
  11:73  warning  '_now' is defined but never used  @typescript-eslint/no-unused-vars

✖ 58 problems (0 errors, 58 warnings)
  0 errors and 2 warnings potentially fixable with the `--fix` option.


> klol-gg-v2@0.1.0 typecheck
> tsc --noEmit


> klol-gg-v2@0.1.0 db:erd:check
> tsx scripts/database/generate-erd.ts --check

[db:erd] up to date: 111 tables, 173 foreign keys, schema sha256 0601644420b7cbdc056c1f307d67aec845c6190d005d31c5143cc44cb0d4baa2

> klol-gg-v2@0.1.0 test
> npm run test:contracts && npm run test:unit


> klol-gg-v2@0.1.0 test:contracts
> node --test tests/*.test.mjs

✔ public match and player detail use the same allowlisted champion portrait with a safe fallback (5.972ms)
✔ my account connects bounded participation and current discipline status to details and evidence (3.0201ms)
✔ event and destruction details retain actions while exposing readable lifecycle and result hierarchy (1.2321ms)
✔ own player mutation keeps approval, origin, revision and idempotency guards (5.2062ms)
✔ own player form keeps one idempotency key for an uncertain retry and explains Riot relinking (6.6594ms)
✔ account pages reuse the account shell and avoid decorative English headings (2.092ms)
✔ isolated account HTTP verification runs the real Chromium owner profile regression (6.5468ms)
✔ 역할 변경 API는 same-origin 세션 검사 뒤 일반 ADMIN을 mutation parsing 전에 거부한다 (4.4164ms)
✔ 역할 관리 UI와 목록 진입점은 SUPER_ADMIN에게만 노출된다 (6.4741ms)
✔ 승인된 미삭제 USER의 ADMIN 승격은 플레이어 연결을 요구하지 않는다 (1.0773ms)
✔ 플레이어 상세는 연결 계정 revision으로 기존 SUPER_ADMIN 역할 API를 안전하게 재사용한다 (2.1044ms)
✔ administrator balance status uses readable Korean operational labels (4.489ms)
✔ administrator balance navigation is a visible keyboard-focusable control (1.2547ms)
✔ discipline: lost creation response retries the exact payload/key and locks confirmed navigation (161.6386ms)
✔ discipline: simultaneous submits issue one creation request (50.7422ms)
✔ discipline: 5xx and unreadable success preserve identity and recover without a stuck form (45.2984ms)
✔ discipline: a definite first rejection allows correction with a new identity (42.2698ms)
✔ discipline: 401 after uncertainty does not abandon the original creation (30.7944ms)
✔ discipline: 403 after uncertainty does not abandon the original creation (33.5854ms)
✔ discipline: 429 after uncertainty does not abandon the original creation (32.3293ms)
✔ discipline: malformed success cannot unlock an unconfirmed creation (57.3641ms)
✔ highlight: lost creation response retries the exact payload/key and locks confirmed navigation (143.4452ms)
✔ highlight: simultaneous submits issue one creation request (131.355ms)
✔ highlight: 5xx and unreadable success preserve identity and recover without a stuck form (79.6326ms)
✔ highlight: a definite first rejection allows correction with a new identity (112.5163ms)
✔ highlight: 401 after uncertainty does not abandon the original creation (173.622ms)
✔ highlight: 403 after uncertainty does not abandon the original creation (142.7221ms)
✔ highlight: 429 after uncertainty does not abandon the original creation (105.667ms)
✔ highlight: malformed success cannot unlock an unconfirmed creation (61.5353ms)
✔ gallery: lost creation response retries the exact payload/key and locks confirmed navigation (95.3155ms)
✔ gallery: simultaneous submits issue one creation request (130.6491ms)
✔ gallery: 5xx and unreadable success preserve identity and recover without a stuck form (90.0576ms)
✔ gallery: a definite first rejection allows correction with a new identity (90.7355ms)
✔ gallery: 401 after uncertainty does not abandon the original creation (63.9612ms)
✔ gallery: 403 after uncertainty does not abandon the original creation (55.967ms)
✔ gallery: 429 after uncertainty does not abandon the original creation (68.244ms)
✔ gallery: malformed success cannot unlock an unconfirmed creation (69.1553ms)
✔ gallery: retry preserves selected files and partial upload results, attachment failure=false (130.9008ms)
✔ gallery: retry preserves selected files and partial upload results, attachment failure=true (121.1923ms)
✔ gallery: truncated attachment response cannot report a confirmed connection (110.0791ms)
✔ gallery: null attachment response cannot report a confirmed connection (134.3222ms)
✔ gallery: empty attachment response cannot report a confirmed connection (164.6664ms)
✔ gallery: invalid-revision attachment response cannot report a confirmed connection (109.9212ms)
✖ MMR 수동 조정은 raw UUID 대신 bounded 플레이어 선택기를 사용한다 (1.181ms)
✔ Riot 작업은 현재 목록에서 플레이어와 link를 선택하고 revision을 자동 계산한다 (1.0789ms)
✔ 징계 대상 선택은 관리자 전용 bounded endpoint의 allowlist metadata로 표시값을 채운다 (1.4202ms)
✔ 공통 bounded picker는 원격 metadata를 문자열 allowlist로 제한한다 (0.2972ms)
✔ the contracted match edit page reuses the guarded editor and preserves the AI review alias (3.2012ms)
✔ highlight: later pages remain reachable with status and page size (77.7795ms)
✔ highlight: all-status native GET works and filtered empty state has a reset (55.5142ms)
✔ highlight: boundaries use server-clamped current page without impossible directions (60.6337ms)
✔ highlight: invalid parameters recover without loading or relaxing strict validation (91.3088ms)
✔ highlight: load failure retries the same validated page and filter (21.5978ms)
✔ highlight: publication labels are readable and a published editor opens its public page (117.0363ms)
✔ highlight: filter controls remount when the applied page or filter changes (182.3709ms)
✔ gallery: later pages remain reachable with status and page size (13.8561ms)
✔ gallery: all-status native GET works and filtered empty state has a reset (35.0869ms)
✔ gallery: boundaries use server-clamped current page without impossible directions (64.9391ms)
✔ gallery: invalid parameters recover without loading or relaxing strict validation (125.9411ms)
✔ gallery: load failure retries the same validated page and filter (10.4082ms)
✔ gallery: publication labels are readable and a published editor opens its public page (81.1264ms)
✔ gallery: filter controls remount when the applied page or filter changes (85.8251ms)
✔ season administration presents lifecycle, status, source, and position labels in Korean (3.1492ms)
✔ account and settings administration avoid decorative English labels (1.41ms)
✔ admin HTTP guard matrix covers every canonical App Router page (113.353ms)
✔ administrator team draft pages use the ADMIN viewer and administrator mutation boundary (4.0438ms)
✔ administrator recommendation aliases remain same-origin permanent redirects (1.0048ms)
✔ administrator drafts support recoverable archive and persisted match registration (2.5583ms)
✔ season, date and round changes replace application form state in both editable branches (591.2292ms)
✔ position-free rounds do not display a fabricated main/sub position in own or public status (156.5477ms)
✔ a missing site application retains a direct path to recover Kakao member linking (35.6925ms)
✔ event position labels remain readable while form values retain the API position codes (30.5481ms)
✔ own status and public roster use the same Korean position labels as the application form (333.3459ms)
✔ ranking view and applied criteria replace stale unsaved filter inputs (19.9046ms)
✔ destruction format choices distinguish match lengths and retain the selected canonical filter (113.762ms)
✔ capture fixture example resolves every repository page without placeholders (316.4768ms)
✔ browser QA server emits setup credentials, actor identity and fail-fast dynamic source IDs (7.1778ms)
✔ browser quality boundary accepts WCAG and performance values at their budgets (2.0513ms)
✔ browser quality boundary reports semantic, keyboard, motion, axe and performance failures (0.3736ms)
✔ compact standalone auth pages do not require a skip link or a single h1 (0.1567ms)
✔ full-page capture uses stable light reduced-motion rendering and wakes lazy media (0.8784ms)
✔ full-page capture fails visible repository error states even when HTTP is 200 (0.1437ms)
✔ full-page capture accepts synthetic credentials through bounded stdin (0.1408ms)
✔ champion administrator pages reuse the highlight content shell and keep safe mutations (5.3374ms)
✔ champion read APIs keep public and administrator namespaces separated (2.1919ms)
✔ Data Dragon version monitor discovers the upstream latest version without changing the pinned catalog (14.3817ms)
✔ only documentation changed since the actual successful deployment can skip (1.4873ms)
✔ first deployments, manual redeploys, missing history and mismatched checkout build (0.2599ms)
✔ 핵심 일반 텍스트 토큰은 밝은 배경에서 WCAG AA 4.5:1 이상이다 (4.9611ms)
✔ 기능 상태 패널의 홈 링크는 AA 대비 primary 토큰 쌍을 사용한다 (1.7345ms)
✔ 작은 순위 숫자와 내 순위 배지는 4.5:1 이상의 실제 색 대비를 가진다 (2.1299ms)
✔ 순위 분류와 기능 검색 결과의 키보드 외곽선은 밝은 배경에서 3:1 이상이다 (13.012ms)
✔ uncertain destruction retry followed by 401 retains identity and inputs (37.9367ms)
✔ uncertain destruction retry followed by 403 retains identity and inputs (31.9939ms)
✔ uncertain destruction retry followed by 408 retains identity and inputs (16.2745ms)
✔ uncertain destruction retry followed by 429 retains identity and inputs (16.7332ms)
✔ confirmed destruction navigation stays locked (20.8663ms)
✔ destruction concurrent submits send one request before React renders (71.0163ms)
✔ destruction server errors and truncated JSON preserve the creation request (12.9696ms)
✔ a definite destruction input rejection allows correction with a new request (42.903ms)
✔ all eight supported preliminary formats keep distinct actual domain labels (38.6084ms)
✔ CLASSIC creation retains valid recruitment and preliminary-format payloads (236.2587ms)
✔ ARAM creation retains valid recruitment and preliminary-format payloads (247.9242ms)
✔ ARAM_MAYHEM creation retains valid recruitment and preliminary-format payloads (186.8347ms)
✔ public destruction detail keeps owner application, vote and explicit unavailable/error states (2.5524ms)
✔ administrator destruction workspaces expose the full staged lifecycle (8.6451ms)
✔ API source keeps account owner and ADMIN boundaries separate (1.9724ms)
✔ public discipline API exposes aggregate statistics only (5.5968ms)
✔ owner and admin evidence boundaries require session, revision, idempotency, and concealed reads (1.4399ms)
✔ regular administrators may read discipline details but only super administrators may mutate them (2.52ms)
✔ asset jobs accept signed requests only and are durably replay-guarded (5.4416ms)
✔ discipline pages declare real empty, error, and unavailable states (2.1081ms)
✔ discipline administrator headings and status labels are readable Korean (1.0413ms)
✔ file-read errors release the task and expose a recoverable error (320.2449ms)
✔ a lost attachment confirmation recovers through the existing READY asset without another raw upload (118.5151ms)
✔ READY submission keeps the same request identity after network loss and authentication rejection (69.1353ms)
✔ a READY submission with unreadable success reports uncertainty and releases its busy state (67.222ms)
✔ simultaneous READY clicks issue one submission (206.4274ms)
✔ a partial batch advances revision and stops after an unconfirmed response (78.4623ms)
✔ event creation retries the exact uncertain request and keeps editing locked until confirmation (161.4002ms)
✔ two submissions before render issue only one event request (22.4132ms)
✔ server errors and unreadable successful responses retain the original event identity (16.7383ms)
✔ a definite rejection unlocks correction and gives the corrected request a new identity (17.6839ms)
✔ an uncertain creation keeps its identity after retry receives 401 (14.4048ms)
✔ an uncertain creation keeps its identity after retry receives 403 (21.1922ms)
✔ an uncertain creation keeps its identity after retry receives 429 (12.0896ms)
✔ actual admin rendering exposes settings only while planned with no participants, including cancelled participants (382.2805ms)
✔ unchanged dates round-trip exactly through KST inputs across midnight independently of machine timezone (161.6229ms)
✔ edited settings use the existing command shape and reject invalid recruitment dates before sending (73.1771ms)
✔ lost response, server failure and unreadable success retry the same body, revision and idempotency key (73.2406ms)
✔ same-tick submits and another lifecycle operation are blocked through the successful refresh (61.0394ms)
✔ conflict preserves input until explicit reload; expired sessions return to this event after admin login (118.2798ms)
✔ correcting a rejected setting uses a distinct request identity (45.2988ms)
✔ unconfirmed success bodies retain the same request identity and never claim completion (397.3461ms)
✔ actual detail page resets local settings from the latest event revision after refresh (91.9342ms)
✔ actual admin page identifies each event mode and current lifecycle stage in Korean without losing links or authority (37.1251ms)
✔ actual participant rows distinguish position, registration source and cancelled participation without leaking unknown codes (24.6525ms)
✔ public competition pages expose list/detail/application states without administrator controls (5.0934ms)
✔ administrator event pages connect every lifecycle operation to protected canonical APIs (15.3451ms)
✔ legacy event routes reuse the common no-store same-origin redirect boundary (1.1258ms)
✔ the application menu marks exactly the selected application type, including query navigation (308.5641ms)
✔ clearing or resetting a slow player search cancels the request and returns to idle (213.0202ms)
✔ a superseded request cannot clear the loading state of the newer search (62.9383ms)
✔ full-page QA runner parses only tagged synthetic harness values (1.9899ms)
✔ full-page QA summary fails count drift and any route issue (0.1697ms)
✔ capture credentials use bounded stdin instead of command-line secrets (15.7078ms)
✔ capture CLI rejects unknown stdin credential fields before opening files or Chromium (266.7001ms)
✔ 홈과 데스크톱 메뉴는 이미 구현된 경기·팀 밸런스를 준비 중으로 표시하지 않는다 (28.5381ms)
✔ 홈 공개 집계는 활성 플레이어·시즌과 게시 경기만 센다 (4.3189ms)
✔ 홈 공개 피드는 실제 구인·대회와 완료된 멸망전 우승 갤러리를 조회한다 (53.0175ms)
✔ 홈 피드 공개 projection은 소유자·회원·Discord 필드를 선택하지 않는다 (1.1274ms)
✔ 홈은 DB 전체 활성 챔피언을 읽되 여성 허용 목록에서 KST 일일 안내 챔피언을 선택한다 (3.9329ms)
✔ 홈과 플레이어 찾기는 회원명 검색을 안내하되 회원명을 결과로 출력하지 않는다 (1.8656ms)
✔ 홈은 소개·랭킹·바로가기·소식·내 활동·기록 순서로 안내한다 (1.1724ms)
✔ ranking choices name all three rankings before the single slide and expose selection (158.5179ms)
✔ direct ranking choice stops rotation and updates its single slide and full-ranking destination (31.9604ms)
✔ named choices retain directional keyboard, previous/next and explicit play controls (23.8754ms)
✔ empty or single ranking does not expose impossible slide controls (35.404ms)
✔ a rejected native install prompt reports recovery and accepts a new browser offer (343.4748ms)
✔ installation prevents duplicate native prompts and waits for actual appinstalled (22.702ms)
✔ a ready browser offer is not overwritten by initial environment detection (28.5357ms)
✔ a late native choice cannot overwrite confirmed app installation (30.1781ms)
✔ Kakao admin API splits ADMIN reads from SUPER TOTP mutations (28.0152ms)
✔ legacy Kakao admin pages permanently redirect to canonical real-state tabs (54.8855ms)
✔ every canonical Kakao handler checks the stored feature policy (30.8793ms)
✔ owner image session creation honors site and Kakao feature switches (2.0645ms)
✔ Kakao assistant routes share raw-body HMAC and durable read receipts (39.3509ms)
✔ managed forms remain isolated while season snapshots and owner-bound images are durable (2.8949ms)
✔ legacy Kakao paths execute the signed canonical POST handlers without redirects (17.0101ms)
✔ Kakao route capability policy is explicit for every phone endpoint (51.4627ms)
✔ season member submissions and reads use the FEATURES room but force cancel has a trusted command gate (9.4663ms)
✔ normal room authorization uses only canonical registry state and keeps environment bootstrap explicit (3.3427ms)
✔ private installer generator preserves shared settings and creates one identity per Kakao room (772.4727ms)
✔ Kakao routes are explicitly isolated between recruit and features installations (12.6915ms)
✔ wrong-room failures remain short and actionable on the phone (39.3123ms)
✔ recruit mutations expose PII-free stage timing for p50 and p95 aggregation (14.4457ms)
✔ companion is ES5 and below both editor character limits (39.7317ms)
✔ exact status/version commands are local and preserve OFF, settings and the registered target (2.2918ms)
✔ diagnostics ignore ordinary messages, slash variants and untrusted app callbacks (0.7972ms)
✔ registration results use fixed Korean replies and never poll or expose secrets (3.1817ms)
✔ OFF and repeated registration replies cannot enable polling or replace a session (1.0676ms)
✔ installed response callback reports status and registration without queue delivery (10.7254ms)
✔ no registration, disabled, wrong app/code, or another session cannot send (2.7266ms)
✔ ACK loss retries ACK without sending again, including after restart (7.637ms)
✔ crash marker or ambiguous SDK result never resends automatically (1.828ms)
✔ ledger write failure, wrong target and stale lease fail closed before send (7.9745ms)
✔ explicit SDK rejection is retryable after manual session renewal (14.8481ms)
✔ whole installed runtime answers local diagnostics without credentials, network or registration (8.0823ms)
✔ initialization failures leave version and fixed failure-stage diagnostics available (30.1269ms)
✔ rejected callback contexts stay silent and record only fixed local diagnostic codes (4.5548ms)
✔ reply failure and SDK rejection produce fixed local evidence without leaking exceptions (1.3615ms)
✔ reported open-chat false group flag still answers version, diagnostics and status locally (2.5513ms)
✔ false group flag requires exact one-use code and retains only explicitly registered session (0.888ms)
✔ false group flag never permits debug, missing-package or other-app registration (3.0149ms)
✔ the ADR freezes every non-negotiable V1-exact adapter constraint (9.6923ms)
✔ the reusable V4 text transport is one signed five-second request without bearer fallback (1.9235ms)
✔ the V1 strict phone installer uses the current private artifact and omits public-only provenance (38.3631ms)
✔ installation profiles, not callback room or sender role, form the V4 text authorization boundary (1.4206ms)
✔ V2 services can reserve a hidden DRAFT and legacy bearer routes remain closed (2.8725ms)
✔ the existing image service is separately signed, bounded, and session-backed (4.7379ms)
✔ canonical V40 R2 routes managed commands to site-first links, not the legacy image session creator (46.7772ms)
✔ a clean V1-strict install keeps imageDB silent instead of inventing an unreachable UUID flow (8.7062ms)
✔ the dormant legacy image receiver remains secure for non-strict clients without reopening bearer access (3.5222ms)
✔ builder pins the canonical V1 hash and produces an ES5/Rhino-safe artifact (546.8073ms)
✔ Rhino audit detects functions that mix value and bare returns (0.6932ms)
✔ V1 strict routes organizer-only metadata activation forms with or without one slash (40.7911ms)
✔ V1 strict routes scoped in-house finish commands as unchanged raw text (101.3044ms)
✔ R23 retired scrim commands and forms reply locally without an HTTP request (104.0747ms)
✔ R25 local help matches optional member linking, Rift lanes, protected editing and detail rereads (22.0125ms)
✔ R24 compact copy forms keep complete success and pending envelopes in one signed request (73.271ms)
✔ R24 compact form routing leaves malformed references to the server and ignores prose (17.5133ms)
✔ R24 actual server-rendered party and inhouse templates accept one name through the phone (427.4952ms)
✔ R23 copy-paste party and inhouse forms forward names and saved references unchanged (38.6817ms)
✔ V1 strict routes the full organizer-only template returned by the production server (4.1026ms)
✔ artifact excludes legacy HTTP, bearer, and embedded secret material (1.7725ms)
✔ all response-reachable non-transport V1 executable lines are preserved without comments or blank spacers (46.0516ms)
✔ strict adapter reuses the canonical V1 local dedupe storage keys (6.2314ms)
✔ local replies, echo rules, events, and no-reply behavior equal the canonical V1 (12.2277ms)
✔ R19 chooses one complete tone when the OpenChat entry guide appears (40.8842ms)
✔ R19 consumes the raw join event and accepts only the OpenChat entry heading (8.2875ms)
✔ approved party member mutations parse safely and use one RECRUIT gateway request (98.2711ms)
✔ inhouse member shortcuts reach the matching profile gateway (127.4844ms)
✔ reported inhouse loading echo is ignored while user commands and explicit member edits keep one reply (41.617ms)
✔ same MessengerBot logId replay suppresses only the duplicate visible reply (11.0158ms)
✔ ambiguous party member text never reaches the mutation gateway (37.6617ms)
✔ local recruit help documents member commands and keeps full-form guidance (17.098ms)
✔ command and form predicates are byte-derived and behaviorally equal to V1 (41.1347ms)
✔ one public command performs one five-second signed gateway request without room binding (6.5444ms)
✔ recoverable season rows reach the gateway once even with whitespace numbering and partial fields (5.0408ms)
✔ completed augment-ARAM in-house forms reach the FEATURES gateway and always reply (4.5966ms)
✔ completed augment-ARAM metadata with ten empty name rows activates through FEATURES (5.3323ms)
✔ a complete empty season snapshot reaches the gateway once for authoritative cancellation (25.5978ms)
✔ empty-snapshot gate rejects incomplete forms and ordinary conversation (201.928ms)
✔ clean-session imageDB input preserves the active V40 R2 no-reply and no-HTTP behavior (33.1659ms)
✔ all seven active text seams preserve V1 success and empty replies while failures use safe common notices (329.4518ms)
✔ literal transport failures distinguish settings, input, and connection errors without exposing values (33.3688ms)
✔ both V40 R2 image seams stay inactive for every transport outcome (9.0067ms)
✔ R26 text commands never probe notification images before their response (19.2488ms)
✔ R26 speed diagnostic keeps the previous request timing across ordinary chat and bot echo (7.6445ms)
✔ R27 local diagnostics bypass request state, deduplication and notification image reads (2.0588ms)
✔ R27 diagnostic distinguishes reply failure and tolerates unavailable logging (1.7415ms)
✔ V1-strict keeps completion diagnostics but routes incomplete operation-form candidates (10.7437ms)
✔ V1-strict candidate routing ignores ordinary label discussion (20.5037ms)
✔ V1-strict ordinary label discussion performs no request or local dedupe write (10.3302ms)
✔ V1-strict accepts standalone wrapper titles but ignores wrappers embedded in prose (8.1444ms)
✔ V1-strict response forwards one incomplete form request to the FEATURES gateway (3.2784ms)
✔ V1-strict canonicalizes tolerant label spelling before gateway classification (3.542ms)
✔ V1_STRICT fixture preserves the canonical V1 bytes across checkout line endings (2.6159ms)
✔ V1_STRICT fixture contains no hard-coded credential value (0.7187ms)
✔ V1_STRICT fixture remains ES5 and Rhino-static warning free (70.0294ms)
✔ V1_STRICT executes the original bot-version reply with or without slash (22.1924ms)
✔ V1_STRICT executes the original user help exactly (11.6058ms)
✔ APPROVED_EXTENSIONS cannot be mislabeled as commands from the V1_STRICT oracle (13.8945ms)
✔ [A01] the unified phone artifact is a readable ES5 single file below 40,000 characters (57.1061ms)
✔ [A02] the final unified artifact has zero Rhino static warning candidates (30.1702ms)
✔ [A03] the generated artifact classifies each command into exactly one server profile (3.8907ms)
✔ [A04] callback room, channel and group values are neither read nor transmitted (16.354ms)
✔ [A05] text transport timeout is no more than five seconds (1.402ms)
✔ V4 source template is one thin command-family routing client (6.6047ms)
✔ the generated unified phone file is standalone ES5 with one callback (25.1397ms)
✔ builder owns the unified output and refreshes deprecated split fixtures (1.6628ms)
✔ release docs lock one phone, one MessengerBot profile, and two Kakao rooms (2.994ms)
✔ [C01] each entry sends its own static profile regardless of poisoned callback room values (46.8154ms)
✔ [C02] RECRUIT ignores FEATURES commands locally without a server call (15.9426ms)
✔ [C03] FEATURES ignores RECRUIT commands locally without a server call (47.0634ms)
✔ [C03A] one unified phone bot routes both room command families exactly once (20.3123ms)
✔ [C03C] party template commands including spaced aliases use exactly one server request for a V1 number (45.8842ms)
✔ [C03D] a copied V1 party form without its number returns the exact local guidance (9.2943ms)
✔ [C03B] unified bot version is one local reply and never reaches transport (38.9321ms)
✔ [C04] malformed slash, URLs and middle slash are rejected before transport (12.5412ms)
✔ [C05] no-logId boot counter gives every independent command a new event ID (1.8783ms)
✔ [C06] one command performs one HTTP execute with a five-second maximum (8.9645ms)
✔ [C05A] logId replay is stable in one boot and isolated across profiles and restarts (8.4609ms)
✔ [C05C] phone settings are read from MessengerBot storage once within one request cache (1.2818ms)
✔ [C05B] unified echo suppression checks both room-specific bot display names (1.5965ms)
✔ [C07] one scrim command performs exactly one client-to-server send (6.1335ms)
✔ [C08:WRONG_PROFILE] client exposes the WRONG_PROFILE error category (1.2226ms)
✔ [C08:INVALID_SIGNATURE] client exposes the INVALID_SIGNATURE error category (1.1384ms)
✔ [C08:REPLAY_CONFLICT] client exposes the REPLAY_CONFLICT error category (2.7127ms)
✔ [C08:SERVER_UNAVAILABLE] client exposes the SERVER_UNAVAILABLE error category (1.955ms)
✔ [C08:INVALID_FORM] client exposes the INVALID_FORM error category (7.0171ms)
✔ [C08A] INVALID_FORM keeps the server parser detail and has a safe fallback (2.9767ms)
✔ [P3-C01] FEATURES entry sends one request for 내전구인 (8.4068ms)
✔ [P3-C02] FEATURES entry sends one request for 내전구인 협곡 2026-09-09 21:30 #2 10명 (1.2917ms)
✔ [P3-C03] FEATURES entry sends one request for 내전구인 칼바람 2026-09-09 21:30 #3 10명 (6.8533ms)
✔ [P3-C04] FEATURES entry sends one request for 내전구인 증바람 2026-09-09 21:30 #4 10명 (3.4597ms)
✔ [P3-C05] FEATURES entry sends one request for 내전현황 (1.4494ms)
✔ [P3-C06] FEATURES entry sends one request for 내전상세 2 (1.4083ms)
✔ [P3-C07] FEATURES entry sends one request for 📢 내전하실분 #2 (2.3609ms)
✔ [P3-C08] RECRUIT entry sends one request for 스크림구인 (2.2227ms)
✔ [P3-C09] RECRUIT entry sends one request for [K-LOL.GG 스크림 구인 양식] (4.1674ms)
✔ [P3-C10] FEATURES entry sends one request for 지인 이름: 친구 (1.477ms)
✔ [P3-C11] FEATURES entry sends one request for 본인 이름 및 닉네임: 홍길동/테스터 (1.1963ms)
✔ [P3-C12] FEATURES entry sends one request for 주최자 이름 및 닉네임: 홍길동/테스터 (2.3391ms)
✔ [P3-C13] FEATURES entry sends one request for 이름 및 닉네임: 신청자/닉 (1.0426ms)
✔ [P3-C14] FEATURES entry sends one request for 등록 (9.4152ms)
✔ [P3-C15] FEATURES entry sends one request for 내전등록 (2.9373ms)
✔ [P3-C16] FEATURES entry sends one request for 경고등록 (2.299ms)
✔ [P3-C17] FEATURES entry sends one request for 인증 (2.3429ms)
✔ [P3-C18] FEATURES entry sends one request for 경고현황 (1.6581ms)
✔ [P3-C19] FEATURES entry sends one request for 결과현황 (1.645ms)
✔ [P3-C20] FEATURES entry sends one request for 사진취소 (2.5558ms)
✔ [P3-C21] FEATURES entry sends one request for 자동공지 20 (6.2103ms)
✔ [P4-C01] unified 봇버전 is client-only with exact local content (12.5222ms)
✔ [P4-C02] unified 도움말 is client-only with exact local content (4.1824ms)
✔ [P4-C03] unified 구인도움말 is client-only with exact local content (12.4254ms)
✔ [P4-C04] unified 구인웹도우미 is client-only with exact local content (2.9097ms)
✔ [P4-C05] every V1 PUBLIC alias is classified by the unified phone with at most one send (76.7718ms)
✔ [P4-C06] malformed slash, URL and middle-slash inputs never enter public transport (20.7554ms)
✔ [P4-I01] V2도움말 never enters public V4 transport (2.9493ms)
✔ [P4-I02] V2진단 never enters public V4 transport (2.202ms)
✔ [P4-I03] V2연동확인 never enters public V4 transport (1.9849ms)
✔ [P4-I04] 연동확인 never enters public V4 transport (5.275ms)
✔ [P4-I05] V2모집 never enters public V4 transport (4.6885ms)
✔ [P4-I06] V2시즌 never enters public V4 transport (19.8674ms)
✔ [P4-I07] V2양식 never enters public V4 transport (8.3644ms)
✔ [P4-I08] V2사진세션 never enters public V4 transport (3.0901ms)
✔ [P4-I09] V2사진취소 never enters public V4 transport (13.9658ms)
✔ [P4-A01] final unified phone artifact is synchronized ES5, under 40k and Rhino-static clean (64.5786ms)
✔ [P4-C01] every public V1 alias passes the correct phone profile with zero-or-one slash (22.0377ms)
✔ [P4-C02] local public replies are exact and never include V2 operator commands (22.8775ms)
✔ [P4-C02A] all actual V41 public command samples pass the matching V4 phone profile (22.4129ms)
✔ [P4-C03] photo and retired preview commands reply locally with no server transmission (4.8505ms)
✔ [P4-C04] internal, unknown, and malformed inputs are rejected before transport (2.3348ms)
✔ [P4-C05] unified entry preserves one send site, five-second timeout, and dynamic family split (1.0192ms)
✔ [P4-C02B] member shortcuts tolerate mobile normalization and reject ambiguous mutations (6.4605ms)
✔ V4 private generator creates one ignored paste-ready file without printing secrets (940.2682ms)
✔ [R01] V4 durable receipt and nonce schema is present in the ordered migration ledger (3.784ms)
✔ [R02] installation, canonical room, key and capability migrations match the runtime schema (10.3778ms)
✔ [R03] V3 and V4 server intake coexist while one V4 entry binds profile-specific installation identity (12.6791ms)
✔ [RESOLVED R04] V4 uses deterministic installation scope without a pairing command (2.3802ms)
✔ [R05] documented Vercel variable names cover the V4 runtime without reading values (7.762ms)
✔ contract fixture has traceable V1 evidence and all required domains (1.6247ms)
✔ zero or exactly one leading slash routes to the same command (0.4742ms)
✔ double slash, URL slash, separated slash, and middle slash are not commands (0.1525ms)
✔ same installation scope members can edit and finish across sender identities (0.2148ms)
✔ initial party form exposes the three activation fields without participant rows (0.2516ms)
✔ full party forms are authoritative snapshots and allow A→B→A (0.2847ms)
✔ party member shortcuts retain the full-form workflow and current-scope mutation boundary (0.1854ms)
✔ Rift, ARAM, and Augment ARAM preserve their V1 field policies (0.2406ms)
✔ scrim keeps full-form editing and V1 disabled manual lifecycle replies (0.2156ms)
✔ operation forms retain V1 labels, wrappers, missing-field reply, and echo guard (1.245ms)
✔ registration and warning guidance preserve exact V1 headings and destinations (0.2057ms)
✔ user-facing help excludes V2 diagnostics and raw JSON commands (0.1503ms)
✔ representative record, recent, and ranking replies remain exact V1 fixtures (0.0889ms)
✔ V40 구인도움말 문구와 줄바꿈을 그대로 유지한다 (13.4591ms)
✔ V40 5인파티 생성 응답에 모집번호가 있는 편집 가능한 전체 양식을 유지한다 (9.1149ms)
✔ V40 구인현황 제목과 상세 명령 CTA를 포함한 정확한 응답을 유지한다 (4.1977ms)
✔ V40 bare 멸망전스크림 입력을 스크림 명령으로 분류한다 (5.3859ms)
✔ V40 일반 도움말의 제목·항목·줄바꿈을 모든 별칭에서 그대로 유지한다 (56.7465ms)
✔ V40 구인 웹 도우미와 구인 도움말을 서로 다른 응답으로 유지한다 (37.029ms)
✔ V40 등록 센터의 설명과 기존 링크를 모든 별칭에서 그대로 유지한다 (31.4513ms)
▶ V40 내전·경고·인증·현황 링크 응답을 그대로 유지한다
  ✔ 내전등록 (19.3553ms)
  ✔ 경고등록 (11.6237ms)
  ✔ 인증 (6.8173ms)
  ✔ 경고현황 (8.417ms)
  ✔ 결과현황 (15.0466ms)
✔ V40 내전·경고·인증·현황 링크 응답을 그대로 유지한다 (69.0137ms)
▶ V40 전적·최근·랭킹의 사용자 표시 정보를 잃지 않는다
  ✔ 전적 (8.8845ms)
  ✔ 최근 (10.5687ms)
  ✔ 랭킹 (5.2368ms)
✔ V40 전적·최근·랭킹의 사용자 표시 정보를 잃지 않는다 (25.4715ms)
✔ V40처럼 오픈채팅봇이 출력한 운영 양식은 재접수하지 않는다 (2.2384ms)
✔ V40 운영 양식은 서버가 만든 접수 문구를 그대로 전달한다 (5.6181ms)
✔ V40 사진취소 별칭의 사이트 우선 안내 동작을 그대로 유지한다 (9.2034ms)
✔ V40 입장·퇴장·초대·서버 echo 동작을 유지한다 (5.9397ms)
✔ V40 스크림구인은 자동배정 번호와 원래 줄바꿈을 가진 전체 양식을 반환한다 (28.1793ms)
✔ V40 스크림현황은 파티 현황과 섞지 않고 한글 상태와 상세 명령을 표시한다 (5.7065ms)
✔ V40 스크림현황 빈 상태 문구를 정확히 유지한다 (3.1968ms)
✔ V40 스크림상세는 복사 가능한 전체 양식과 수정 안내를 그대로 반환한다 (2.9714ms)
✔ V40 스크림 전체 양식 신규 제출은 즉시 한 번 저장하고 등록 완료만 응답한다 (8.8283ms)
✔ V40 원본 양식은 멸망전번호 없이 서버의 단일 활성 대회 자동 판별을 사용한다 (4.6503ms)
✔ V40 스크림 전체 양식 수정 제출은 별도 확인 없이 같은 번호를 교체 반영한다 (7.9458ms)
✔ V40에서 사용 중단된 참가·확정·취소·수동 종료는 원래 안내만 하고 변경하지 않는다 (10.0912ms)
✔ paste-ready V41 bot routes major commands only through the signed V2 transport (12.3447ms)
✔ mobile installer has no Rhino CODE_HAS_NO_SIDE_EFFECTS statement candidates (97.9362ms)
✔ phone transport renders actionable HTTP failure categories (6.65ms)
✔ Kakao pending slot lookup is lifecycle-neutral and only cancels ACTIVE rows (7.2512ms)
✔ 자동 수집한 전체 명령 계약은 slash/무슬래시를 하나의 canonical command로 만든다 (21.2967ms)
✔ V1 호환 파서는 모든 공개 V1 명령에서 slash/무슬래시 분류를 동일하게 유지한다 (21.9012ms)
✔ canonical command 경계는 본문과 Riot ID를 보존하고 slash 오인식을 막는다 (1.9545ms)
✔ 휴대폰 압축본의 V1 무통신 명령은 읽기 쉬운 전체본과 동일하게 응답한다 (21.5236ms)
✔ room and channel callback fields are not used for installation scope (9.424ms)
✔ installation scope is stable across signing-key rotation and differs across installations (6.9875ms)
✔ delivery identity ignores raw room and channel while binding installation, sender, log, and message (4.1673ms)
✔ opaque sender uses userHash when available and display-name fallback is labeled (3.696ms)
✔ field diagnostics explicitly use installation scope and retain opaque sender (2.585ms)
✔ response stores a season preview and only the matching one-time code performs SYNC (28.4153ms)
✔ response requires a complete authoritative snapshot scope and supports preview cancellation (7.2484ms)
✔ response ignores server echoes and restores legacy guide aliases after full-width normalization (2.381ms)
✔ response preserves V40 room events, missing-number guidance, and parameterized managed shortcuts (6.8588ms)
✔ response keeps an active image session when MessengerBot only exposes a placeholder (9.279ms)
✔ response routes legacy record, recent, and ranking commands through V2 data while preserving V1 replies (5.3973ms)
✔ response formats scheduled notice aliases as read-only previews (3.0224ms)
✔ response accepts bitmap fallback, reports image progress, and clears terminal or cancelled sessions (5.0995ms)
✔ response exposes a secret-free V2 transport diagnostic (3.2032ms)
✔ response scopes different senders to one installation and ignores broken room parser fields (3.4329ms)
✔ response suppresses a duplicate callback with the same Kakao log identity (2.0446ms)
✔ response entry point keeps representative V1 and V2 replies identical with or without slash (51.8314ms)
✔ raw V2 recruiting JSON is explicitly marked for the server-side operator gate (3.4416ms)
✔ response entry point does not treat slash-only, URL, middle slash, double slash, or slash-space as commands (2.8862ms)
✔ V41 season output uses the site application fields and round-trips as bot input (27.3681ms)
✔ V41 season input accepts the labeled site form and rejects invalid sub positions (17.8994ms)
✔ V41 authoritative sync response reports create, update, cancel and review counts (10.1432ms)
✔ V1 compatibility parser stays ES5, transport-free, and rejects unsafe input (13.2423ms)
✔ all V40 party creation, finish, help, status, and detail aliases are classified (12.627ms)
✔ party form parser preserves metadata, positions, numbered members, and substitutes (6.5069ms)
✔ party form metadata accepts line endings and colon variants without rewriting values (1.9921ms)
✔ party form tolerates clipped headers, Markdown escapes, attached values, and controlled line wraps (3.2211ms)
✔ inhouse aliases parse mode, date, time, recruit number, and capacity (5.1548ms)
✔ scrim aliases and legacy full form are converted without a transport call (11.0258ms)
✔ four operation forms become exact V2 payload shapes with sender fallbacks (5.2947ms)
✔ four legacy 외출 wrappers parse identically and missing fields are explicit (9.7338ms)
✔ registration, warning, result, evidence, status, and photo-cancel aliases are classified (6.295ms)
✔ V1: 내전구인만 입력하면 종목 선택 안내를 정확히 보낸다 (28.6971ms)
✔ V1: 알 수 없는 내전 종목에만 입력값을 포함한 오류와 선택 안내를 보낸다 (6.6795ms)
✔ V1: 협곡 내전구인은 티어·라인과 빈 칸을 포함한 전체 양식을 정확히 보낸다 (4.106ms)
✔ V1: 칼바람 내전구인은 이름 전용 전체 양식을 정확히 보낸다 (5.2718ms)
✔ V1: 번호 없는 내전현황은 모든 회차 요약과 내전상세 명령을 정확히 보낸다 (9.3001ms)
✔ V1: 내전상세 번호는 참여자와 빈 칸을 포함한 편집 가능한 전체 양식을 정확히 보낸다 (10.0385ms)
✔ V1: 작성한 전체 신청 양식은 확인 단계 없이 한 번 동기화하고 서버 답변을 그대로 보낸다 (5.744ms)
✔ V1: 같은 전체 신청 양식이 연속 수신되면 첫 반영 뒤 중복 요청과 중복 답변을 내지 않는다 (3.5946ms)
✔ V1: 빈 전체 양식은 일반·ASCII slash·전각 slash 모두 0명 authoritative sync로 처리한다 (24.3269ms)
✔ V1: 불완전한 빈 양식과 double·URL·중간 slash는 authoritative sync를 실행하지 않는다 (16.1187ms)
✔ 외출 필수값 누락은 항목별 안내만 보내고 서버 제출을 실행하지 않는다 (4.734ms)
✔ 오류 제목이 이미 포함된 서버 상세는 K-LOL.GG 요청 실패 제목을 중복하지 않는다 (3.3227ms)
✔ legacy party create suppresses a duplicate callback before a second V2 mutation (22.3257ms)
✔ legacy full party form maps positions to slots and synchronizes the existing V2 party (10.5498ms)
✔ slash and plain temporary/form flows share server-first metadata fallback and preserve free text (12.6208ms)
✔ 99 재현, 지오, 97 기용 fixtures complete public create, form, and finish flows with or without slash (37.0577ms)
✔ legacy party candidates stay separate from primary capacity (3.5001ms)
✔ legacy finish suppresses a duplicate callback after the party leaves active status (2.9858ms)
✔ same-room users can clear and finish another user's two-digit party while repeated forms stay idempotent (18.1738ms)
✔ failed party mutations return the cause without fetching or appending status (2.2976ms)
✔ successful sync, blank deletion, and finish explain a failed status refresh (5.0391ms)
✔ legacy operation form, inhouse template, and scrim template stay available (5.1062ms)
✔ legacy scrim full form is stored through the typed V2 mutation and replays safely (8.6827ms)
✔ 숫자형 플레이어·미디어 상세는 존재 확인 뒤 canonical UUID로 이동한다 (4.8954ms)
✔ 숫자형 이벤트전·멸망전은 존재 확인 뒤 canonical UUID로 이동한다 (9.2783ms)
✔ 관리자 직접 가져오기는 파일·붙여넣기·비공개 미리보기·재시도 복구를 제공한다 (20.2158ms)
✔ 관리자 로그아웃은 가져오기 복구 namespace만 best-effort로 지운다 (4.5601ms)
✔ 직접 가져오기 API는 예약→bounded body→work gate→private finalize 순서를 지킨다 (5.0028ms)
✔ 검토 UI는 fuzzy 자동 연결 없이 구조화 행별 사람 확인을 요구한다 (5.6207ms)
✔ admin import cancellation is authorized only for ADMIN-source rows (1.0229ms)
✔ match editor exposes only the structured form and traps the void confirmation dialog (7.8079ms)
✔ picker status copy is outside the listbox and visual active row matches aria active descendant (1.1404ms)
✔ submission reject dialog shares the accessible modal behavior (2.7813ms)
✔ submission conflict keeps component identity and adopts only a verified latest revision (2.1388ms)
✔ match editor conflict preserves local input and adopts only a verified latest aggregate (1.7225ms)
✔ match editor save action stays readable in enabled and disabled states (2.9489ms)
✔ OCR route reserves before the process gate and all external work (21.6477ms)
✔ OCR reservation is durable, single-image and replay-first (2.8101ms)
✔ submission approval durably transfers team-balance provenance into the match aggregate (1.3801ms)
✔ ordinary match amendments cannot clear immutable team-balance provenance (0.183ms)
✔ web submission linkage revalidates draft ownership, lifecycle and selected layout in its transaction (0.2435ms)
✔ match changed outbox carries team-balance provenance in its typed row and payload (0.1489ms)
✔ public match detail returns a not-found contract instead of a blank success (3.8011ms)
✔ saving a reviewed roster cannot approve a different edit made before its response (157.6162ms)
✔ uncertain review writes retry the exact body/revision with the same key (102.6973ms)
✔ review inputs and repeat mutations stay locked through response and refreshed projection (103.7198ms)
✔ a validation failure permits input correction with a new request identity (109.724ms)
✔ 412 preserves the local roster and requires explicit comparison before continuing (87.2219ms)
✔ an uncertain approval retries its original command and locks the confirmed terminal state (144.3642ms)
✔ review state uses readable labels while source comparison and real OCR warnings remain available (331.4115ms)
✔ explicitly loading the current linked team fills each game's empty slots without changing results and requires every row to be checked (90.5339ms)
✔ loading a linked team never overwrites an existing player selection or bypasses a terminal review (251.1953ms)
✔ unconfirmed review success cannot confirm a different submission, advance revision or consume retry identity (220.378ms)
✔ unconfirmed OCR success preserves image revision and the exact retry key without refreshing (128.3929ms)
✔ confirmed OCR success and unavailable OCR results both advance only the image revision and require a fresh comparison (69.7239ms)
✔ first submission prioritizes required information while optional fields and continuation stay available (16.3401ms)
✔ a cancelled partial upload never displays unfinished images as a completed step (16.5397ms)
✔ anonymous result continuation returns to the same submission after login (3.1616ms)
✔ changing a continuation code or draft resets form identity while same-context refresh preserves edits (46.2917ms)
✔ pending, rejected, suspended and password-reset accounts get recovery before filling the submission form (71.0263ms)
✔ completed or rejected submissions show their result and recovery without impossible upload controls (6.7622ms)
✔ submission lookup failure keeps the code for retry and is distinct from a missing submission (58.191ms)
✔ creating a submission locks mutations until the server route has committed and resets new-submission state (90.7998ms)
✔ match submission accepts only an owner-verified selected team-balance draft (0.7263ms)
✔ successful server selection remounts both draft workspaces without resetting local edits (0.1435ms)
✔ 홈과 이미지 상세은 같은 접근 가능한 수동 캐러셀을 사용한다 (6.6754ms)
✔ 캐러셀은 빈 상태를 안전하게 닫고 한 장에는 이동 컨트롤을 숨기며 여러 장에는 직접 이동을 제공한다 (4.575ms)
✔ 캐러셀은 모바일 비율·44px 조작 영역·모션 감소 설정을 유지한다 (2.2752ms)
✔ 홈 우승 사진은 FK 연결을 우선하고 엄격한 레거시 후보만 보강하며 실제 자산 URL을 사용한다 (1.2006ms)
✔ gallery image load failures keep a clear, accessible fallback in the reserved card area (9.8556ms)
✔ migration journal has contiguous indices, increasing timestamps, and matching SQL tags (7.7082ms)
✔ successful HTTP status without the published generation is not claimed as completed (268.4269ms)
✔ response-loss retry preserves the same adjustment idempotency key and body (75.9797ms)
✔ same-tick adjustment submits issue at most one request (53.529ms)
✔ successful adjustment remains locked until the refreshed generation arrives (31.6884ms)
✔ corrupt success responses for both commands remain uncertain and replay the original request (560.5597ms)
✔ unreadable JSON, transient errors and throttling keep the frozen request retryable (156.541ms)
✔ expired or insufficient sessions preserve the request through a separate admin login (74.4998ms)
✔ generation conflicts require an explicit refresh and clear the selected adjustment player (34.3508ms)
✔ definitive input rejection preserves editable input and does not announce success (27.3133ms)
✔ admin without SUPER role sees no mutation form and valid recalculation requests retain preconditions (33.9008ms)
✔ public MMR page exposes canonical allowlisted filters and bounded projection summaries (1.8952ms)
✔ admin MMR workspace connects protected recalculate, adjustment, players and review states (2.4927ms)
✔ team balance provider selects READY MMR before statistics fallback (3.6244ms)
✔ MMR previous/next links reach later players and preserve validated search, position, and page size (18.2054ms)
✔ first and last MMR pages expose only valid directions (18.4464ms)
✔ selected position displays the score used to rank and that position's sample, including zero (5.6469ms)
✔ empty projection, unmatched search, and out-of-range page have different recovery actions (4.339ms)
✔ invalid MMR address is rejected before loading and has a clean recovery link (4.85ms)
✔ MMR load failure retries the same bounded query without pretending the list is empty (1.2695ms)
✔ unknown root addresses keep one complete public shell and recovery links (46.3157ms)
✔ public resource and invalid-query recovery uses the existing layout without nesting another shell (3.3581ms)
✔ application error recovery keeps the public main landmark singular (21.6203ms)
✔ admin not-found content stays behind its layout authorization and inside one admin shell (42.8974ms)
✔ actual review and delete handlers send the strong numeric ETag accepted by the server parser (346.1228ms)
✔ lost responses and unreadable successes preserve request identity and edited inputs for retry (42.7432ms)
✔ changing an unsuccessful review payload uses a separate idempotency identity (34.3465ms)
✔ review is guarded against same-tick clicks and stays locked through server refresh (61.5908ms)
✔ a stale revision preserves local input until explicit reload and expired sessions link back to the same record (93.1057ms)
✔ successful deletion navigates to its filtered list and cannot repeat before navigation (41.1897ms)
✔ record detail keys review state to the record revision after an explicit server refresh (101.4565ms)
✔ signed operation-form submit retains raw-body HMAC and durable replay boundaries (15.6383ms)
✔ admin mutation requires ADMIN session, same-origin, If-Match and idempotency (3.4279ms)
✔ admin pages expose filtered empty/error/unavailable states and compatibility routes (11.1097ms)
✔ operational diagnostics remain admin-only server rendering with no polling or mutation (15.6266ms)
✔ public operations endpoints expose bounded settings and minimum health only (30.1577ms)
✔ admin mutations and downloads retain strong server authorization boundaries (18.3411ms)
✔ internal maintenance requires a signed job and never accepts session authorization (10.3573ms)
✔ Vercel schedules destruction ratings, statistics, MMR, Riot and daily Kakao close through protected GET boundaries (3.4798ms)
✔ route groups are removed while concrete and dynamic segments become canonical URLs (103.2528ms)
✔ route fixtures override parameter fixtures and every missing dynamic fixture fails immediately (1.5559ms)
✔ recommendation query variants reject a malformed transcribed draft fixture (0.6449ms)
✔ capture sessions are isolated by authentication boundary (0.2239ms)
[capture-plan] 1 page files -> 4 capture targets at C:\Users\sjh11\AppData\Local\Temp\klol-capture-cli-HiMa8N\nested\capture-plan.json
✔ the CLI contract reads a fixtures JSON file and creates its output directory (21.904ms)
✔ the repository plan covers every page once, resolves IDs and adds reviewed variants (1173.496ms)
✔ 사용자·관리자 상세 화면은 저장소 오류 상태에서도 페이지 제목과 상태 의미를 유지한다 (8.7526ms)
✔ 공용 미디어 편집 화면도 저장소 오류 상태에서 페이지 제목을 유지한다 (0.9179ms)
✔ 챔피언 이미지 projection은 0025 적용 전에도 공개 통계·목록 조회를 유지한다 (17.4635ms)
✔ 플레이어 공개 프로필은 실제 경기 KDA와 신청 포지션 배치·팀 밸런스 점수를 함께 설명한다 (32.4208ms)
✔ 공개 Riot 읽기는 API·RSO 비밀 구성과 분리되고 UI가 미연동·대기·오류를 구분한다 (9.1591ms)
✔ 플레이어 검색어는 문자열·배열·미입력을 하나의 안전한 문자열로 정규화한다 (0.8094ms)
✔ 중복 q 파라미터 배열은 첫 값으로 정규화되어 trim 오류를 만들지 않는다 (0.2397ms)
✔ 검색 유스케이스는 PlayerRepository 포트를 통해 주입된 구현만 호출한다 (1.6771ms)
✔ PWA manifest and layout publish the expected install contract (13.3307ms)
✔ service worker caches static public assets only (1.0374ms)
✔ install icons exist and are not empty (1.4952ms)
✔ rankings preserve complete Latin/Korean names, Riot IDs, player links, and separate metrics in every view (114.5292ms)
✔ ranking player links can shrink and wrap unspaced names in narrow and wide layouts (19.4682ms)
✔ 공개 구인 카드와 API DTO는 참여자 표시 정보만 노출한다 (5.2733ms)
✔ 내전 등록·상세 UI는 경기 시간을 입력하거나 표시하지 않는다 (29.442ms)
✔ 이벤트 대회와 멸망전은 목록·필터·신청 CTA·관리 흐름을 독립 경로로 유지한다 (18.2719ms)
✔ account pagination reports the filtered total and page range while retaining filters and page size (65.429ms)
✔ partial jobs expose their finite diagnostic next to the existing status (2.5656ms)
✔ first and last job pages expose only valid navigation and preserve the status filter (8.1772ms)
✔ log navigation retains its source and does not produce an incompatible account status (2.7385ms)
✔ bulk preview remains a bounded first batch without ordinary page navigation or invented totals (1.705ms)
✔ a now-empty page can return to available results without displaying a nonexistent range (2.132ms)
✔ navigation respects the query ceiling and unavailable data never pretends there are zero accounts (11.7209ms)
✔ owner renders a Korean partial cause with the existing sync action and no raw diagnostic (32.9722ms)
✔ owner never renders an unknown diagnostic body or prototype key (92.6052ms)
✔ real Riot link method values have concrete labels without claiming ownership for admin links (63.7389ms)
✔ history chart server output preserves tooltip text for every chart mode (265.4597ms)
✔ match growth server output preserves own and opponent tooltips without fabricated missing values (177.2574ms)
✔ match summaries render identical Korean clock text across server and browser locale data (618.301ms)
✔ filter and chart date keys use fixed Korean calendar parts across locale data and year boundaries (119.8105ms)
✔ app/(public)/(applications)/applications/error.tsx: 다시 시도 re-fetches the failed server segment (139.8055ms)
✔ app/(admin)/admin/players/error.tsx: 다시 시도 re-fetches the failed server segment (12.9644ms)
✔ app/(admin)/admin/users/error.tsx: 다시 시도 re-fetches the failed server segment (34.7915ms)
✔ app/(admin)/admin/users/[userAccountId]/error.tsx: 다시 시도 re-fetches the failed server segment (36.8591ms)
✔ Kakao pending API splits ADMIN reads from SUPER TOTP mutations (18.0613ms)
✔ pending operator UI uses bounded filters, a player picker and revision-safe commands (1.2703ms)
✔ public season applications expose Kakao-started recruit rounds without leaking pending identities (2.805ms)
✔ feature-gated site assistant is mounted globally and uses protected AI contracts (3.803ms)
✔ site feature access fails closed for missing or unreadable settings (3.3831ms)
✔ registration feature protects both its page and mutation before credential work (2.4618ms)
✔ match submission feature keeps reads available but guards every owner mutation (4.3531ms)
✔ Kakao help feature controls its public guide without exposing configuration (1.229ms)
✔ recruit guide teaches participation and guarded edits before optional creation (1.0626ms)
✔ recommendation APIs keep owner/admin scope and the team-balance feature boundary (19.3795ms)
✔ team-balance pages expose recommendation views and fail closed with the site switch (11.3048ms)
✔ owner team recommendations retain the selected tab, team and draft after authentication (73.1218ms)
✔ owner draft pagination and authentication preserve the applied page size (38.6953ms)
✔ admin team recommendations retain the selected tab, team and draft after authentication (31.9145ms)
✔ admin draft pagination and authentication preserve the applied page size (19.2148ms)
✔ a lost create response retries the exact draft request with its original idempotency key (62.9718ms)
✔ editing an unresolved draft request uses a new key and returning to the original input retains its retry (49.8028ms)
✔ draft workspace retries an uncertain mutation before refresh and separates later revisions (45.645ms)
✔ manual edits cannot save, copy or submit the previous selected team before evaluation (149.2677ms)
✔ manual selection sends edited players and keeps them locked through response and refresh (37.4999ms)
✔ archived team drafts cannot be rearranged by keyboard or drag handlers (31.9941ms)
✔ failed manual evaluation preserves edited slots and retries the same revision and request key (36.5956ms)
✔ 랜덤 팀 화면은 도메인 계산과 입력·빈·오류·결과·복사·초기화 상태를 연결한다 (40.2825ms)
✔ 코인 토스 화면은 제작 영상과 상태머신·fallback 공개 경로를 함께 둔다 (36.3941ms)
✔ 공개 도구 페이지에는 상호 이동과 canonical metadata가 있다 (31.3405ms)
✔ 팀 밸런스 화면은 승인 계정, 10명 입력, V1 단일 추천·공유·수동·저장·재평가 수명주기를 연결한다 (13.1403ms)
✔ 팀 밸런스 후보 API는 승인 계정과 안전한 서버 검색·신청 그룹 경계를 사용한다 (1.7404ms)
✔ 시작 페이지는 익명·계정 상태·승인 계정·관리자 진입을 구분한다 (54.9352ms)
✔ Riot 도움말은 직접 연결과 별도 본인 인증, 공개·비공개 범위를 안내한다 (3.2816ms)
✔ 설치 화면은 install prompt와 iOS·Android PWA·개인 캐시 금지를 구분한다 (3.4098ms)
✔ 사용자 shell은 skip target, landmark, modal search, 모바일 5개 진입점을 제공한다 (26.5851ms)
✔ 전체 메뉴는 목적별로 기능을 보여주고 필요한 계정 접근을 안내한다 (1.0741ms)
✔ 일반 로그인은 홈으로 돌아가고 로그인된 헤더·모바일 메뉴는 내 정보를 표시한다 (2.7465ms)
✔ V2 UI는 실제 운영 데이터가 없을 때 합성 샘플을 사용자 화면에 연결하지 않는다 (3.0227ms)
✔ 사용자와 관리자 로그아웃 UI는 세션 폐기 성공 뒤에만 로그인 화면으로 이동한다 (15.8715ms)
✔ 관리자 계정 상세는 저장소 장애를 존재하지 않음 404로 축소하지 않는다 (3.9014ms)
✔ 모바일 관리자 메뉴에서도 현재 역할과 안전한 로그아웃을 제공한다 (4.1848ms)
✔ 관리자 로그인은 비밀번호 후 원래 화면으로 이동하며 인증 코드 필드가 없다 (0.952ms)
✔ 계정 작업 UI는 stale revision에서 최신 projection을 읽고 안내를 유지한다 (7.2154ms)
✔ 일회성 비밀번호는 숨김·BFCache 복귀·명시적 닫기에서 메모리와 안내를 함께 종료한다 (2.7957ms)
✔ 내 계정 플레이어 탭은 대기 claim과 거절 claim을 구분한다 (1.2623ms)
✔ 내 계정 상태 안내는 공개 사유가 없을 때도 상태별 기본 문구를 구분한다 (0.9753ms)
✔ 계정 시각은 공통 Asia/Seoul 24시간 포맷터를 사용한다 (1.4265ms)
✔ 가입·본인 비밀번호 변경 UI는 성공과 pagehide에서 비밀번호 fingerprint ref를 즉시 비운다 (9.5118ms)
✔ 정적 마감 대상의 native button은 submit 여부를 명시한다 (449.9699ms)
✔ 이벤트 운영 폼은 내부 UUID나 JSON 복사를 요구하지 않는다 (2.6339ms)
✔ 완성된 메뉴와 관리자 검색은 과거 단계 문구를 노출하지 않는다 (1.1679ms)
✔ Riot ID의 게임 이름과 태그는 각각 이름을 가진다 (0.8006ms)
✔ 화면 효과는 스트리밍 중인 React 하위 DOM을 변경하지 않는다 (7.4716ms)
✔ 전역 효과 CSS는 감속 모드·정밀 포인터·강제 색상 경계를 유지한다 (1.1033ms)
ℹ tests 613
ℹ suites 0
ℹ pass 612
ℹ fail 1
ℹ cancelled 0
ℹ skipped 0
ℹ todo 0
ℹ duration_ms 4509.026

✖ failing tests:

test at tests\admin-identifier-picker-contract.test.mjs:9:1
✖ MMR 수동 조정은 raw UUID 대신 bounded 플레이어 선택기를 사용한다 (1.181ms)
  AssertionError [ERR_ASSERTION]: Expected values to be strictly equal:
  
  false !== true
  
      at TestContext.<anonymous> (file:///E:/k-LOL.GG/worktrees/ux-discoverability-20261002/tests/admin-identifier-picker-contract.test.mjs:14:10)
      at Test.runInAsyncScope (node:async_hooks:228:14)
      at Test.run (node:internal/test_runner/test:1118:25)
      at Test.start (node:internal/test_runner/test:1015:17)
      at startSubtestAfterBootstrap (node:internal/test_runner/harness:358:17) {
    generatedMessage: true,
    code: 'ERR_ASSERTION',
    actual: false,
    expected: true,
    operator: 'strictEqual',
    diff: 'simple'
  }
