[db-contract] isolated PostgreSQL 18 cluster started
✔ all journaled migrations install idempotently on a distinct empty PostgreSQL 18 database (863.7019ms)
ℹ tests 1
ℹ suites 0
ℹ pass 1
ℹ fail 0
ℹ cancelled 0
ℹ skipped 0
ℹ todo 0
ℹ duration_ms 1556.1721
✔ four guards reject unsafe database targets (0.9839ms)
▶ migrations, constraints, repository, and transaction contracts hold on PostgreSQL 18
  ✔ forward migration preserves existing player rows and is idempotent (1159.491ms)
  ✔ auth and TOTP constraints fail closed (120.7802ms)
  ✔ database auth repository persists durable session, TOTP, and rate-limit state (235.8749ms)
  ✔ registry uniqueness and lifecycle constraints are enforced (5.689ms)
  ✔ PostgresPlayerRepository returns only public active projections (22.847ms)
  ✔ domain change and audit append commit or roll back atomically (6.0144ms)
✔ migrations, constraints, repository, and transaction contracts hold on PostgreSQL 18 (1557.1025ms)
ℹ tests 8
ℹ suites 0
ℹ pass 8
ℹ fail 0
ℹ cancelled 0
ℹ skipped 0
ℹ todo 0
ℹ duration_ms 2286.2891
✔ usage storage: idempotency, KST days, visits, identity transitions, staff exclusions and durable limits (257.0925ms)
ℹ tests 1
ℹ suites 0
ℹ pass 1
ℹ fail 0
ℹ cancelled 0
ℹ skipped 0
ℹ todo 0
ℹ duration_ms 957.0733
✔ 0041 fresh install, populated 0040 upgrade and reapply preserve enrollment history (3188.3107ms)
ℹ tests 1
ℹ suites 0
ℹ pass 1
ℹ fail 0
ℹ cancelled 0
ℹ skipped 0
ℹ todo 0
ℹ duration_ms 3886.5791
▶ administrator TOTP lifecycle is serialized, audited, and rolled back atomically
  ✔ a TOTP setup session that expires while queued cannot mutate security state (548.7354ms)
  ✔ pending setup never rotates silently and explicit cancellation is auditable (14.8905ms)
  ✔ concurrent enable has one winner and revokes every session in its transaction (14.8789ms)
  ✔ audit insertion failure rolls credential, version, and revocation back (12.3872ms)
  ✔ concurrent self-disable deletes the factor and revokes all sessions exactly once (16.3725ms)
  ✔ USER is rejected while SUPER_ADMIN self-setup remains allowed (6.1574ms)
✔ administrator TOTP lifecycle is serialized, audited, and rolled back atomically (703.8591ms)
ℹ tests 7
ℹ suites 0
ℹ pass 7
ℹ fail 0
ℹ cancelled 0
ℹ skipped 0
ℹ todo 0
ℹ duration_ms 1400.3636
✔ S02 player mutations, legacy mapping, privacy, replay, and rollback hold on PostgreSQL 18 (1111.6336ms)
ℹ tests 1
ℹ suites 0
ℹ pass 1
ℹ fail 0
ℹ cancelled 0
ℹ skipped 0
ℹ todo 0
ℹ duration_ms 1818.968
▶ season lifecycle, participation ownership, idempotency and audit contracts hold on PostgreSQL 18
  ✔ retired lifecycle timestamps reject activated or ended history (3.0001ms)
  ✔ concurrent activation leaves exactly one active season (136.7113ms)
  ✔ clone creates a draft and stale clone revision is rejected (8.9539ms)
  ✔ Kakao provenance hash and position invariants are enforced by PostgreSQL (222.3495ms)
  ✔ SUPER resolves or cancels pending Kakao applications with idempotency, merge policy and safe team handoff (266.3838ms)
  ✔ SITE upsert reuses the same player/date/round row imported from Kakao (16.78ms)
  ✔ command receipts expire after 24 hours and an expired key is safely reusable (8.3814ms)
  ✔ season audit snapshots retain lifecycle and schedule field diffs (12.032ms)
  ✔ clone and cancellation roll back with their audit event (17.7736ms)
  ✔ owner cancellation, resubmission and admin review honor revisions (79.3411ms)
  ✔ public DTO excludes member, login, Discord and internal review fields (5.8112ms)
  ✔ public status counts cover the full roster while the projection is capped at 200 (46.5329ms)
  ✔ viewer approval and active-player capability are rechecked from the database (27.6035ms)
  ✔ non-approved account is rechecked inside the mutation transaction (0.7953ms)
  ✔ ACCOUNT and ADMIN purposes cannot cross-authorize season commands (1.8634ms)
  ✔ ADMIN and SUPER_ADMIN roles may use approved user actions only through ACCOUNT sessions (20.2843ms)
  ✔ session revocation wins over a queued ACCOUNT mutation (169.4433ms)
  ✔ optional TOTP removal preserves a valid password-only ADMIN session (172.7911ms)
  ✔ soft-deleted account is rejected again inside the mutation transaction (1.4366ms)
  ✔ reviewer history restricts hard deletion of the reviewer account (3.9403ms)
  ✔ audit failure rolls the season and idempotency receipt back together (3.722ms)
  ✔ ending and retirement preserve history instead of cascading deletion (9.3303ms)
✔ season lifecycle, participation ownership, idempotency and audit contracts hold on PostgreSQL 18 (1351.9592ms)
✔ site and Kakao serialize the last seat, allow explicit reserves and block closed rounds (337.6532ms)
ℹ tests 24
ℹ suites 0
ℹ pass 24
ℹ fail 0
ℹ cancelled 0
ℹ skipped 0
ℹ todo 0
ℹ duration_ms 2423.4935
▶ site capacity transition queue is atomic, scoped, replay-safe and offline tolerant
  ✔ UNVERIFIED matches only one-candidate review items (10.8336ms)
  ✔ website roster ignores legacy pending in another scope or mode (81.1881ms)
  ✔ 9 to 10, retry and unchanged 10 create a single notification (40.9408ms)
  ✔ failed application transaction rolls back its notification (23.6277ms)
  ✔ another scope or target cannot claim and replay is refused (10.8205ms)
  ✔ offline lease expires, concurrent polls claim once, ACK is idempotent (26.778ms)
  ✔ uncertain send is terminal; a newer 9 to 10 transition remains separate (36.1462ms)
  ✔ expiry, failure bound and retention are enforced (36.194ms)
✔ site capacity transition queue is atomic, scoped, replay-safe and offline tolerant (356.7198ms)
ℹ tests 9
ℹ suites 0
ℹ pass 9
ℹ fail 0
ℹ cancelled 0
ℹ skipped 0
ℹ todo 0
ℹ duration_ms 1045.1166
✔ S01 account lifecycle, recovery security, races, replay, and rollback hold on PostgreSQL 18 (3912.095ms)
ℹ tests 1
ℹ suites 0
ℹ pass 1
ℹ fail 0
ℹ cancelled 0
ℹ skipped 0
ℹ todo 0
ℹ duration_ms 8046.7796
▶ S04 stores participant display identity and rejection reasons as durable history
  ✔ published detail keeps ten KDA rows and exposes a real API 404/fallback contract (49.3549ms)
  ✔ registry rename does not rewrite a recorded participant or its archived revision (275.8616ms)
  ✔ reject after and reopen before audit snapshots retain the cleared public reason (17.3258ms)
  ✔ web submission accepts only the owner's current valid selected team draft (24.0133ms)
  ✔ admin match creation rechecks and persists the exact selected team draft (16.0142ms)
  ✔ submission approval carries team-balance provenance through match history and outbox (46.481ms)
✔ S04 stores participant display identity and rejection reasons as durable history (585.1689ms)
ℹ tests 7
ℹ suites 0
ℹ pass 7
ℹ fail 0
ℹ cancelled 0
ℹ skipped 0
ℹ todo 0
ℹ duration_ms 1289.1009
▶ match writes accept password-only administrators and enforce current session boundaries
  ✔ ADMIN without TOTP (17.1192ms)
  ✔ SUPER_ADMIN without TOTP (2.9676ms)
  ✔ existing TOTP session (3.2317ms)
  ✔ ACCOUNT cookie cannot authorize admin import (2.3099ms)
  ✔ ordinary member (1.6534ms)
  ✔ revoked session (2.1655ms)
  ✔ expired session despite earlier request time (1.7882ms)
  ✔ stale auth version (1.9369ms)
  ✔ changed role (2.1705ms)
  ✔ suspended account (1.5301ms)
  ✔ deleted account (1.4271ms)
  ✔ password reset required (2.0357ms)
  ✔ fixture session cannot write (1.9159ms)
  ✔ approved member submission (1.8097ms)
✔ match writes accept password-only administrators and enforce current session boundaries (135.9007ms)
ℹ tests 15
ℹ suites 0
ℹ pass 15
ℹ fail 0
ℹ cancelled 0
ℹ skipped 0
ℹ todo 0
ℹ duration_ms 816.1268
✔ S05 rebuilds PUBLISHED match statistics atomically and receipts make replay idempotent (389.5731ms)
ℹ tests 1
ℹ suites 0
ℹ pass 1
ℹ fail 0
ℹ cancelled 0
ℹ skipped 0
ℹ todo 0
ℹ duration_ms 1107.1312
✔ S10 media publication requires a live admin session and is idempotent, asset-safe, auditable, and soft archived (446.6691ms)
✔ S10 admin upload persists STAGED to READY, lists by exact draft, attaches safely, and tombstones unused assets (249.5027ms)
ℹ tests 2
ℹ suites 0
ℹ pass 2
ℹ fail 0
ℹ cancelled 0
ℹ skipped 0
ℹ todo 0
ℹ duration_ms 1444.7435
✔ team internal experience counts published games only and converges after void and restore (228.739ms)
✔ team-only override requires a live SUPER session and recent solo provider requires connected fresh identity (255.27ms)
✔ S06 draft lifecycle is owner/admin authorized, append-only, transactional, and idempotent (603.2241ms)
ℹ tests 3
ℹ suites 0
ℹ pass 3
ℹ fail 0
ℹ cancelled 0
ℹ skipped 0
ℹ todo 0
ℹ duration_ms 1865.8914
✔ S05-B persists canonical full-ledger MMR replay without competing for the S04 outbox (2517.2634ms)
ℹ tests 1
ℹ suites 0
ℹ pass 1
ℹ fail 0
ℹ cancelled 0
ℹ skipped 0
ℹ todo 0
ℹ duration_ms 3232.488
✔ S09 PostgreSQL adapter commits aggregate, receipt, audit and outbox atomically with owner/session checks (216.3702ms)
✔ party member statistics are bounded and count distinct parties and primary companions (87.0097ms)
✔ S09 PostgreSQL adapter binds a BOT nonce to exactly one signed request identity (90.5298ms)
✔ Kakao aggregate controllers block confused-deputy lifecycle mutations (141.6443ms)
✔ V4 scrim finish completes only the active same-room target and replays without duplicate writes (106.9328ms)
✔ concurrent V4 party member commands serialize on the locked latest aggregate (278.5326ms)
✔ concurrent V4 scrim participant commands compose after the database row lock (159.152ms)
ℹ tests 7
ℹ suites 0
ℹ pass 7
ℹ fail 0
ℹ cancelled 0
ℹ skipped 0
ℹ todo 0
ℹ duration_ms 1803.7319
✔ S09 operation forms persist signed submissions and ADMIN TOTP mutations atomically (355.2029ms)
ℹ tests 1
ℹ suites 0
ℹ pass 1
ℹ fail 0
ℹ cancelled 0
ℹ skipped 0
ℹ todo 0
ℹ duration_ms 1042.9736
✔ signed Kakao reads persist safe replay receipts and isolate recruit members to the bound room (163.3408ms)
✔ in-house round metadata persists schedule and notice, clears on full snapshot, and isolates authoritative mode transitions by room (335.7211ms)
✔ authoritative Kakao season sync withdraws only same-room same-round RIFT rows and replays without writes (298.4048ms)
✔ signed Kakao season snapshots match exact players and preserve unresolved entries for review (159.5267ms)
✔ recoverable Kakao season rows save valid players, queue review rows, preserve omitted slots, and cancel explicit blanks (124.6195ms)
✔ in-house shortcuts and full snapshots enforce integrated SITE capacity while preserving confirmed decisions (206.6145ms)
✔ in-house finish preserves every roster row, hides the round, and replays without writes (120.3417ms)
✔ editable inhouse forms count unlinked names, merge concurrent additions, protect SITE rows and retain closed rosters (422.6769ms)
✔ name-first in-house copies keep pending slots and merge metadata without overwriting newer edits (190.4194ms)
✔ in-house copy forms reopen a vacated reserve slot and preserve the remaining roster (150.379ms)
✔ owner-created Kakao image sessions bind sender, finalize private assets, replay, and revoke (137.0118ms)
✔ Kakao admin settings and health repair require SUPER TOTP and persist receipts, audit, and outbox (273.1544ms)
✔ inhouse roster matching uses bounded lookups for ten members and guests (247.8898ms)
ℹ {"label":"1-members-save","queries":31,"memberLookups":1,"applicationLookups":1,"elapsedMs":13}
ℹ {"label":"1-members-unchanged","queries":26,"memberLookups":0,"applicationLookups":0,"elapsedMs":13}
ℹ {"label":"10-members-save","queries":40,"memberLookups":1,"applicationLookups":1,"elapsedMs":18}
ℹ {"label":"10-members-unchanged","queries":26,"memberLookups":0,"applicationLookups":0,"elapsedMs":10}
ℹ {"label":"10-guests-save","queries":39,"memberLookups":1,"applicationLookups":0,"elapsedMs":16}
ℹ {"label":"10-guests-unchanged","queries":27,"memberLookups":1,"applicationLookups":0,"elapsedMs":12}
✔ inhouse overview projects all three modes and excludes other rooms, closed rounds and drafts (94.447ms)
ℹ tests 14
ℹ suites 0
ℹ pass 14
ℹ fail 0
ℹ cancelled 0
ℹ skipped 0
ℹ todo 0
ℹ duration_ms 3769.6773
▶ Kakao short form originals are durable, scoped, reusable and expire at 06:00 KST
  ✔ scope, kind, target and operating-day binding are mandatory (6.8774ms)
  ✔ concurrent readers reuse a single durable original (74.0556ms)
  ✔ transaction rollback does not leave an issued code behind (3.4996ms)
  ✔ database constraints fail closed even when application validation is bypassed (127.8942ms)
  ✔ midnight preserves the code but the exact 06:00 boundary rejects it (67.6253ms)
  ✔ bounded retention cleanup never removes a live original (29.8783ms)
✔ Kakao short form originals are durable, scoped, reusable and expire at 06:00 KST (432.0443ms)
ℹ tests 7
ℹ suites 0
ℹ pass 7
ℹ fail 0
ℹ cancelled 0
ℹ skipped 0
ℹ todo 0
ℹ duration_ms 1122.0226
✔ one installation maps to exactly one canonical room without room parsing or sender allowlists (272.8494ms)
ℹ tests 1
ℹ suites 0
ℹ pass 1
ℹ fail 0
ℹ cancelled 0
ℹ skipped 0
ℹ todo 0
ℹ duration_ms 995.0782
✔ ADR0011 lists more than twenty parties without snapshots and reads scoped active/draft details directly (154.6268ms)
ℹ tests 1
ℹ suites 0
ℹ pass 1
ℹ fail 0
ℹ cancelled 0
ℹ skipped 0
ℹ todo 0
ℹ duration_ms 906.8372
✔ [P0-FIXTURE] input-tolerance matrix is pinned to the unchanged V1 oracle (1.0509ms)
✔ [P0-PARTY-01] punctuation, full-width, escape, and whitespace rows have one semantic member (8.9302ms)
✔ [P0-PARTY-02] an explicit empty slot is valid but an absent slot row is not a full snapshot (3.9343ms)
✔ [P0-PARTY-03] slash and comma in one reserve row stay in one display name (0.4061ms)
✔ [P0-PARTY-04] a 2-person title cannot overwrite an existing 5-person recruit target (1.3311ms)
✔ [P0-PARTY-05] conflicting duplicate slot rows reject the whole snapshot (0.725ms)
✔ [P0-PARTY-06] member order is canonical and independent of pasted row order (0.7859ms)
✔ [P0-PARTY-07] name suffix notes, emoji, and Kakao tags are preserved (1.1463ms)
✔ [P0-PARTY-08] multiline metadata values match their single-line semantic values (0.9346ms)
✔ [P0-PARTY-09] an automatic-number empty draft never creates a recruit (0.7852ms)
✔ [P0-OPS-01] all four forms preserve values continued on the following line (3.2401ms)
✔ [P0-OPS-02] all four forms expose exact missing-field contracts without submission (0.717ms)
✔ [P0-OPS-03] parentheses and comma stay in the person name instead of becoming an implicit delimiter (0.1853ms)
✔ [P0-OPS-04] ordinary conversation and partial label discussions remain UNKNOWN (1.3378ms)
✔ [P0-OPS-05:friends] field order does not alter the canonical payload (0.4436ms)
✔ [P0-OPS-06:friends] a conflicting duplicate label rejects the whole form (0.4456ms)
✔ [P0-OPS-07:friends] arbitrary footer text cannot contaminate the last field (0.3625ms)
✔ [P0-OPS-05:suggestions] field order does not alter the canonical payload (0.2913ms)
✔ [P0-OPS-06:suggestions] a conflicting duplicate label rejects the whole form (0.2473ms)
✔ [P0-OPS-07:suggestions] arbitrary footer text cannot contaminate the last field (0.4359ms)
✔ [P0-OPS-05:meetups] field order does not alter the canonical payload (0.3758ms)
✔ [P0-OPS-06:meetups] a conflicting duplicate label rejects the whole form (0.2676ms)
✔ [P0-OPS-07:meetups] arbitrary footer text cannot contaminate the last field (0.451ms)
✔ [P0-OPS-05:leaves] field order does not alter the canonical payload (0.2981ms)
✔ [P0-OPS-06:leaves] a conflicting duplicate label rejects the whole form (0.1986ms)
✔ [P0-OPS-07:leaves] arbitrary footer text cannot contaminate the last field (0.2495ms)
✔ [P0-OPS-08] prose mentioning every label is not classified as a form (0.1436ms)
✔ [P0-IDEMPOTENCY-01] the same event is dispatched exactly once and then replayed (0.6998ms)
✔ [P0-IDEMPOTENCY-02] different events with one semantic payload are both dispatched (0.7033ms)
✔ [P0-MULTIUSER-01] same-room events from different senders reach edit and finish dispatch (0.5081ms)
✔ [P0-CANONICAL-01] V1-local fullwidth slash and digits canonicalize to the same finish command on the server (0.1486ms)
✔ [P0-CANONICAL-02] finish and detail commands tolerate whitespace after the copied hash marker (0.1921ms)
✔ [P0-MULTIUSER-02] PostgreSQL contract proves same-room cross-user edit/finish and different-room no-mutation without an administrator role (181.9324ms)
ℹ tests 33
ℹ suites 0
ℹ pass 33
ℹ fail 0
ℹ cancelled 0
ℹ skipped 0
ℹ todo 0
ℹ duration_ms 1010.2356
(node:33652) DeprecationWarning: Calling client.query() when the client is already executing a query is deprecated and will be removed in pg@9.0. Use async/await or an external async flow control mechanism instead.
(Use `node --trace-deprecation ...` to show where the warning was created)
✔ S07 event adapter persists exact-ten lifecycle, S06 teams, correction invalidation and owner-safe reads (950.3945ms)
ℹ tests 1
ℹ suites 0
ℹ pass 1
ℹ fail 0
ℹ cancelled 0
ℹ skipped 0
ℹ todo 0
ℹ duration_ms 1754.0831
✔ S08 adapter persists recruitment, seeded auction, BO stages, roster history, MVP revote and atomic receipts (4789.0805ms)
ℹ tests 1
ℹ suites 0
ℹ pass 1
ℹ fail 0
ℹ cancelled 0
ℹ skipped 0
ℹ todo 0
ℹ duration_ms 5600.9643
✔ S13 settings, AI ledger and signed maintenance preserve authorization and idempotency contracts (413.034ms)
ℹ tests 1
ℹ suites 0
ℹ pass 1
ℹ fail 0
ℹ cancelled 0
ℹ skipped 0
ℹ todo 0
ℹ duration_ms 1138.3493
✔ storage probe atomically limits concurrent jobs, rejects replay, and records synthetic storage success and failure (169.4963ms)
ℹ tests 1
ℹ suites 0
ℹ pass 1
ℹ fail 0
ℹ cancelled 0
ℹ skipped 0
ℹ todo 0
ℹ duration_ms 880.0149
✔ admin diagnostics aggregate only current notice scope and fixed operational evidence in a bounded read-only transaction (284.1376ms)
ℹ tests 1
ℹ suites 0
ℹ pass 1
ℹ fail 0
ℹ cancelled 0
ℹ skipped 0
ℹ todo 0
ℹ duration_ms 989.2605
✔ 0045 fresh, populated 0044 upgrade and replay preserve existing Riot links and summaries (3073.0646ms)
✔ Riot analytics archive deduplicates, pages without upstream access, retains daily observations and hides changed connections (276.0661ms)
✔ S12 Riot persistence keeps owner auth, one-time RSO, jobs, receipts, audit and outbox atomic (405.5514ms)
ℹ tests 3
ℹ suites 0
ℹ pass 3
ℹ fail 0
ℹ cancelled 0
ℹ skipped 0
ℹ todo 0
ℹ duration_ms 4496.971
✔ production RSO cache and signed sync job survive application retry without persisting credentials (375.3328ms)
✔ scheduled Riot repository excludes ineligible identities and duplicate/recent work (131.6924ms)
✔ Riot key probe persists only safe outcomes and rejects replay, rapid retry, invalid signature and disabled flag (100.2802ms)
ℹ tests 3
ℹ suites 0
ℹ pass 3
ℹ fail 0
ℹ cancelled 0
ℹ skipped 0
ℹ todo 0
ℹ duration_ms 1341.1304
✔ S11 discipline records and private evidence persist with masked ownership, replay, and exact review state (579.1762ms)
ℹ tests 1
ℹ suites 0
ℹ pass 1
ℹ fail 0
ℹ cancelled 0
ℹ skipped 0
ℹ todo 0
ℹ duration_ms 1368.5117
✔ S10 champion catalog keeps live ADMIN session mutations, replay and durable ledgers atomic (286.2498ms)
✔ S10 champion image backfill applies and rolls back all 173 NULL fixture rows (206.0743ms)
ℹ tests 2
ℹ suites 0
ℹ pass 2
ℹ fail 0
ℹ cancelled 0
ℹ skipped 0
ℹ todo 0
ℹ duration_ms 1242.435
{"kind":"isolated-postgresql-recovery","archiveBytes":1142814,"archiveSha256":"15ef23d8bb92f996ce435681fab419b8110a1a691b1932f1009c69539ba5bb06","migrationCount":48,"migrationHead":"0047_usage_analytics","tableCount":112,"schemaDefinitionCount":3607,"exactTableCountsMatched":true,"fixtureRelationMatched":true,"foreignKeysValidated":true,"migrationReplayNoop":true,"failedMigrationRolledBack":true}
✔ PostgreSQL custom archive restores the complete schema, data and migration head (3127.1708ms)
ℹ tests 1
ℹ suites 0
ℹ pass 1
ℹ fail 0
ℹ cancelled 0
ℹ skipped 0
ℹ todo 0
ℹ duration_ms 3805.5044
✔ bounded maintenance deletes only expired rows and records an atomic replayable result (141.9667ms)
ℹ tests 1
ℹ suites 0
ℹ pass 1
ℹ fail 0
ℹ cancelled 0
ℹ skipped 0
ℹ todo 0
ℹ duration_ms 888.0884
[browser-qa-ready] http://127.0.0.1:64186; synthetic credentials retained only in ignored .tmp file
[browser-qa-command] ready | code | empty | season-error | season-restore | account-error | account-restore | sessions-error | sessions-restore | bump-approved | stop
[db-contract] cluster stopped and disposable workspace path removed

Harness exit 0 (exec session 76532)
