✖ independent malformed non-successor generations preserve the original request (81.6135ms)
ℹ tests 1
ℹ suites 0
ℹ pass 0
ℹ fail 1
ℹ cancelled 0
ℹ skipped 0
ℹ todo 0
ℹ duration_ms 289.6878

✖ failing tests:

test at .tmp\mmr-admin-independent-review.test.mjs:195:1
✖ independent malformed non-successor generations preserve the original request (81.6135ms)
  AssertionError [ERR_ASSERTION]: recalculate: a result two generations after If-Match cannot be this command's receipt
  + actual - expected
  
  + [
  +   'refresh'
  + ]
  - []
  
      at TestContext.<anonymous> (file:///E:/k-LOL.GG/worktrees/ux-discoverability-20261002/.tmp/mmr-admin-independent-review.test.mjs:202:12)
      at async Test.run (node:internal/test_runner/test:1125:7)
      at async startSubtestAfterBootstrap (node:internal/test_runner/harness:358:3) {
    generatedMessage: false,
    code: 'ERR_ASSERTION',
    actual: [ 'refresh' ],
    expected: [],
    operator: 'deepStrictEqual',
    diff: 'simple'
  }
