> npm run test:db
[db-contract] isolated PostgreSQL 18 cluster started
✔ all journaled migrations install idempotently on a distinct empty PostgreSQL 18 database (1202.8261ms)
ℹ tests 1
ℹ suites 0
ℹ pass 1
ℹ fail 0
ℹ cancelled 0
ℹ skipped 0
ℹ todo 0
ℹ duration_ms 3166.5824
✔ four guards reject unsafe database targets (0.8161ms)
▶ migrations, constraints, repository, and transaction contracts hold on PostgreSQL 18
  ✔ forward migration preserves existing player rows and is idempotent (1022.8108ms)
  ✔ auth and TOTP constraints fail closed (107.8062ms)
  ✔ database auth repository persists durable session, TOTP, and rate-limit state (226.9556ms)
  ✔ registry uniqueness and lifecycle constraints are enforced (5.4437ms)
  ✔ PostgresPlayerRepository returns only public active projections (21.2692ms)
  ✔ domain change and audit append commit or roll back atomically (5.9842ms)
✔ migrations, constraints, repository, and transaction contracts hold on PostgreSQL 18 (1397.9114ms)
ℹ tests 8
ℹ suites 0
ℹ pass 8
ℹ fail 0
ℹ cancelled 0
ℹ skipped 0
ℹ todo 0
ℹ duration_ms 2145.106
✔ usage storage: idempotency, KST days, visits, identity transitions, staff exclusions and durable limits (235.8974ms)
ℹ tests 1
ℹ suites 0
ℹ pass 1
ℹ fail 0
ℹ cancelled 0
ℹ skipped 0
ℹ todo 0
ℹ duration_ms 926.9665
✔ 0041 fresh install, populated 0040 upgrade and reapply preserve enrollment history (3472.9325ms)
ℹ tests 1
ℹ suites 0
ℹ pass 1
ℹ fail 0
ℹ cancelled 0
ℹ skipped 0
ℹ todo 0
ℹ duration_ms 4127.5851
▶ administrator TOTP lifecycle is serialized, audited, and rolled back atomically
  ✔ a TOTP setup session that expires while queued cannot mutate security state (530.8315ms)
  ✔ pending setup never rotates silently and explicit cancellation is auditable (18.048ms)
  ✔ concurrent enable has one winner and revokes every session in its transaction (15.9022ms)
  ✔ audit insertion failure rolls credential, version, and revocation back (13.6009ms)
  ✔ concurrent self-disable deletes the factor and revokes all sessions exactly once (22.4232ms)
  ✔ USER is rejected while SUPER_ADMIN self-setup remains allowed (6.9202ms)
✔ administrator TOTP lifecycle is serialized, audited, and rolled back atomically (716.097ms)
ℹ tests 7
ℹ suites 0
ℹ pass 7
ℹ fail 0
ℹ cancelled 0
ℹ skipped 0
ℹ todo 0
ℹ duration_ms 1486.6712
✔ S02 player mutations, legacy mapping, privacy, replay, and rollback hold on PostgreSQL 18 (1171.4036ms)
ℹ tests 1
ℹ suites 0
ℹ pass 1
ℹ fail 0
ℹ cancelled 0
ℹ skipped 0
ℹ todo 0
ℹ duration_ms 1950.6062
▶ season lifecycle, participation ownership, idempotency and audit contracts hold on PostgreSQL 18
  ✔ retired lifecycle timestamps reject activated or ended history (3.6683ms)
  ✔ concurrent activation leaves exactly one active season (160.8128ms)
  ✔ clone creates a draft and stale clone revision is rejected (9.8494ms)
  ✔ Kakao provenance hash and position invariants are enforced by PostgreSQL (253.644ms)
  ✔ SUPER resolves or cancels pending Kakao applications with idempotency, merge policy and safe team handoff (285.736ms)
  ✔ SITE upsert reuses the same player/date/round row imported from Kakao (16.9854ms)
  ✔ command receipts expire after 24 hours and an expired key is safely reusable (8.5463ms)
  ✔ season audit snapshots retain lifecycle and schedule field diffs (11.8368ms)
  ✔ clone and cancellation roll back with their audit event (9.8508ms)
  ✔ owner cancellation, resubmission and admin review honor revisions (85.0286ms)
  ✔ public DTO excludes member, login, Discord and internal review fields (5.9617ms)
  ✔ public status counts cover the full roster while the projection is capped at 200 (51.7675ms)
  ✔ viewer approval and active-player capability are rechecked from the database (29.8556ms)
  ✔ non-approved account is rechecked inside the mutation transaction (1.0698ms)
  ✔ ACCOUNT and ADMIN purposes cannot cross-authorize season commands (1.877ms)
  ✔ ADMIN and SUPER_ADMIN roles may use approved user actions only through ACCOUNT sessions (24.2235ms)
  ✔ session revocation wins over a queued ACCOUNT mutation (165.0405ms)
  ✔ optional TOTP removal preserves a valid password-only ADMIN session (172.9834ms)
  ✔ soft-deleted account is rejected again inside the mutation transaction (1.4005ms)
  ✔ reviewer history restricts hard deletion of the reviewer account (4.3501ms)
  ✔ audit failure rolls the season and idempotency receipt back together (3.4366ms)
  ✔ ending and retirement preserve history instead of cascading deletion (7.0123ms)
✔ season lifecycle, participation ownership, idempotency and audit contracts hold on PostgreSQL 18 (1495.6574ms)
✔ site and Kakao serialize the last seat, allow explicit reserves and block closed rounds (340.6848ms)
ℹ tests 24
ℹ suites 0
ℹ pass 24
ℹ fail 0
ℹ cancelled 0
ℹ skipped 0
ℹ todo 0
ℹ duration_ms 2626.1809
▶ site capacity transition queue is atomic, scoped, replay-safe and offline tolerant
  ✔ UNVERIFIED matches only one-candidate review items (14.0947ms)
  ✔ website roster ignores legacy pending in another scope or mode (94.3271ms)
  ✔ 9 to 10, retry and unchanged 10 create a single notification (47.1199ms)
  ✔ failed application transaction rolls back its notification (29.5244ms)
  ✔ another scope or target cannot claim and replay is refused (12.4748ms)
  ✔ offline lease expires, concurrent polls claim once, ACK is idempotent (30.8492ms)
  ✔ uncertain send is terminal; a newer 9 to 10 transition remains separate (39.643ms)
  ✔ expiry, failure bound and retention are enforced (39.2597ms)
✔ site capacity transition queue is atomic, scoped, replay-safe and offline tolerant (419.116ms)
ℹ tests 9
ℹ suites 0
ℹ pass 9
ℹ fail 0
ℹ cancelled 0
ℹ skipped 0
ℹ todo 0
ℹ duration_ms 1216.8953
✔ S01 account lifecycle, recovery security, races, replay, and rollback hold on PostgreSQL 18 (3988.7896ms)
ℹ tests 1
ℹ suites 0
ℹ pass 1
ℹ fail 0
ℹ cancelled 0
ℹ skipped 0
ℹ todo 0
ℹ duration_ms 8163.6336
▶ S04 stores participant display identity and rejection reasons as durable history
  ✔ published detail keeps ten KDA rows and exposes a real API 404/fallback contract (47.5674ms)
  ✔ registry rename does not rewrite a recorded participant or its archived revision (267.7004ms)
  ✔ reject after and reopen before audit snapshots retain the cleared public reason (19.1162ms)
  ✔ web submission accepts only the owner's current valid selected team draft (27.4802ms)
  ✔ admin match creation rechecks and persists the exact selected team draft (14.9301ms)
  ✔ submission approval carries team-balance provenance through match history and outbox (45.6646ms)
✔ S04 stores participant display identity and rejection reasons as durable history (569.2556ms)
ℹ tests 7
ℹ suites 0
ℹ pass 7
ℹ fail 0
ℹ cancelled 0
ℹ skipped 0
ℹ todo 0
ℹ duration_ms 1298.9261
▶ match writes accept password-only administrators and enforce current session boundaries
  ✔ ADMIN without TOTP (10.2849ms)
  ✔ SUPER_ADMIN without TOTP (2.5031ms)
  ✔ existing TOTP session (2.8447ms)
  ✔ ACCOUNT cookie cannot authorize admin import (2.4323ms)
  ✔ ordinary member (1.736ms)
  ✔ revoked session (2.0525ms)
  ✔ expired session despite earlier request time (2.1842ms)
  ✔ stale auth version (1.8189ms)
  ✔ changed role (1.9009ms)
  ✔ suspended account (1.6875ms)
  ✔ deleted account (1.49ms)
  ✔ password reset required (1.4364ms)
  ✔ fixture session cannot write (1.9979ms)
  ✔ approved member submission (2.011ms)
✔ match writes accept password-only administrators and enforce current session boundaries (124.4198ms)
ℹ tests 15
ℹ suites 0
ℹ pass 15
ℹ fail 0
ℹ cancelled 0
ℹ skipped 0
ℹ todo 0
ℹ duration_ms 789.0136
✔ S05 rebuilds PUBLISHED match statistics atomically and receipts make replay idempotent (381.3259ms)
ℹ tests 1
ℹ suites 0
ℹ pass 1
ℹ fail 0
ℹ cancelled 0
ℹ skipped 0
ℹ todo 0
ℹ duration_ms 1108.2363
✔ S10 media publication requires a live admin session and is idempotent, asset-safe, auditable, and soft archived (397.7111ms)
✔ S10 admin upload persists STAGED to READY, lists by exact draft, attaches safely, and tombstones unused assets (262.4725ms)
ℹ tests 2
ℹ suites 0
ℹ pass 2
ℹ fail 0
ℹ cancelled 0
ℹ skipped 0
ℹ todo 0
ℹ duration_ms 1391.4131
✔ team internal experience counts published games only and converges after void and restore (220.7095ms)
✔ team-only override requires a live SUPER session and recent solo provider requires connected fresh identity (274.8094ms)
✔ S06 draft lifecycle is owner/admin authorized, append-only, transactional, and idempotent (585.4551ms)
ℹ tests 3
ℹ suites 0
ℹ pass 3
ℹ fail 0
ℹ cancelled 0
ℹ skipped 0
ℹ todo 0
ℹ duration_ms 1807.516
✔ S05-B persists canonical full-ledger MMR replay without competing for the S04 outbox (2492.7679ms)
ℹ tests 1
ℹ suites 0
ℹ pass 1
ℹ fail 0
ℹ cancelled 0
ℹ skipped 0
ℹ todo 0
ℹ duration_ms 3200.5151
✔ S09 PostgreSQL adapter commits aggregate, receipt, audit and outbox atomically with owner/session checks (221.9818ms)
✔ party member statistics are bounded and count distinct parties and primary companions (82.7977ms)
✔ S09 PostgreSQL adapter binds a BOT nonce to exactly one signed request identity (89.3088ms)
✔ Kakao aggregate controllers block confused-deputy lifecycle mutations (156.8278ms)
✔ V4 scrim finish completes only the active same-room target and replays without duplicate writes (212.5069ms)
✔ concurrent V4 party member commands serialize on the locked latest aggregate (283.6943ms)
✔ concurrent V4 scrim participant commands compose after the database row lock (155.4885ms)
ℹ tests 7
ℹ suites 0
ℹ pass 7
ℹ fail 0
ℹ cancelled 0
ℹ skipped 0
ℹ todo 0
ℹ duration_ms 1965.2105
✔ S09 operation forms persist signed submissions and ADMIN TOTP mutations atomically (284.2641ms)
ℹ tests 1
ℹ suites 0
ℹ pass 1
ℹ fail 0
ℹ cancelled 0
ℹ skipped 0
ℹ todo 0
ℹ duration_ms 966.4812
✔ signed Kakao reads persist safe replay receipts and isolate recruit members to the bound room (154.682ms)
✔ in-house round metadata persists schedule and notice, clears on full snapshot, and isolates authoritative mode transitions by room (318.4155ms)
✔ authoritative Kakao season sync withdraws only same-room same-round RIFT rows and replays without writes (299.0144ms)
✔ signed Kakao season snapshots match exact players and preserve unresolved entries for review (170.0986ms)
✔ recoverable Kakao season rows save valid players, queue review rows, preserve omitted slots, and cancel explicit blanks (130.6505ms)
✔ in-house shortcuts and full snapshots enforce integrated SITE capacity while preserving confirmed decisions (194.2884ms)
✔ in-house finish preserves every roster row, hides the round, and replays without writes (124.5499ms)
✔ editable inhouse forms count unlinked names, merge concurrent additions, protect SITE rows and retain closed rosters (445.3873ms)
✔ name-first in-house copies keep pending slots and merge metadata without overwriting newer edits (199.3013ms)
✔ in-house copy forms reopen a vacated reserve slot and preserve the remaining roster (154.4163ms)
✔ owner-created Kakao image sessions bind sender, finalize private assets, replay, and revoke (147.2379ms)
✔ Kakao admin settings and health repair require SUPER TOTP and persist receipts, audit, and outbox (162.6735ms)
✔ inhouse roster matching uses bounded lookups for ten members and guests (236.6617ms)
ℹ {"label":"1-members-save","queries":31,"memberLookups":1,"applicationLookups":1,"elapsedMs":13}
ℹ {"label":"1-members-unchanged","queries":26,"memberLookups":0,"applicationLookups":0,"elapsedMs":9}
ℹ {"label":"10-members-save","queries":40,"memberLookups":1,"applicationLookups":1,"elapsedMs":16}
ℹ {"label":"10-members-unchanged","queries":26,"memberLookups":0,"applicationLookups":0,"elapsedMs":14}
ℹ {"label":"10-guests-save","queries":39,"memberLookups":1,"applicationLookups":0,"elapsedMs":14}
ℹ {"label":"10-guests-unchanged","queries":27,"memberLookups":1,"applicationLookups":0,"elapsedMs":10}
✔ inhouse overview projects all three modes and excludes other rooms, closed rounds and drafts (106.265ms)
ℹ tests 14
ℹ suites 0
ℹ pass 14
ℹ fail 0
ℹ cancelled 0
ℹ skipped 0
ℹ todo 0
ℹ duration_ms 3693.8202
▶ Kakao short form originals are durable, scoped, reusable and expire at 06:00 KST
  ✔ scope, kind, target and operating-day binding are mandatory (6.0739ms)
  ✔ concurrent readers reuse a single durable original (63.3126ms)
  ✔ transaction rollback does not leave an issued code behind (3.0946ms)
  ✔ database constraints fail closed even when application validation is bypassed (100.6286ms)
  ✔ midnight preserves the code but the exact 06:00 boundary rejects it (70.0263ms)
  ✔ bounded retention cleanup never removes a live original (24.0108ms)
✔ Kakao short form originals are durable, scoped, reusable and expire at 06:00 KST (367.7782ms)
ℹ tests 7
ℹ suites 0
ℹ pass 7
ℹ fail 0
ℹ cancelled 0
ℹ skipped 0
ℹ todo 0
ℹ duration_ms 1035.4037
✔ one installation maps to exactly one canonical room without room parsing or sender allowlists (274.8559ms)
ℹ tests 1
ℹ suites 0
ℹ pass 1
ℹ fail 0
ℹ cancelled 0
ℹ skipped 0
ℹ todo 0
ℹ duration_ms 932.2887
✔ ADR0011 lists more than twenty parties without snapshots and reads scoped active/draft details directly (145.6724ms)
ℹ tests 1
ℹ suites 0
ℹ pass 1
ℹ fail 0
ℹ cancelled 0
ℹ skipped 0
ℹ todo 0
ℹ duration_ms 839.5152
✔ [P0-FIXTURE] input-tolerance matrix is pinned to the unchanged V1 oracle (3.2401ms)
✔ [P0-PARTY-01] punctuation, full-width, escape, and whitespace rows have one semantic member (17.2348ms)
✔ [P0-PARTY-02] an explicit empty slot is valid but an absent slot row is not a full snapshot (5.6563ms)
✔ [P0-PARTY-03] slash and comma in one reserve row stay in one display name (0.659ms)
✔ [P0-PARTY-04] a 2-person title cannot overwrite an existing 5-person recruit target (1.6548ms)
✔ [P0-PARTY-05] conflicting duplicate slot rows reject the whole snapshot (0.8283ms)
✔ [P0-PARTY-06] member order is canonical and independent of pasted row order (1.0986ms)
✔ [P0-PARTY-07] name suffix notes, emoji, and Kakao tags are preserved (1.7355ms)
✔ [P0-PARTY-08] multiline metadata values match their single-line semantic values (1.5614ms)
✔ [P0-PARTY-09] an automatic-number empty draft never creates a recruit (1.2094ms)
✔ [P0-OPS-01] all four forms preserve values continued on the following line (4.0407ms)
✔ [P0-OPS-02] all four forms expose exact missing-field contracts without submission (0.6931ms)
✔ [P0-OPS-03] parentheses and comma stay in the person name instead of becoming an implicit delimiter (0.1835ms)
✔ [P0-OPS-04] ordinary conversation and partial label discussions remain UNKNOWN (0.8896ms)
✔ [P0-OPS-05:friends] field order does not alter the canonical payload (0.3835ms)
✔ [P0-OPS-06:friends] a conflicting duplicate label rejects the whole form (0.317ms)
✔ [P0-OPS-07:friends] arbitrary footer text cannot contaminate the last field (0.374ms)
✔ [P0-OPS-05:suggestions] field order does not alter the canonical payload (0.2084ms)
✔ [P0-OPS-06:suggestions] a conflicting duplicate label rejects the whole form (0.1497ms)
✔ [P0-OPS-07:suggestions] arbitrary footer text cannot contaminate the last field (0.228ms)
✔ [P0-OPS-05:meetups] field order does not alter the canonical payload (0.3681ms)
✔ [P0-OPS-06:meetups] a conflicting duplicate label rejects the whole form (0.2431ms)
✔ [P0-OPS-07:meetups] arbitrary footer text cannot contaminate the last field (0.3032ms)
✔ [P0-OPS-05:leaves] field order does not alter the canonical payload (0.2792ms)
✔ [P0-OPS-06:leaves] a conflicting duplicate label rejects the whole form (0.1858ms)
✔ [P0-OPS-07:leaves] arbitrary footer text cannot contaminate the last field (0.2455ms)
✔ [P0-OPS-08] prose mentioning every label is not classified as a form (0.181ms)
✔ [P0-IDEMPOTENCY-01] the same event is dispatched exactly once and then replayed (0.6904ms)
✔ [P0-IDEMPOTENCY-02] different events with one semantic payload are both dispatched (0.6822ms)
✔ [P0-MULTIUSER-01] same-room events from different senders reach edit and finish dispatch (0.5104ms)
✔ [P0-CANONICAL-01] V1-local fullwidth slash and digits canonicalize to the same finish command on the server (0.1557ms)
✔ [P0-CANONICAL-02] finish and detail commands tolerate whitespace after the copied hash marker (0.189ms)
✔ [P0-MULTIUSER-02] PostgreSQL contract proves same-room cross-user edit/finish and different-room no-mutation without an administrator role (153.5334ms)
ℹ tests 33
ℹ suites 0
ℹ pass 33
ℹ fail 0
ℹ cancelled 0
ℹ skipped 0
ℹ todo 0
ℹ duration_ms 997.8165
(node:17764) DeprecationWarning: Calling client.query() when the client is already executing a query is deprecated and will be removed in pg@9.0. Use async/await or an external async flow control mechanism instead.
(Use `node --trace-deprecation ...` to show where the warning was created)
✔ S07 event adapter persists exact-ten lifecycle, S06 teams, correction invalidation and owner-safe reads (883.7357ms)
ℹ tests 1
ℹ suites 0
ℹ pass 1
ℹ fail 0
ℹ cancelled 0
ℹ skipped 0
ℹ todo 0
ℹ duration_ms 1688.9054
✔ S08 adapter persists recruitment, seeded auction, BO stages, roster history, MVP revote and atomic receipts (4847.3224ms)
ℹ tests 1
ℹ suites 0
ℹ pass 1
ℹ fail 0
ℹ cancelled 0
ℹ skipped 0
ℹ todo 0
ℹ duration_ms 5655.4815
✔ S13 settings, AI ledger and signed maintenance preserve authorization and idempotency contracts (351.1586ms)
ℹ tests 1
ℹ suites 0
ℹ pass 1
ℹ fail 0
ℹ cancelled 0
ℹ skipped 0
ℹ todo 0
ℹ duration_ms 1047.8741
✔ storage probe atomically limits concurrent jobs, rejects replay, and records synthetic storage success and failure (171.0696ms)
ℹ tests 1
ℹ suites 0
ℹ pass 1
ℹ fail 0
ℹ cancelled 0
ℹ skipped 0
ℹ todo 0
ℹ duration_ms 821.584
✔ admin diagnostics aggregate only current notice scope and fixed operational evidence in a bounded read-only transaction (301.6373ms)
ℹ tests 1
ℹ suites 0
ℹ pass 1
ℹ fail 0
ℹ cancelled 0
ℹ skipped 0
ℹ todo 0
ℹ duration_ms 985.2789
✔ 0045 fresh, populated 0044 upgrade and replay preserve existing Riot links and summaries (3072.8171ms)
✔ Riot analytics archive deduplicates, pages without upstream access, retains daily observations and hides changed connections (264.7723ms)
✔ S12 Riot persistence keeps owner auth, one-time RSO, jobs, receipts, audit and outbox atomic (308.4703ms)
ℹ tests 3
ℹ suites 0
ℹ pass 3
ℹ fail 0
ℹ cancelled 0
ℹ skipped 0
ℹ todo 0
ℹ duration_ms 4377.03
✔ production RSO cache and signed sync job survive application retry without persisting credentials (378.0462ms)
✔ scheduled Riot repository excludes ineligible identities and duplicate/recent work (127.6037ms)
✔ Riot key probe persists only safe outcomes and rejects replay, rapid retry, invalid signature and disabled flag (104.0692ms)
ℹ tests 3
ℹ suites 0
ℹ pass 3
ℹ fail 0
ℹ cancelled 0
ℹ skipped 0
ℹ todo 0
ℹ duration_ms 1355.4891
✔ S11 discipline records and private evidence persist with masked ownership, replay, and exact review state (464.2072ms)
ℹ tests 1
ℹ suites 0
ℹ pass 1
ℹ fail 0
ℹ cancelled 0
ℹ skipped 0
ℹ todo 0
ℹ duration_ms 1305.4735
✔ S10 champion catalog keeps live ADMIN session mutations, replay and durable ledgers atomic (275.6261ms)
✔ S10 champion image backfill applies and rolls back all 173 NULL fixture rows (192.5646ms)
ℹ tests 2
ℹ suites 0
ℹ pass 2
ℹ fail 0
ℹ cancelled 0
ℹ skipped 0
ℹ todo 0
ℹ duration_ms 1180.2908
{"kind":"isolated-postgresql-recovery","archiveBytes":1142612,"archiveSha256":"ce7a2ec41cd20f70863291b0bdd5cf753cc5572fc6756e6d84dc6e578ff60051","migrationCount":48,"migrationHead":"0047_usage_analytics","tableCount":112,"schemaDefinitionCount":3607,"exactTableCountsMatched":true,"fixtureRelationMatched":true,"foreignKeysValidated":true,"migrationReplayNoop":true,"failedMigrationRolledBack":true}
✔ PostgreSQL custom archive restores the complete schema, data and migration head (2986.5348ms)
ℹ tests 1
ℹ suites 0
ℹ pass 1
ℹ fail 0
ℹ cancelled 0
ℹ skipped 0
ℹ todo 0
ℹ duration_ms 3644.9933
✔ bounded maintenance deletes only expired rows and records an atomic replayable result (125.5309ms)
ℹ tests 1
ℹ suites 0
ℹ pass 1
ℹ fail 0
ℹ cancelled 0
ℹ skipped 0
ℹ todo 0
ℹ duration_ms 805.3805
[db-auth-http] durable login, token hash, mutation invalidation, and logout revocation passed
[admin-password-qa] Password-only ADMIN/SUPER and legacy-TOTP accounts; real DB sessions and SUPER mutation; role/status/origin/tamper/revocation gates; retired endpoints; no enrollment form: passed
[db-player-http] ADMIN/SUPER UI, Chromium account promotion and edit/412 recovery, role audit/receipt/session invariants, strict CRUD/reactivation, Riot identity disconnect, safe audit UI, legacy restoration, privacy, revision, and replay passed
[db-season-http] role matrix, strict JSON/query/timezone, rate limits, idempotency, revisions, ownership, privacy, lifecycle and legacy redirects passed
[db-account-browser] owner name/Riot ID/tier keyboard save, rendered refresh, and 412 remount passed
[db-account-http] public/account/admin users, purpose cookies, claims, recovery, concurrency headers, replay, rate limits, privacy, and 503 fail-closed passed
[db-contract] cluster stopped and disposable workspace path removed

Process exit code: 0
