✖ event administrators can reach records 13–25 and return without losing filters (173.8539ms)
✖ event search keeps page size, starts at page one and retains canonical filter values (82.9192ms)
✖ event out-of-range empty page returns to the same filtered first page (69.4635ms)
✖ event empty filtered and initial states differ, and failed loads can retry the same query (62.7343ms)
✖ event invalid pagination avoids accidental unfiltered reads and provides recovery (58.6889ms)
✖ event pagination never emits a page outside the existing parser limit (48.7198ms)
✖ destruction administrators can reach records 13–25 and return without losing filters (55.5295ms)
✖ destruction search keeps page size, starts at page one and retains canonical filter values (56.5463ms)
✖ destruction out-of-range empty page returns to the same filtered first page (60.1918ms)
✖ destruction empty filtered and initial states differ, and failed loads can retry the same query (47.8405ms)
✖ destruction invalid pagination avoids accidental unfiltered reads and provides recovery (42.7295ms)
✖ destruction pagination never emits a page outside the existing parser limit (43.3587ms)
ℹ tests 12
ℹ suites 0
ℹ pass 0
ℹ fail 12
ℹ cancelled 0
ℹ skipped 0
ℹ todo 0
ℹ duration_ms 1064.9333

✖ failing tests:

test at tests\admin-competition-pagination.test.mjs:74:3
✖ event administrators can reach records 13–25 and return without losing filters (173.8539ms)
  AssertionError [ERR_ASSERTION]: more than twelve records require a discoverable next-page action
      at TestContext.<anonymous> (file:///E:/k-LOL.GG/worktrees/ux-discoverability-20261002/tests/admin-competition-pagination.test.mjs:79:12)
      at async Test.run (node:internal/test_runner/test:1125:7)
      at async startSubtestAfterBootstrap (node:internal/test_runner/harness:358:3) {
    generatedMessage: false,
    code: 'ERR_ASSERTION',
    actual: undefined,
    expected: true,
    operator: '==',
    diff: 'simple'
  }

test at tests\admin-competition-pagination.test.mjs:91:3
✖ event search keeps page size, starts at page one and retains canonical filter values (82.9192ms)
  AssertionError [ERR_ASSERTION]: The input did not match the regular expression /<input[^>]*type="hidden"[^>]*name="pageSize"[^>]*value="24"/u. Input:
  
  '<form class="filters" action="/admin/progress/event"><label>이름 검색<input maxLength="64" name="q" value="합성 &amp; 오래된 대회"/></label><label>상태<select name="status"><option value="">전체</option><option>PLANNED</option><option>RECRUITING</option><option>TEAM_BUILDING</option><option selected="">IN_PROGRESS</option><option>COMPLETED</option><option>CANCELLED</option></select></label><label>방식<select name="format"><option value="">전체</option><option>POSITION</option><option selected="">ARAM</option></select></label><button type="submit">조회</button></form>'
  
      at TestContext.<anonymous> (file:///E:/k-LOL.GG/worktrees/ux-discoverability-20261002/tests/admin-competition-pagination.test.mjs:94:12)
      at async Test.run (node:internal/test_runner/test:1125:7)
      at async Test.processPendingSubtests (node:internal/test_runner/test:787:7) {
    generatedMessage: true,
    code: 'ERR_ASSERTION',
    actual: '<form class="filters" action="/admin/progress/event"><label>이름 검색<input maxLength="64" name="q" value="합성 &amp; 오래된 대회"/></label><label>상태<select name="status"><option value="">전체</option><option>PLANNED</option><option>RECRUITING</option><option>TEAM_BUILDING</option><option selected="">IN_PROGRESS</option><option>COMPLETED</option><option>CANCELLED</option></select></label><label>방식<select name="format"><option value="">전체</option><option>POSITION</option><option selected="">ARAM</option></select></label><button type="submit">조회</button></form>',
    expected: /<input[^>]*type="hidden"[^>]*name="pageSize"[^>]*value="24"/u,
    operator: 'match',
    diff: 'simple'
  }

test at tests\admin-competition-pagination.test.mjs:103:3
✖ event out-of-range empty page returns to the same filtered first page (69.4635ms)
  AssertionError [ERR_ASSERTION]: The expression evaluated to a falsy value:
  
    assert.ok(html.includes("현재 페이지에 대회가 없습니다."))
  
      at TestContext.<anonymous> (file:///E:/k-LOL.GG/worktrees/ux-discoverability-20261002/tests/admin-competition-pagination.test.mjs:105:12)
      at async Test.run (node:internal/test_runner/test:1125:7)
      at async Test.processPendingSubtests (node:internal/test_runner/test:787:7) {
    generatedMessage: true,
    code: 'ERR_ASSERTION',
    actual: false,
    expected: true,
    operator: '==',
    diff: 'simple'
  }

test at tests\admin-competition-pagination.test.mjs:112:3
✖ event empty filtered and initial states differ, and failed loads can retry the same query (62.7343ms)
  AssertionError [ERR_ASSERTION]: The expression evaluated to a falsy value:
  
    assert.ok(filteredHtml.includes(`조건에 맞는 ${config.label}이 없습니다.`))
  
      at TestContext.<anonymous> (file:///E:/k-LOL.GG/worktrees/ux-discoverability-20261002/tests/admin-competition-pagination.test.mjs:115:12)
      at async Test.run (node:internal/test_runner/test:1125:7)
      at async Test.processPendingSubtests (node:internal/test_runner/test:787:7) {
    generatedMessage: true,
    code: 'ERR_ASSERTION',
    actual: false,
    expected: true,
    operator: '==',
    diff: 'simple'
  }

test at tests\admin-competition-pagination.test.mjs:125:3
✖ event invalid pagination avoids accidental unfiltered reads and provides recovery (58.6889ms)
  AssertionError [ERR_ASSERTION]: The expression evaluated to a falsy value:
  
    assert.ok(html.includes("목록 조건을 확인해 주세요."))
  
      at TestContext.<anonymous> (file:///E:/k-LOL.GG/worktrees/ux-discoverability-20261002/tests/admin-competition-pagination.test.mjs:128:14)
      at async Test.run (node:internal/test_runner/test:1125:7)
      at async Test.processPendingSubtests (node:internal/test_runner/test:787:7) {
    generatedMessage: true,
    code: 'ERR_ASSERTION',
    actual: false,
    expected: true,
    operator: '==',
    diff: 'simple'
  }

test at tests\admin-competition-pagination.test.mjs:134:3
✖ event pagination never emits a page outside the existing parser limit (48.7198ms)
  TypeError: Cannot read properties of undefined (reading 'href')
      at TestContext.<anonymous> (file:///E:/k-LOL.GG/worktrees/ux-discoverability-20261002/tests/admin-competition-pagination.test.mjs:137:77)
      at async Test.run (node:internal/test_runner/test:1125:7)
      at async Test.processPendingSubtests (node:internal/test_runner/test:787:7)

test at tests\admin-competition-pagination.test.mjs:74:3
✖ destruction administrators can reach records 13–25 and return without losing filters (55.5295ms)
  AssertionError [ERR_ASSERTION]: more than twelve records require a discoverable next-page action
      at TestContext.<anonymous> (file:///E:/k-LOL.GG/worktrees/ux-discoverability-20261002/tests/admin-competition-pagination.test.mjs:79:12)
      at async Test.run (node:internal/test_runner/test:1125:7)
      at async Test.processPendingSubtests (node:internal/test_runner/test:787:7) {
    generatedMessage: false,
    code: 'ERR_ASSERTION',
    actual: undefined,
    expected: true,
    operator: '==',
    diff: 'simple'
  }

test at tests\admin-competition-pagination.test.mjs:91:3
✖ destruction search keeps page size, starts at page one and retains canonical filter values (56.5463ms)
  AssertionError [ERR_ASSERTION]: The input did not match the regular expression /<input[^>]*type="hidden"[^>]*name="pageSize"[^>]*value="24"/u. Input:
  
  '<form class="filters" action="/admin/progress/destruction"><label>이름 검색<input maxLength="64" name="q" value="합성 &amp; 오래된 대회"/></label><label>상태<select name="status"><option value="">전체</option><option value="PLANNED">대회 준비</option><option value="RECRUITING">참가 모집</option><option value="TEAM_BUILDING">주장·포인트 확정</option><option value="AUCTION">선수 경매</option><option value="PRELIMINARY">예선</option><option value="TOURNAMENT" selected="">본선</option><option value="COMPLETED">종료</option><option value="CANCELLED">취소</option></select></label><label>예선 방식<select name="format"><option value="">전체</option><option value="FULL_ROUND_ROBIN_BO3">전체 풀리그 · 3판 2선승</option><option value="FULL_ROUND_ROBIN_BO1">전체 풀리그 · 단판</option><option value="GROUP_ROUND_ROBIN_BO3">조별 풀리그 · 3판 2선승</option><option value="GROUP_ROUND_ROBIN_BO1">조별 풀리그 · 단판</option><option value="SWISS_ROUND_BO3">스위스 라운드 · 3판 2선승</option><option value="SWISS_ROUND_BO1" selected="">스위스 라운드 · 단판</option><option value="RANDOM_ROUNDS_BO3">랜덤 라운드 · 3판 2선승</option><option value="RANDOM_ROUNDS_BO1">랜덤 라운드 · 단판</option></select></label><button type="submit">조회</button></form>'
  
      at TestContext.<anonymous> (file:///E:/k-LOL.GG/worktrees/ux-discoverability-20261002/tests/admin-competition-pagination.test.mjs:94:12)
      at async Test.run (node:internal/test_runner/test:1125:7)
      at async Test.processPendingSubtests (node:internal/test_runner/test:787:7) {
    generatedMessage: true,
    code: 'ERR_ASSERTION',
    actual: '<form class="filters" action="/admin/progress/destruction"><label>이름 검색<input maxLength="64" name="q" value="합성 &amp; 오래된 대회"/></label><label>상태<select name="status"><option value="">전체</option><option value="PLANNED">대회 준비</option><option value="RECRUITING">참가 모집</option><option value="TEAM_BUILDING">주장·포인트 확정</option><option value="AUCTION">선수 경매</option><option value="PRELIMINARY">예선</option><option value="TOURNAMENT" selected="">본선</option><option value="COMPLETED">종료</option><option value="CANCELLED">취소</option></select></label><label>예선 방식<select name="format"><option value="">전체</option><option value="FULL_ROUND_ROBIN_BO3">전체 풀리그 · 3판 2선승</option><option value="FULL_ROUND_ROBIN_BO1">전체 풀리그 · 단판</option><option value="GROUP_ROUND_ROBIN_BO3">조별 풀리그 · 3판 2선승</option><option value="GROUP_ROUND_ROBIN_BO1">조별 풀리그 · 단판</option><option value="SWISS_ROUND_BO3">스위스 라운드 · 3판 2선승</option><option value="SWISS_ROUND_BO1" selected="">스위스 라운드 · 단판</option><option value="RANDOM_ROUNDS_BO3">랜덤 라운드 · 3판 2선승</option><option value="RANDOM_ROUNDS_BO1">랜덤 라운드 · 단판</option></select></label><button type="submit">조회</button></form>',
    expected: /<input[^>]*type="hidden"[^>]*name="pageSize"[^>]*value="24"/u,
    operator: 'match',
    diff: 'simple'
  }

test at tests\admin-competition-pagination.test.mjs:103:3
✖ destruction out-of-range empty page returns to the same filtered first page (60.1918ms)
  AssertionError [ERR_ASSERTION]: The expression evaluated to a falsy value:
  
    assert.ok(html.includes("현재 페이지에 대회가 없습니다."))
  
      at TestContext.<anonymous> (file:///E:/k-LOL.GG/worktrees/ux-discoverability-20261002/tests/admin-competition-pagination.test.mjs:105:12)
      at async Test.run (node:internal/test_runner/test:1125:7)
      at async Test.processPendingSubtests (node:internal/test_runner/test:787:7) {
    generatedMessage: true,
    code: 'ERR_ASSERTION',
    actual: false,
    expected: true,
    operator: '==',
    diff: 'simple'
  }

test at tests\admin-competition-pagination.test.mjs:112:3
✖ destruction empty filtered and initial states differ, and failed loads can retry the same query (47.8405ms)
  AssertionError [ERR_ASSERTION]: The expression evaluated to a falsy value:
  
    assert.ok(filteredHtml.includes(`조건에 맞는 ${config.label}이 없습니다.`))
  
      at TestContext.<anonymous> (file:///E:/k-LOL.GG/worktrees/ux-discoverability-20261002/tests/admin-competition-pagination.test.mjs:115:12)
      at async Test.run (node:internal/test_runner/test:1125:7)
      at async Test.processPendingSubtests (node:internal/test_runner/test:787:7) {
    generatedMessage: true,
    code: 'ERR_ASSERTION',
    actual: false,
    expected: true,
    operator: '==',
    diff: 'simple'
  }

test at tests\admin-competition-pagination.test.mjs:125:3
✖ destruction invalid pagination avoids accidental unfiltered reads and provides recovery (42.7295ms)
  AssertionError [ERR_ASSERTION]: The expression evaluated to a falsy value:
  
    assert.ok(html.includes("목록 조건을 확인해 주세요."))
  
      at TestContext.<anonymous> (file:///E:/k-LOL.GG/worktrees/ux-discoverability-20261002/tests/admin-competition-pagination.test.mjs:128:14)
      at async Test.run (node:internal/test_runner/test:1125:7)
      at async Test.processPendingSubtests (node:internal/test_runner/test:787:7) {
    generatedMessage: true,
    code: 'ERR_ASSERTION',
    actual: false,
    expected: true,
    operator: '==',
    diff: 'simple'
  }

test at tests\admin-competition-pagination.test.mjs:134:3
✖ destruction pagination never emits a page outside the existing parser limit (43.3587ms)
  TypeError: Cannot read properties of undefined (reading 'href')
      at TestContext.<anonymous> (file:///E:/k-LOL.GG/worktrees/ux-discoverability-20261002/tests/admin-competition-pagination.test.mjs:137:77)
      at async Test.run (node:internal/test_runner/test:1125:7)
      at async Test.processPendingSubtests (node:internal/test_runner/test:787:7)
