
> klol-gg-v2@0.1.0 check
> npm run lint && npm run typecheck && npm run db:erd:check && npm test && npm run verify:home-guide-art && npm run build


> klol-gg-v2@0.1.0 lint
> eslint


E:\k-LOL.GG\worktrees\ux-discoverability-20261002\integrations\messengerbot-r\KLOL_KAKAO_BOT_V41_MESSENGERBOT_R.js
   1:838   warning  'e' is defined but never used  @typescript-eslint/no-unused-vars
   5:130   warning  'e' is defined but never used  @typescript-eslint/no-unused-vars
  32:231   warning  'e' is defined but never used  @typescript-eslint/no-unused-vars
  33:79    warning  'e' is defined but never used  @typescript-eslint/no-unused-vars
  33:196   warning  'e' is defined but never used  @typescript-eslint/no-unused-vars
  34:274   warning  'e' is defined but never used  @typescript-eslint/no-unused-vars
  35:200   warning  'e' is defined but never used  @typescript-eslint/no-unused-vars
  36:66    warning  'e' is defined but never used  @typescript-eslint/no-unused-vars
  44:347   warning  'n' is defined but never used  @typescript-eslint/no-unused-vars
  54:409   warning  'e' is defined but never used  @typescript-eslint/no-unused-vars
  56:71    warning  'e' is defined but never used  @typescript-eslint/no-unused-vars
  59:168   warning  'e' is defined but never used  @typescript-eslint/no-unused-vars
  60:318   warning  'e' is defined but never used  @typescript-eslint/no-unused-vars
  65:1002  warning  'e' is defined but never used  @typescript-eslint/no-unused-vars
  74:403   warning  'e' is defined but never used  @typescript-eslint/no-unused-vars
  75:151   warning  'e' is defined but never used  @typescript-eslint/no-unused-vars
  75:216   warning  'e' is defined but never used  @typescript-eslint/no-unused-vars
  75:497   warning  'e' is defined but never used  @typescript-eslint/no-unused-vars
  78:2934  warning  'e' is defined but never used  @typescript-eslint/no-unused-vars
  79:8     warning  'e' is defined but never used  @typescript-eslint/no-unused-vars
  80:116   warning  'e' is defined but never used  @typescript-eslint/no-unused-vars
  81:378   warning  'e' is defined but never used  @typescript-eslint/no-unused-vars

E:\k-LOL.GG\worktrees\ux-discoverability-20261002\integrations\messengerbot-r\KLOL_KAKAO_BOT_V41_V1_COMPAT.js
  1:1  warning  Unused eslint-disable directive (no problems were reported)

E:\k-LOL.GG\worktrees\ux-discoverability-20261002\integrations\messengerbot-r\KLOL_KAKAO_BOT_V41_V2_COMPLETE.js
    2:5  warning  'KLOL_V41_BUNDLE_START_SENTINEL' is assigned a value but never used  @typescript-eslint/no-unused-vars
  369:1  warning  Unused eslint-disable directive (no problems were reported)

E:\k-LOL.GG\worktrees\ux-discoverability-20261002\integrations\messengerbot-r\v1-strict\KLOL_KAKAO_BOT_V1_STRICT_MESSENGERBOT_R.js
     1:5   warning  'KLOL_V1_SOURCE_SHA256' is assigned a value but never used           @typescript-eslint/no-unused-vars
     2:5   warning  'KLOL_V1_EXTRACTED_SHA256' is assigned a value but never used        @typescript-eslint/no-unused-vars
     3:5   warning  'KLOL_V1_SOURCE_FUNCTIONS' is assigned a value but never used        @typescript-eslint/no-unused-vars
     6:5   warning  'KLOL_V1_TRANSPORT_SEAMS' is assigned a value but never used         @typescript-eslint/no-unused-vars
    38:10  warning  'ignored' is defined but never used                                  @typescript-eslint/no-unused-vars
   131:10  warning  'ignored' is defined but never used                                  @typescript-eslint/no-unused-vars
   228:5   warning  'PARTY_RECRUIT_STATUS_API_URL' is assigned a value but never used    @typescript-eslint/no-unused-vars
   239:46  warning  'ignored' is defined but never used                                  @typescript-eslint/no-unused-vars
   304:10  warning  'ignoredJavaNormalizationError' is defined but never used            @typescript-eslint/no-unused-vars
   314:10  warning  'parsePartyMemberMutationCommand' is defined but never used          @typescript-eslint/no-unused-vars
   457:10  warning  'error' is defined but never used                                    @typescript-eslint/no-unused-vars
   476:10  warning  'error' is defined but never used                                    @typescript-eslint/no-unused-vars
   491:10  warning  'error' is defined but never used                                    @typescript-eslint/no-unused-vars
   529:10  warning  'error' is defined but never used                                    @typescript-eslint/no-unused-vars
   555:10  warning  'error' is defined but never used                                    @typescript-eslint/no-unused-vars
   567:10  warning  'error' is defined but never used                                    @typescript-eslint/no-unused-vars
   605:10  warning  'error' is defined but never used                                    @typescript-eslint/no-unused-vars
   609:29  warning  'room' is defined but never used                                     @typescript-eslint/no-unused-vars
   609:35  warning  'sender' is defined but never used                                   @typescript-eslint/no-unused-vars
   609:43  warning  'imageBase64' is defined but never used                              @typescript-eslint/no-unused-vars
   609:56  warning  'replier' is defined but never used                                  @typescript-eslint/no-unused-vars
   612:36  warning  'room' is defined but never used                                     @typescript-eslint/no-unused-vars
   612:42  warning  'sender' is defined but never used                                   @typescript-eslint/no-unused-vars
   612:50  warning  'replier' is defined but never used                                  @typescript-eslint/no-unused-vars
   754:77  warning  'packageName' is defined but never used                              @typescript-eslint/no-unused-vars
   765:10  warning  'ignoredImageError' is defined but never used                        @typescript-eslint/no-unused-vars
   769:10  warning  'ignoredImageBase64Error' is defined but never used                  @typescript-eslint/no-unused-vars
   782:10  warning  'ignoredImageBitmapError' is defined but never used                  @typescript-eslint/no-unused-vars
  1798:5   warning  'isOperationFormCompleteMessage' is assigned a value but never used  @typescript-eslint/no-unused-vars
  1800:5   warning  'isSeasonApplyCompleteMessage' is assigned a value but never used    @typescript-eslint/no-unused-vars
  1830:10  warning  'response' is defined but never used                                 @typescript-eslint/no-unused-vars
  1838:12  warning  'ignoredDiagnosticReply' is defined but never used                   @typescript-eslint/no-unused-vars

E:\k-LOL.GG\worktrees\ux-discoverability-20261002\src\modules\matches\infrastructure\postgres-match-transaction-authorizer.ts
  11:73  warning  '_now' is defined but never used  @typescript-eslint/no-unused-vars

✖ 58 problems (0 errors, 58 warnings)
  0 errors and 2 warnings potentially fixable with the `--fix` option.


> klol-gg-v2@0.1.0 typecheck
> tsc --noEmit


> klol-gg-v2@0.1.0 db:erd:check
> tsx scripts/database/generate-erd.ts --check

[db:erd] up to date: 111 tables, 173 foreign keys, schema sha256 0601644420b7cbdc056c1f307d67aec845c6190d005d31c5143cc44cb0d4baa2

> klol-gg-v2@0.1.0 test
> npm run test:contracts && npm run test:unit


> klol-gg-v2@0.1.0 test:contracts
> node --test tests/*.test.mjs

✔ public match and player detail use the same allowlisted champion portrait with a safe fallback (4.3051ms)
✔ my account connects bounded participation and current discipline status to details and evidence (3.3635ms)
✔ event and destruction details retain actions while exposing readable lifecycle and result hierarchy (7.7341ms)
✔ own player mutation keeps approval, origin, revision and idempotency guards (5.0332ms)
✔ own player form keeps one idempotency key for an uncertain retry and explains Riot relinking (2.4084ms)
✔ account pages reuse the account shell and avoid decorative English headings (2.2314ms)
✔ isolated account HTTP verification runs the real Chromium owner profile regression (7.3745ms)
✔ 역할 변경 API는 same-origin 세션 검사 뒤 일반 ADMIN을 mutation parsing 전에 거부한다 (7.3162ms)
✔ 역할 관리 UI와 목록 진입점은 SUPER_ADMIN에게만 노출된다 (1.719ms)
✔ 승인된 미삭제 USER의 ADMIN 승격은 플레이어 연결을 요구하지 않는다 (2.1062ms)
✔ 플레이어 상세는 연결 계정 revision으로 기존 SUPER_ADMIN 역할 API를 안전하게 재사용한다 (1.5206ms)
✔ discipline reaches records 51–101 and returns without losing the selected classification (157.5033ms)
✔ logs keeps each ledger's page and filters while requesting only the displayed ledger (55.1677ms)
✔ log filters reset their own page while preserving the other ledger context (55.8307ms)
✔ discipline: out-of-range page recovers without calling it an empty data set (10.9763ms)
✔ discipline: empty, unavailable and error states provide truthful recovery (54.9249ms)
✔ logs: out-of-range page recovers without calling it an empty data set (19.4906ms)
✔ logs: empty, unavailable and error states provide truthful recovery (94.3408ms)
✔ invalid or duplicated queries never start list reads and both pages retain the ADMIN guard (637.6105ms)
✔ the accepted upper page has a previous action but never emits a page outside the bound (125.2032ms)
✔ administrator balance status uses readable Korean operational labels (4.1052ms)
✔ administrator balance navigation is a visible keyboard-focusable control (1.0289ms)
✔ event administrators can reach records 13–25 and return without losing filters (291.2381ms)
✔ event search keeps page size, starts at page one and retains canonical filter values (240.0283ms)
✔ event out-of-range empty page returns to the same filtered first page (257.8871ms)
✔ event empty filtered and initial states differ, and failed loads can retry the same query (794.0757ms)
✔ event invalid pagination avoids accidental unfiltered reads and provides recovery (1051.8108ms)
✔ event pagination never emits a page outside the existing parser limit (156.2363ms)
✔ destruction administrators can reach records 13–25 and return without losing filters (155.8286ms)
✔ destruction search keeps page size, starts at page one and retains canonical filter values (293.8136ms)
✔ destruction out-of-range empty page returns to the same filtered first page (153.3858ms)
✔ destruction empty filtered and initial states differ, and failed loads can retry the same query (610.68ms)
✔ destruction invalid pagination avoids accidental unfiltered reads and provides recovery (685.8824ms)
✔ destruction pagination never emits a page outside the existing parser limit (80.5515ms)
✔ discipline: lost creation response retries the exact payload/key and locks confirmed navigation (134.4569ms)
✔ discipline: simultaneous submits issue one creation request (42.3957ms)
✔ discipline: 5xx and unreadable success preserve identity and recover without a stuck form (40.8813ms)
✔ discipline: a definite first rejection allows correction with a new identity (41.928ms)
✔ discipline: 401 after uncertainty does not abandon the original creation (40.2982ms)
✔ discipline: 403 after uncertainty does not abandon the original creation (41.8163ms)
✔ discipline: 429 after uncertainty does not abandon the original creation (29.1272ms)
✔ discipline: malformed success cannot unlock an unconfirmed creation (26.2933ms)
✔ highlight: lost creation response retries the exact payload/key and locks confirmed navigation (147.2224ms)
✔ highlight: simultaneous submits issue one creation request (84.4527ms)
✔ highlight: 5xx and unreadable success preserve identity and recover without a stuck form (147.6445ms)
✔ highlight: a definite first rejection allows correction with a new identity (113.8439ms)
✔ highlight: 401 after uncertainty does not abandon the original creation (141.904ms)
✔ highlight: 403 after uncertainty does not abandon the original creation (174.7627ms)
✔ highlight: 429 after uncertainty does not abandon the original creation (128.9591ms)
✔ highlight: malformed success cannot unlock an unconfirmed creation (147.1099ms)
✔ gallery: lost creation response retries the exact payload/key and locks confirmed navigation (129.4756ms)
✔ gallery: simultaneous submits issue one creation request (134.0787ms)
✔ gallery: 5xx and unreadable success preserve identity and recover without a stuck form (112.4256ms)
✔ gallery: a definite first rejection allows correction with a new identity (99.4684ms)
✔ gallery: 401 after uncertainty does not abandon the original creation (116.912ms)
✔ gallery: 403 after uncertainty does not abandon the original creation (148.3805ms)
✔ gallery: 429 after uncertainty does not abandon the original creation (97.1013ms)
✔ gallery: malformed success cannot unlock an unconfirmed creation (102.4253ms)
✔ gallery: retry preserves selected files and partial upload results, attachment failure=false (130.3781ms)
✔ gallery: retry preserves selected files and partial upload results, attachment failure=true (76.3389ms)
✔ gallery: truncated attachment response cannot report a confirmed connection (74.9846ms)
✔ gallery: null attachment response cannot report a confirmed connection (90.6237ms)
✔ gallery: empty attachment response cannot report a confirmed connection (55.2069ms)
✔ gallery: invalid-revision attachment response cannot report a confirmed connection (91.294ms)
✔ MMR 수동 조정은 raw UUID 대신 bounded 플레이어 선택기를 사용한다 (1.0024ms)
✔ Riot 작업은 현재 목록에서 플레이어와 link를 선택하고 revision을 자동 계산한다 (0.3125ms)
✔ 징계 대상 선택은 관리자 전용 bounded endpoint의 allowlist metadata로 표시값을 채운다 (1.3597ms)
✔ 공통 bounded picker는 원격 metadata를 문자열 allowlist로 제한한다 (0.7072ms)
✔ the contracted match edit page reuses the guarded editor and preserves the AI review alias (4.1923ms)
✔ highlight: later pages remain reachable with status and page size (43.8233ms)
✔ highlight: all-status native GET works and filtered empty state has a reset (63.5141ms)
✔ highlight: boundaries use server-clamped current page without impossible directions (54.333ms)
✔ highlight: invalid parameters recover without loading or relaxing strict validation (99.1643ms)
✔ highlight: load failure retries the same validated page and filter (12.1837ms)
✔ highlight: publication labels are readable and a published editor opens its public page (104.7471ms)
✔ highlight: filter controls remount when the applied page or filter changes (138.0398ms)
✔ gallery: later pages remain reachable with status and page size (59.5543ms)
✔ gallery: all-status native GET works and filtered empty state has a reset (46.4479ms)
✔ gallery: boundaries use server-clamped current page without impossible directions (32.7528ms)
✔ gallery: invalid parameters recover without loading or relaxing strict validation (69.6241ms)
✔ gallery: load failure retries the same validated page and filter (11.4447ms)
✔ gallery: publication labels are readable and a published editor opens its public page (76.7869ms)
✔ gallery: filter controls remount when the applied page or filter changes (80.3878ms)
✔ MMR players retain query, position and page size across page navigation and show the score used for ordering (138.7228ms)
✔ MMR review pagination uses its independent query contract and detail close retains the current page (95.3124ms)
✔ MMR invalid and duplicated queries do not silently display an unrelated first page; empty pages recover within their tab (450.774ms)
✔ champion previous and next retain search, status and size, while edited filters reset to page one (36.2414ms)
✔ champion status choices and badges use Korean labels while retaining canonical filter values (18.2304ms)
✔ champion invalid, unavailable, unmatched and out-of-range pages each have a valid recovery (156.897ms)
✔ season administration presents lifecycle, status, source, and position labels in Korean (6.0193ms)
✔ account and settings administration avoid decorative English labels (6.1597ms)
✔ admin HTTP guard matrix covers every canonical App Router page (93.0628ms)
✔ administrator team draft pages use the ADMIN viewer and administrator mutation boundary (6.9725ms)
✔ administrator recommendation aliases remain same-origin permanent redirects (8.4634ms)
✔ administrator drafts support recoverable archive and persisted match registration (4.5745ms)
✔ season, date and round changes replace application form state in both editable branches (573.2315ms)
✔ position-free rounds do not display a fabricated main/sub position in own or public status (166.1091ms)
✔ a missing site application retains a direct path to recover Kakao member linking (20.8647ms)
✔ event position labels remain readable while form values retain the API position codes (71.8705ms)
✔ own status and public roster use the same Korean position labels as the application form (363.5419ms)
✔ ranking view and applied criteria replace stale unsaved filter inputs (25.4955ms)
✔ destruction format choices distinguish match lengths and retain the selected canonical filter (107.5953ms)
✔ capture fixture example resolves every repository page without placeholders (566.3216ms)
✔ browser QA server emits setup credentials, actor identity and fail-fast dynamic source IDs (19.5914ms)
✔ browser quality boundary accepts WCAG and performance values at their budgets (2.0988ms)
✔ browser quality boundary reports semantic, keyboard, motion, axe and performance failures (0.3828ms)
✔ compact standalone auth pages do not require a skip link or a single h1 (0.1447ms)
✔ full-page capture uses stable light reduced-motion rendering and wakes lazy media (1.4928ms)
✔ full-page capture fails visible repository error states even when HTTP is 200 (0.1372ms)
✔ full-page capture accepts synthetic credentials through bounded stdin (0.1258ms)
✔ champion administrator pages reuse the highlight content shell and keep safe mutations (5.5253ms)
✔ champion read APIs keep public and administrator namespaces separated (2.3957ms)
✔ Data Dragon version monitor discovers the upstream latest version without changing the pinned catalog (39.0712ms)
✔ only documentation changed since the actual successful deployment can skip (2.0218ms)
✔ first deployments, manual redeploys, missing history and mismatched checkout build (0.2623ms)
✔ 핵심 일반 텍스트 토큰은 밝은 배경에서 WCAG AA 4.5:1 이상이다 (9.6189ms)
✔ 기능 상태 패널의 홈 링크는 AA 대비 primary 토큰 쌍을 사용한다 (28.1608ms)
✔ 작은 순위 숫자와 내 순위 배지는 4.5:1 이상의 실제 색 대비를 가진다 (25.5405ms)
✔ 순위 분류와 기능 검색 결과의 키보드 외곽선은 밝은 배경에서 3:1 이상이다 (11.2291ms)
✔ admin destruction filters display distinct Korean choices while submitting canonical values to the existing parser (673.0023ms)
✔ admin destruction result cards preserve identity, counts and revision while describing the format and lifecycle in Korean (431.0927ms)
✔ the connected admin detail already uses the same Korean stages and format without changing canonical stage links (426.9986ms)
✔ uncertain destruction retry followed by 401 retains identity and inputs (40.4937ms)
✔ uncertain destruction retry followed by 403 retains identity and inputs (41.7274ms)
✔ uncertain destruction retry followed by 408 retains identity and inputs (15.4319ms)
✔ uncertain destruction retry followed by 429 retains identity and inputs (14.9995ms)
✔ confirmed destruction navigation stays locked (18.9572ms)
✔ destruction concurrent submits send one request before React renders (41.164ms)
✔ destruction server errors and truncated JSON preserve the creation request (12.1172ms)
✔ a definite destruction input rejection allows correction with a new request (12.1405ms)
✔ all eight supported preliminary formats keep distinct actual domain labels (11.7913ms)
✔ CLASSIC creation retains valid recruitment and preliminary-format payloads (141.2462ms)
✔ ARAM creation retains valid recruitment and preliminary-format payloads (144.6237ms)
✔ ARAM_MAYHEM creation retains valid recruitment and preliminary-format payloads (151.2706ms)
✔ gallery deep link starts a native modal at its close action (307.025ms)
✔ gallery modal contains Tab and Shift+Tab within its one close control (68.9044ms)
✔ Escape follows the same gallery close link without replacing browser history (67.7704ms)
✔ close or browser-back cleanup restores scrolling and the original image link (39.8307ms)
✔ gallery keeps the existing image, ordinal, accessible name and URL paths (55.6592ms)
✔ public destruction detail keeps owner application, vote and explicit unavailable/error states (51.3036ms)
✔ administrator destruction workspaces expose the full staged lifecycle (8.1092ms)
✔ API source keeps account owner and ADMIN boundaries separate (1.8977ms)
✔ public discipline API exposes aggregate statistics only (19.1654ms)
✔ owner and admin evidence boundaries require session, revision, idempotency, and concealed reads (2.1993ms)
✔ regular administrators may read discipline details but only super administrators may mutate them (3.2217ms)
✔ asset jobs accept signed requests only and are durably replay-guarded (1.3415ms)
✖ discipline pages declare real empty, error, and unavailable states (2.3328ms)
✔ discipline administrator headings and status labels are readable Korean (2.2821ms)
✔ file-read errors release the task and expose a recoverable error (289.2771ms)
✔ a lost attachment confirmation recovers through the existing READY asset without another raw upload (217.7768ms)
✔ READY submission keeps the same request identity after network loss and authentication rejection (59.7906ms)
✔ a READY submission with unreadable success reports uncertainty and releases its busy state (44.1445ms)
✔ simultaneous READY clicks issue one submission (72.2041ms)
✔ a partial batch advances revision and stops after an unconfirmed response (111.0544ms)
✔ event creation retries the exact uncertain request and keeps editing locked until confirmation (118.2382ms)
✔ two submissions before render issue only one event request (24.3688ms)
✔ server errors and unreadable successful responses retain the original event identity (12.4548ms)
✔ a definite rejection unlocks correction and gives the corrected request a new identity (37.358ms)
✔ an uncertain creation keeps its identity after retry receives 401 (11.8569ms)
✔ an uncertain creation keeps its identity after retry receives 403 (14.6252ms)
✔ an uncertain creation keeps its identity after retry receives 429 (22.2822ms)
✔ actual admin rendering exposes settings only while planned with no participants, including cancelled participants (268.2538ms)
✔ unchanged dates round-trip exactly through KST inputs across midnight independently of machine timezone (110.6152ms)
✔ edited settings use the existing command shape and reject invalid recruitment dates before sending (79.0998ms)
✔ lost response, server failure and unreadable success retry the same body, revision and idempotency key (80.5814ms)
✔ same-tick submits and another lifecycle operation are blocked through the successful refresh (117.8688ms)
✔ conflict preserves input until explicit reload; expired sessions return to this event after admin login (131.7574ms)
✔ correcting a rejected setting uses a distinct request identity (126.9414ms)
✔ unconfirmed success bodies retain the same request identity and never claim completion (447.5779ms)
✔ actual detail page resets local settings from the latest event revision after refresh (120.6182ms)
✔ actual admin page identifies each event mode and current lifecycle stage in Korean without losing links or authority (56.2835ms)
✔ actual participant rows distinguish position, registration source and cancelled participation without leaking unknown codes (29.9115ms)
✔ public competition pages expose list/detail/application states without administrator controls (71.1172ms)
✔ administrator event pages connect every lifecycle operation to protected canonical APIs (23.4962ms)
✔ legacy event routes reuse the common no-store same-origin redirect boundary (4.7713ms)
✔ the application menu marks exactly the selected application type, including query navigation (289.6383ms)
✔ clearing or resetting a slow player search cancels the request and returns to idle (150.2356ms)
✔ a superseded request cannot clear the loading state of the newer search (60.1172ms)
✔ full-page QA runner parses only tagged synthetic harness values (6.0113ms)
✔ full-page QA summary fails count drift and any route issue (0.2864ms)
✔ capture credentials use bounded stdin instead of command-line secrets (14.8951ms)
✔ capture CLI rejects unknown stdin credential fields before opening files or Chromium (289.5599ms)
✔ 홈과 데스크톱 메뉴는 이미 구현된 경기·팀 밸런스를 준비 중으로 표시하지 않는다 (29.312ms)
✔ 홈 공개 집계는 활성 플레이어·시즌과 게시 경기만 센다 (0.8488ms)
✔ 홈 공개 피드는 실제 구인·대회와 완료된 멸망전 우승 갤러리를 조회한다 (3.9516ms)
✔ 홈 피드 공개 projection은 소유자·회원·Discord 필드를 선택하지 않는다 (23.7313ms)
✔ 홈은 DB 전체 활성 챔피언을 읽되 여성 허용 목록에서 KST 일일 안내 챔피언을 선택한다 (74.33ms)
✔ 홈과 플레이어 찾기는 회원명 검색을 안내하되 회원명을 결과로 출력하지 않는다 (56.783ms)
✔ 홈은 소개·랭킹·바로가기·소식·내 활동·기록 순서로 안내한다 (6.0066ms)
✔ ranking choices name all three rankings before the single slide and expose selection (178.3114ms)
✔ direct ranking choice stops rotation and updates its single slide and full-ranking destination (57.5944ms)
✔ named choices retain directional keyboard, previous/next and explicit play controls (59.5726ms)
✔ empty or single ranking does not expose impossible slide controls (89.013ms)
✔ a rejected native install prompt reports recovery and accepts a new browser offer (118.0875ms)
✔ installation prevents duplicate native prompts and waits for actual appinstalled (21.3701ms)
✔ a ready browser offer is not overwritten by initial environment detection (23.0739ms)
✔ a late native choice cannot overwrite confirmed app installation (8.9913ms)
✔ Kakao admin API splits ADMIN reads from SUPER TOTP mutations (12.1961ms)
✔ legacy Kakao admin pages permanently redirect to canonical real-state tabs (35.9485ms)
✔ every canonical Kakao handler checks the stored feature policy (10.5667ms)
✔ owner image session creation honors site and Kakao feature switches (9.2289ms)
✔ Kakao assistant routes share raw-body HMAC and durable read receipts (7.874ms)
✔ managed forms remain isolated while season snapshots and owner-bound images are durable (29.9202ms)
✔ legacy Kakao paths execute the signed canonical POST handlers without redirects (9.0853ms)
✔ Kakao route capability policy is explicit for every phone endpoint (74.2017ms)
✔ season member submissions and reads use the FEATURES room but force cancel has a trusted command gate (11.6174ms)
✔ normal room authorization uses only canonical registry state and keeps environment bootstrap explicit (3.8206ms)
✔ private installer generator preserves shared settings and creates one identity per Kakao room (665.4818ms)
✔ Kakao routes are explicitly isolated between recruit and features installations (33.3069ms)
✔ wrong-room failures remain short and actionable on the phone (12.3817ms)
✔ recruit mutations expose PII-free stage timing for p50 and p95 aggregation (18.5436ms)
✔ companion is ES5 and below both editor character limits (38.7261ms)
✔ exact status/version commands are local and preserve OFF, settings and the registered target (2.615ms)
✔ diagnostics ignore ordinary messages, slash variants and untrusted app callbacks (0.7899ms)
✔ registration results use fixed Korean replies and never poll or expose secrets (2.5497ms)
✔ OFF and repeated registration replies cannot enable polling or replace a session (0.9287ms)
✔ installed response callback reports status and registration without queue delivery (9.931ms)
✔ no registration, disabled, wrong app/code, or another session cannot send (1.1455ms)
✔ ACK loss retries ACK without sending again, including after restart (1.6115ms)
✔ crash marker or ambiguous SDK result never resends automatically (1.3059ms)
✔ ledger write failure, wrong target and stale lease fail closed before send (2.0335ms)
✔ explicit SDK rejection is retryable after manual session renewal (0.6764ms)
✔ whole installed runtime answers local diagnostics without credentials, network or registration (1.5555ms)
✔ initialization failures leave version and fixed failure-stage diagnostics available (5.7037ms)
✔ rejected callback contexts stay silent and record only fixed local diagnostic codes (1.0311ms)
✔ reply failure and SDK rejection produce fixed local evidence without leaking exceptions (2.4102ms)
✔ reported open-chat false group flag still answers version, diagnostics and status locally (4.1403ms)
✔ false group flag requires exact one-use code and retains only explicitly registered session (1.1177ms)
✔ false group flag never permits debug, missing-package or other-app registration (15.2414ms)
✔ the ADR freezes every non-negotiable V1-exact adapter constraint (31.367ms)
✔ the reusable V4 text transport is one signed five-second request without bearer fallback (9.8794ms)
✔ the V1 strict phone installer uses the current private artifact and omits public-only provenance (2.9667ms)
✔ installation profiles, not callback room or sender role, form the V4 text authorization boundary (9.6061ms)
✔ V2 services can reserve a hidden DRAFT and legacy bearer routes remain closed (2.1057ms)
✔ the existing image service is separately signed, bounded, and session-backed (1.2733ms)
✔ canonical V40 R2 routes managed commands to site-first links, not the legacy image session creator (41.4518ms)
✔ a clean V1-strict install keeps imageDB silent instead of inventing an unreachable UUID flow (8.7517ms)
✔ the dormant legacy image receiver remains secure for non-strict clients without reopening bearer access (2.7699ms)
✔ builder pins the canonical V1 hash and produces an ES5/Rhino-safe artifact (379.752ms)
✔ Rhino audit detects functions that mix value and bare returns (0.6655ms)
✔ V1 strict routes organizer-only metadata activation forms with or without one slash (27.6765ms)
✔ V1 strict routes scoped in-house finish commands as unchanged raw text (22.9269ms)
✔ R23 retired scrim commands and forms reply locally without an HTTP request (150.3423ms)
✔ R25 local help matches optional member linking, Rift lanes, protected editing and detail rereads (16.7195ms)
✔ R24 compact copy forms keep complete success and pending envelopes in one signed request (123.5978ms)
✔ R24 compact form routing leaves malformed references to the server and ignores prose (40.249ms)
✔ R24 actual server-rendered party and inhouse templates accept one name through the phone (531.1493ms)
✔ R23 copy-paste party and inhouse forms forward names and saved references unchanged (28.8809ms)
✔ V1 strict routes the full organizer-only template returned by the production server (9.3267ms)
✔ artifact excludes legacy HTTP, bearer, and embedded secret material (1.975ms)
✔ all response-reachable non-transport V1 executable lines are preserved without comments or blank spacers (45.6326ms)
✔ strict adapter reuses the canonical V1 local dedupe storage keys (0.9627ms)
✔ local replies, echo rules, events, and no-reply behavior equal the canonical V1 (12.0695ms)
✔ R19 chooses one complete tone when the OpenChat entry guide appears (50.1543ms)
✔ R19 consumes the raw join event and accepts only the OpenChat entry heading (21.6626ms)
✔ approved party member mutations parse safely and use one RECRUIT gateway request (57.0691ms)
✔ inhouse member shortcuts reach the matching profile gateway (131.1847ms)
✔ reported inhouse loading echo is ignored while user commands and explicit member edits keep one reply (27.9152ms)
✔ same MessengerBot logId replay suppresses only the duplicate visible reply (6.7048ms)
✔ ambiguous party member text never reaches the mutation gateway (159.217ms)
✔ local recruit help documents member commands and keeps full-form guidance (55.062ms)
✔ command and form predicates are byte-derived and behaviorally equal to V1 (42.3672ms)
✔ one public command performs one five-second signed gateway request without room binding (43.7331ms)
✔ recoverable season rows reach the gateway once even with whitespace numbering and partial fields (53.3088ms)
✔ completed augment-ARAM in-house forms reach the FEATURES gateway and always reply (21.5498ms)
✔ completed augment-ARAM metadata with ten empty name rows activates through FEATURES (45.1812ms)
✔ a complete empty season snapshot reaches the gateway once for authoritative cancellation (128.4948ms)
✔ empty-snapshot gate rejects incomplete forms and ordinary conversation (79.3229ms)
✔ clean-session imageDB input preserves the active V40 R2 no-reply and no-HTTP behavior (29.2831ms)
✔ all seven active text seams preserve V1 success and empty replies while failures use safe common notices (177.3246ms)
✔ literal transport failures distinguish settings, input, and connection errors without exposing values (33.4268ms)
✔ both V40 R2 image seams stay inactive for every transport outcome (17.21ms)
✔ R26 text commands never probe notification images before their response (16.9128ms)
✔ R26 speed diagnostic keeps the previous request timing across ordinary chat and bot echo (4.8815ms)
✔ R27 local diagnostics bypass request state, deduplication and notification image reads (1.9605ms)
✔ R27 diagnostic distinguishes reply failure and tolerates unavailable logging (1.8586ms)
✔ V1-strict keeps completion diagnostics but routes incomplete operation-form candidates (25.0488ms)
✔ V1-strict candidate routing ignores ordinary label discussion (6.7731ms)
✔ V1-strict ordinary label discussion performs no request or local dedupe write (6.7683ms)
✔ V1-strict accepts standalone wrapper titles but ignores wrappers embedded in prose (8.3611ms)
✔ V1-strict response forwards one incomplete form request to the FEATURES gateway (4.5262ms)
✔ V1-strict canonicalizes tolerant label spelling before gateway classification (4.9738ms)
✔ V1_STRICT fixture preserves the canonical V1 bytes across checkout line endings (1.7898ms)
✔ V1_STRICT fixture contains no hard-coded credential value (0.7428ms)
✔ V1_STRICT fixture remains ES5 and Rhino-static warning free (71.4404ms)
✔ V1_STRICT executes the original bot-version reply with or without slash (7.0096ms)
✔ V1_STRICT executes the original user help exactly (4.3736ms)
✔ APPROVED_EXTENSIONS cannot be mislabeled as commands from the V1_STRICT oracle (8.9991ms)
✔ [A01] the unified phone artifact is a readable ES5 single file below 40,000 characters (40.9255ms)
✔ [A02] the final unified artifact has zero Rhino static warning candidates (14.6057ms)
✔ [A03] the generated artifact classifies each command into exactly one server profile (3.5428ms)
✔ [A04] callback room, channel and group values are neither read nor transmitted (5.165ms)
✔ [A05] text transport timeout is no more than five seconds (2.1086ms)
✔ V4 source template is one thin command-family routing client (9.3479ms)
✔ the generated unified phone file is standalone ES5 with one callback (24.7874ms)
✔ builder owns the unified output and refreshes deprecated split fixtures (3.183ms)
✔ release docs lock one phone, one MessengerBot profile, and two Kakao rooms (2.3285ms)
✔ [C01] each entry sends its own static profile regardless of poisoned callback room values (14.1994ms)
✔ [C02] RECRUIT ignores FEATURES commands locally without a server call (4.263ms)
✔ [C03] FEATURES ignores RECRUIT commands locally without a server call (3.9782ms)
✔ [C03A] one unified phone bot routes both room command families exactly once (11.0636ms)
✔ [C03C] party template commands including spaced aliases use exactly one server request for a V1 number (3.8765ms)
✔ [C03D] a copied V1 party form without its number returns the exact local guidance (3.7075ms)
✔ [C03B] unified bot version is one local reply and never reaches transport (2.1298ms)
✔ [C04] malformed slash, URLs and middle slash are rejected before transport (3.349ms)
✔ [C05] no-logId boot counter gives every independent command a new event ID (6.5203ms)
✔ [C06] one command performs one HTTP execute with a five-second maximum (3.2947ms)
✔ [C05A] logId replay is stable in one boot and isolated across profiles and restarts (4.7619ms)
✔ [C05C] phone settings are read from MessengerBot storage once within one request cache (15.4592ms)
✔ [C05B] unified echo suppression checks both room-specific bot display names (2.097ms)
✔ [C07] one scrim command performs exactly one client-to-server send (7.8808ms)
✔ [C08:WRONG_PROFILE] client exposes the WRONG_PROFILE error category (2.704ms)
✔ [C08:INVALID_SIGNATURE] client exposes the INVALID_SIGNATURE error category (2.4287ms)
✔ [C08:REPLAY_CONFLICT] client exposes the REPLAY_CONFLICT error category (1.1696ms)
✔ [C08:SERVER_UNAVAILABLE] client exposes the SERVER_UNAVAILABLE error category (1.4631ms)
✔ [C08:INVALID_FORM] client exposes the INVALID_FORM error category (1.4913ms)
✔ [C08A] INVALID_FORM keeps the server parser detail and has a safe fallback (2.3211ms)
✔ [P3-C01] FEATURES entry sends one request for 내전구인 (27.4843ms)
✔ [P3-C02] FEATURES entry sends one request for 내전구인 협곡 2026-09-09 21:30 #2 10명 (2.0031ms)
✔ [P3-C03] FEATURES entry sends one request for 내전구인 칼바람 2026-09-09 21:30 #3 10명 (2.1301ms)
✔ [P3-C04] FEATURES entry sends one request for 내전구인 증바람 2026-09-09 21:30 #4 10명 (1.9005ms)
✔ [P3-C05] FEATURES entry sends one request for 내전현황 (1.4888ms)
✔ [P3-C06] FEATURES entry sends one request for 내전상세 2 (1.1438ms)
✔ [P3-C07] FEATURES entry sends one request for 📢 내전하실분 #2 (1.2854ms)
✔ [P3-C08] RECRUIT entry sends one request for 스크림구인 (1.3252ms)
✔ [P3-C09] RECRUIT entry sends one request for [K-LOL.GG 스크림 구인 양식] (1.1328ms)
✔ [P3-C10] FEATURES entry sends one request for 지인 이름: 친구 (3.0961ms)
✔ [P3-C11] FEATURES entry sends one request for 본인 이름 및 닉네임: 홍길동/테스터 (1.8093ms)
✔ [P3-C12] FEATURES entry sends one request for 주최자 이름 및 닉네임: 홍길동/테스터 (2.4443ms)
✔ [P3-C13] FEATURES entry sends one request for 이름 및 닉네임: 신청자/닉 (2.7538ms)
✔ [P3-C14] FEATURES entry sends one request for 등록 (2.0994ms)
✔ [P3-C15] FEATURES entry sends one request for 내전등록 (2.0691ms)
✔ [P3-C16] FEATURES entry sends one request for 경고등록 (1.6837ms)
✔ [P3-C17] FEATURES entry sends one request for 인증 (0.9899ms)
✔ [P3-C18] FEATURES entry sends one request for 경고현황 (1.7074ms)
✔ [P3-C19] FEATURES entry sends one request for 결과현황 (2.7173ms)
✔ [P3-C20] FEATURES entry sends one request for 사진취소 (1.8385ms)
✔ [P3-C21] FEATURES entry sends one request for 자동공지 20 (1.9338ms)
✔ [P4-C01] unified 봇버전 is client-only with exact local content (9.668ms)
✔ [P4-C02] unified 도움말 is client-only with exact local content (3.9265ms)
✔ [P4-C03] unified 구인도움말 is client-only with exact local content (4.0492ms)
✔ [P4-C04] unified 구인웹도우미 is client-only with exact local content (3.6354ms)
✔ [P4-C05] every V1 PUBLIC alias is classified by the unified phone with at most one send (74.115ms)
✔ [P4-C06] malformed slash, URL and middle-slash inputs never enter public transport (42.28ms)
✔ [P4-I01] V2도움말 never enters public V4 transport (3.4065ms)
✔ [P4-I02] V2진단 never enters public V4 transport (6.7217ms)
✔ [P4-I03] V2연동확인 never enters public V4 transport (10.8567ms)
✔ [P4-I04] 연동확인 never enters public V4 transport (12.6866ms)
✔ [P4-I05] V2모집 never enters public V4 transport (2.2504ms)
✔ [P4-I06] V2시즌 never enters public V4 transport (5.0601ms)
✔ [P4-I07] V2양식 never enters public V4 transport (1.8823ms)
✔ [P4-I08] V2사진세션 never enters public V4 transport (7.7413ms)
✔ [P4-I09] V2사진취소 never enters public V4 transport (3.6551ms)
✔ [P4-A01] final unified phone artifact is synchronized ES5, under 40k and Rhino-static clean (36.3318ms)
✔ [P4-C01] every public V1 alias passes the correct phone profile with zero-or-one slash (46.242ms)
✔ [P4-C02] local public replies are exact and never include V2 operator commands (3.1778ms)
✔ [P4-C02A] all actual V41 public command samples pass the matching V4 phone profile (7.9496ms)
✔ [P4-C03] photo and retired preview commands reply locally with no server transmission (17.6956ms)
✔ [P4-C04] internal, unknown, and malformed inputs are rejected before transport (2.7041ms)
✔ [P4-C05] unified entry preserves one send site, five-second timeout, and dynamic family split (20.9178ms)
✔ [P4-C02B] member shortcuts tolerate mobile normalization and reject ambiguous mutations (6.0434ms)
✔ V4 private generator creates one ignored paste-ready file without printing secrets (980.6564ms)
✔ [R01] V4 durable receipt and nonce schema is present in the ordered migration ledger (10.2912ms)
✔ [R02] installation, canonical room, key and capability migrations match the runtime schema (14.7899ms)
✔ [R03] V3 and V4 server intake coexist while one V4 entry binds profile-specific installation identity (5.5573ms)
✔ [RESOLVED R04] V4 uses deterministic installation scope without a pairing command (22.4639ms)
✔ [R05] documented Vercel variable names cover the V4 runtime without reading values (2.869ms)
✔ contract fixture has traceable V1 evidence and all required domains (1.4672ms)
✔ zero or exactly one leading slash routes to the same command (0.6291ms)
✔ double slash, URL slash, separated slash, and middle slash are not commands (0.2987ms)
✔ same installation scope members can edit and finish across sender identities (0.1997ms)
✔ initial party form exposes the three activation fields without participant rows (0.2153ms)
✔ full party forms are authoritative snapshots and allow A→B→A (0.3038ms)
✔ party member shortcuts retain the full-form workflow and current-scope mutation boundary (0.2352ms)
✔ Rift, ARAM, and Augment ARAM preserve their V1 field policies (0.3087ms)
✔ scrim keeps full-form editing and V1 disabled manual lifecycle replies (0.2829ms)
✔ operation forms retain V1 labels, wrappers, missing-field reply, and echo guard (0.2008ms)
✔ registration and warning guidance preserve exact V1 headings and destinations (0.2014ms)
✔ user-facing help excludes V2 diagnostics and raw JSON commands (0.1441ms)
✔ representative record, recent, and ranking replies remain exact V1 fixtures (0.0901ms)
✔ V40 구인도움말 문구와 줄바꿈을 그대로 유지한다 (26.5234ms)
✔ V40 5인파티 생성 응답에 모집번호가 있는 편집 가능한 전체 양식을 유지한다 (7.0328ms)
✔ V40 구인현황 제목과 상세 명령 CTA를 포함한 정확한 응답을 유지한다 (4.2999ms)
✔ V40 bare 멸망전스크림 입력을 스크림 명령으로 분류한다 (4.0709ms)
✔ V40 일반 도움말의 제목·항목·줄바꿈을 모든 별칭에서 그대로 유지한다 (27.4207ms)
✔ V40 구인 웹 도우미와 구인 도움말을 서로 다른 응답으로 유지한다 (17.4335ms)
✔ V40 등록 센터의 설명과 기존 링크를 모든 별칭에서 그대로 유지한다 (8.5051ms)
▶ V40 내전·경고·인증·현황 링크 응답을 그대로 유지한다
  ✔ 내전등록 (13.0917ms)
  ✔ 경고등록 (10.7193ms)
  ✔ 인증 (8.9204ms)
  ✔ 경고현황 (9.3676ms)
  ✔ 결과현황 (29.1732ms)
✔ V40 내전·경고·인증·현황 링크 응답을 그대로 유지한다 (72.8425ms)
▶ V40 전적·최근·랭킹의 사용자 표시 정보를 잃지 않는다
  ✔ 전적 (7.8271ms)
  ✔ 최근 (3.9765ms)
  ✔ 랭킹 (4.0298ms)
✔ V40 전적·최근·랭킹의 사용자 표시 정보를 잃지 않는다 (16.6903ms)
✔ V40처럼 오픈채팅봇이 출력한 운영 양식은 재접수하지 않는다 (2.7309ms)
✔ V40 운영 양식은 서버가 만든 접수 문구를 그대로 전달한다 (13.851ms)
✔ V40 사진취소 별칭의 사이트 우선 안내 동작을 그대로 유지한다 (11.0521ms)
✔ V40 입장·퇴장·초대·서버 echo 동작을 유지한다 (7.4567ms)
✔ V40 스크림구인은 자동배정 번호와 원래 줄바꿈을 가진 전체 양식을 반환한다 (20.5792ms)
✔ V40 스크림현황은 파티 현황과 섞지 않고 한글 상태와 상세 명령을 표시한다 (5.6353ms)
✔ V40 스크림현황 빈 상태 문구를 정확히 유지한다 (4.33ms)
✔ V40 스크림상세는 복사 가능한 전체 양식과 수정 안내를 그대로 반환한다 (2.0427ms)
✔ V40 스크림 전체 양식 신규 제출은 즉시 한 번 저장하고 등록 완료만 응답한다 (10.3314ms)
✔ V40 원본 양식은 멸망전번호 없이 서버의 단일 활성 대회 자동 판별을 사용한다 (5.2398ms)
✔ V40 스크림 전체 양식 수정 제출은 별도 확인 없이 같은 번호를 교체 반영한다 (13.214ms)
✔ V40에서 사용 중단된 참가·확정·취소·수동 종료는 원래 안내만 하고 변경하지 않는다 (14.0044ms)
✔ paste-ready V41 bot routes major commands only through the signed V2 transport (17.1457ms)
✔ mobile installer has no Rhino CODE_HAS_NO_SIDE_EFFECTS statement candidates (98.5779ms)
✔ phone transport renders actionable HTTP failure categories (3.305ms)
✔ Kakao pending slot lookup is lifecycle-neutral and only cancels ACTIVE rows (3.1394ms)
✔ 자동 수집한 전체 명령 계약은 slash/무슬래시를 하나의 canonical command로 만든다 (15.6446ms)
✔ V1 호환 파서는 모든 공개 V1 명령에서 slash/무슬래시 분류를 동일하게 유지한다 (16.1705ms)
✔ canonical command 경계는 본문과 Riot ID를 보존하고 slash 오인식을 막는다 (2.3514ms)
✔ 휴대폰 압축본의 V1 무통신 명령은 읽기 쉬운 전체본과 동일하게 응답한다 (25.4571ms)
✔ room and channel callback fields are not used for installation scope (30.1596ms)
✔ installation scope is stable across signing-key rotation and differs across installations (9.0091ms)
✔ delivery identity ignores raw room and channel while binding installation, sender, log, and message (2.5367ms)
✔ opaque sender uses userHash when available and display-name fallback is labeled (3.542ms)
✔ field diagnostics explicitly use installation scope and retain opaque sender (1.628ms)
✔ response stores a season preview and only the matching one-time code performs SYNC (26.0135ms)
✔ response requires a complete authoritative snapshot scope and supports preview cancellation (4.2385ms)
✔ response ignores server echoes and restores legacy guide aliases after full-width normalization (4.6886ms)
✔ response preserves V40 room events, missing-number guidance, and parameterized managed shortcuts (6.7334ms)
✔ response keeps an active image session when MessengerBot only exposes a placeholder (5.6535ms)
✔ response routes legacy record, recent, and ranking commands through V2 data while preserving V1 replies (2.5958ms)
✔ response formats scheduled notice aliases as read-only previews (3.922ms)
✔ response accepts bitmap fallback, reports image progress, and clears terminal or cancelled sessions (3.4807ms)
✔ response exposes a secret-free V2 transport diagnostic (2.1622ms)
✔ response scopes different senders to one installation and ignores broken room parser fields (3.4816ms)
✔ response suppresses a duplicate callback with the same Kakao log identity (1.5965ms)
✔ response entry point keeps representative V1 and V2 replies identical with or without slash (28.1104ms)
✔ raw V2 recruiting JSON is explicitly marked for the server-side operator gate (2.64ms)
✔ response entry point does not treat slash-only, URL, middle slash, double slash, or slash-space as commands (2.974ms)
✔ V41 season output uses the site application fields and round-trips as bot input (16.8864ms)
✔ V41 season input accepts the labeled site form and rejects invalid sub positions (3.6438ms)
✔ V41 authoritative sync response reports create, update, cancel and review counts (3.1258ms)
✔ V1 compatibility parser stays ES5, transport-free, and rejects unsafe input (8.8722ms)
✔ all V40 party creation, finish, help, status, and detail aliases are classified (4.7682ms)
✔ party form parser preserves metadata, positions, numbered members, and substitutes (8.0108ms)
✔ party form metadata accepts line endings and colon variants without rewriting values (2.5008ms)
✔ party form tolerates clipped headers, Markdown escapes, attached values, and controlled line wraps (2.0288ms)
✔ inhouse aliases parse mode, date, time, recruit number, and capacity (5.7538ms)
✔ scrim aliases and legacy full form are converted without a transport call (4.719ms)
✔ four operation forms become exact V2 payload shapes with sender fallbacks (6.4268ms)
✔ four legacy 외출 wrappers parse identically and missing fields are explicit (3.216ms)
✔ registration, warning, result, evidence, status, and photo-cancel aliases are classified (2.32ms)
✔ V1: 내전구인만 입력하면 종목 선택 안내를 정확히 보낸다 (15.303ms)
✔ V1: 알 수 없는 내전 종목에만 입력값을 포함한 오류와 선택 안내를 보낸다 (3.8181ms)
✔ V1: 협곡 내전구인은 티어·라인과 빈 칸을 포함한 전체 양식을 정확히 보낸다 (4.5111ms)
✔ V1: 칼바람 내전구인은 이름 전용 전체 양식을 정확히 보낸다 (2.3685ms)
✔ V1: 번호 없는 내전현황은 모든 회차 요약과 내전상세 명령을 정확히 보낸다 (2.4352ms)
✔ V1: 내전상세 번호는 참여자와 빈 칸을 포함한 편집 가능한 전체 양식을 정확히 보낸다 (2.843ms)
✔ V1: 작성한 전체 신청 양식은 확인 단계 없이 한 번 동기화하고 서버 답변을 그대로 보낸다 (11.9511ms)
✔ V1: 같은 전체 신청 양식이 연속 수신되면 첫 반영 뒤 중복 요청과 중복 답변을 내지 않는다 (5.6041ms)
✔ V1: 빈 전체 양식은 일반·ASCII slash·전각 slash 모두 0명 authoritative sync로 처리한다 (8.321ms)
✔ V1: 불완전한 빈 양식과 double·URL·중간 slash는 authoritative sync를 실행하지 않는다 (10.0559ms)
✔ 외출 필수값 누락은 항목별 안내만 보내고 서버 제출을 실행하지 않는다 (5.0357ms)
✔ 오류 제목이 이미 포함된 서버 상세는 K-LOL.GG 요청 실패 제목을 중복하지 않는다 (3.5776ms)
✔ legacy party create suppresses a duplicate callback before a second V2 mutation (19.5489ms)
✔ legacy full party form maps positions to slots and synchronizes the existing V2 party (9.1672ms)
✔ slash and plain temporary/form flows share server-first metadata fallback and preserve free text (11.7066ms)
✔ 99 재현, 지오, 97 기용 fixtures complete public create, form, and finish flows with or without slash (46.3711ms)
✔ legacy party candidates stay separate from primary capacity (5.6501ms)
✔ legacy finish suppresses a duplicate callback after the party leaves active status (2.3164ms)
✔ same-room users can clear and finish another user's two-digit party while repeated forms stay idempotent (21.3651ms)
✔ failed party mutations return the cause without fetching or appending status (4.0464ms)
✔ successful sync, blank deletion, and finish explain a failed status refresh (6.059ms)
✔ legacy operation form, inhouse template, and scrim template stay available (4.2613ms)
✔ legacy scrim full form is stored through the typed V2 mutation and replays safely (6.6365ms)
✔ 숫자형 플레이어·미디어 상세는 존재 확인 뒤 canonical UUID로 이동한다 (21.5292ms)
✔ 숫자형 이벤트전·멸망전은 존재 확인 뒤 canonical UUID로 이동한다 (15.4742ms)
✔ 관리자 직접 가져오기는 파일·붙여넣기·비공개 미리보기·재시도 복구를 제공한다 (10.187ms)
✔ 관리자 로그아웃은 가져오기 복구 namespace만 best-effort로 지운다 (1.3293ms)
✔ 직접 가져오기 API는 예약→bounded body→work gate→private finalize 순서를 지킨다 (1.4674ms)
✔ 검토 UI는 fuzzy 자동 연결 없이 구조화 행별 사람 확인을 요구한다 (2.617ms)
✔ admin import cancellation is authorized only for ADMIN-source rows (1.2257ms)
✔ match editor exposes only the structured form and traps the void confirmation dialog (6.8772ms)
✔ picker status copy is outside the listbox and visual active row matches aria active descendant (1.2223ms)
✔ submission reject dialog shares the accessible modal behavior (3.5979ms)
✔ submission conflict keeps component identity and adopts only a verified latest revision (5.1301ms)
✔ match editor conflict preserves local input and adopts only a verified latest aggregate (1.8641ms)
✔ match editor save action stays readable in enabled and disabled states (1.6768ms)
✔ OCR route reserves before the process gate and all external work (5.262ms)
✔ OCR reservation is durable, single-image and replay-first (12.2253ms)
✔ submission approval durably transfers team-balance provenance into the match aggregate (0.8429ms)
✔ ordinary match amendments cannot clear immutable team-balance provenance (0.1769ms)
✔ web submission linkage revalidates draft ownership, lifecycle and selected layout in its transaction (0.2497ms)
✔ match changed outbox carries team-balance provenance in its typed row and payload (0.1991ms)
✔ public match detail returns a not-found contract instead of a blank success (3.8535ms)
✔ saving a reviewed roster cannot approve a different edit made before its response (180.0317ms)
✔ uncertain review writes retry the exact body/revision with the same key (98.6316ms)
✔ review inputs and repeat mutations stay locked through response and refreshed projection (121.938ms)
✔ a validation failure permits input correction with a new request identity (123.9742ms)
✔ 412 preserves the local roster and requires explicit comparison before continuing (145.0179ms)
✔ an uncertain approval retries its original command and locks the confirmed terminal state (226.1493ms)
✔ review state uses readable labels while source comparison and real OCR warnings remain available (319.3557ms)
✔ explicitly loading the current linked team fills each game's empty slots without changing results and requires every row to be checked (41.6787ms)
✔ loading a linked team never overwrites an existing player selection or bypasses a terminal review (199.7334ms)
✔ unconfirmed review success cannot confirm a different submission, advance revision or consume retry identity (222.6281ms)
✔ unconfirmed OCR success preserves image revision and the exact retry key without refreshing (119.8717ms)
✔ confirmed OCR success and unavailable OCR results both advance only the image revision and require a fresh comparison (74.6383ms)
✔ first submission prioritizes required information while optional fields and continuation stay available (10.0912ms)
✔ a cancelled partial upload never displays unfinished images as a completed step (1.62ms)
✔ anonymous result continuation returns to the same submission after login (1.1449ms)
✔ changing a continuation code or draft resets form identity while same-context refresh preserves edits (47.9768ms)
✔ pending, rejected, suspended and password-reset accounts get recovery before filling the submission form (145.5125ms)
✔ completed or rejected submissions show their result and recovery without impossible upload controls (6.3805ms)
✔ submission lookup failure keeps the code for retry and is distinct from a missing submission (85.3044ms)
✔ creating a submission locks mutations until the server route has committed and resets new-submission state (129.0551ms)
✔ match submission accepts only an owner-verified selected team-balance draft (1.2781ms)
✔ successful server selection remounts both draft workspaces without resetting local edits (0.1756ms)
✔ 홈과 이미지 상세은 같은 접근 가능한 수동 캐러셀을 사용한다 (30.8574ms)
✔ 캐러셀은 빈 상태를 안전하게 닫고 한 장에는 이동 컨트롤을 숨기며 여러 장에는 직접 이동을 제공한다 (12.6966ms)
✔ 캐러셀은 모바일 비율·44px 조작 영역·모션 감소 설정을 유지한다 (0.9195ms)
✔ 홈 우승 사진은 FK 연결을 우선하고 엄격한 레거시 후보만 보강하며 실제 자산 URL을 사용한다 (3.3124ms)
✔ gallery image load failures keep a clear, accessible fallback in the reserved card area (13.6628ms)
✔ migration journal has contiguous indices, increasing timestamps, and matching SQL tags (9.1168ms)
✔ manual MMR position labels are readable while canonical values reach the adjustment request (641.3751ms)
✔ successful HTTP status without the published generation is not claimed as completed (211.0863ms)
✔ response-loss retry preserves the same adjustment idempotency key and body (63.3496ms)
✔ player selection and pending state guard the actual adjustment form and same-tick submits (76.6979ms)
✔ successful adjustment remains locked until the refreshed generation arrives (70.1827ms)
✔ corrupt success responses for both commands remain uncertain and replay the original request (688.8069ms)
✔ unreadable JSON, transient errors and throttling keep the frozen request retryable (120.2721ms)
✔ expired or insufficient sessions preserve the request through a separate admin login (50.4393ms)
✔ generation conflicts require an explicit refresh and clear the selected adjustment player (21.22ms)
✔ definitive input rejection preserves editable input and does not announce success (20.5403ms)
✔ admin without SUPER role sees no mutation form and valid recalculation requests retain preconditions (21.2737ms)
✔ recalculation modal starts at cancel and Escape restores the trigger without submitting (19.8012ms)
✔ recalculation modal cycles Tab in both directions and handles direct confirmation links (19.6363ms)
✔ opening a recalculation modal immediately locks background adjustments and cancel preserves input (32.0268ms)
✔ confirming the modal once closes it and retains the existing request and refresh lock (20.2301ms)
✔ public MMR page exposes canonical allowlisted filters and bounded projection summaries (1.029ms)
✔ admin MMR workspace connects protected recalculate, adjustment, players and review states (5.6507ms)
✔ team balance provider selects READY MMR before statistics fallback (10.8491ms)
✔ MMR previous/next links reach later players and preserve validated search, position, and page size (14.3535ms)
✔ first and last MMR pages expose only valid directions (9.3241ms)
✔ selected position displays the score used to rank and that position's sample, including zero (7.0494ms)
✔ empty projection, unmatched search, and out-of-range page have different recovery actions (7.36ms)
✔ invalid MMR address is rejected before loading and has a clean recovery link (15.8959ms)
✔ MMR load failure retries the same bounded query without pretending the list is empty (2.5442ms)
✔ unknown root addresses keep one complete public shell and recovery links (16.0807ms)
✔ public resource and invalid-query recovery uses the existing layout without nesting another shell (2.1623ms)
✔ application error recovery keeps the public main landmark singular (23.4267ms)
✔ admin not-found content stays behind its layout authorization and inside one admin shell (36.2894ms)
✔ actual review and delete handlers send the strong numeric ETag accepted by the server parser (326.8039ms)
✔ lost responses and unreadable successes preserve request identity and edited inputs for retry (50.3709ms)
✔ changing an unsuccessful review payload uses a separate idempotency identity (58.4997ms)
✔ review is guarded against same-tick clicks and stays locked through server refresh (38.5585ms)
✔ a stale revision preserves local input until explicit reload and expired sessions link back to the same record (112.7453ms)
✔ successful deletion navigates to its filtered list and cannot repeat before navigation (25.557ms)
✔ record detail keys review state to the record revision after an explicit server refresh (50.815ms)
✔ signed operation-form submit retains raw-body HMAC and durable replay boundaries (30.7185ms)
✔ admin mutation requires ADMIN session, same-origin, If-Match and idempotency (4.8325ms)
✔ admin pages expose filtered empty/error/unavailable states and compatibility routes (4.9208ms)
✔ operational diagnostics remain admin-only server rendering with no polling or mutation (7.4254ms)
✔ public operations endpoints expose bounded settings and minimum health only (11.093ms)
✔ admin mutations and downloads retain strong server authorization boundaries (2.0126ms)
✔ internal maintenance requires a signed job and never accepts session authorization (6.7767ms)
✔ Vercel schedules destruction ratings, statistics, MMR, Riot and daily Kakao close through protected GET boundaries (1.8576ms)
✔ route groups are removed while concrete and dynamic segments become canonical URLs (38.6868ms)
✔ route fixtures override parameter fixtures and every missing dynamic fixture fails immediately (1.2694ms)
✔ recommendation query variants reject a malformed transcribed draft fixture (0.5687ms)
✔ capture sessions are isolated by authentication boundary (0.5055ms)
[capture-plan] 1 page files -> 4 capture targets at C:\Users\sjh11\AppData\Local\Temp\klol-capture-cli-4p8tU2\nested\capture-plan.json
✔ the CLI contract reads a fixtures JSON file and creates its output directory (24.7489ms)
✔ the repository plan covers every page once, resolves IDs and adds reviewed variants (996.4041ms)
✔ 사용자·관리자 상세 화면은 저장소 오류 상태에서도 페이지 제목과 상태 의미를 유지한다 (36.4839ms)
✔ 공용 미디어 편집 화면도 저장소 오류 상태에서 페이지 제목을 유지한다 (1.3469ms)
✔ 챔피언 이미지 projection은 0025 적용 전에도 공개 통계·목록 조회를 유지한다 (15.1432ms)
✔ 플레이어 공개 프로필은 실제 경기 KDA와 신청 포지션 배치·팀 밸런스 점수를 함께 설명한다 (7.5473ms)
✔ 공개 Riot 읽기는 API·RSO 비밀 구성과 분리되고 UI가 미연동·대기·오류를 구분한다 (23.5752ms)
✔ 플레이어 검색어는 문자열·배열·미입력을 하나의 안전한 문자열로 정규화한다 (0.712ms)
✔ 중복 q 파라미터 배열은 첫 값으로 정규화되어 trim 오류를 만들지 않는다 (0.1835ms)
✔ 검색 유스케이스는 PlayerRepository 포트를 통해 주입된 구현만 호출한다 (0.6234ms)
✔ PWA manifest and layout publish the expected install contract (21.3244ms)
✔ service worker caches static public assets only (3.2013ms)
✔ install icons exist and are not empty (15.1575ms)
✔ rankings preserve complete Latin/Korean names, Riot IDs, player links, and separate metrics in every view (158.783ms)
✔ ranking player links can shrink and wrap unspaced names in narrow and wide layouts (13.1892ms)
✔ 공개 구인 카드와 API DTO는 참여자 표시 정보만 노출한다 (13.6929ms)
✔ 내전 등록·상세 UI는 경기 시간을 입력하거나 표시하지 않는다 (23.6764ms)
✔ 이벤트 대회와 멸망전은 목록·필터·신청 CTA·관리 흐름을 독립 경로로 유지한다 (8.1193ms)
✔ account pagination reports the filtered total and page range while retaining filters and page size (49.0701ms)
✔ partial jobs expose their finite diagnostic next to the existing status (2.5582ms)
✔ first and last job pages expose only valid navigation and preserve the status filter (6.2339ms)
✔ log navigation retains its source and does not produce an incompatible account status (2.9316ms)
✔ bulk preview remains a bounded first batch without ordinary page navigation or invented totals (1.8713ms)
✔ a now-empty page can return to available results without displaying a nonexistent range (2.4834ms)
✔ navigation respects the query ceiling and unavailable data never pretends there are zero accounts (7.9972ms)
✔ sync: cancel focus, both Tab boundaries, Escape and trigger restoration execute without requests (195.5639ms)
✔ link: cancel focus, both Tab boundaries, Escape and trigger restoration execute without requests (97.938ms)
✔ sync: open preview locks background submissions and freezes the selected request until explicit confirmation (72.1674ms)
✔ link: pending Escape stays locked, errors remain in the modal and a completed request restores focus (36.7736ms)
✔ owner renders a Korean partial cause with the existing sync action and no raw diagnostic (49.3574ms)
✔ owner never renders an unknown diagnostic body or prototype key (138.8001ms)
✔ real Riot link method values have concrete labels without claiming ownership for admin links (39.6075ms)
✔ history chart server output preserves tooltip text for every chart mode (307.9304ms)
✔ match growth server output preserves own and opponent tooltips without fabricated missing values (112.2882ms)
✔ match summaries render identical Korean clock text across server and browser locale data (401.5174ms)
✔ filter and chart date keys use fixed Korean calendar parts across locale data and year boundaries (114.8153ms)
✔ app/(public)/(applications)/applications/error.tsx: 다시 시도 re-fetches the failed server segment (92.8431ms)
✔ app/(admin)/admin/players/error.tsx: 다시 시도 re-fetches the failed server segment (23.4555ms)
✔ app/(admin)/admin/users/error.tsx: 다시 시도 re-fetches the failed server segment (14.0575ms)
✔ app/(admin)/admin/users/[userAccountId]/error.tsx: 다시 시도 re-fetches the failed server segment (25.3218ms)
✔ Kakao pending API splits ADMIN reads from SUPER TOTP mutations (8.1838ms)
✔ pending operator UI uses bounded filters, a player picker and revision-safe commands (1.3679ms)
✔ public season applications expose Kakao-started recruit rounds without leaking pending identities (4.1259ms)
✔ feature-gated site assistant is mounted globally and uses protected AI contracts (9.0751ms)
✔ site feature access fails closed for missing or unreadable settings (4.4991ms)
✔ registration feature protects both its page and mutation before credential work (2.4944ms)
✔ match submission feature keeps reads available but guards every owner mutation (5.4915ms)
✔ Kakao help feature controls its public guide without exposing configuration (9.4913ms)
✔ recruit guide teaches participation and guarded edits before optional creation (1.5134ms)
✔ recommendation APIs keep owner/admin scope and the team-balance feature boundary (8.1171ms)
✔ team-balance pages expose recommendation views and fail closed with the site switch (3.8578ms)
✔ owner team recommendations retain the selected tab, team and draft after authentication (61.7631ms)
✔ owner draft pagination and authentication preserve the applied page size (39.6681ms)
✔ admin team recommendations retain the selected tab, team and draft after authentication (34.6909ms)
✔ admin draft pagination and authentication preserve the applied page size (29.4956ms)
✔ a lost create response retries the exact draft request with its original idempotency key (66.663ms)
✔ editing an unresolved draft request uses a new key and returning to the original input retains its retry (47.153ms)
✔ draft workspace retries an uncertain mutation before refresh and separates later revisions (45.0276ms)
✔ manual edits cannot save, copy or submit the previous selected team before evaluation (152.026ms)
✔ manual selection sends edited players and keeps them locked through response and refresh (41.5481ms)
✔ archived team drafts cannot be rearranged by keyboard or drag handlers (30.3454ms)
✔ failed manual evaluation preserves edited slots and retries the same revision and request key (29.8182ms)
✔ 랜덤 팀 화면은 도메인 계산과 입력·빈·오류·결과·복사·초기화 상태를 연결한다 (17.3335ms)
✔ 코인 토스 화면은 제작 영상과 상태머신·fallback 공개 경로를 함께 둔다 (38.7131ms)
✔ 공개 도구 페이지에는 상호 이동과 canonical metadata가 있다 (14.8324ms)
✔ 팀 밸런스 화면은 승인 계정, 10명 입력, V1 단일 추천·공유·수동·저장·재평가 수명주기를 연결한다 (16.5865ms)
✔ 팀 밸런스 후보 API는 승인 계정과 안전한 서버 검색·신청 그룹 경계를 사용한다 (1.7368ms)
✔ 시작 페이지는 익명·계정 상태·승인 계정·관리자 진입을 구분한다 (1.7164ms)
✔ Riot 도움말은 직접 연결과 별도 본인 인증, 공개·비공개 범위를 안내한다 (1.2477ms)
✔ 설치 화면은 install prompt와 iOS·Android PWA·개인 캐시 금지를 구분한다 (7.944ms)
✔ 사용자 shell은 skip target, landmark, modal search, 모바일 5개 진입점을 제공한다 (11.2467ms)
✔ 전체 메뉴는 목적별로 기능을 보여주고 필요한 계정 접근을 안내한다 (1.0481ms)
✔ 일반 로그인은 홈으로 돌아가고 로그인된 헤더·모바일 메뉴는 내 정보를 표시한다 (3.0078ms)
✔ V2 UI는 실제 운영 데이터가 없을 때 합성 샘플을 사용자 화면에 연결하지 않는다 (1.4998ms)
✔ 사용자와 관리자 로그아웃 UI는 세션 폐기 성공 뒤에만 로그인 화면으로 이동한다 (1.5397ms)
✔ 관리자 계정 상세는 저장소 장애를 존재하지 않음 404로 축소하지 않는다 (1.8554ms)
✔ 모바일 관리자 메뉴에서도 현재 역할과 안전한 로그아웃을 제공한다 (4.2674ms)
✔ 관리자 로그인은 비밀번호 후 원래 화면으로 이동하며 인증 코드 필드가 없다 (1.5378ms)
✔ 계정 작업 UI는 stale revision에서 최신 projection을 읽고 안내를 유지한다 (2.7627ms)
✔ 일회성 비밀번호는 숨김·BFCache 복귀·명시적 닫기에서 메모리와 안내를 함께 종료한다 (1.8144ms)
✔ 내 계정 플레이어 탭은 대기 claim과 거절 claim을 구분한다 (0.8166ms)
✔ 내 계정 상태 안내는 공개 사유가 없을 때도 상태별 기본 문구를 구분한다 (0.8439ms)
✔ 계정 시각은 공통 Asia/Seoul 24시간 포맷터를 사용한다 (3.2922ms)
✔ 가입·본인 비밀번호 변경 UI는 성공과 pagehide에서 비밀번호 fingerprint ref를 즉시 비운다 (2.0496ms)
✔ 정적 마감 대상의 native button은 submit 여부를 명시한다 (438.612ms)
✔ 이벤트 운영 폼은 내부 UUID나 JSON 복사를 요구하지 않는다 (1.9554ms)
✔ 완성된 메뉴와 관리자 검색은 과거 단계 문구를 노출하지 않는다 (0.9952ms)
✔ Riot ID의 게임 이름과 태그는 각각 이름을 가진다 (0.2264ms)
✔ 화면 효과는 스트리밍 중인 React 하위 DOM을 변경하지 않는다 (8.0924ms)
✔ 전역 효과 CSS는 감속 모드·정밀 포인터·강제 색상 경계를 유지한다 (1.9599ms)
ℹ tests 657
ℹ suites 0
ℹ pass 656
ℹ fail 1
ℹ cancelled 0
ℹ skipped 0
ℹ todo 0
ℹ duration_ms 5845.36

✖ failing tests:

test at tests\discipline-http-ui.test.mjs:55:1
✖ discipline pages declare real empty, error, and unavailable states (2.3328ms)
  AssertionError [ERR_ASSERTION]: The input did not match the regular expression /필터를 바꾸거나 새 기록을 등록해 주세요/. Input:
  
  'import Link from "next/link";\n' +
    '\n' +
    'import styles from "@/components/admin/admin-operations.module.css";\n' +
    'import { requirePageRole } from "@/modules/auth/infrastructure/server-authorization";\n' +
    'import { loadRuntimeDiscipline } from "@/modules/discipline/infrastructure/runtime-discipline";\n' +
    '\n' +
    'export const dynamic = "force-dynamic";\n' +
    '\n' +
    'const typeLabel = { CAUTION: "주의", WARNING: "경고", BAN: "이용 제한" } as const;\n' +
    'const taskStatusLabel = {\n' +
    '  REQUIRED: "업로드 필요",\n' +
    '  AWAITING_UPLOAD: "추가 업로드 필요",\n' +
    '  PENDING_REVIEW: "검토 대기",\n' +
    '  REJECTED: "보완 필요",\n' +
    '  APPROVED: "승인 완료",\n' +
    '  CANCELLED: "취소됨",\n' +
    '} as const;\n' +
    '\n' +
    'const PAGE_SIZE = 50;\n' +
    'const MAX_PAGE = 10_000;\n' +
    '\n' +
    'function pageHref(tab: "records" | "tasks" | "reviews", page: number) {\n' +
    '  const params = new URLSearchParams({ tab });\n' +
    '  if (page > 1) params.set("page", String(page));\n' +
    '  return `/admin/discipline?${params}`;\n' +
    '}\n' +
    '\n' +
    'export default async function AdminDisciplinePage({ searchParams }: { searchParams: Promise<Record<string, string | string[] | undefined>> }) {\n' +
    '  await requirePageRole("ADMIN", "/admin/discipline");\n' +
    '  const raw = await searchParams;\n' +
    '  const selected = typeof raw.tab === "string" ? raw.tab : "records";\n' +
    '  const pageRaw = typeof raw.page === "string" ? raw.page : "1";\n' +
    '  const page = Number(pageRaw);\n' +
    '  if (Object.entries(raw).some(([key, value]) => !["tab", "page"].includes(key) || Array.isArray(value)) ||\n' +
    '    !["records", "tasks", "reviews"].includes(selected) || !/^[1-9][0-9]{0,4}$/u.test(pageRaw) || page > MAX_PAGE) {\n' +
    '    return <main className={styles.page}><h1>징계 관리</h1><section className={styles.state} role="alert"><h2>조회 조건을 확인해 주세요.</h2><Link className={styles.link} href="/admin/discipline">조건 초기화</Link></section></main>;\n' +
    '  }\n' +
    '  const tab = selected as "records" | "tasks" | "reviews";\n' +
    '  const result = await loadRuntimeDiscipline((service) => service.adapter.listAdmin({ tab, page, pageSize: PAGE_SIZE }));\n' +
    '  const total = result.state === "ready" ? result.data.totalCount : 0;\n' +
    '  const pageCount = Math.max(1, Math.min(MAX_PAGE, Math.ceil(total / PAGE_SIZE)));\n' +
    '  return <main className={styles.page}><header className={styles.header}><div><h1>징계 관리</h1></div><Link className={styles.button} href="/admin/discipline/new">새 기록</Link></header><nav className={styles.tabs} aria-label="징계 관리 분류"><Link href="/admin/discipline" aria-current={tab === "records" ? "page" : undefined}>전체 기록</Link><Link href="/admin/discipline?tab=tasks" aria-current={tab === "tasks" ? "page" : undefined}>과제</Link><Link href="/admin/discipline?tab=reviews" aria-current={tab === "reviews" ? "page" : undefined}>검토 대기</Link></nav>\n' +
    '    {result.state === "ready" ? <>\n' +
    '      <p className={styles.summary} aria-label="징계 조회 범위">전체 {total.toLocaleString("ko-KR")}건 · {result.data.items.length ? `${((page - 1) * PAGE_SIZE + 1).toLocaleString("ko-KR")}–${((page - 1) * PAGE_SIZE + result.data.items.length).toLocaleString("ko-KR")}건 표시` : "현재 페이지 0건"}</p>\n' +
    '      {total > MAX_PAGE * PAGE_SIZE ? <p className={styles.summary}>페이지 조회는 처음 500,000건까지 가능합니다. 분류를 바꿔 범위를 좁혀 주세요.</p> : null}\n' +
    '      {result.data.items.length ? <div className={styles.tableWrap} role="region" aria-label="징계 기록 목록" tabIndex={0}><table className={styles.table}><thead><tr><th scope="col">대상</th><th scope="col">유형</th><th scope="col">상태</th><th scope="col">과제</th><th scope="col">등록일</th><th scope="col">보기</th></tr></thead><tbody>{result.data.items.map((record) => <tr key={record.id}><td>{record.targetName}</td><td>{typeLabel[record.type]}</td><td><span className={styles.badge} data-status={record.active ? "ACTIVE" : "INACTIVE"}>{record.active ? "활성" : "종료"}</span></td><td>{record.task ? taskStatusLabel[record.task.status] : "없음"}</td><td>{new Intl.DateTimeFormat("ko-KR", { dateStyle: "short" }).format(new Date(record.createdAt))}</td><td><Link href={`/admin/discipline/${record.id}`}>상세</Link></td></tr>)}</tbody></table></div> : <section className={styles.state} role="status"><h2>{page > 1 ? "현재 페이지에 기록이 없습니다." : "이 분류의 기록이 없습니다."}</h2>{page > 1 ? <Link className={styles.link} href={pageHref(tab, 1)}>첫 페이지로</Link> : <p>분류를 바꾸거나 새 기록을 등록해 주세요.</p>}</section>}\n' +
    '      {result.data.items.length > 0 && pageCount > 1 ? <nav className={styles.tabs} aria-label="징계 목록 페이지">\n' +
    '        {page > 1 ? <Link href={pageHref(tab, page - 1)}>이전</Link> : <span aria-disabled="true">이전</span>}\n' +
    '        <span aria-current="page">{page} / {pageCount} 페이지</span>\n' +
    '        {page < pageCount ? <Link href={pageHref(tab, page + 1)}>다음</Link> : <span aria-disabled="true">다음</span>}\n' +
    '      </nav> : null}\n' +
    '    </> : <section className={styles.state} role={result.state === "unavailable" ? "status" : "alert"}><p>{result.state === "unavailable" ? "징계 기록을 확인할 수 없습니다." : "징계 기록을 불러오지 못했습니다."}</p><a className={styles.link} href={pageHref(tab, page)}>다시 불러오기</a></section>}\n' +
    '  </main>;\n' +
    '}\n'
  
      at TestContext.<anonymous> (file:///E:/k-LOL.GG/worktrees/ux-discoverability-20261002/tests/discipline-http-ui.test.mjs:63:10)
      at async Test.run (node:internal/test_runner/test:1125:7)
      at async Test.processPendingSubtests (node:internal/test_runner/test:787:7) {
    generatedMessage: true,
    code: 'ERR_ASSERTION',
    actual: 'import Link from "next/link";\n\nimport styles from "@/components/admin/admin-operations.module.css";\nimport { requirePageRole } from "@/modules/auth/infrastructure/server-authorization";\nimport { loadRuntimeDiscipline } from "@/modules/discipline/infrastructure/runtime-discipline";\n\nexport const dynamic = "force-dynamic";\n\nconst typeLabel = { CAUTION: "주의", WARNING: "경고", BAN: "이용 제한" } as const;\nconst taskStatusLabel = {\n  REQUIRED: "업로드 필요",\n  AWAITING_UPLOAD: "추가 업로드 필요",\n  PENDING_REVIEW: "검토 대기",\n  REJECTED: "보완 필요",\n  APPROVED: "승인 완료",\n  CANCELLED: "취소됨",\n} as const;\n\nconst PAGE_SIZE = 50;\nconst MAX_PAGE = 10_000;\n\nfunction pageHref(tab: "records" | "tasks" | "reviews", page: number) {\n  const params = new URLSearchParams({ tab });\n  if (page > 1) params.set("page", String(page));\n  return `/admin/discipline?${params}`;\n}\n\nexport default async function AdminDisciplinePage({ searchParams }: { searchParams: Promise<Record<string, string | string[] | undefined>> }) {\n  await requirePageRole("ADMIN", "/admin/discipline");\n  const raw = await searchParams;\n  const selected = typeof raw.tab === "string" ? raw.tab : "records";\n  const pageRaw = typeof raw.page === "string" ? raw.page : "1";\n  const page = Number(pageRaw);\n  if (Object.entries(raw).some(([key, value]) => !["tab", "page"].includes(key) || Array.isArray(value)) ||\n    !["records", "tasks", "reviews"].includes(selected) || !/^[1-9][0-9]{0,4}$/u.test(pageRaw) || page > MAX_PAGE) {\n    return <main className={styles.page}><h1>징계 관리</h1><section className={styles.state} role="alert"><h2>조회 조건을 확인해 주세요.</h2><Link className={styles.link} href="/admin/discipline">조건 초기화</Link></section></main>;\n  }\n  const tab = selected as "records" | "tasks" | "reviews";\n  const result = await loadRuntimeDiscipline((service) => service.adapter.listAdmin({ tab, page, pageSize: PAGE_SIZE }));\n  const total = result.state === "ready" ? result.data.totalCount : 0;\n  const pageCount = Math.max(1, Math.min(MAX_PAGE, Math.ceil(total / PAGE_SIZE)));\n  return <main className={styles.page}><header className={styles.header}><div><h1>징계 관리</h1></div><Link className={styles.button} href="/admin/discipline/new">새 기록</Link></header><nav className={styles.tabs} aria-label="징계 관리 분류"><Link href="/admin/discipline" aria-current={tab === "records" ? "page" : undefined}>전체 기록</Link><Link href="/admin/discipline?tab=tasks" aria-current={tab === "tasks" ? "page" : undefined}>과제</Link><Link href="/admin/discipline?tab=reviews" aria-current={tab === "reviews" ? "page" : undefined}>검토 대기</Link></nav>\n    {result.state === "ready" ? <>\n      <p className={styles.summary} aria-label="징계 조회 범위">전체 {total.toLocaleString("ko-KR")}건 · {result.data.items.length ? `${((page - 1) * PAGE_SIZE + 1).toLocaleString("ko-KR")}–${((page - 1) * PAGE_SIZE + result.data.items.length).toLocaleString("ko-KR")}건 표시` : "현재 페이지 0건"}</p>\n      {total > MAX_PAGE * PAGE_SIZE ? <p className={styles.summary}>페이지 조회는 처음 500,000건까지 가능합니다. 분류를 바꿔 범위를 좁혀 주세요.</p> : null}\n      {result.data.items.length ? <div className={styles.tableWrap} role="region" aria-label="징계 기록 목록" tabIndex={0}><table className={styles.table}><thead><tr><th scope="col">대상</th><th scope="col">유형</th><th scope="col">상태</th><th scope="col">과제</th><th scope="col">등록일</th><th scope="col">보기</th></tr></thead><tbody>{result.data.items.map((record) => <tr key={record.id}><td>{record.targetName}</td><td>{typeLabel[record.type]}</td><td><span className={styles.badge} data-status={record.active ? "ACTIVE" : "INACTIVE"}>{record.active ? "활성" : "종료"}</span></td><td>{record.task ? taskStatusLabel[record.task.status] : "없음"}</td><td>{new Intl.DateTimeFormat("ko-KR", { dateStyle: "short" }).format(new Date(record.createdAt))}</td><td><Link href={`/admin/discipline/${record.id}`}>상세</Link></td></tr>)}</tbody></table></div> : <section className={styles.state} role="status"><h2>{page > 1 ? "현재 페이지에 기록이 없습니다." : "이 분류의 기록이 없습니다."}</h2>{page > 1 ? <Link className={styles.link} href={pageHref(tab, 1)}>첫 페이지로</Link> : <p>분류를 바꾸거나 새 기록을 등록해 주세요.</p>}</section>}\n      {result.data.items.length > 0 && pageCount > 1 ? <nav className={styles.tabs} aria-label="징계 목록 페이지">\n        {page > 1 ? <Link href={pageHref(tab, page - 1)}>이전</Link> : <span aria-disabled="true">이전</span>}\n        <span aria-current="page">{page} / {pageCount} 페이지</span>\n        {page < pageCount ? <Link href={pageHref(tab, page + 1)}>다음</Link> : <span aria-disabled="true">다음</span>}\n      </nav> : null}\n    </> : <section className={styles.state} role={result.state === "unavailable" ? "status" : "alert"}><p>{result.state === "unavailable" ? "징계 기록을 확인할 수 없습니다." : "징계 기록을 불러오지 못했습니다."}</p><a className={styles.link} href={pageHref(tab, page)}>다시 불러오기</a></section>}\n  </main>;\n}\n',
    expected: /필터를 바꾸거나 새 기록을 등록해 주세요/,
    operator: 'match',
    diff: 'simple'
  }
