[db-contract] isolated PostgreSQL 18 cluster started
✔ all journaled migrations install idempotently on a distinct empty PostgreSQL 18 database (878.5383ms)
ℹ tests 1
ℹ suites 0
ℹ pass 1
ℹ fail 0
ℹ cancelled 0
ℹ skipped 0
ℹ todo 0
ℹ duration_ms 1629.9994
✔ four guards reject unsafe database targets (0.775ms)
▶ migrations, constraints, repository, and transaction contracts hold on PostgreSQL 18
  ✔ forward migration preserves existing player rows and is idempotent (1107.4403ms)
  ✔ auth and TOTP constraints fail closed (117.6333ms)
  ✔ database auth repository persists durable session, TOTP, and rate-limit state (223.079ms)
  ✔ registry uniqueness and lifecycle constraints are enforced (5.8396ms)
  ✔ PostgresPlayerRepository returns only public active projections (23.4595ms)
  ✔ domain change and audit append commit or roll back atomically (7.408ms)
✔ migrations, constraints, repository, and transaction contracts hold on PostgreSQL 18 (1491.7645ms)
ℹ tests 8
ℹ suites 0
ℹ pass 8
ℹ fail 0
ℹ cancelled 0
ℹ skipped 0
ℹ todo 0
ℹ duration_ms 2198.7542
✔ usage storage: idempotency, KST days, visits, identity transitions, staff exclusions and durable limits (243.7243ms)
ℹ tests 1
ℹ suites 0
ℹ pass 1
ℹ fail 0
ℹ cancelled 0
ℹ skipped 0
ℹ todo 0
ℹ duration_ms 929.7068
✔ 0041 fresh install, populated 0040 upgrade and reapply preserve enrollment history (3204.9668ms)
ℹ tests 1
ℹ suites 0
ℹ pass 1
ℹ fail 0
ℹ cancelled 0
ℹ skipped 0
ℹ todo 0
ℹ duration_ms 3878.5191
▶ administrator TOTP lifecycle is serialized, audited, and rolled back atomically
  ✔ a TOTP setup session that expires while queued cannot mutate security state (542.7244ms)
  ✔ pending setup never rotates silently and explicit cancellation is auditable (16.32ms)
  ✔ concurrent enable has one winner and revokes every session in its transaction (16.3919ms)
  ✔ audit insertion failure rolls credential, version, and revocation back (12.6233ms)
  ✔ concurrent self-disable deletes the factor and revokes all sessions exactly once (17.1259ms)
  ✔ USER is rejected while SUPER_ADMIN self-setup remains allowed (7.017ms)
✔ administrator TOTP lifecycle is serialized, audited, and rolled back atomically (706.5411ms)
ℹ tests 7
ℹ suites 0
ℹ pass 7
ℹ fail 0
ℹ cancelled 0
ℹ skipped 0
ℹ todo 0
ℹ duration_ms 1395.1817
✔ S02 player mutations, legacy mapping, privacy, replay, and rollback hold on PostgreSQL 18 (1147.4473ms)
ℹ tests 1
ℹ suites 0
ℹ pass 1
ℹ fail 0
ℹ cancelled 0
ℹ skipped 0
ℹ todo 0
ℹ duration_ms 1881.3995
▶ season lifecycle, participation ownership, idempotency and audit contracts hold on PostgreSQL 18
  ✔ retired lifecycle timestamps reject activated or ended history (3.1675ms)
  ✔ concurrent activation leaves exactly one active season (157.6932ms)
  ✔ clone creates a draft and stale clone revision is rejected (9.3749ms)
  ✔ Kakao provenance hash and position invariants are enforced by PostgreSQL (231.507ms)
  ✔ SUPER resolves or cancels pending Kakao applications with idempotency, merge policy and safe team handoff (290.8595ms)
  ✔ SITE upsert reuses the same player/date/round row imported from Kakao (17.0984ms)
  ✔ command receipts expire after 24 hours and an expired key is safely reusable (10.7048ms)
  ✔ season audit snapshots retain lifecycle and schedule field diffs (11.725ms)
  ✔ clone and cancellation roll back with their audit event (10.3189ms)
  ✔ owner cancellation, resubmission and admin review honor revisions (85.9043ms)
  ✔ public DTO excludes member, login, Discord and internal review fields (5.7726ms)
  ✔ public status counts cover the full roster while the projection is capped at 200 (52.1816ms)
  ✔ viewer approval and active-player capability are rechecked from the database (29.3734ms)
  ✔ non-approved account is rechecked inside the mutation transaction (1.0623ms)
  ✔ ACCOUNT and ADMIN purposes cannot cross-authorize season commands (4.9798ms)
  ✔ ADMIN and SUPER_ADMIN roles may use approved user actions only through ACCOUNT sessions (20.0603ms)
  ✔ session revocation wins over a queued ACCOUNT mutation (166.485ms)
  ✔ optional TOTP removal preserves a valid password-only ADMIN session (159.2058ms)
  ✔ soft-deleted account is rejected again inside the mutation transaction (1.5298ms)
  ✔ reviewer history restricts hard deletion of the reviewer account (6.3924ms)
  ✔ audit failure rolls the season and idempotency receipt back together (4.4504ms)
  ✔ ending and retirement preserve history instead of cascading deletion (9.2006ms)
✔ season lifecycle, participation ownership, idempotency and audit contracts hold on PostgreSQL 18 (1391.4576ms)
✔ site and Kakao serialize the last seat, allow explicit reserves and block closed rounds (333.6648ms)
ℹ tests 24
ℹ suites 0
ℹ pass 24
ℹ fail 0
ℹ cancelled 0
ℹ skipped 0
ℹ todo 0
ℹ duration_ms 2482.1186
▶ site capacity transition queue is atomic, scoped, replay-safe and offline tolerant
  ✔ UNVERIFIED matches only one-candidate review items (11.955ms)
  ✔ website roster ignores legacy pending in another scope or mode (84.8534ms)
  ✔ 9 to 10, retry and unchanged 10 create a single notification (46.7185ms)
  ✔ failed application transaction rolls back its notification (24.986ms)
  ✔ another scope or target cannot claim and replay is refused (13.1937ms)
  ✔ offline lease expires, concurrent polls claim once, ACK is idempotent (31.0612ms)
  ✔ uncertain send is terminal; a newer 9 to 10 transition remains separate (51.3004ms)
  ✔ expiry, failure bound and retention are enforced (38.9007ms)
✔ site capacity transition queue is atomic, scoped, replay-safe and offline tolerant (387.907ms)
ℹ tests 9
ℹ suites 0
ℹ pass 9
ℹ fail 0
ℹ cancelled 0
ℹ skipped 0
ℹ todo 0
ℹ duration_ms 1095.8114
✔ S01 account lifecycle, recovery security, races, replay, and rollback hold on PostgreSQL 18 (4117.3072ms)
ℹ tests 1
ℹ suites 0
ℹ pass 1
ℹ fail 0
ℹ cancelled 0
ℹ skipped 0
ℹ todo 0
ℹ duration_ms 8250.8673
▶ S04 stores participant display identity and rejection reasons as durable history
  ✔ published detail keeps ten KDA rows and exposes a real API 404/fallback contract (53.7647ms)
  ✔ registry rename does not rewrite a recorded participant or its archived revision (276.9128ms)
  ✔ reject after and reopen before audit snapshots retain the cleared public reason (20.0659ms)
  ✔ web submission accepts only the owner's current valid selected team draft (29.5578ms)
  ✔ admin match creation rechecks and persists the exact selected team draft (22.0957ms)
  ✔ submission approval carries team-balance provenance through match history and outbox (40.2261ms)
✔ S04 stores participant display identity and rejection reasons as durable history (600.1006ms)
ℹ tests 7
ℹ suites 0
ℹ pass 7
ℹ fail 0
ℹ cancelled 0
ℹ skipped 0
ℹ todo 0
ℹ duration_ms 1313.6411
▶ match writes accept password-only administrators and enforce current session boundaries
  ✔ ADMIN without TOTP (14.5022ms)
  ✔ SUPER_ADMIN without TOTP (2.6594ms)
  ✔ existing TOTP session (3.1995ms)
  ✔ ACCOUNT cookie cannot authorize admin import (2.3498ms)
  ✔ ordinary member (1.8893ms)
  ✔ revoked session (2.0719ms)
  ✔ expired session despite earlier request time (2.1514ms)
  ✔ stale auth version (1.9147ms)
  ✔ changed role (2.1647ms)
  ✔ suspended account (1.7793ms)
  ✔ deleted account (1.6144ms)
  ✔ password reset required (1.4447ms)
  ✔ fixture session cannot write (1.8774ms)
  ✔ approved member submission (2.5496ms)
✔ match writes accept password-only administrators and enforce current session boundaries (139.3373ms)
ℹ tests 15
ℹ suites 0
ℹ pass 15
ℹ fail 0
ℹ cancelled 0
ℹ skipped 0
ℹ todo 0
ℹ duration_ms 839.1514
✔ S05 rebuilds PUBLISHED match statistics atomically and receipts make replay idempotent (422.2998ms)
ℹ tests 1
ℹ suites 0
ℹ pass 1
ℹ fail 0
ℹ cancelled 0
ℹ skipped 0
ℹ todo 0
ℹ duration_ms 1172.6806
✔ S10 media publication requires a live admin session and is idempotent, asset-safe, auditable, and soft archived (418.8163ms)
✔ S10 admin upload persists STAGED to READY, lists by exact draft, attaches safely, and tombstones unused assets (261.9736ms)
ℹ tests 2
ℹ suites 0
ℹ pass 2
ℹ fail 0
ℹ cancelled 0
ℹ skipped 0
ℹ todo 0
ℹ duration_ms 1465.6613
✔ team internal experience counts published games only and converges after void and restore (238.4383ms)
✔ team-only override requires a live SUPER session and recent solo provider requires connected fresh identity (314.6177ms)
✔ S06 draft lifecycle is owner/admin authorized, append-only, transactional, and idempotent (635.4708ms)
ℹ tests 3
ℹ suites 0
ℹ pass 3
ℹ fail 0
ℹ cancelled 0
ℹ skipped 0
ℹ todo 0
ℹ duration_ms 1940.8393
✔ S05-B persists canonical full-ledger MMR replay without competing for the S04 outbox (2537.1987ms)
ℹ tests 1
ℹ suites 0
ℹ pass 1
ℹ fail 0
ℹ cancelled 0
ℹ skipped 0
ℹ todo 0
ℹ duration_ms 3300.436
✔ S09 PostgreSQL adapter commits aggregate, receipt, audit and outbox atomically with owner/session checks (351.0096ms)
✔ party member statistics are bounded and count distinct parties and primary companions (111.7295ms)
✔ S09 PostgreSQL adapter binds a BOT nonce to exactly one signed request identity (98.2501ms)
✔ Kakao aggregate controllers block confused-deputy lifecycle mutations (152.885ms)
✔ V4 scrim finish completes only the active same-room target and replays without duplicate writes (108.1572ms)
✔ concurrent V4 party member commands serialize on the locked latest aggregate (290.9259ms)
✔ concurrent V4 scrim participant commands compose after the database row lock (168.6991ms)
ℹ tests 7
ℹ suites 0
ℹ pass 7
ℹ fail 0
ℹ cancelled 0
ℹ skipped 0
ℹ todo 0
ℹ duration_ms 2055.5924
✔ S09 operation forms persist signed submissions and ADMIN TOTP mutations atomically (274.3696ms)
ℹ tests 1
ℹ suites 0
ℹ pass 1
ℹ fail 0
ℹ cancelled 0
ℹ skipped 0
ℹ todo 0
ℹ duration_ms 980.8795
✔ signed Kakao reads persist safe replay receipts and isolate recruit members to the bound room (172.4227ms)
✔ in-house round metadata persists schedule and notice, clears on full snapshot, and isolates authoritative mode transitions by room (340.8207ms)
✔ authoritative Kakao season sync withdraws only same-room same-round RIFT rows and replays without writes (193.5815ms)
✔ signed Kakao season snapshots match exact players and preserve unresolved entries for review (169.4206ms)
✔ recoverable Kakao season rows save valid players, queue review rows, preserve omitted slots, and cancel explicit blanks (133.6897ms)
✔ in-house shortcuts and full snapshots enforce integrated SITE capacity while preserving confirmed decisions (219.8492ms)
✔ in-house finish preserves every roster row, hides the round, and replays without writes (130.9364ms)
✔ editable inhouse forms count unlinked names, merge concurrent additions, protect SITE rows and retain closed rosters (458.476ms)
✔ name-first in-house copies keep pending slots and merge metadata without overwriting newer edits (228.5668ms)
✔ in-house copy forms reopen a vacated reserve slot and preserve the remaining roster (157.0962ms)
✔ owner-created Kakao image sessions bind sender, finalize private assets, replay, and revoke (142.2326ms)
✔ Kakao admin settings and health repair require SUPER TOTP and persist receipts, audit, and outbox (197.8586ms)
✔ inhouse roster matching uses bounded lookups for ten members and guests (265.088ms)
ℹ {"label":"1-members-save","queries":31,"memberLookups":1,"applicationLookups":1,"elapsedMs":13}
ℹ {"label":"1-members-unchanged","queries":26,"memberLookups":0,"applicationLookups":0,"elapsedMs":15}
ℹ {"label":"10-members-save","queries":40,"memberLookups":1,"applicationLookups":1,"elapsedMs":21}
ℹ {"label":"10-members-unchanged","queries":26,"memberLookups":0,"applicationLookups":0,"elapsedMs":12}
ℹ {"label":"10-guests-save","queries":39,"memberLookups":1,"applicationLookups":0,"elapsedMs":16}
ℹ {"label":"10-guests-unchanged","queries":27,"memberLookups":1,"applicationLookups":0,"elapsedMs":11}
✔ inhouse overview projects all three modes and excludes other rooms, closed rounds and drafts (156.229ms)
ℹ tests 14
ℹ suites 0
ℹ pass 14
ℹ fail 0
ℹ cancelled 0
ℹ skipped 0
ℹ todo 0
ℹ duration_ms 3838.3705
▶ Kakao short form originals are durable, scoped, reusable and expire at 06:00 KST
  ✔ scope, kind, target and operating-day binding are mandatory (6.114ms)
  ✔ concurrent readers reuse a single durable original (112.2433ms)
  ✔ transaction rollback does not leave an issued code behind (4.0549ms)
  ✔ database constraints fail closed even when application validation is bypassed (113.3507ms)
  ✔ midnight preserves the code but the exact 06:00 boundary rejects it (58.6575ms)
  ✔ bounded retention cleanup never removes a live original (31.2281ms)
✔ Kakao short form originals are durable, scoped, reusable and expire at 06:00 KST (440.0256ms)
ℹ tests 7
ℹ suites 0
ℹ pass 7
ℹ fail 0
ℹ cancelled 0
ℹ skipped 0
ℹ todo 0
ℹ duration_ms 1134.8786
✔ one installation maps to exactly one canonical room without room parsing or sender allowlists (305.7159ms)
ℹ tests 1
ℹ suites 0
ℹ pass 1
ℹ fail 0
ℹ cancelled 0
ℹ skipped 0
ℹ todo 0
ℹ duration_ms 1006.4037
✔ ADR0011 lists more than twenty parties without snapshots and reads scoped active/draft details directly (154.052ms)
ℹ tests 1
ℹ suites 0
ℹ pass 1
ℹ fail 0
ℹ cancelled 0
ℹ skipped 0
ℹ todo 0
ℹ duration_ms 880.2933
✔ [P0-FIXTURE] input-tolerance matrix is pinned to the unchanged V1 oracle (1.4063ms)
✔ [P0-PARTY-01] punctuation, full-width, escape, and whitespace rows have one semantic member (9.5964ms)
✔ [P0-PARTY-02] an explicit empty slot is valid but an absent slot row is not a full snapshot (3.8068ms)
✔ [P0-PARTY-03] slash and comma in one reserve row stay in one display name (0.3969ms)
✔ [P0-PARTY-04] a 2-person title cannot overwrite an existing 5-person recruit target (1.2246ms)
✔ [P0-PARTY-05] conflicting duplicate slot rows reject the whole snapshot (0.5153ms)
✔ [P0-PARTY-06] member order is canonical and independent of pasted row order (0.6231ms)
✔ [P0-PARTY-07] name suffix notes, emoji, and Kakao tags are preserved (1.1687ms)
✔ [P0-PARTY-08] multiline metadata values match their single-line semantic values (0.918ms)
✔ [P0-PARTY-09] an automatic-number empty draft never creates a recruit (0.8444ms)
✔ [P0-OPS-01] all four forms preserve values continued on the following line (3.6026ms)
✔ [P0-OPS-02] all four forms expose exact missing-field contracts without submission (0.929ms)
✔ [P0-OPS-03] parentheses and comma stay in the person name instead of becoming an implicit delimiter (0.2087ms)
✔ [P0-OPS-04] ordinary conversation and partial label discussions remain UNKNOWN (1.0625ms)
✔ [P0-OPS-05:friends] field order does not alter the canonical payload (0.379ms)
✔ [P0-OPS-06:friends] a conflicting duplicate label rejects the whole form (0.2558ms)
✔ [P0-OPS-07:friends] arbitrary footer text cannot contaminate the last field (0.308ms)
✔ [P0-OPS-05:suggestions] field order does not alter the canonical payload (0.2036ms)
✔ [P0-OPS-06:suggestions] a conflicting duplicate label rejects the whole form (0.1456ms)
✔ [P0-OPS-07:suggestions] arbitrary footer text cannot contaminate the last field (0.2233ms)
✔ [P0-OPS-05:meetups] field order does not alter the canonical payload (0.296ms)
✔ [P0-OPS-06:meetups] a conflicting duplicate label rejects the whole form (0.1965ms)
✔ [P0-OPS-07:meetups] arbitrary footer text cannot contaminate the last field (0.2816ms)
✔ [P0-OPS-05:leaves] field order does not alter the canonical payload (0.2666ms)
✔ [P0-OPS-06:leaves] a conflicting duplicate label rejects the whole form (0.1965ms)
✔ [P0-OPS-07:leaves] arbitrary footer text cannot contaminate the last field (0.2406ms)
✔ [P0-OPS-08] prose mentioning every label is not classified as a form (0.1415ms)
✔ [P0-IDEMPOTENCY-01] the same event is dispatched exactly once and then replayed (0.6951ms)
✔ [P0-IDEMPOTENCY-02] different events with one semantic payload are both dispatched (0.6846ms)
✔ [P0-MULTIUSER-01] same-room events from different senders reach edit and finish dispatch (0.5019ms)
✔ [P0-CANONICAL-01] V1-local fullwidth slash and digits canonicalize to the same finish command on the server (0.1438ms)
✔ [P0-CANONICAL-02] finish and detail commands tolerate whitespace after the copied hash marker (0.1897ms)
✔ [P0-MULTIUSER-02] PostgreSQL contract proves same-room cross-user edit/finish and different-room no-mutation without an administrator role (158.0964ms)
ℹ tests 33
ℹ suites 0
ℹ pass 33
ℹ fail 0
ℹ cancelled 0
ℹ skipped 0
ℹ todo 0
ℹ duration_ms 976.422
(node:24036) DeprecationWarning: Calling client.query() when the client is already executing a query is deprecated and will be removed in pg@9.0. Use async/await or an external async flow control mechanism instead.
(Use `node --trace-deprecation ...` to show where the warning was created)
✔ S07 event adapter persists exact-ten lifecycle, S06 teams, correction invalidation and owner-safe reads (957.5678ms)
ℹ tests 1
ℹ suites 0
ℹ pass 1
ℹ fail 0
ℹ cancelled 0
ℹ skipped 0
ℹ todo 0
ℹ duration_ms 1752.5524
✔ S08 adapter persists recruitment, seeded auction, BO stages, roster history, MVP revote and atomic receipts (4921.1665ms)
ℹ tests 1
ℹ suites 0
ℹ pass 1
ℹ fail 0
ℹ cancelled 0
ℹ skipped 0
ℹ todo 0
ℹ duration_ms 5832.1572
✔ S13 settings, AI ledger and signed maintenance preserve authorization and idempotency contracts (390.7732ms)
ℹ tests 1
ℹ suites 0
ℹ pass 1
ℹ fail 0
ℹ cancelled 0
ℹ skipped 0
ℹ todo 0
ℹ duration_ms 1157.8097
✔ storage probe atomically limits concurrent jobs, rejects replay, and records synthetic storage success and failure (202.5152ms)
ℹ tests 1
ℹ suites 0
ℹ pass 1
ℹ fail 0
ℹ cancelled 0
ℹ skipped 0
ℹ todo 0
ℹ duration_ms 891.2164
✔ admin diagnostics aggregate only current notice scope and fixed operational evidence in a bounded read-only transaction (390.0648ms)
ℹ tests 1
ℹ suites 0
ℹ pass 1
ℹ fail 0
ℹ cancelled 0
ℹ skipped 0
ℹ todo 0
ℹ duration_ms 1093.967
✔ 0045 fresh, populated 0044 upgrade and replay preserve existing Riot links and summaries (3197.1051ms)
✔ Riot analytics archive deduplicates, pages without upstream access, retains daily observations and hides changed connections (259.0902ms)
✔ S12 Riot persistence keeps owner auth, one-time RSO, jobs, receipts, audit and outbox atomic (412.1317ms)
ℹ tests 3
ℹ suites 0
ℹ pass 3
ℹ fail 0
ℹ cancelled 0
ℹ skipped 0
ℹ todo 0
ℹ duration_ms 4615.4755
✔ production RSO cache and signed sync job survive application retry without persisting credentials (495.2612ms)
✔ scheduled Riot repository excludes ineligible identities and duplicate/recent work (132.815ms)
✔ Riot key probe persists only safe outcomes and rejects replay, rapid retry, invalid signature and disabled flag (100.7324ms)
ℹ tests 3
ℹ suites 0
ℹ pass 3
ℹ fail 0
ℹ cancelled 0
ℹ skipped 0
ℹ todo 0
ℹ duration_ms 1468.6753
✔ S11 discipline records and private evidence persist with masked ownership, replay, and exact review state (603.4469ms)
ℹ tests 1
ℹ suites 0
ℹ pass 1
ℹ fail 0
ℹ cancelled 0
ℹ skipped 0
ℹ todo 0
ℹ duration_ms 1451.5493
✔ S10 champion catalog keeps live ADMIN session mutations, replay and durable ledgers atomic (273.5635ms)
✔ S10 champion image backfill applies and rolls back all 173 NULL fixture rows (206.7045ms)
ℹ tests 2
ℹ suites 0
ℹ pass 2
ℹ fail 0
ℹ cancelled 0
ℹ skipped 0
ℹ todo 0
ℹ duration_ms 1226.6729
{"kind":"isolated-postgresql-recovery","archiveBytes":1143358,"archiveSha256":"45a42b3bb77bebe3beec01362a3b5d1fe999c72a8c26df9104ae23fcc969d09b","migrationCount":48,"migrationHead":"0047_usage_analytics","tableCount":112,"schemaDefinitionCount":3607,"exactTableCountsMatched":true,"fixtureRelationMatched":true,"foreignKeysValidated":true,"migrationReplayNoop":true,"failedMigrationRolledBack":true}
✔ PostgreSQL custom archive restores the complete schema, data and migration head (3113.9016ms)
ℹ tests 1
ℹ suites 0
ℹ pass 1
ℹ fail 0
ℹ cancelled 0
ℹ skipped 0
ℹ todo 0
ℹ duration_ms 3814.6021
✔ bounded maintenance deletes only expired rows and records an atomic replayable result (144.1789ms)
ℹ tests 1
ℹ suites 0
ℹ pass 1
ℹ fail 0
ℹ cancelled 0
ℹ skipped 0
ℹ todo 0
ℹ duration_ms 888.0565
[browser-qa-ready] http://127.0.0.1:65312; synthetic credentials retained only in ignored .tmp file
[browser-qa-command] ready | code | empty | season-error | season-restore | account-error | account-restore | sessions-error | sessions-restore | bump-approved | stop
[db-contract] cluster stopped and disposable workspace path removed
