✖ independent keyboard review: Escape dismisses the MMR modal without mutation (90.8815ms)
✖ independent keyboard review: background adjustment cannot submit while the MMR modal is open (29.8752ms)
ℹ tests 2
ℹ suites 0
ℹ pass 0
ℹ fail 2
ℹ cancelled 0
ℹ skipped 0
ℹ todo 0
ℹ duration_ms 726.5672

✖ failing tests:

test at .tmp\mmr-modal-review.test.mjs:210:1
✖ independent keyboard review: Escape dismisses the MMR modal without mutation (90.8815ms)
  AssertionError [ERR_ASSERTION]: Escape must cancel the modal
  + actual - expected
  
  + {
  +   '$$typeof': Symbol(react.transitional.element),
  +   _owner: null,
  +   _store: {},
  +   key: '.0',
  +   props: {
  +     'aria-describedby': 'mmr-recalculate-description',
  +     'aria-labelledby': 'mmr-recalculate-title',
  +     'aria-modal': 'true',
  +     children: [
  +       {
  +         '$$typeof': Symbol(react.transitional.element),
  +         _owner: null,
  +         _store: {},
  +         key: null,
  +         props: {
  +           children: '전체 MMR 원장을 다시 계산할까요?',
  +           id: 'mmr-recalculate-title'
  +         },
  +         type: 'h3'
  +       },
  +       {
  +         '$$typeof': Symbol(react.transitional.element),
  +         _owner: null,
  +         _store: {},
  +         key: null,
  +         props: {
  +           children: '공개된 모든 경기와 수동 조정 원장을 처음부터 재생합니다. 현재 generation이 바뀐 경우 작업은 안전하게 거부됩니다.',
  +           id: 'mmr-recalculate-description'
  +         },
  +         type: 'p'
  +       },
  +       {
  +         '$$typeof': Symbol(react.transitional.element),
  +         _owner: null,
  +         _store: {},
  +         key: null,
  +         props: {
  +           children: [
  +             {
  +               '$$typeof': Symbol(react.transitional.element),
  +               _owner: null,
  +               _store: {},
  +               key: null,
  +               props: {
  +                 children: '취소',
  +                 className: 'cancelButton',
  +                 disabled: false,
  +                 onClick: [Function: onClick],
  +                 type: 'button'
  +               },
  +               type: 'button'
  +             },
  +             {
  +               '$$typeof': Symbol(react.transitional.element),
  +               _owner: null,
  +               _store: {},
  +               key: null,
  +               props: {
  +                 autoFocus: true,
  +                 children: '확인 후 재계산',
  +                 disabled: false,
  +                 onClick: [Function: onClick],
  +                 type: 'button'
  +               },
  +               type: 'button'
  +             }
  +           ]
  +         },
  +         type: 'div'
  +       }
  +     ],
  +     className: 'confirmDialog',
  +     role: 'alertdialog'
  +   },
  +   type: 'section'
  + }
  - null
  
      at TestContext.<anonymous> (file:///E:/k-LOL.GG/worktrees/ux-discoverability-20261002/.tmp/mmr-modal-review.test.mjs:226:10)
      at Test.runInAsyncScope (node:async_hooks:228:14)
      at Test.run (node:internal/test_runner/test:1118:25)
      at Test.start (node:internal/test_runner/test:1015:17)
      at startSubtestAfterBootstrap (node:internal/test_runner/harness:358:17) {
    generatedMessage: false,
    code: 'ERR_ASSERTION',
    actual: [Object],
    expected: null,
    operator: 'strictEqual',
    diff: 'simple'
  }

test at .tmp\mmr-modal-review.test.mjs:230:1
✖ independent keyboard review: background adjustment cannot submit while the MMR modal is open (29.8752ms)
  AssertionError [ERR_ASSERTION]: modal background must not execute another mutation
  
  1 !== 0
  
      at TestContext.<anonymous> (file:///E:/k-LOL.GG/worktrees/ux-discoverability-20261002/.tmp/mmr-modal-review.test.mjs:236:10)
      at async Test.run (node:internal/test_runner/test:1125:7)
      at async Test.processPendingSubtests (node:internal/test_runner/test:787:7) {
    generatedMessage: false,
    code: 'ERR_ASSERTION',
    actual: 1,
    expected: 0,
    operator: 'strictEqual',
    diff: 'simple'
  }
