✖ sync: cancel focus, both Tab boundaries, Escape and trigger restoration execute without requests (86.4516ms)
✖ link: cancel focus, both Tab boundaries, Escape and trigger restoration execute without requests (22.7311ms)
✖ sync: open preview locks background submissions and freezes the selected request until explicit confirmation (20.9181ms)
✖ link: pending Escape stays locked, errors remain in the modal and a completed request restores focus (20.7101ms)
ℹ tests 4
ℹ suites 0
ℹ pass 0
ℹ fail 4
ℹ cancelled 0
ℹ skipped 0
ℹ todo 0
ℹ duration_ms 398.1163

✖ failing tests:

test at tests\riot-modal-accessibility.test.mjs:59:3
✖ sync: cancel focus, both Tab boundaries, Escape and trigger restoration execute without requests (86.4516ms)
  AssertionError [ERR_ASSERTION]: Expected values to be strictly equal:
  + actual - expected
  
  + null
  - Element {
  -   children: [],
  -   disabled: false,
  -   isConnected: true,
  -   props: {
  -     'data-tone': 'quiet',
  -     autoFocus: true,
  -     children: '취소',
  -     onClick: [Function: onClick],
  -     type: 'button'
  -   },
  -   type: 'button'
  - }
  
      at TestContext.<anonymous> (file:///E:/k-LOL.GG/worktrees/ux-discoverability-20261002/tests/riot-modal-accessibility.test.mjs:62:12)
      at Test.runInAsyncScope (node:async_hooks:228:14)
      at Test.run (node:internal/test_runner/test:1118:25)
      at Test.start (node:internal/test_runner/test:1015:17)
      at startSubtestAfterBootstrap (node:internal/test_runner/harness:358:17) {
    generatedMessage: true,
    code: 'ERR_ASSERTION',
    actual: null,
    expected: [Element],
    operator: 'strictEqual',
    diff: 'simple'
  }

test at tests\riot-modal-accessibility.test.mjs:59:3
✖ link: cancel focus, both Tab boundaries, Escape and trigger restoration execute without requests (22.7311ms)
  AssertionError [ERR_ASSERTION]: Expected values to be strictly equal:
  + actual - expected
  
  + null
  - Element {
  -   children: [],
  -   disabled: false,
  -   isConnected: true,
  -   props: {
  -     'data-tone': 'quiet',
  -     autoFocus: true,
  -     children: '취소',
  -     disabled: false,
  -     onClick: [Function: onClick],
  -     type: 'button'
  -   },
  -   type: 'button'
  - }
  
      at TestContext.<anonymous> (file:///E:/k-LOL.GG/worktrees/ux-discoverability-20261002/tests/riot-modal-accessibility.test.mjs:62:12)
      at Test.runInAsyncScope (node:async_hooks:228:14)
      at Test.run (node:internal/test_runner/test:1118:25)
      at Test.processPendingSubtests (node:internal/test_runner/test:787:18)
      at Test.postRun (node:internal/test_runner/test:1247:19)
      at Test.run (node:internal/test_runner/test:1175:12)
      at async startSubtestAfterBootstrap (node:internal/test_runner/harness:358:3) {
    generatedMessage: true,
    code: 'ERR_ASSERTION',
    actual: null,
    expected: [Element],
    operator: 'strictEqual',
    diff: 'simple'
  }

test at tests\riot-modal-accessibility.test.mjs:77:1
✖ sync: open preview locks background submissions and freezes the selected request until explicit confirmation (20.9181ms)
  AssertionError [ERR_ASSERTION]: Expected values to be strictly equal:
  + actual - expected
  
  + undefined
  - true
  
      at TestContext.<anonymous> (file:///E:/k-LOL.GG/worktrees/ux-discoverability-20261002/tests/riot-modal-accessibility.test.mjs:83:10)
      at Test.runInAsyncScope (node:async_hooks:228:14)
      at Test.run (node:internal/test_runner/test:1118:25)
      at Test.processPendingSubtests (node:internal/test_runner/test:787:18)
      at Test.postRun (node:internal/test_runner/test:1247:19)
      at Test.run (node:internal/test_runner/test:1175:12)
      at async Test.processPendingSubtests (node:internal/test_runner/test:787:7) {
    generatedMessage: true,
    code: 'ERR_ASSERTION',
    actual: undefined,
    expected: true,
    operator: 'strictEqual',
    diff: 'simple'
  }

test at tests\riot-modal-accessibility.test.mjs:94:1
✖ link: pending Escape stays locked, errors remain in the modal and a completed request restores focus (20.7101ms)
  AssertionError [ERR_ASSERTION]: Expected values to be strictly equal:
  
  2 !== 1
  
      at TestContext.<anonymous> (file:///E:/k-LOL.GG/worktrees/ux-discoverability-20261002/tests/riot-modal-accessibility.test.mjs:100:10)
      at Test.runInAsyncScope (node:async_hooks:228:14)
      at Test.run (node:internal/test_runner/test:1118:25)
      at Test.processPendingSubtests (node:internal/test_runner/test:787:18)
      at Test.postRun (node:internal/test_runner/test:1247:19)
      at Test.run (node:internal/test_runner/test:1175:12)
      at async Test.processPendingSubtests (node:internal/test_runner/test:787:7) {
    generatedMessage: true,
    code: 'ERR_ASSERTION',
    actual: 2,
    expected: 1,
    operator: 'strictEqual',
    diff: 'simple'
  }
