
> klol-gg-v2@0.1.0 test:db
> tsx scripts/test-db/run-data-contracts.ts

[db-contract] isolated PostgreSQL 18 cluster started
✔ all journaled migrations install idempotently on a distinct empty PostgreSQL 18 database (806.9571ms)
ℹ tests 1
ℹ suites 0
ℹ pass 1
ℹ fail 0
ℹ cancelled 0
ℹ skipped 0
ℹ todo 0
ℹ duration_ms 1446.9182
✔ four guards reject unsafe database targets (0.7586ms)
▶ migrations, constraints, repository, and transaction contracts hold on PostgreSQL 18
  ✔ forward migration preserves existing player rows and is idempotent (938.6603ms)
  ✔ auth and TOTP constraints fail closed (109.3923ms)
  ✔ database auth repository persists durable session, TOTP, and rate-limit state (305.3594ms)
  ✔ registry uniqueness and lifecycle constraints are enforced (5.825ms)
  ✔ PostgresPlayerRepository returns only public active projections (21.821ms)
  ✔ domain change and audit append commit or roll back atomically (6.6934ms)
✔ migrations, constraints, repository, and transaction contracts hold on PostgreSQL 18 (1393.969ms)
ℹ tests 8
ℹ suites 0
ℹ pass 8
ℹ fail 0
ℹ cancelled 0
ℹ skipped 0
ℹ todo 0
ℹ duration_ms 2041.2721
✔ usage storage: idempotency, KST days, visits, identity transitions, staff exclusions and durable limits (200.0811ms)
ℹ tests 1
ℹ suites 0
ℹ pass 1
ℹ fail 0
ℹ cancelled 0
ℹ skipped 0
ℹ todo 0
ℹ duration_ms 836.8486
✔ 0041 fresh install, populated 0040 upgrade and reapply preserve enrollment history (3398.857ms)
ℹ tests 1
ℹ suites 0
ℹ pass 1
ℹ fail 0
ℹ cancelled 0
ℹ skipped 0
ℹ todo 0
ℹ duration_ms 4043.7682
▶ administrator TOTP lifecycle is serialized, audited, and rolled back atomically
  ✔ a TOTP setup session that expires while queued cannot mutate security state (523.5291ms)
  ✔ pending setup never rotates silently and explicit cancellation is auditable (19.0531ms)
  ✔ concurrent enable has one winner and revokes every session in its transaction (21.4847ms)
  ✔ audit insertion failure rolls credential, version, and revocation back (12.8164ms)
  ✔ concurrent self-disable deletes the factor and revokes all sessions exactly once (16.5695ms)
  ✔ USER is rejected while SUPER_ADMIN self-setup remains allowed (6.3196ms)
✔ administrator TOTP lifecycle is serialized, audited, and rolled back atomically (777.3301ms)
ℹ tests 7
ℹ suites 0
ℹ pass 7
ℹ fail 0
ℹ cancelled 0
ℹ skipped 0
ℹ todo 0
ℹ duration_ms 1428.6466
✔ S02 player mutations, legacy mapping, privacy, replay, and rollback hold on PostgreSQL 18 (1106.0785ms)
ℹ tests 1
ℹ suites 0
ℹ pass 1
ℹ fail 0
ℹ cancelled 0
ℹ skipped 0
ℹ todo 0
ℹ duration_ms 1788.8363
▶ season lifecycle, participation ownership, idempotency and audit contracts hold on PostgreSQL 18
  ✔ retired lifecycle timestamps reject activated or ended history (2.7528ms)
  ✔ concurrent activation leaves exactly one active season (134.3787ms)
  ✔ clone creates a draft and stale clone revision is rejected (9.4761ms)
  ✔ Kakao provenance hash and position invariants are enforced by PostgreSQL (217.156ms)
  ✔ SUPER resolves or cancels pending Kakao applications with idempotency, merge policy and safe team handoff (271.1055ms)
  ✔ SITE upsert reuses the same player/date/round row imported from Kakao (24.2236ms)
  ✔ command receipts expire after 24 hours and an expired key is safely reusable (11.2449ms)
  ✔ season audit snapshots retain lifecycle and schedule field diffs (14.5089ms)
  ✔ clone and cancellation roll back with their audit event (9.2963ms)
  ✔ owner cancellation, resubmission and admin review honor revisions (78.3782ms)
  ✔ public DTO excludes member, login, Discord and internal review fields (5.9449ms)
  ✔ public status counts cover the full roster while the projection is capped at 200 (46.4252ms)
  ✔ viewer approval and active-player capability are rechecked from the database (28.2881ms)
  ✔ non-approved account is rechecked inside the mutation transaction (1.0349ms)
  ✔ ACCOUNT and ADMIN purposes cannot cross-authorize season commands (2.1224ms)
  ✔ ADMIN and SUPER_ADMIN roles may use approved user actions only through ACCOUNT sessions (27.1036ms)
  ✔ session revocation wins over a queued ACCOUNT mutation (160.805ms)
  ✔ optional TOTP removal preserves a valid password-only ADMIN session (172.3891ms)
  ✔ soft-deleted account is rejected again inside the mutation transaction (1.484ms)
  ✔ reviewer history restricts hard deletion of the reviewer account (3.6795ms)
  ✔ audit failure rolls the season and idempotency receipt back together (3.9511ms)
  ✔ ending and retirement preserve history instead of cascading deletion (8.9772ms)
✔ season lifecycle, participation ownership, idempotency and audit contracts hold on PostgreSQL 18 (1323.5903ms)
✔ site and Kakao serialize the last seat, allow explicit reserves and block closed rounds (339.5401ms)
ℹ tests 24
ℹ suites 0
ℹ pass 24
ℹ fail 0
ℹ cancelled 0
ℹ skipped 0
ℹ todo 0
ℹ duration_ms 2355.7875
▶ site capacity transition queue is atomic, scoped, replay-safe and offline tolerant
  ✔ UNVERIFIED matches only one-candidate review items (10.4117ms)
  ✔ website roster ignores legacy pending in another scope or mode (76.0536ms)
  ✔ 9 to 10, retry and unchanged 10 create a single notification (41.5834ms)
  ✔ failed application transaction rolls back its notification (24.314ms)
  ✔ another scope or target cannot claim and replay is refused (10.6512ms)
  ✔ offline lease expires, concurrent polls claim once, ACK is idempotent (27.2818ms)
  ✔ uncertain send is terminal; a newer 9 to 10 transition remains separate (35.923ms)
  ✔ expiry, failure bound and retention are enforced (41.4596ms)
✔ site capacity transition queue is atomic, scoped, replay-safe and offline tolerant (349.8123ms)
ℹ tests 9
ℹ suites 0
ℹ pass 9
ℹ fail 0
ℹ cancelled 0
ℹ skipped 0
ℹ todo 0
ℹ duration_ms 1120.0246
✔ S01 account lifecycle, recovery security, races, replay, and rollback hold on PostgreSQL 18 (3871.3286ms)
ℹ tests 1
ℹ suites 0
ℹ pass 1
ℹ fail 0
ℹ cancelled 0
ℹ skipped 0
ℹ todo 0
ℹ duration_ms 8000.6228
▶ S04 stores participant display identity and rejection reasons as durable history
  ✔ published detail keeps ten KDA rows and exposes a real API 404/fallback contract (50.1267ms)
  ✔ registry rename does not rewrite a recorded participant or its archived revision (260.8506ms)
  ✔ reject after and reopen before audit snapshots retain the cleared public reason (20.2615ms)
  ✔ web submission accepts only the owner's current valid selected team draft (26.4378ms)
  ✔ admin match creation rechecks and persists the exact selected team draft (15.0615ms)
  ✔ submission approval carries team-balance provenance through match history and outbox (49.8077ms)
✔ S04 stores participant display identity and rejection reasons as durable history (555.0975ms)
ℹ tests 7
ℹ suites 0
ℹ pass 7
ℹ fail 0
ℹ cancelled 0
ℹ skipped 0
ℹ todo 0
ℹ duration_ms 1214.2008
▶ match writes accept password-only administrators and enforce current session boundaries
  ✔ ADMIN without TOTP (14.5196ms)
  ✔ SUPER_ADMIN without TOTP (2.4262ms)
  ✔ existing TOTP session (2.9484ms)
  ✔ ACCOUNT cookie cannot authorize admin import (2.4245ms)
  ✔ ordinary member (1.9404ms)
  ✔ revoked session (1.9744ms)
  ✔ expired session despite earlier request time (1.7953ms)
  ✔ stale auth version (1.88ms)
  ✔ changed role (1.9347ms)
  ✔ suspended account (1.8729ms)
  ✔ deleted account (1.7325ms)
  ✔ password reset required (1.4687ms)
  ✔ fixture session cannot write (1.7584ms)
  ✔ approved member submission (1.8672ms)
✔ match writes accept password-only administrators and enforce current session boundaries (114.998ms)
ℹ tests 15
ℹ suites 0
ℹ pass 15
ℹ fail 0
ℹ cancelled 0
ℹ skipped 0
ℹ todo 0
ℹ duration_ms 758.2595
✔ S05 rebuilds PUBLISHED match statistics atomically and receipts make replay idempotent (362.1095ms)
ℹ tests 1
ℹ suites 0
ℹ pass 1
ℹ fail 0
ℹ cancelled 0
ℹ skipped 0
ℹ todo 0
ℹ duration_ms 1086.1128
✔ S10 media publication requires a live admin session and is idempotent, asset-safe, auditable, and soft archived (265.3716ms)
✔ S10 admin upload persists STAGED to READY, lists by exact draft, attaches safely, and tombstones unused assets (257.3931ms)
ℹ tests 2
ℹ suites 0
ℹ pass 2
ℹ fail 0
ℹ cancelled 0
ℹ skipped 0
ℹ todo 0
ℹ duration_ms 1271.4256
✔ team internal experience counts published games only and converges after void and restore (197.9366ms)
✔ team-only override requires a live SUPER session and recent solo provider requires connected fresh identity (268.8501ms)
✔ S06 draft lifecycle is owner/admin authorized, append-only, transactional, and idempotent (813.7978ms)
ℹ tests 3
ℹ suites 0
ℹ pass 3
ℹ fail 0
ℹ cancelled 0
ℹ skipped 0
ℹ todo 0
ℹ duration_ms 2022.4876
✔ S05-B persists canonical full-ledger MMR replay without competing for the S04 outbox (2475.3691ms)
ℹ tests 1
ℹ suites 0
ℹ pass 1
ℹ fail 0
ℹ cancelled 0
ℹ skipped 0
ℹ todo 0
ℹ duration_ms 3169.1439
✔ S09 PostgreSQL adapter commits aggregate, receipt, audit and outbox atomically with owner/session checks (179.4637ms)
✔ party member statistics are bounded and count distinct parties and primary companions (72.6048ms)
✔ S09 PostgreSQL adapter binds a BOT nonce to exactly one signed request identity (76.3149ms)
✔ Kakao aggregate controllers block confused-deputy lifecycle mutations (143.7742ms)
✔ V4 scrim finish completes only the active same-room target and replays without duplicate writes (96.6571ms)
✔ concurrent V4 party member commands serialize on the locked latest aggregate (259.6015ms)
✔ concurrent V4 scrim participant commands compose after the database row lock (137.1465ms)
ℹ tests 7
ℹ suites 0
ℹ pass 7
ℹ fail 0
ℹ cancelled 0
ℹ skipped 0
ℹ todo 0
ℹ duration_ms 1659.5288
✔ S09 operation forms persist signed submissions and ADMIN TOTP mutations atomically (236.8461ms)
ℹ tests 1
ℹ suites 0
ℹ pass 1
ℹ fail 0
ℹ cancelled 0
ℹ skipped 0
ℹ todo 0
ℹ duration_ms 872.5864
✔ signed Kakao reads persist safe replay receipts and isolate recruit members to the bound room (143.3615ms)
✔ in-house round metadata persists schedule and notice, clears on full snapshot, and isolates authoritative mode transitions by room (313.2412ms)
✔ authoritative Kakao season sync withdraws only same-room same-round RIFT rows and replays without writes (280.1879ms)
✔ signed Kakao season snapshots match exact players and preserve unresolved entries for review (158.3184ms)
✔ recoverable Kakao season rows save valid players, queue review rows, preserve omitted slots, and cancel explicit blanks (114.062ms)
✔ in-house shortcuts and full snapshots enforce integrated SITE capacity while preserving confirmed decisions (195.9204ms)
✔ in-house finish preserves every roster row, hides the round, and replays without writes (124.1088ms)
✔ editable inhouse forms count unlinked names, merge concurrent additions, protect SITE rows and retain closed rosters (441.4151ms)
✔ name-first in-house copies keep pending slots and merge metadata without overwriting newer edits (183.0964ms)
✔ in-house copy forms reopen a vacated reserve slot and preserve the remaining roster (134.9124ms)
✔ owner-created Kakao image sessions bind sender, finalize private assets, replay, and revoke (120.8856ms)
✔ Kakao admin settings and health repair require SUPER TOTP and persist receipts, audit, and outbox (146.6445ms)
✔ inhouse roster matching uses bounded lookups for ten members and guests (228.2157ms)
ℹ {"label":"1-members-save","queries":31,"memberLookups":1,"applicationLookups":1,"elapsedMs":13}
ℹ {"label":"1-members-unchanged","queries":26,"memberLookups":0,"applicationLookups":0,"elapsedMs":9}
ℹ {"label":"10-members-save","queries":40,"memberLookups":1,"applicationLookups":1,"elapsedMs":16}
ℹ {"label":"10-members-unchanged","queries":26,"memberLookups":0,"applicationLookups":0,"elapsedMs":13}
ℹ {"label":"10-guests-save","queries":39,"memberLookups":1,"applicationLookups":0,"elapsedMs":16}
ℹ {"label":"10-guests-unchanged","queries":27,"memberLookups":1,"applicationLookups":0,"elapsedMs":10}
✔ inhouse overview projects all three modes and excludes other rooms, closed rounds and drafts (80.2928ms)
ℹ tests 14
ℹ suites 0
ℹ pass 14
ℹ fail 0
ℹ cancelled 0
ℹ skipped 0
ℹ todo 0
ℹ duration_ms 3537.121
▶ Kakao short form originals are durable, scoped, reusable and expire at 06:00 KST
  ✔ scope, kind, target and operating-day binding are mandatory (6.1391ms)
  ✔ concurrent readers reuse a single durable original (65.7767ms)
  ✔ transaction rollback does not leave an issued code behind (3.2022ms)
  ✔ database constraints fail closed even when application validation is bypassed (106.6234ms)
  ✔ midnight preserves the code but the exact 06:00 boundary rejects it (55.9017ms)
  ✔ bounded retention cleanup never removes a live original (24.9971ms)
✔ Kakao short form originals are durable, scoped, reusable and expire at 06:00 KST (344.6899ms)
ℹ tests 7
ℹ suites 0
ℹ pass 7
ℹ fail 0
ℹ cancelled 0
ℹ skipped 0
ℹ todo 0
ℹ duration_ms 983.8724
✔ one installation maps to exactly one canonical room without room parsing or sender allowlists (253.7405ms)
ℹ tests 1
ℹ suites 0
ℹ pass 1
ℹ fail 0
ℹ cancelled 0
ℹ skipped 0
ℹ todo 0
ℹ duration_ms 909.9616
✔ ADR0011 lists more than twenty parties without snapshots and reads scoped active/draft details directly (133.4638ms)
ℹ tests 1
ℹ suites 0
ℹ pass 1
ℹ fail 0
ℹ cancelled 0
ℹ skipped 0
ℹ todo 0
ℹ duration_ms 845.1926
✔ [P0-FIXTURE] input-tolerance matrix is pinned to the unchanged V1 oracle (1.4234ms)
✔ [P0-PARTY-01] punctuation, full-width, escape, and whitespace rows have one semantic member (7.5934ms)
✔ [P0-PARTY-02] an explicit empty slot is valid but an absent slot row is not a full snapshot (3.8967ms)
✔ [P0-PARTY-03] slash and comma in one reserve row stay in one display name (0.4508ms)
✔ [P0-PARTY-04] a 2-person title cannot overwrite an existing 5-person recruit target (1.2339ms)
✔ [P0-PARTY-05] conflicting duplicate slot rows reject the whole snapshot (0.6494ms)
✔ [P0-PARTY-06] member order is canonical and independent of pasted row order (0.6706ms)
✔ [P0-PARTY-07] name suffix notes, emoji, and Kakao tags are preserved (1.2025ms)
✔ [P0-PARTY-08] multiline metadata values match their single-line semantic values (0.8988ms)
✔ [P0-PARTY-09] an automatic-number empty draft never creates a recruit (0.7882ms)
✔ [P0-OPS-01] all four forms preserve values continued on the following line (2.9461ms)
✔ [P0-OPS-02] all four forms expose exact missing-field contracts without submission (0.7341ms)
✔ [P0-OPS-03] parentheses and comma stay in the person name instead of becoming an implicit delimiter (0.2062ms)
✔ [P0-OPS-04] ordinary conversation and partial label discussions remain UNKNOWN (0.9004ms)
✔ [P0-OPS-05:friends] field order does not alter the canonical payload (0.3726ms)
✔ [P0-OPS-06:friends] a conflicting duplicate label rejects the whole form (0.255ms)
✔ [P0-OPS-07:friends] arbitrary footer text cannot contaminate the last field (0.2981ms)
✔ [P0-OPS-05:suggestions] field order does not alter the canonical payload (0.202ms)
✔ [P0-OPS-06:suggestions] a conflicting duplicate label rejects the whole form (0.1726ms)
✔ [P0-OPS-07:suggestions] arbitrary footer text cannot contaminate the last field (0.2666ms)
✔ [P0-OPS-05:meetups] field order does not alter the canonical payload (0.2705ms)
✔ [P0-OPS-06:meetups] a conflicting duplicate label rejects the whole form (0.1973ms)
✔ [P0-OPS-07:meetups] arbitrary footer text cannot contaminate the last field (0.2981ms)
✔ [P0-OPS-05:leaves] field order does not alter the canonical payload (0.2691ms)
✔ [P0-OPS-06:leaves] a conflicting duplicate label rejects the whole form (0.1859ms)
✔ [P0-OPS-07:leaves] arbitrary footer text cannot contaminate the last field (0.2391ms)
✔ [P0-OPS-08] prose mentioning every label is not classified as a form (0.1622ms)
✔ [P0-IDEMPOTENCY-01] the same event is dispatched exactly once and then replayed (0.8416ms)
✔ [P0-IDEMPOTENCY-02] different events with one semantic payload are both dispatched (0.8428ms)
✔ [P0-MULTIUSER-01] same-room events from different senders reach edit and finish dispatch (0.5201ms)
✔ [P0-CANONICAL-01] V1-local fullwidth slash and digits canonicalize to the same finish command on the server (0.168ms)
✔ [P0-CANONICAL-02] finish and detail commands tolerate whitespace after the copied hash marker (0.207ms)
✔ [P0-MULTIUSER-02] PostgreSQL contract proves same-room cross-user edit/finish and different-room no-mutation without an administrator role (129.1586ms)
ℹ tests 33
ℹ suites 0
ℹ pass 33
ℹ fail 0
ℹ cancelled 0
ℹ skipped 0
ℹ todo 0
ℹ duration_ms 885.1962
(node:31396) DeprecationWarning: Calling client.query() when the client is already executing a query is deprecated and will be removed in pg@9.0. Use async/await or an external async flow control mechanism instead.
(Use `node --trace-deprecation ...` to show where the warning was created)
✔ S07 event adapter persists exact-ten lifecycle, S06 teams, correction invalidation and owner-safe reads (952.409ms)
ℹ tests 1
ℹ suites 0
ℹ pass 1
ℹ fail 0
ℹ cancelled 0
ℹ skipped 0
ℹ todo 0
ℹ duration_ms 1672.1772
✔ S08 adapter persists recruitment, seeded auction, BO stages, roster history, MVP revote and atomic receipts (4730.7207ms)
ℹ tests 1
ℹ suites 0
ℹ pass 1
ℹ fail 0
ℹ cancelled 0
ℹ skipped 0
ℹ todo 0
ℹ duration_ms 5448.4586
✔ S13 settings, AI ledger and signed maintenance preserve authorization and idempotency contracts (363.6501ms)
ℹ tests 1
ℹ suites 0
ℹ pass 1
ℹ fail 0
ℹ cancelled 0
ℹ skipped 0
ℹ todo 0
ℹ duration_ms 1073.0016
✔ storage probe atomically limits concurrent jobs, rejects replay, and records synthetic storage success and failure (152.4277ms)
ℹ tests 1
ℹ suites 0
ℹ pass 1
ℹ fail 0
ℹ cancelled 0
ℹ skipped 0
ℹ todo 0
ℹ duration_ms 836.2248
✔ admin diagnostics aggregate only current notice scope and fixed operational evidence in a bounded read-only transaction (379.314ms)
ℹ tests 1
ℹ suites 0
ℹ pass 1
ℹ fail 0
ℹ cancelled 0
ℹ skipped 0
ℹ todo 0
ℹ duration_ms 1083.9205
✔ 0045 fresh, populated 0044 upgrade and replay preserve existing Riot links and summaries (3063.8667ms)
✔ Riot analytics archive deduplicates, pages without upstream access, retains daily observations and hides changed connections (261.0863ms)
✔ S12 Riot persistence keeps owner auth, one-time RSO, jobs, receipts, audit and outbox atomic (307.6223ms)
ℹ tests 3
ℹ suites 0
ℹ pass 3
ℹ fail 0
ℹ cancelled 0
ℹ skipped 0
ℹ todo 0
ℹ duration_ms 4345.5481
✔ production RSO cache and signed sync job survive application retry without persisting credentials (386.4908ms)
✔ scheduled Riot repository excludes ineligible identities and duplicate/recent work (124.1671ms)
✔ Riot key probe persists only safe outcomes and rejects replay, rapid retry, invalid signature and disabled flag (90.7298ms)
ℹ tests 3
ℹ suites 0
ℹ pass 3
ℹ fail 0
ℹ cancelled 0
ℹ skipped 0
ℹ todo 0
ℹ duration_ms 1323.1728
✔ S11 discipline records and private evidence persist with masked ownership, replay, and exact review state (469.033ms)
ℹ tests 1
ℹ suites 0
ℹ pass 1
ℹ fail 0
ℹ cancelled 0
ℹ skipped 0
ℹ todo 0
ℹ duration_ms 1303.9777
✔ S10 champion catalog keeps live ADMIN session mutations, replay and durable ledgers atomic (352.6277ms)
✔ S10 champion image backfill applies and rolls back all 173 NULL fixture rows (194.7368ms)
ℹ tests 2
ℹ suites 0
ℹ pass 2
ℹ fail 0
ℹ cancelled 0
ℹ skipped 0
ℹ todo 0
ℹ duration_ms 1273.6921
{"kind":"isolated-postgresql-recovery","archiveBytes":1142820,"archiveSha256":"4f8c275e778fb26e094244c4cb526152e1678587bbf05c8e933fd350a05d6580","migrationCount":48,"migrationHead":"0047_usage_analytics","tableCount":112,"schemaDefinitionCount":3607,"exactTableCountsMatched":true,"fixtureRelationMatched":true,"foreignKeysValidated":true,"migrationReplayNoop":true,"failedMigrationRolledBack":true}
✔ PostgreSQL custom archive restores the complete schema, data and migration head (3178.1436ms)
ℹ tests 1
ℹ suites 0
ℹ pass 1
ℹ fail 0
ℹ cancelled 0
ℹ skipped 0
ℹ todo 0
ℹ duration_ms 3907.3355
✔ bounded maintenance deletes only expired rows and records an atomic replayable result (128.5534ms)
ℹ tests 1
ℹ suites 0
ℹ pass 1
ℹ fail 0
ℹ cancelled 0
ℹ skipped 0
ℹ todo 0
ℹ duration_ms 855.1376
[db-auth-http] durable login, token hash, mutation invalidation, and logout revocation passed
[admin-password-qa] Password-only ADMIN/SUPER and legacy-TOTP accounts; real DB sessions and SUPER mutation; role/status/origin/tamper/revocation gates; retired endpoints; no enrollment form: passed
[db-player-http] ADMIN/SUPER UI, Chromium account promotion and edit/412 recovery, role audit/receipt/session invariants, strict CRUD/reactivation, Riot identity disconnect, safe audit UI, legacy restoration, privacy, revision, and replay passed
[db-season-http] role matrix, strict JSON/query/timezone, rate limits, idempotency, revisions, ownership, privacy, lifecycle and legacy redirects passed
[db-account-browser] owner name/Riot ID/tier keyboard save, rendered refresh, and 412 remount passed
[db-account-http] public/account/admin users, purpose cookies, claims, recovery, concurrency headers, replay, rate limits, privacy, and 503 fail-closed passed
[db-contract] cluster stopped and disposable workspace path removed
