
> klol-gg-v2@0.1.0 test:db
> tsx scripts/test-db/run-data-contracts.ts

[db-contract] isolated PostgreSQL 18 cluster started
✔ 0041 fresh install, populated 0040 upgrade and reapply preserve enrollment history (2849.9413ms)
ℹ tests 1
ℹ suites 0
ℹ pass 1
ℹ fail 0
ℹ cancelled 0
ℹ skipped 0
ℹ todo 0
ℹ duration_ms 3532.0996
✔ S09 PostgreSQL adapter commits aggregate, receipt, audit and outbox atomically with owner/session checks (848.6419ms)
✔ party member statistics are bounded and count distinct parties and primary companions (79.6536ms)
✔ S09 PostgreSQL adapter binds a BOT nonce to exactly one signed request identity (88.197ms)
✔ Kakao aggregate controllers block confused-deputy lifecycle mutations (131.5188ms)
✔ V4 scrim finish completes only the active same-room target and replays without duplicate writes (92.6758ms)
✔ concurrent V4 party member commands serialize on the locked latest aggregate (248.3475ms)
✔ concurrent V4 scrim participant commands compose after the database row lock (150.3977ms)
ℹ tests 7
ℹ suites 0
ℹ pass 7
ℹ fail 0
ℹ cancelled 0
ℹ skipped 0
ℹ todo 0
ℹ duration_ms 2332.5673
✔ S09 operation forms persist signed submissions and ADMIN TOTP mutations atomically (157.9615ms)
ℹ tests 1
ℹ suites 0
ℹ pass 1
ℹ fail 0
ℹ cancelled 0
ℹ skipped 0
ℹ todo 0
ℹ duration_ms 798.4456
✔ signed Kakao reads persist safe replay receipts and isolate recruit members to the bound room (140.7299ms)
✔ in-house round metadata persists schedule and notice, clears on full snapshot, and isolates authoritative mode transitions by room (290.5628ms)
✔ authoritative Kakao season sync withdraws only same-room same-round RIFT rows and replays without writes (173.8585ms)
✔ signed Kakao season snapshots match exact players and preserve unresolved entries for review (150.2909ms)
✔ recoverable Kakao season rows save valid players, queue review rows, preserve omitted slots, and cancel explicit blanks (114.7799ms)
✔ in-house shortcuts and full snapshots enforce integrated SITE capacity while preserving confirmed decisions (181.2359ms)
✔ in-house finish preserves every roster row, hides the round, and replays without writes (112.177ms)
✔ editable inhouse forms count unlinked names, merge concurrent additions, protect SITE rows and retain closed rosters (410.2689ms)
✔ name-first in-house copies keep pending slots and merge metadata without overwriting newer edits (184.9787ms)
✔ in-house copy forms reopen a vacated reserve slot and preserve the remaining roster (214.0891ms)
✔ owner-created Kakao image sessions bind sender, finalize private assets, replay, and revoke (137.9981ms)
✔ Kakao admin settings and health repair require SUPER TOTP and persist receipts, audit, and outbox (156.173ms)
✔ inhouse roster matching uses bounded lookups for ten members and guests (230.9205ms)
ℹ {"label":"1-members-save","queries":31,"memberLookups":1,"applicationLookups":1,"elapsedMs":12}
ℹ {"label":"1-members-unchanged","queries":26,"memberLookups":0,"applicationLookups":0,"elapsedMs":9}
ℹ {"label":"10-members-save","queries":40,"memberLookups":1,"applicationLookups":1,"elapsedMs":16}
ℹ {"label":"10-members-unchanged","queries":26,"memberLookups":0,"applicationLookups":0,"elapsedMs":9}
ℹ {"label":"10-guests-save","queries":39,"memberLookups":1,"applicationLookups":0,"elapsedMs":18}
ℹ {"label":"10-guests-unchanged","queries":27,"memberLookups":1,"applicationLookups":0,"elapsedMs":11}
ℹ tests 13
ℹ suites 0
ℹ pass 13
ℹ fail 0
ℹ cancelled 0
ℹ skipped 0
ℹ todo 0
ℹ duration_ms 3325.5542
▶ Kakao short form originals are durable, scoped, reusable and expire at 06:00 KST
  ✔ scope, kind, target and operating-day binding are mandatory (6.1477ms)
  ✔ concurrent readers reuse a single durable original (70.7288ms)
  ✔ transaction rollback does not leave an issued code behind (3.5868ms)
  ✔ database constraints fail closed even when application validation is bypassed (104.3025ms)
  ✔ midnight preserves the code but the exact 06:00 boundary rejects it (52.4231ms)
  ✔ bounded retention cleanup never removes a live original (30.0317ms)
✔ Kakao short form originals are durable, scoped, reusable and expire at 06:00 KST (364.5826ms)
ℹ tests 7
ℹ suites 0
ℹ pass 7
ℹ fail 0
ℹ cancelled 0
ℹ skipped 0
ℹ todo 0
ℹ duration_ms 991.8463
✔ one installation maps to exactly one canonical room without room parsing or sender allowlists (251.2679ms)
ℹ tests 1
ℹ suites 0
ℹ pass 1
ℹ fail 0
ℹ cancelled 0
ℹ skipped 0
ℹ todo 0
ℹ duration_ms 890.8711
✔ ADR0011 lists more than twenty parties without snapshots and reads scoped active/draft details directly (137.6431ms)
ℹ tests 1
ℹ suites 0
ℹ pass 1
ℹ fail 0
ℹ cancelled 0
ℹ skipped 0
ℹ todo 0
ℹ duration_ms 798.5749
▶ season lifecycle, participation ownership, idempotency and audit contracts hold on PostgreSQL 18
  ✔ retired lifecycle timestamps reject activated or ended history (3.0063ms)
  ✔ concurrent activation leaves exactly one active season (128.4715ms)
  ✔ clone creates a draft and stale clone revision is rejected (9.5521ms)
  ✔ Kakao provenance hash and position invariants are enforced by PostgreSQL (202.5922ms)
  ✔ SUPER resolves or cancels pending Kakao applications with idempotency, merge policy and safe team handoff (247.2915ms)
  ✔ SITE upsert reuses the same player/date/round row imported from Kakao (15.9233ms)
  ✔ command receipts expire after 24 hours and an expired key is safely reusable (7.7897ms)
  ✔ season audit snapshots retain lifecycle and schedule field diffs (11.7237ms)
  ✔ clone and cancellation roll back with their audit event (9.5956ms)
  ✔ owner cancellation, resubmission and admin review honor revisions (80.1527ms)
  ✔ public DTO excludes member, login, Discord and internal review fields (7.737ms)
  ✔ public status counts cover the full roster while the projection is capped at 200 (70.1151ms)
  ✔ viewer approval and active-player capability are rechecked from the database (31.219ms)
  ✔ non-approved account is rechecked inside the mutation transaction (0.9032ms)
  ✔ ACCOUNT and ADMIN purposes cannot cross-authorize season commands (1.7908ms)
  ✔ ADMIN and SUPER_ADMIN roles may use approved user actions only through ACCOUNT sessions (15.5364ms)
  ✔ session revocation wins over a queued ACCOUNT mutation (162.9497ms)
  ✔ TOTP removal wins over a queued ADMIN mutation (166.6357ms)
  ✔ soft-deleted account is rejected again inside the mutation transaction (1.599ms)
  ✔ reviewer history restricts hard deletion of the reviewer account (3.9765ms)
  ✔ audit failure rolls the season and idempotency receipt back together (3.7358ms)
  ✔ ending and retirement preserve history instead of cascading deletion (7.596ms)
✔ season lifecycle, participation ownership, idempotency and audit contracts hold on PostgreSQL 18 (1280.2585ms)
✔ site and Kakao serialize the last seat, allow explicit reserves and block closed rounds (320.1634ms)
ℹ tests 24
ℹ suites 0
ℹ pass 24
ℹ fail 0
ℹ cancelled 0
ℹ skipped 0
ℹ todo 0
ℹ duration_ms 2293.1742
▶ site capacity transition queue is atomic, scoped, replay-safe and offline tolerant
  ✔ UNVERIFIED matches only one-candidate review items (10.5154ms)
  ✔ website roster ignores legacy pending in another scope or mode (73.518ms)
  ✔ 9 to 10, retry and unchanged 10 create a single notification (34.027ms)
  ✔ failed application transaction rolls back its notification (31.243ms)
  ✔ another scope or target cannot claim and replay is refused (10.6528ms)
  ✔ offline lease expires, concurrent polls claim once, ACK is idempotent (26.3637ms)
  ✔ uncertain send is terminal; a newer 9 to 10 transition remains separate (35.6278ms)
  ✔ expiry, failure bound and retention are enforced (35.0258ms)
✔ site capacity transition queue is atomic, scoped, replay-safe and offline tolerant (339.7582ms)
ℹ tests 9
ℹ suites 0
ℹ pass 9
ℹ fail 0
ℹ cancelled 0
ℹ skipped 0
ℹ todo 0
ℹ duration_ms 1023.9198
✔ [P0-FIXTURE] input-tolerance matrix is pinned to the unchanged V1 oracle (1.2627ms)
✔ [P0-PARTY-01] punctuation, full-width, escape, and whitespace rows have one semantic member (7.2369ms)
✔ [P0-PARTY-02] an explicit empty slot is valid but an absent slot row is not a full snapshot (3.4264ms)
✔ [P0-PARTY-03] slash and comma in one reserve row stay in one display name (0.4068ms)
✔ [P0-PARTY-04] a 2-person title cannot overwrite an existing 5-person recruit target (1.3737ms)
✔ [P0-PARTY-05] conflicting duplicate slot rows reject the whole snapshot (0.6878ms)
✔ [P0-PARTY-06] member order is canonical and independent of pasted row order (0.8855ms)
✔ [P0-PARTY-07] name suffix notes, emoji, and Kakao tags are preserved (1.1914ms)
✔ [P0-PARTY-08] multiline metadata values match their single-line semantic values (0.8963ms)
✔ [P0-PARTY-09] an automatic-number empty draft never creates a recruit (0.7709ms)
✔ [P0-OPS-01] all four forms preserve values continued on the following line (3.024ms)
✔ [P0-OPS-02] all four forms expose exact missing-field contracts without submission (0.6657ms)
✔ [P0-OPS-03] parentheses and comma stay in the person name instead of becoming an implicit delimiter (0.1933ms)
✔ [P0-OPS-04] ordinary conversation and partial label discussions remain UNKNOWN (0.8794ms)
✔ [P0-OPS-05:friends] field order does not alter the canonical payload (0.3652ms)
✔ [P0-OPS-06:friends] a conflicting duplicate label rejects the whole form (0.2577ms)
✔ [P0-OPS-07:friends] arbitrary footer text cannot contaminate the last field (0.2961ms)
✔ [P0-OPS-05:suggestions] field order does not alter the canonical payload (0.2009ms)
✔ [P0-OPS-06:suggestions] a conflicting duplicate label rejects the whole form (0.1676ms)
✔ [P0-OPS-07:suggestions] arbitrary footer text cannot contaminate the last field (0.2304ms)
✔ [P0-OPS-05:meetups] field order does not alter the canonical payload (0.3351ms)
✔ [P0-OPS-06:meetups] a conflicting duplicate label rejects the whole form (0.2005ms)
✔ [P0-OPS-07:meetups] arbitrary footer text cannot contaminate the last field (0.2932ms)
✔ [P0-OPS-05:leaves] field order does not alter the canonical payload (0.2741ms)
✔ [P0-OPS-06:leaves] a conflicting duplicate label rejects the whole form (0.1803ms)
✔ [P0-OPS-07:leaves] arbitrary footer text cannot contaminate the last field (0.3164ms)
✔ [P0-OPS-08] prose mentioning every label is not classified as a form (0.1965ms)
✔ [P0-IDEMPOTENCY-01] the same event is dispatched exactly once and then replayed (0.8141ms)
✔ [P0-IDEMPOTENCY-02] different events with one semantic payload are both dispatched (0.7904ms)
✔ [P0-MULTIUSER-01] same-room events from different senders reach edit and finish dispatch (0.5075ms)
✔ [P0-CANONICAL-01] V1-local fullwidth slash and digits canonicalize to the same finish command on the server (0.151ms)
✔ [P0-CANONICAL-02] finish and detail commands tolerate whitespace after the copied hash marker (0.1918ms)
✔ [P0-MULTIUSER-02] PostgreSQL contract proves same-room cross-user edit/finish and different-room no-mutation without an administrator role (140.1754ms)
ℹ tests 33
ℹ suites 0
ℹ pass 33
ℹ fail 0
ℹ cancelled 0
ℹ skipped 0
ℹ todo 0
ℹ duration_ms 885.1128
[db-contract] cluster stopped and disposable workspace path removed
