✔ 내전 빠른 명단 응답은 결과를 한 줄로 요약하고 본명과 닉네임을 표시한다 (0.937ms)
✔ 내전 빠른 추가 대상이 미등록이어도 이름과 접수 인원에 포함한다 (0.2284ms)
✔ player record, recent matches, and ranking preserve exact V1-visible fields (0.6951ms)
✔ player and ranking boundary replies preserve V1 wording and percent formatting (0.2352ms)
✔ V4 event key is shared by recruiting and assistant durable receipts (0.5573ms)
✔ party create reserves an invisible draft and returns all blank slots with its copy reference (2.0246ms)
✔ the exact generated V1 party form activates with only organizer populated and applies metadata defaults (5.2029ms)
✔ R24 party creation shows empty metadata, all slots and the code below the title (0.413ms)
✔ copying a party form returns the current editable roster and explains unchanged stale copies (2.4883ms)
✔ ADR0011 first registration names stay brief before the complete overview (0.579ms)
✔ the reported metadata-only #11 form reaches one idempotent party activation (1.328ms)
✔ first completed automatic party form creates the party once (0.2481ms)
✔ explicit missing party number never falls back to creating a new party (0.2049ms)
✔ closed party copies and repeated finish receive a scoped closed reply without mutation (0.2729ms)
✔ copy edit conflicts and incomplete rows explain recovery and never report a save (0.6034ms)
✔ a concurrent finish gets a closed reply while an active revision race asks for a retry (0.2835ms)
✔ a copied form reference cannot be reused to create an automatic-number party (0.3789ms)
✔ incomplete copied party forms and numberless inhouse detail return actionable guidance (3.1451ms)
✔ existing party snapshots forward slot states without forwarding submitted type or capacity (0.3609ms)
✔ party status and detail use one server status receipt and return the latest aggregate (0.2837ms)
✔ party member shortcut classifications canonicalize to the current operating day (0.4525ms)
✔ party member shortcut outcomes return confirmation followed by the latest full form (0.6239ms)
✔ missing, ambiguous, and member-limit shortcut results stay concrete successful replies (0.4408ms)
✔ party mutation and latest full form keep the signed instant across the 06:00 KST boundary (0.7453ms)
✔ replayed sync, blank deletion, and finish disclose a failed post-mutation status refresh (0.2642ms)
✔ party snapshot and finish resolve latest revision without owner or role inputs (0.2383ms)
✔ missing current-operating-day party finish is a V1 success reply with the latest status and no mutation (0.149ms)
✔ scrim status requests only the scrim projection (0.4841ms)
✔ season authoritative zero-person snapshot writes once then reads the overview (0.4639ms)
✔ season SYNC exposes the latest copy reply to both ordinary and strict clients (0.1412ms)
✔ V1 strict season STATUS maps no active season to the canonical empty reply only (0.3542ms)
✔ scrim create and snapshot each issue one recruiting mutation (0.2002ms)
✔ season status and detail each return one authoritative assistant result (0.1298ms)
✔ scrim deprecated lifecycle commands use a static receipt without domain status queries (0.1162ms)
✔ dispatcher fails closed when command domain and static profile differ (0.1117ms)
✔ copy snapshot round-trips the original while retaining current authorization and identity context (1.2457ms)
✔ concurrent numbered additions keep the latest roster and use the next vacant main slot (0.3512ms)
✔ a free numbered slot is kept and a replay cannot add the same person twice (0.1159ms)
✔ copy forms cannot delete, replace, move or demote an existing original member (0.3064ms)
✔ a participant removed after the copied original never reappears from a stale form (0.1377ms)
✔ latest slot changes remain intact instead of restoring positions from the original (0.1566ms)
✔ line-specific collisions reject the submission instead of assigning a different position (0.2189ms)
✔ changing an existing line in the copy is treated as replacement, not a new signup (0.1076ms)
✔ full main roster rejects concurrent additions without silently switching them to reserve (0.1633ms)
✔ explicit reserves stay reserves and concurrent reserves receive an empty reserve slot (0.1535ms)
✔ a signup already accepted concurrently is recognized by normalized name without moving that member (0.1326ms)
✔ duplicate names across main and reserve are rejected after Unicode and whitespace normalization (0.1561ms)
✔ the total 99-member bound applies even when a reserve slot appears available (0.2818ms)
✔ editable copies accept already-applied draft metadata and merge a later signup (0.2991ms)
✔ editable copies delete and replace explicit original slots without collapsing gaps (0.1411ms)
✔ editable metadata merges different fields but rejects competing changes atomically (0.1715ms)
✔ editable copies preserve concurrent members, move reserves and replay the same move (0.1365ms)
✔ an editable stale copy cannot resurrect a removed participant by moving them (0.1886ms)
✔ editable conflicting replacements reject all changes and preserve concurrent cancellation (0.1378ms)
✔ editable simultaneous additions shift to free slots while explicit moves require their destination (0.1321ms)
✔ editable copies reject duplicate results, capacity overflow and full reserve rosters (0.4415ms)
▶ malformed snapshot envelopes cannot become a merge baseline
  ✔ missing (0.0766ms)
  ✔ unsupported version (0.0387ms)
  ✔ different target (0.0337ms)
  ✔ different type (0.0301ms)
  ✔ changed capacity (0.0308ms)
  ✔ text revision (0.0286ms)
  ✔ fractional revision (0.0279ms)
  ✔ negative revision (0.041ms)
  ✔ future revision (0.4252ms)
  ✔ closed original (0.0419ms)
  ✔ invalid start (0.0341ms)
  ✔ empty start (0.0551ms)
  ✔ oversize start (0.0375ms)
  ✔ invalid game (0.0452ms)
  ✔ empty game (0.0507ms)
  ✔ oversize game (0.0561ms)
  ✔ invalid organizer (0.0388ms)
  ✔ empty organizer (0.0317ms)
  ✔ non-array members (0.0295ms)
  ✔ non-object member (0.0306ms)
  ✔ missing member name (0.0415ms)
  ✔ empty member name (0.0607ms)
  ✔ oversize member name (0.0368ms)
  ✔ member control character (0.0351ms)
  ✔ zero slot (0.031ms)
  ✔ negative slot (0.0309ms)
  ✔ fractional slot (0.0292ms)
  ✔ out-of-capacity slot (0.0292ms)
  ✔ out-of-range reserve (0.0293ms)
  ✔ invalid substitute (0.0303ms)
  ✔ invalid position (0.0307ms)
  ✔ duplicate slot (0.055ms)
  ✔ duplicate name (0.059ms)
  ✔ duplicate normalized name (0.1098ms)
  ✔ duplicate position (0.0842ms)
  ✔ too many members (0.0376ms)
✔ malformed snapshot envelopes cannot become a merge baseline (3.3138ms)
✔ a reused empty draft cannot cancel a later join, but the returned current form can (0.1042ms)
ℹ tests 94
ℹ suites 0
ℹ pass 94
ℹ fail 0
ℹ cancelled 0
ℹ skipped 0
ℹ todo 0
ℹ duration_ms 706.2025
