✔ R24 compact party form keeps the complete saved-result envelope copyable with one new name (6.2393ms)
✔ R24 fresh party templates need only a name and retain unknown time explicitly (1.5647ms)
✔ R24 compact party forms cannot fall back to unguarded legacy parsing when the code is removed (0.8798ms)
✔ the full legacy party detail can add a name without changing existing members or its saved identity (1.2197ms)
✔ copyable forms retain literal metadata, sparse reserve slots, and reserve display names (0.5499ms)
✔ resubmitting the current unchanged full form preserves the aggregate and revision (0.9803ms)
✔ line-party copies preserve stored slot names when old position metadata is missing or inconsistent (1.4861ms)
✔ metadata mentioning another recruitment title does not become a second form title (0.5824ms)
✔ custom stored titles remain visible in status while copy forms use the stored party type and capacity (1.7782ms)
✔ detail header and summary identity conflicts are ambiguous and never canonicalize (5.4719ms)
✔ out-of-range detail identifiers and capacities are rejected (1.3314ms)
✔ strict V1 and ordinary V4 reserve full copyable drafts and return one current form after saving (3.6179ms)
✔ strict V1 detail is the full copyable form without repeated command guidance (0.2062ms)
✔ strict V1 status renders recruiting, waiting, playing, and large-party groups (0.9536ms)
✔ strict V1 missing detail uses the canonical not-found reply (0.214ms)
✔ strict V1 missing scrim detail uses the canonical success reply while ordinary V4 stays not-found (0.9783ms)
✔ strict V1 scrim status and detail preserve a free-text legacy start time (0.4862ms)
✔ 내전 빠른 명단 응답은 결과를 한 줄로 요약하고 본명과 닉네임을 표시한다 (0.967ms)
✔ 내전 빠른 추가 대상이 미등록이면 확인 필요 접수와 회원가입 주소를 안내한다 (0.2222ms)
✔ player record, recent matches, and ranking preserve exact V1-visible fields (0.5905ms)
✔ player and ranking boundary replies preserve V1 wording and percent formatting (0.2321ms)
✔ V4 event key is shared by recruiting and assistant durable receipts (0.558ms)
✔ party create reserves an invisible draft and returns all blank slots with its copy reference (1.8469ms)
✔ the exact generated V1 party form activates with only organizer populated and applies metadata defaults (4.7279ms)
✔ R24 party creation shows all empty slots with unknown time and a short footer code (0.3569ms)
✔ R24 copying the latest party form preserves old names and reports the newly saved name first (1.8476ms)
✔ the reported metadata-only #11 form reaches one idempotent party activation (1.0573ms)
✔ first completed automatic party form creates the party once (0.346ms)
✔ explicit missing party number never falls back to creating a new party (0.3471ms)
✔ existing party snapshots forward slot states without forwarding submitted type or capacity (0.3585ms)
✔ party status and detail use one server status receipt and return the latest aggregate (0.3251ms)
✔ party member shortcut classifications canonicalize to the current operating day (1.304ms)
✔ party member shortcut outcomes return confirmation followed by the latest full form (0.6842ms)
✔ missing, ambiguous, and member-limit shortcut results stay concrete successful replies (0.3681ms)
✔ party mutation and latest full form keep the signed instant across the 06:00 KST boundary (0.7979ms)
✔ replayed sync, blank deletion, and finish disclose a failed post-mutation status refresh (0.4961ms)
✔ party snapshot and finish resolve latest revision without owner or role inputs (0.5325ms)
✔ missing current-operating-day party finish is a V1 success reply with the latest status and no mutation (0.5149ms)
✔ scrim status requests only the scrim projection (0.4359ms)
✔ season authoritative zero-person snapshot stays one transactional assistant call (0.405ms)
✔ season SYNC exposes the latest copy reply to both ordinary and strict clients (0.1199ms)
✔ V1 strict season STATUS maps no active season to the canonical empty reply only (0.1973ms)
✔ scrim create and snapshot each issue one recruiting mutation (0.2335ms)
✔ season status and detail each return one authoritative assistant result (0.1375ms)
✔ scrim deprecated lifecycle commands use a static receipt without domain status queries (0.1148ms)
✔ dispatcher fails closed when command domain and static profile differ (0.1029ms)
ℹ tests 46
ℹ suites 0
ℹ pass 46
ℹ fail 0
ℹ cancelled 0
ℹ skipped 0
ℹ todo 0
ℹ duration_ms 795.057
