✔ discipline: lost creation response retries the exact payload/key and locks confirmed navigation (126.7867ms)
✔ discipline: simultaneous submits issue one creation request (37.5133ms)
✔ discipline: 5xx and unreadable success preserve identity and recover without a stuck form (42.5854ms)
✔ discipline: a definite first rejection allows correction with a new identity (36.9084ms)
✔ discipline: 401 after uncertainty does not abandon the original creation (24.6809ms)
✔ discipline: 403 after uncertainty does not abandon the original creation (27.6019ms)
✔ discipline: 429 after uncertainty does not abandon the original creation (23.909ms)
✔ discipline: malformed success cannot unlock an unconfirmed creation (24.8249ms)
✔ highlight: lost creation response retries the exact payload/key and locks confirmed navigation (86.884ms)
✔ highlight: simultaneous submits issue one creation request (75.8192ms)
✔ highlight: 5xx and unreadable success preserve identity and recover without a stuck form (52.8417ms)
✔ highlight: a definite first rejection allows correction with a new identity (62.1493ms)
✔ highlight: 401 after uncertainty does not abandon the original creation (57.8553ms)
✔ highlight: 403 after uncertainty does not abandon the original creation (63.5286ms)
✔ highlight: 429 after uncertainty does not abandon the original creation (37.6311ms)
✔ highlight: malformed success cannot unlock an unconfirmed creation (39.9788ms)
✔ gallery: lost creation response retries the exact payload/key and locks confirmed navigation (36.1502ms)
✔ gallery: simultaneous submits issue one creation request (47.0101ms)
✔ gallery: 5xx and unreadable success preserve identity and recover without a stuck form (33.2699ms)
✔ gallery: a definite first rejection allows correction with a new identity (37.8777ms)
✔ gallery: 401 after uncertainty does not abandon the original creation (40.9067ms)
✔ gallery: 403 after uncertainty does not abandon the original creation (34.4216ms)
✔ gallery: 429 after uncertainty does not abandon the original creation (35.1635ms)
✔ gallery: malformed success cannot unlock an unconfirmed creation (35.4759ms)
✔ gallery: retry preserves selected files and partial upload results, attachment failure=false (58.0652ms)
✔ gallery: retry preserves selected files and partial upload results, attachment failure=true (46.006ms)
✔ gallery: truncated attachment response cannot report a confirmed connection (34.8175ms)
✔ gallery: null attachment response cannot report a confirmed connection (41.1759ms)
✔ gallery: empty attachment response cannot report a confirmed connection (35.9621ms)
✔ gallery: invalid-revision attachment response cannot report a confirmed connection (57.8686ms)
✔ highlight: later pages remain reachable with status and page size (38.0515ms)
✔ highlight: all-status native GET works and filtered empty state has a reset (50.3375ms)
✔ highlight: boundaries use server-clamped current page without impossible directions (52.9191ms)
✔ highlight: invalid parameters recover without loading or relaxing strict validation (78.5693ms)
✔ highlight: load failure retries the same validated page and filter (16.8898ms)
✔ highlight: publication labels are readable and a published editor opens its public page (51.7051ms)
✔ highlight: filter controls remount when the applied page or filter changes (60.035ms)
✔ gallery: later pages remain reachable with status and page size (18.1956ms)
✔ gallery: all-status native GET works and filtered empty state has a reset (32.8201ms)
✔ gallery: boundaries use server-clamped current page without impossible directions (23.8255ms)
✔ gallery: invalid parameters recover without loading or relaxing strict validation (68.0369ms)
✔ gallery: load failure retries the same validated page and filter (10.7768ms)
✔ gallery: publication labels are readable and a published editor opens its public page (47.3428ms)
✔ gallery: filter controls remount when the applied page or filter changes (51.6937ms)
✔ public discipline API exposes aggregate statistics only (4.8925ms)
✔ owner and admin evidence boundaries require session, revision, idempotency, and concealed reads (1.2182ms)
✔ regular administrators may read discipline details but only super administrators may mutate them (2.3953ms)
✔ asset jobs accept signed requests only and are durably replay-guarded (0.9905ms)
✔ discipline pages declare real empty, error, and unavailable states (1.4395ms)
✔ discipline administrator headings and status labels are readable Korean (0.7893ms)
✔ file-read errors release the task and expose a recoverable error (189.2601ms)
✔ a lost attachment confirmation recovers through the existing READY asset without another raw upload (61.5225ms)
✔ READY submission keeps the same request identity after network loss and authentication rejection (46.7964ms)
✔ a READY submission with unreadable success reports uncertainty and releases its busy state (29.3262ms)
✔ simultaneous READY clicks issue one submission (40.6118ms)
✔ a partial batch advances revision and stops after an unconfirmed response (36.4928ms)
ℹ tests 56
ℹ suites 0
ℹ pass 56
ℹ fail 0
ℹ cancelled 0
ℹ skipped 0
ℹ todo 0
ℹ duration_ms 1708.3378
