Vercel CLI 62.4.0 (Node.js 24.14.1)
Deploying k-lol-gg
Uploading [--------------------] (0.0B/362.3MB)
Uploading [=====---------------] (90.6MB/362.3MB)
Uploading [==========----------] (181.1MB/362.3MB)
Uploading [===============-----] (271.7MB/362.3MB)
Uploading [====================] (362.3MB/362.3MB)
  Inspect         https://vercel.com/tjdmswo11-3715s-projects/k-lol-gg/CE5PjNswZYuQFvWnU2G89B9Rtrde
▲ Production      https://k-lol-aq6888fe3-tjdmswo11-3715s-projects.vercel.app
Building…
Building…
Running build in Washington, D.C., USA (East) – iad1
Build machine configuration: 4 cores, 8 GB
Retrieving list of deployment files...
Concatenating deployment archive files...
Extracting deployment files...
Extracted 3982 deployment files...
Restored build cache from previous deployment (HuMGR69n3o964U2CnZZicYHCKhW7)
Running "vercel build"
Vercel CLI 62.1.0
Installing dependencies...
up to date in 1s
241 packages are looking for funding
run `npm fund` for details
npm warn install-scripts 4 packages have install scripts not yet covered by allowScripts:
npm warn install-scripts   esbuild@0.18.20 (postinstall: node install.js)
npm warn install-scripts   esbuild@0.25.12 (postinstall: node install.js)
npm warn install-scripts   esbuild@0.28.2 (postinstall: node install.js)
npm warn install-scripts   unrs-resolver@1.12.2 (postinstall: node postinstall.js)
npm warn install-scripts
npm warn install-scripts Run `npm install-scripts ls` to review, or `npm install-scripts approve <pkg>` to allow.
Detected Next.js version: 16.3.8
Running "npm run build"
> klol-gg-v2@0.1.0 build
> next build
▲ Next.js 16.3.8 (Turbopack)
Applying modifyConfig from Vercel
✓ Running next.config.ts took 1438ms
Creating an optimized production build ...
✓ Compiled successfully in 8.5s
Running TypeScript ...
{
  "status": "error",
  "reason": "deploy_failed",
  "message": "fetch failed",
  "next": [
    {
      "command": "vercel deploy",
      "when": "retry deploy"
    }
  ]
}
Error: fetch failed
