✖ file-read errors release the task and expose a recoverable error (109.6173ms)
✖ a lost attachment confirmation recovers through the existing READY asset without another raw upload (34.9548ms)
✖ READY submission keeps the same request identity after network loss and authentication rejection (27.6139ms)
✖ a READY submission with unreadable success reports uncertainty and releases its busy state (21.6173ms)
✖ simultaneous READY clicks issue one submission (28.3336ms)
✖ a partial batch advances revision and stops after an unconfirmed response (22.5977ms)
ℹ tests 6
ℹ suites 0
ℹ pass 0
ℹ fail 6
ℹ cancelled 0
ℹ skipped 0
ℹ todo 0
ℹ duration_ms 467.5944

✖ failing tests:

test at .tmp\discipline-owner-before.test.mjs:53:1
✖ file-read errors release the task and expose a recoverable error (109.6173ms)
  AssertionError [ERR_ASSERTION]: Expected values to be strictly equal:

  1 !== 0

      at TestContext.<anonymous> (file:///E:/k-LOL.GG/worktrees/ux-discoverability-20261002/.tmp/discipline-owner-before.test.mjs:56:10)
      at async Test.run (node:internal/test_runner/test:1125:7)
      at async startSubtestAfterBootstrap (node:internal/test_runner/harness:358:3) {
    generatedMessage: true,
    code: 'ERR_ASSERTION',
    actual: 1,
    expected: 0,
    operator: 'strictEqual',
    diff: 'simple'
  }

test at .tmp\discipline-owner-before.test.mjs:62:1
✖ a lost attachment confirmation recovers through the existing READY asset without another raw upload (34.9548ms)
  AssertionError [ERR_ASSERTION]: Expected values to be strictly equal:

  1 !== 0

      at TestContext.<anonymous> (file:///E:/k-LOL.GG/worktrees/ux-discoverability-20261002/.tmp/discipline-owner-before.test.mjs:65:10)
      at async Test.run (node:internal/test_runner/test:1125:7)
      at async Test.processPendingSubtests (node:internal/test_runner/test:787:7) {
    generatedMessage: true,
    code: 'ERR_ASSERTION',
    actual: 1,
    expected: 0,
    operator: 'strictEqual',
    diff: 'simple'
  }

test at .tmp\discipline-owner-before.test.mjs:73:1
✖ READY submission keeps the same request identity after network loss and authentication rejection (27.6139ms)
  AssertionError [ERR_ASSERTION]: Expected values to be strictly equal:

  3 !== 1

      at TestContext.<anonymous> (file:///E:/k-LOL.GG/worktrees/ux-discoverability-20261002/.tmp/discipline-owner-before.test.mjs:78:10)
      at async Test.run (node:internal/test_runner/test:1125:7)
      at async Test.processPendingSubtests (node:internal/test_runner/test:787:7) {
    generatedMessage: true,
    code: 'ERR_ASSERTION',
    actual: 3,
    expected: 1,
    operator: 'strictEqual',
    diff: 'simple'
  }

test at .tmp\discipline-owner-before.test.mjs:83:1
✖ a READY submission with unreadable success reports uncertainty and releases its busy state (21.6173ms)
  AssertionError [ERR_ASSERTION]: The expression evaluated to a falsy value:

    assert.ok(find(subject.render(), (node) => node.props.role === "alert"))

      at TestContext.<anonymous> (file:///E:/k-LOL.GG/worktrees/ux-discoverability-20261002/.tmp/discipline-owner-before.test.mjs:86:10)
      at async Test.run (node:internal/test_runner/test:1125:7)
      at async Test.processPendingSubtests (node:internal/test_runner/test:787:7) {
    generatedMessage: true,
    code: 'ERR_ASSERTION',
    actual: null,
    expected: true,
    operator: '==',
    diff: 'simple'
  }

test at .tmp\discipline-owner-before.test.mjs:90:1
✖ simultaneous READY clicks issue one submission (28.3336ms)
  AssertionError [ERR_ASSERTION]: Expected values to be strictly equal:

  2 !== 1

      at TestContext.<anonymous> (file:///E:/k-LOL.GG/worktrees/ux-discoverability-20261002/.tmp/discipline-owner-before.test.mjs:94:10)
      at Test.runInAsyncScope (node:async_hooks:228:14)
      at Test.run (node:internal/test_runner/test:1118:25)
      at Test.processPendingSubtests (node:internal/test_runner/test:787:18)
      at Test.postRun (node:internal/test_runner/test:1247:19)
      at Test.run (node:internal/test_runner/test:1175:12)
      at async Test.processPendingSubtests (node:internal/test_runner/test:787:7) {
    generatedMessage: true,
    code: 'ERR_ASSERTION',
    actual: 2,
    expected: 1,
    operator: 'strictEqual',
    diff: 'simple'
  }

test at .tmp\discipline-owner-before.test.mjs:98:1
✖ a partial batch advances revision and stops after an unconfirmed response (22.5977ms)
  AssertionError [ERR_ASSERTION]: Expected values to be strictly equal:

  3 !== 2

      at TestContext.<anonymous> (file:///E:/k-LOL.GG/worktrees/ux-discoverability-20261002/.tmp/discipline-owner-before.test.mjs:101:10)
      at async Test.run (node:internal/test_runner/test:1125:7)
      at async Test.processPendingSubtests (node:internal/test_runner/test:787:7) {
    generatedMessage: true,
    code: 'ERR_ASSERTION',
    actual: 3,
    expected: 2,
    operator: 'strictEqual',
    diff: 'simple'
  }
