[db-contract] isolated PostgreSQL 18 cluster started
✔ all journaled migrations install idempotently on a distinct empty PostgreSQL 18 database (908.9743ms)
ℹ tests 1
ℹ suites 0
ℹ pass 1
ℹ fail 0
ℹ cancelled 0
ℹ skipped 0
ℹ todo 0
ℹ duration_ms 1623.1736
✔ four guards reject unsafe database targets (0.756ms)
▶ migrations, constraints, repository, and transaction contracts hold on PostgreSQL 18
  ✔ forward migration preserves existing player rows and is idempotent (1082.7959ms)
  ✔ auth and TOTP constraints fail closed (126.1288ms)
  ✔ database auth repository persists durable session, TOTP, and rate-limit state (379.45ms)
  ✔ registry uniqueness and lifecycle constraints are enforced (5.983ms)
  ✔ PostgresPlayerRepository returns only public active projections (22.6551ms)
  ✔ domain change and audit append commit or roll back atomically (5.6322ms)
✔ migrations, constraints, repository, and transaction contracts hold on PostgreSQL 18 (1629.444ms)
ℹ tests 8
ℹ suites 0
ℹ pass 8
ℹ fail 0
ℹ cancelled 0
ℹ skipped 0
ℹ todo 0
ℹ duration_ms 2383.6862
✔ usage storage: idempotency, KST days, visits, identity transitions, staff exclusions and durable limits (254.8903ms)
ℹ tests 1
ℹ suites 0
ℹ pass 1
ℹ fail 0
ℹ cancelled 0
ℹ skipped 0
ℹ todo 0
ℹ duration_ms 955.0633
✔ 0041 fresh install, populated 0040 upgrade and reapply preserve enrollment history (3523.0563ms)
ℹ tests 1
ℹ suites 0
ℹ pass 1
ℹ fail 0
ℹ cancelled 0
ℹ skipped 0
ℹ todo 0
ℹ duration_ms 4202.6423
▶ administrator TOTP lifecycle is serialized, audited, and rolled back atomically
  ✔ a TOTP setup session that expires while queued cannot mutate security state (533.1296ms)
  ✔ pending setup never rotates silently and explicit cancellation is auditable (15.2154ms)
  ✔ concurrent enable has one winner and revokes every session in its transaction (15.5232ms)
  ✔ audit insertion failure rolls credential, version, and revocation back (13.1566ms)
  ✔ concurrent self-disable deletes the factor and revokes all sessions exactly once (16.2863ms)
  ✔ USER is rejected while SUPER_ADMIN self-setup remains allowed (6.083ms)
✔ administrator TOTP lifecycle is serialized, audited, and rolled back atomically (694.1204ms)
ℹ tests 7
ℹ suites 0
ℹ pass 7
ℹ fail 0
ℹ cancelled 0
ℹ skipped 0
ℹ todo 0
ℹ duration_ms 1486.8885
✔ S02 player mutations, legacy mapping, privacy, replay, and rollback hold on PostgreSQL 18 (1124.2798ms)
ℹ tests 1
ℹ suites 0
ℹ pass 1
ℹ fail 0
ℹ cancelled 0
ℹ skipped 0
ℹ todo 0
ℹ duration_ms 1903.9448
▶ season lifecycle, participation ownership, idempotency and audit contracts hold on PostgreSQL 18
  ✔ retired lifecycle timestamps reject activated or ended history (3.3693ms)
  ✔ concurrent activation leaves exactly one active season (157.3918ms)
  ✔ clone creates a draft and stale clone revision is rejected (9.6353ms)
  ✔ Kakao provenance hash and position invariants are enforced by PostgreSQL (257.6419ms)
  ✔ SUPER resolves or cancels pending Kakao applications with idempotency, merge policy and safe team handoff (315.7631ms)
  ✔ SITE upsert reuses the same player/date/round row imported from Kakao (18.0447ms)
  ✔ command receipts expire after 24 hours and an expired key is safely reusable (8.4018ms)
  ✔ season audit snapshots retain lifecycle and schedule field diffs (12.6676ms)
  ✔ clone and cancellation roll back with their audit event (9.2922ms)
  ✔ owner cancellation, resubmission and admin review honor revisions (83.0297ms)
  ✔ public DTO excludes member, login, Discord and internal review fields (5.9113ms)
  ✔ public status counts cover the full roster while the projection is capped at 200 (58.0385ms)
  ✔ viewer approval and active-player capability are rechecked from the database (30.038ms)
  ✔ non-approved account is rechecked inside the mutation transaction (1.2699ms)
  ✔ ACCOUNT and ADMIN purposes cannot cross-authorize season commands (2.5361ms)
  ✔ ADMIN and SUPER_ADMIN roles may use approved user actions only through ACCOUNT sessions (32.681ms)
  ✔ session revocation wins over a queued ACCOUNT mutation (164.3167ms)
  ✔ optional TOTP removal preserves a valid password-only ADMIN session (170.0945ms)
  ✔ soft-deleted account is rejected again inside the mutation transaction (1.5038ms)
  ✔ reviewer history restricts hard deletion of the reviewer account (3.9034ms)
  ✔ audit failure rolls the season and idempotency receipt back together (3.8111ms)
  ✔ ending and retirement preserve history instead of cascading deletion (6.7452ms)
✔ season lifecycle, participation ownership, idempotency and audit contracts hold on PostgreSQL 18 (1461.4605ms)
✔ site and Kakao serialize the last seat, allow explicit reserves and block closed rounds (337.5127ms)
ℹ tests 24
ℹ suites 0
ℹ pass 24
ℹ fail 0
ℹ cancelled 0
ℹ skipped 0
ℹ todo 0
ℹ duration_ms 2607.0805
▶ site capacity transition queue is atomic, scoped, replay-safe and offline tolerant
  ✔ UNVERIFIED matches only one-candidate review items (11.5512ms)
  ✔ website roster ignores legacy pending in another scope or mode (79.344ms)
  ✔ 9 to 10, retry and unchanged 10 create a single notification (42.4737ms)
  ✔ failed application transaction rolls back its notification (28.4304ms)
  ✔ another scope or target cannot claim and replay is refused (10.6149ms)
  ✔ offline lease expires, concurrent polls claim once, ACK is idempotent (26.8463ms)
  ✔ uncertain send is terminal; a newer 9 to 10 transition remains separate (36.4787ms)
  ✔ expiry, failure bound and retention are enforced (26.701ms)
✔ site capacity transition queue is atomic, scoped, replay-safe and offline tolerant (349.3322ms)
ℹ tests 9
ℹ suites 0
ℹ pass 9
ℹ fail 0
ℹ cancelled 0
ℹ skipped 0
ℹ todo 0
ℹ duration_ms 1086.3631
✔ S01 account lifecycle, recovery security, races, replay, and rollback hold on PostgreSQL 18 (4196.4637ms)
ℹ tests 1
ℹ suites 0
ℹ pass 1
ℹ fail 0
ℹ cancelled 0
ℹ skipped 0
ℹ todo 0
ℹ duration_ms 8332.3992
▶ S04 stores participant display identity and rejection reasons as durable history
  ✔ published detail keeps ten KDA rows and exposes a real API 404/fallback contract (51.0232ms)
  ✔ registry rename does not rewrite a recorded participant or its archived revision (291.6422ms)
  ✔ reject after and reopen before audit snapshots retain the cleared public reason (20.2844ms)
  ✔ web submission accepts only the owner's current valid selected team draft (24.317ms)
  ✔ admin match creation rechecks and persists the exact selected team draft (15.486ms)
  ✔ submission approval carries team-balance provenance through match history and outbox (48.5095ms)
✔ S04 stores participant display identity and rejection reasons as durable history (626.0284ms)
ℹ tests 7
ℹ suites 0
ℹ pass 7
ℹ fail 0
ℹ cancelled 0
ℹ skipped 0
ℹ todo 0
ℹ duration_ms 1333.3803
▶ match writes accept password-only administrators and enforce current session boundaries
  ✔ ADMIN without TOTP (17.8917ms)
  ✔ SUPER_ADMIN without TOTP (2.7863ms)
  ✔ existing TOTP session (3.5283ms)
  ✔ ACCOUNT cookie cannot authorize admin import (2.387ms)
  ✔ ordinary member (1.761ms)
  ✔ revoked session (2.5424ms)
  ✔ expired session despite earlier request time (2.2381ms)
  ✔ stale auth version (2.1073ms)
  ✔ changed role (2.155ms)
  ✔ suspended account (1.6161ms)
  ✔ deleted account (1.6725ms)
  ✔ password reset required (1.5675ms)
  ✔ fixture session cannot write (2.038ms)
  ✔ approved member submission (2.1339ms)
✔ match writes accept password-only administrators and enforce current session boundaries (147.5196ms)
ℹ tests 15
ℹ suites 0
ℹ pass 15
ℹ fail 0
ℹ cancelled 0
ℹ skipped 0
ℹ todo 0
ℹ duration_ms 870.8031
✔ S05 rebuilds PUBLISHED match statistics atomically and receipts make replay idempotent (464.3282ms)
ℹ tests 1
ℹ suites 0
ℹ pass 1
ℹ fail 0
ℹ cancelled 0
ℹ skipped 0
ℹ todo 0
ℹ duration_ms 1243.131
✔ S10 media publication requires a live admin session and is idempotent, asset-safe, auditable, and soft archived (311.9086ms)
✔ S10 admin upload persists STAGED to READY, lists by exact draft, attaches safely, and tombstones unused assets (251.0434ms)
ℹ tests 2
ℹ suites 0
ℹ pass 2
ℹ fail 0
ℹ cancelled 0
ℹ skipped 0
ℹ todo 0
ℹ duration_ms 1460.2718
✔ team internal experience counts published games only and converges after void and restore (240.6419ms)
✔ team-only override requires a live SUPER session and recent solo provider requires connected fresh identity (318.2094ms)
✔ S06 draft lifecycle is owner/admin authorized, append-only, transactional, and idempotent (650.7583ms)
ℹ tests 3
ℹ suites 0
ℹ pass 3
ℹ fail 0
ℹ cancelled 0
ℹ skipped 0
ℹ todo 0
ℹ duration_ms 2013.6886
✔ S05-B persists canonical full-ledger MMR replay without competing for the S04 outbox (2528.2037ms)
ℹ tests 1
ℹ suites 0
ℹ pass 1
ℹ fail 0
ℹ cancelled 0
ℹ skipped 0
ℹ todo 0
ℹ duration_ms 3298.1065
✔ S09 PostgreSQL adapter commits aggregate, receipt, audit and outbox atomically with owner/session checks (231.9258ms)
✔ party member statistics are bounded and count distinct parties and primary companions (103.9685ms)
✔ S09 PostgreSQL adapter binds a BOT nonce to exactly one signed request identity (99.1355ms)
✔ Kakao aggregate controllers block confused-deputy lifecycle mutations (145.8591ms)
✔ V4 scrim finish completes only the active same-room target and replays without duplicate writes (112.136ms)
✔ concurrent V4 party member commands serialize on the locked latest aggregate (284.0163ms)
✔ concurrent V4 scrim participant commands compose after the database row lock (197.0766ms)
ℹ tests 7
ℹ suites 0
ℹ pass 7
ℹ fail 0
ℹ cancelled 0
ℹ skipped 0
ℹ todo 0
ℹ duration_ms 1923.6639
✔ S09 operation forms persist signed submissions and ADMIN TOTP mutations atomically (304.2143ms)
ℹ tests 1
ℹ suites 0
ℹ pass 1
ℹ fail 0
ℹ cancelled 0
ℹ skipped 0
ℹ todo 0
ℹ duration_ms 1008.7124
✔ signed Kakao reads persist safe replay receipts and isolate recruit members to the bound room (164.7769ms)
✔ in-house round metadata persists schedule and notice, clears on full snapshot, and isolates authoritative mode transitions by room (420.5871ms)
✔ authoritative Kakao season sync withdraws only same-room same-round RIFT rows and replays without writes (195.2867ms)
✔ signed Kakao season snapshots match exact players and preserve unresolved entries for review (173.6739ms)
✔ recoverable Kakao season rows save valid players, queue review rows, preserve omitted slots, and cancel explicit blanks (146.9891ms)
✔ in-house shortcuts and full snapshots enforce integrated SITE capacity while preserving confirmed decisions (233.1172ms)
✔ in-house finish preserves every roster row, hides the round, and replays without writes (140.4767ms)
✔ editable inhouse forms count unlinked names, merge concurrent additions, protect SITE rows and retain closed rosters (479.2274ms)
✔ name-first in-house copies keep pending slots and merge metadata without overwriting newer edits (202.5561ms)
✔ in-house copy forms reopen a vacated reserve slot and preserve the remaining roster (164.5985ms)
✔ owner-created Kakao image sessions bind sender, finalize private assets, replay, and revoke (155.0161ms)
✔ Kakao admin settings and health repair require SUPER TOTP and persist receipts, audit, and outbox (183.5232ms)
✔ inhouse roster matching uses bounded lookups for ten members and guests (248.0693ms)
ℹ {"label":"1-members-save","queries":31,"memberLookups":1,"applicationLookups":1,"elapsedMs":12}
ℹ {"label":"1-members-unchanged","queries":26,"memberLookups":0,"applicationLookups":0,"elapsedMs":9}
ℹ {"label":"10-members-save","queries":40,"memberLookups":1,"applicationLookups":1,"elapsedMs":16}
ℹ {"label":"10-members-unchanged","queries":26,"memberLookups":0,"applicationLookups":0,"elapsedMs":10}
ℹ {"label":"10-guests-save","queries":39,"memberLookups":1,"applicationLookups":0,"elapsedMs":14}
ℹ {"label":"10-guests-unchanged","queries":27,"memberLookups":1,"applicationLookups":0,"elapsedMs":11}
✔ inhouse overview projects all three modes and excludes other rooms, closed rounds and drafts (98.5369ms)
ℹ tests 14
ℹ suites 0
ℹ pass 14
ℹ fail 0
ℹ cancelled 0
ℹ skipped 0
ℹ todo 0
ℹ duration_ms 3994.0949
▶ Kakao short form originals are durable, scoped, reusable and expire at 06:00 KST
  ✔ scope, kind, target and operating-day binding are mandatory (6.3657ms)
  ✔ concurrent readers reuse a single durable original (77.9438ms)
  ✔ transaction rollback does not leave an issued code behind (3.5602ms)
  ✔ database constraints fail closed even when application validation is bypassed (121.4406ms)
  ✔ midnight preserves the code but the exact 06:00 boundary rejects it (58.2511ms)
  ✔ bounded retention cleanup never removes a live original (29.0749ms)
✔ Kakao short form originals are durable, scoped, reusable and expire at 06:00 KST (416.1392ms)
ℹ tests 7
ℹ suites 0
ℹ pass 7
ℹ fail 0
ℹ cancelled 0
ℹ skipped 0
ℹ todo 0
ℹ duration_ms 1124.3192
✔ one installation maps to exactly one canonical room without room parsing or sender allowlists (265.2201ms)
ℹ tests 1
ℹ suites 0
ℹ pass 1
ℹ fail 0
ℹ cancelled 0
ℹ skipped 0
ℹ todo 0
ℹ duration_ms 965.5151
✔ ADR0011 lists more than twenty parties without snapshots and reads scoped active/draft details directly (143.5669ms)
ℹ tests 1
ℹ suites 0
ℹ pass 1
ℹ fail 0
ℹ cancelled 0
ℹ skipped 0
ℹ todo 0
ℹ duration_ms 855.8418
✔ [P0-FIXTURE] input-tolerance matrix is pinned to the unchanged V1 oracle (1.1596ms)
✔ [P0-PARTY-01] punctuation, full-width, escape, and whitespace rows have one semantic member (6.9255ms)
✔ [P0-PARTY-02] an explicit empty slot is valid but an absent slot row is not a full snapshot (3.5289ms)
✔ [P0-PARTY-03] slash and comma in one reserve row stay in one display name (0.3728ms)
✔ [P0-PARTY-04] a 2-person title cannot overwrite an existing 5-person recruit target (1.1708ms)
✔ [P0-PARTY-05] conflicting duplicate slot rows reject the whole snapshot (0.5053ms)
✔ [P0-PARTY-06] member order is canonical and independent of pasted row order (0.595ms)
✔ [P0-PARTY-07] name suffix notes, emoji, and Kakao tags are preserved (1.1473ms)
✔ [P0-PARTY-08] multiline metadata values match their single-line semantic values (0.8624ms)
✔ [P0-PARTY-09] an automatic-number empty draft never creates a recruit (0.7434ms)
✔ [P0-OPS-01] all four forms preserve values continued on the following line (2.9042ms)
✔ [P0-OPS-02] all four forms expose exact missing-field contracts without submission (0.685ms)
✔ [P0-OPS-03] parentheses and comma stay in the person name instead of becoming an implicit delimiter (0.1903ms)
✔ [P0-OPS-04] ordinary conversation and partial label discussions remain UNKNOWN (0.8734ms)
✔ [P0-OPS-05:friends] field order does not alter the canonical payload (0.3581ms)
✔ [P0-OPS-06:friends] a conflicting duplicate label rejects the whole form (0.2537ms)
✔ [P0-OPS-07:friends] arbitrary footer text cannot contaminate the last field (0.2892ms)
✔ [P0-OPS-05:suggestions] field order does not alter the canonical payload (0.1979ms)
✔ [P0-OPS-06:suggestions] a conflicting duplicate label rejects the whole form (0.151ms)
✔ [P0-OPS-07:suggestions] arbitrary footer text cannot contaminate the last field (0.221ms)
✔ [P0-OPS-05:meetups] field order does not alter the canonical payload (0.2735ms)
✔ [P0-OPS-06:meetups] a conflicting duplicate label rejects the whole form (0.2555ms)
✔ [P0-OPS-07:meetups] arbitrary footer text cannot contaminate the last field (0.2821ms)
✔ [P0-OPS-05:leaves] field order does not alter the canonical payload (0.268ms)
✔ [P0-OPS-06:leaves] a conflicting duplicate label rejects the whole form (0.1779ms)
✔ [P0-OPS-07:leaves] arbitrary footer text cannot contaminate the last field (0.2333ms)
✔ [P0-OPS-08] prose mentioning every label is not classified as a form (0.1341ms)
✔ [P0-IDEMPOTENCY-01] the same event is dispatched exactly once and then replayed (0.6501ms)
✔ [P0-IDEMPOTENCY-02] different events with one semantic payload are both dispatched (1.2118ms)
✔ [P0-MULTIUSER-01] same-room events from different senders reach edit and finish dispatch (0.6035ms)
✔ [P0-CANONICAL-01] V1-local fullwidth slash and digits canonicalize to the same finish command on the server (0.3405ms)
✔ [P0-CANONICAL-02] finish and detail commands tolerate whitespace after the copied hash marker (0.2665ms)
✔ [P0-MULTIUSER-02] PostgreSQL contract proves same-room cross-user edit/finish and different-room no-mutation without an administrator role (146.9953ms)
ℹ tests 33
ℹ suites 0
ℹ pass 33
ℹ fail 0
ℹ cancelled 0
ℹ skipped 0
ℹ todo 0
ℹ duration_ms 925.2957
(node:33152) DeprecationWarning: Calling client.query() when the client is already executing a query is deprecated and will be removed in pg@9.0. Use async/await or an external async flow control mechanism instead.
(Use `node --trace-deprecation ...` to show where the warning was created)
✔ S07 event adapter persists exact-ten lifecycle, S06 teams, correction invalidation and owner-safe reads (920.0952ms)
ℹ tests 1
ℹ suites 0
ℹ pass 1
ℹ fail 0
ℹ cancelled 0
ℹ skipped 0
ℹ todo 0
ℹ duration_ms 1665.4399
✔ S08 adapter persists recruitment, seeded auction, BO stages, roster history, MVP revote and atomic receipts (4381.8656ms)
ℹ tests 1
ℹ suites 0
ℹ pass 1
ℹ fail 0
ℹ cancelled 0
ℹ skipped 0
ℹ todo 0
ℹ duration_ms 5147.9304
✔ S13 settings, AI ledger and signed maintenance preserve authorization and idempotency contracts (371.5175ms)
ℹ tests 1
ℹ suites 0
ℹ pass 1
ℹ fail 0
ℹ cancelled 0
ℹ skipped 0
ℹ todo 0
ℹ duration_ms 1074.5343
✔ storage probe atomically limits concurrent jobs, rejects replay, and records synthetic storage success and failure (156.1447ms)
ℹ tests 1
ℹ suites 0
ℹ pass 1
ℹ fail 0
ℹ cancelled 0
ℹ skipped 0
ℹ todo 0
ℹ duration_ms 892.37
✔ admin diagnostics aggregate only current notice scope and fixed operational evidence in a bounded read-only transaction (263.6194ms)
ℹ tests 1
ℹ suites 0
ℹ pass 1
ℹ fail 0
ℹ cancelled 0
ℹ skipped 0
ℹ todo 0
ℹ duration_ms 928.8779
✔ 0045 fresh, populated 0044 upgrade and replay preserve existing Riot links and summaries (2923.0295ms)
✔ Riot analytics archive deduplicates, pages without upstream access, retains daily observations and hides changed connections (242.246ms)
✔ S12 Riot persistence keeps owner auth, one-time RSO, jobs, receipts, audit and outbox atomic (391.931ms)
ℹ tests 3
ℹ suites 0
ℹ pass 3
ℹ fail 0
ℹ cancelled 0
ℹ skipped 0
ℹ todo 0
ℹ duration_ms 4253.5099
✔ production RSO cache and signed sync job survive application retry without persisting credentials (356.0665ms)
✔ scheduled Riot repository excludes ineligible identities and duplicate/recent work (127.6138ms)
✔ Riot key probe persists only safe outcomes and rejects replay, rapid retry, invalid signature and disabled flag (118.681ms)
ℹ tests 3
ℹ suites 0
ℹ pass 3
ℹ fail 0
ℹ cancelled 0
ℹ skipped 0
ℹ todo 0
ℹ duration_ms 1344.2832
✔ S11 discipline records and private evidence persist with masked ownership, replay, and exact review state (444.1601ms)
ℹ tests 1
ℹ suites 0
ℹ pass 1
ℹ fail 0
ℹ cancelled 0
ℹ skipped 0
ℹ todo 0
ℹ duration_ms 1202.0679
✔ S10 champion catalog keeps live ADMIN session mutations, replay and durable ledgers atomic (268.2977ms)
✔ S10 champion image backfill applies and rolls back all 173 NULL fixture rows (191.1859ms)
ℹ tests 2
ℹ suites 0
ℹ pass 2
ℹ fail 0
ℹ cancelled 0
ℹ skipped 0
ℹ todo 0
ℹ duration_ms 1163.092
{"kind":"isolated-postgresql-recovery","archiveBytes":1143494,"archiveSha256":"24e4abb0d49200d688579f6383642bb4d182fe8f8edb398a9a4394bb170a8168","migrationCount":48,"migrationHead":"0047_usage_analytics","tableCount":112,"schemaDefinitionCount":3607,"exactTableCountsMatched":true,"fixtureRelationMatched":true,"foreignKeysValidated":true,"migrationReplayNoop":true,"failedMigrationRolledBack":true}
✔ PostgreSQL custom archive restores the complete schema, data and migration head (2940.9845ms)
ℹ tests 1
ℹ suites 0
ℹ pass 1
ℹ fail 0
ℹ cancelled 0
ℹ skipped 0
ℹ todo 0
ℹ duration_ms 3592.0725
✔ bounded maintenance deletes only expired rows and records an atomic replayable result (243.7005ms)
ℹ tests 1
ℹ suites 0
ℹ pass 1
ℹ fail 0
ℹ cancelled 0
ℹ skipped 0
ℹ todo 0
ℹ duration_ms 938.5803
[browser-qa-ready] http://127.0.0.1:60426; synthetic credentials retained only in ignored .tmp file
[browser-qa-command] ready | code | empty | season-error | season-restore | account-error | account-restore | sessions-error | sessions-restore | bump-approved | stop
[db-contract] cluster stopped and disposable workspace path removed
