✖ independent: malformed review success cannot confirm save or consume retry identity (75.9286ms)
ℹ tests 1
ℹ suites 0
ℹ pass 0
ℹ fail 1
ℹ cancelled 0
ℹ skipped 0
ℹ todo 0
ℹ duration_ms 342.3663

✖ failing tests:

test at .tmp\submission-review-independent.test.mjs:192:1
✖ independent: malformed review success cannot confirm save or consume retry identity (75.9286ms)
  AssertionError [ERR_ASSERTION]: missing revision must remain uncertain, not successful refresh
  + actual - expected

  + [
  +   'refresh'
  + ]
  - []

      at TestContext.<anonymous> (file:///E:/k-LOL.GG/worktrees/ux-discoverability-20261002/.tmp/submission-review-independent.test.mjs:195:10)
      at async Test.run (node:internal/test_runner/test:1125:7)
      at async startSubtestAfterBootstrap (node:internal/test_runner/harness:358:3) {
    generatedMessage: false,
    code: 'ERR_ASSERTION',
    actual: [ 'refresh' ],
    expected: [],
    operator: 'deepStrictEqual',
    diff: 'simple'
  }
