✖ unconfirmed review success cannot confirm a different submission, advance revision or consume retry identity (73.8988ms)
✖ unconfirmed OCR success preserves image revision and the exact retry key without refreshing (43.1016ms)
ℹ tests 2
ℹ suites 0
ℹ pass 0
ℹ fail 2
ℹ cancelled 0
ℹ skipped 0
ℹ todo 0
ℹ duration_ms 379.5005

✖ failing tests:

test at tests\match-submission-review-handlers.test.mjs:192:1
✖ unconfirmed review success cannot confirm a different submission, advance revision or consume retry identity (73.8988ms)
  AssertionError [ERR_ASSERTION]: Expected values to be strictly equal:
  + actual - expected

  + 'submission-review-03a92b21-b215-4fa2-907f-eaf1130d4b23'
  - 'submission-review-18abd0c9-232f-4aa6-94c2-ba349aa48df4'

      at TestContext.<anonymous> (file:///E:/k-LOL.GG/worktrees/ux-discoverability-20261002/tests/match-submission-review-handlers.test.mjs:198:12)
      at async Test.run (node:internal/test_runner/test:1125:7)
      at async startSubtestAfterBootstrap (node:internal/test_runner/harness:358:3) {
    generatedMessage: true,
    code: 'ERR_ASSERTION',
    actual: 'submission-review-03a92b21-b215-4fa2-907f-eaf1130d4b23',
    expected: 'submission-review-18abd0c9-232f-4aa6-94c2-ba349aa48df4',
    operator: 'strictEqual',
    diff: 'simple'
  }

test at tests\match-submission-review-handlers.test.mjs:204:1
✖ unconfirmed OCR success preserves image revision and the exact retry key without refreshing (43.1016ms)
  AssertionError [ERR_ASSERTION]: Expected values to be strictly deep-equal:
  + actual - expected

  + [
  +   'refresh'
  + ]
  - []

      at TestContext.<anonymous> (file:///E:/k-LOL.GG/worktrees/ux-discoverability-20261002/tests/match-submission-review-handlers.test.mjs:210:12)
      at async Test.run (node:internal/test_runner/test:1125:7)
      at async Test.processPendingSubtests (node:internal/test_runner/test:787:7) {
    generatedMessage: true,
    code: 'ERR_ASSERTION',
    actual: [ 'refresh' ],
    expected: [],
    operator: 'deepStrictEqual',
    diff: 'simple'
  }
