✔ the ADR freezes every non-negotiable V1-exact adapter constraint (3.6382ms)
✔ the reusable V4 text transport is one signed five-second request without bearer fallback (0.8168ms)
✔ the V1 strict phone installer uses the current private artifact and omits public-only provenance (1.3417ms)
✔ installation profiles, not callback room or sender role, form the V4 text authorization boundary (0.7251ms)
✔ V2 services can reserve a hidden DRAFT and legacy bearer routes remain closed (0.9163ms)
✔ the existing image service is separately signed, bounded, and session-backed (0.8813ms)
✔ builder pins the canonical V1 hash and produces an ES5/Rhino-safe artifact (191.0307ms)
✔ Rhino audit detects functions that mix value and bare returns (0.4285ms)
✔ V1 strict routes organizer-only metadata activation forms with or without one slash (11.1138ms)
✔ V1 strict routes scoped in-house finish commands as unchanged raw text (7.5248ms)
✔ R23 retired scrim commands and forms reply locally without an HTTP request (12.3838ms)
✔ R24 local help separates joining from new recruitment and uses site names for inhouse (3.615ms)
✔ R24 compact copy forms keep complete success and pending envelopes in one signed request (27.5251ms)
✔ R24 compact form routing leaves malformed references to the server and ignores prose (7.732ms)
✔ R24 actual server-rendered party and inhouse templates accept one name through the phone (250.9992ms)
✔ R23 copy-paste party and inhouse forms forward names and saved references unchanged (6.9248ms)
✔ V1 strict routes the full organizer-only template returned by the production server (2.3058ms)
✔ artifact excludes legacy HTTP, bearer, and embedded secret material (0.8533ms)
✔ all response-reachable non-transport V1 executable lines are preserved without comments or blank spacers (27.8617ms)
✔ strict adapter reuses the canonical V1 local dedupe storage keys (0.7561ms)
✔ local replies, echo rules, events, and no-reply behavior equal the canonical V1 (6.5592ms)
✔ R19 chooses one complete tone when the OpenChat entry guide appears (4.6899ms)
✔ R19 consumes the raw join event and accepts only the OpenChat entry heading (1.9026ms)
✔ approved party member mutations parse safely and use one RECRUIT gateway request (6.387ms)
✔ inhouse member shortcuts reach the matching profile gateway (9.6632ms)
✔ reported inhouse loading echo is ignored while user commands and explicit member edits keep one reply (2.5649ms)
✔ same MessengerBot logId replay suppresses only the duplicate visible reply (3.502ms)
✔ ambiguous party member text never reaches the mutation gateway (9.0243ms)
✔ local recruit help documents member commands and keeps full-form guidance (1.5199ms)
✔ command and form predicates are byte-derived and behaviorally equal to V1 (6.6551ms)
✔ one public command performs one five-second signed gateway request without room binding (2.7065ms)
✔ recoverable season rows reach the gateway once even with whitespace numbering and partial fields (1.6677ms)
✔ completed augment-ARAM in-house forms reach the FEATURES gateway and always reply (1.5276ms)
✔ completed augment-ARAM metadata with ten empty name rows activates through FEATURES (2.4564ms)
✔ a complete empty season snapshot reaches the gateway once for authoritative cancellation (4.2546ms)
✔ empty-snapshot gate rejects incomplete forms and ordinary conversation (6.3804ms)
✔ clean-session imageDB input preserves the active V40 R2 no-reply and no-HTTP behavior (2.3183ms)
✔ all seven active text seams preserve V1 success and empty replies while failures use safe common notices (29.5274ms)
✔ literal transport failures distinguish settings, input, and connection errors without exposing values (15.9075ms)
✔ both V40 R2 image seams stay inactive for every transport outcome (6.3915ms)
✔ V1_STRICT fixture preserves the canonical V1 bytes across checkout line endings (1.39ms)
✔ V1_STRICT fixture contains no hard-coded credential value (0.6066ms)
✔ V1_STRICT fixture remains ES5 and Rhino-static warning free (33.4418ms)
✔ V1_STRICT executes the original bot-version reply with or without slash (4.6947ms)
✔ V1_STRICT executes the original user help exactly (2.3271ms)
✔ APPROVED_EXTENSIONS cannot be mislabeled as commands from the V1_STRICT oracle (6.3162ms)
✔ site feature access fails closed for missing or unreadable settings (0.9355ms)
✔ registration feature protects both its page and mutation before credential work (0.4644ms)
✔ match submission feature keeps reads available but guards every owner mutation (1.1147ms)
✔ Kakao help feature controls its public guide without exposing configuration (0.2599ms)
✔ recruit guide teaches adding a name before optional creation and explicit cancellation (0.2525ms)
ℹ tests 51
ℹ suites 0
ℹ pass 51
ℹ fail 0
ℹ cancelled 0
ℹ skipped 0
ℹ todo 0
ℹ duration_ms 822.4023
