
> klol-gg-v2@0.1.0 test:db
> tsx scripts/test-db/run-data-contracts.ts

[db-contract] isolated PostgreSQL 18 cluster started
✔ S09 PostgreSQL adapter commits aggregate, receipt, audit and outbox atomically with owner/session checks (1222.8164ms)
✔ party member statistics are bounded and count distinct parties and primary companions (68.4577ms)
✔ S09 PostgreSQL adapter binds a BOT nonce to exactly one signed request identity (74.8023ms)
✔ Kakao aggregate controllers block confused-deputy lifecycle mutations (137.6523ms)
✔ V4 scrim finish completes only the active same-room target and replays without duplicate writes (84.0826ms)
✔ concurrent V4 party member commands serialize on the locked latest aggregate (203.5161ms)
✔ concurrent V4 scrim participant commands compose after the database row lock (141.5239ms)
ℹ tests 7
ℹ suites 0
ℹ pass 7
ℹ fail 0
ℹ cancelled 0
ℹ skipped 0
ℹ todo 0
ℹ duration_ms 2742.2604
✔ S09 operation forms persist signed submissions and ADMIN TOTP mutations atomically (137.864ms)
ℹ tests 1
ℹ suites 0
ℹ pass 1
ℹ fail 0
ℹ cancelled 0
ℹ skipped 0
ℹ todo 0
ℹ duration_ms 832.9701
✔ signed Kakao reads persist safe replay receipts and isolate recruit members to the bound room (147.8011ms)
✔ in-house round metadata persists schedule and notice, clears on full snapshot, and isolates authoritative mode transitions by room (279.1912ms)
✔ authoritative Kakao season sync withdraws only same-room same-round RIFT rows and replays without writes (169.0989ms)
✔ signed Kakao season snapshots match exact players and preserve unresolved entries for review (137.1309ms)
✔ recoverable Kakao season rows save valid players, queue review rows, preserve omitted slots, and cancel explicit blanks (99.8959ms)
✔ in-house shortcuts and full snapshots enforce integrated SITE capacity while preserving confirmed decisions (170.3963ms)
✔ in-house finish cancels only mutable same-room rows, hides the round, and replays without writes (104.4804ms)
✔ in-house copy codes merge concurrent additions, preserve site-linked lanes, block destructive edits and never revive cancelled originals (346.0342ms)
✔ owner-created Kakao image sessions bind sender, finalize private assets, replay, and revoke (132.7541ms)
✔ Kakao admin settings and health repair require SUPER TOTP and persist receipts, audit, and outbox (143.724ms)
ℹ tests 10
ℹ suites 0
ℹ pass 10
ℹ fail 0
ℹ cancelled 0
ℹ skipped 0
ℹ todo 0
ℹ duration_ms 2582.0611
▶ Kakao short form originals are durable, scoped, reusable and expire at 06:00 KST
  ✔ scope, kind, target and operating-day binding are mandatory (5.8276ms)
  ✔ concurrent readers reuse a single durable original (66.5095ms)
  ✔ transaction rollback does not leave an issued code behind (3.4097ms)
  ✔ database constraints fail closed even when application validation is bypassed (216.023ms)
  ✔ midnight preserves the code but the exact 06:00 boundary rejects it (55.0964ms)
  ✔ bounded retention cleanup never removes a live original (24.3729ms)
✔ Kakao short form originals are durable, scoped, reusable and expire at 06:00 KST (461.7097ms)
ℹ tests 7
ℹ suites 0
ℹ pass 7
ℹ fail 0
ℹ cancelled 0
ℹ skipped 0
ℹ todo 0
ℹ duration_ms 1105.6024
✔ one installation maps to exactly one canonical room without room parsing or sender allowlists (247.5295ms)
ℹ tests 1
ℹ suites 0
ℹ pass 1
ℹ fail 0
ℹ cancelled 0
ℹ skipped 0
ℹ todo 0
ℹ duration_ms 931.9489
✔ [P0-FIXTURE] input-tolerance matrix is pinned to the unchanged V1 oracle (1.1344ms)
✔ [P0-PARTY-01] punctuation, full-width, escape, and whitespace rows have one semantic member (6.4457ms)
✔ [P0-PARTY-02] an explicit empty slot is valid but an absent slot row is not a full snapshot (3.3807ms)
✔ [P0-PARTY-03] slash and comma in one reserve row stay in one display name (0.4395ms)
✔ [P0-PARTY-04] a 2-person title cannot overwrite an existing 5-person recruit target (1.3639ms)
✔ [P0-PARTY-05] conflicting duplicate slot rows reject the whole snapshot (0.5536ms)
✔ [P0-PARTY-06] member order is canonical and independent of pasted row order (0.5879ms)
✔ [P0-PARTY-07] name suffix notes, emoji, and Kakao tags are preserved (0.9473ms)
✔ [P0-PARTY-08] multiline metadata values match their single-line semantic values (0.7949ms)
✔ [P0-PARTY-09] an automatic-number empty draft never creates a recruit (0.7134ms)
✔ [P0-OPS-01] all four forms preserve values continued on the following line (3.3791ms)
✔ [P0-OPS-02] all four forms expose exact missing-field contracts without submission (0.8405ms)
✔ [P0-OPS-03] parentheses and comma stay in the person name instead of becoming an implicit delimiter (0.176ms)
✔ [P0-OPS-04] ordinary conversation and partial label discussions remain UNKNOWN (0.8678ms)
✔ [P0-OPS-05:friends] field order does not alter the canonical payload (0.3475ms)
✔ [P0-OPS-06:friends] a conflicting duplicate label rejects the whole form (0.2669ms)
✔ [P0-OPS-07:friends] arbitrary footer text cannot contaminate the last field (0.294ms)
✔ [P0-OPS-05:suggestions] field order does not alter the canonical payload (0.3473ms)
✔ [P0-OPS-06:suggestions] a conflicting duplicate label rejects the whole form (0.1973ms)
✔ [P0-OPS-07:suggestions] arbitrary footer text cannot contaminate the last field (0.2617ms)
✔ [P0-OPS-05:meetups] field order does not alter the canonical payload (0.4323ms)
✔ [P0-OPS-06:meetups] a conflicting duplicate label rejects the whole form (0.2309ms)
✔ [P0-OPS-07:meetups] arbitrary footer text cannot contaminate the last field (0.3137ms)
✔ [P0-OPS-05:leaves] field order does not alter the canonical payload (0.2665ms)
✔ [P0-OPS-06:leaves] a conflicting duplicate label rejects the whole form (0.1723ms)
✔ [P0-OPS-07:leaves] arbitrary footer text cannot contaminate the last field (0.2221ms)
✔ [P0-OPS-08] prose mentioning every label is not classified as a form (0.1344ms)
✔ [P0-IDEMPOTENCY-01] the same event is dispatched exactly once and then replayed (0.6222ms)
✔ [P0-IDEMPOTENCY-02] different events with one semantic payload are both dispatched (0.5676ms)
✔ [P0-MULTIUSER-01] same-room events from different senders reach edit and finish dispatch (0.4432ms)
✔ [P0-CANONICAL-01] V1-local fullwidth slash and digits canonicalize to the same finish command on the server (0.1358ms)
✔ [P0-CANONICAL-02] finish and detail commands tolerate whitespace after the copied hash marker (0.1855ms)
✔ [P0-MULTIUSER-02] PostgreSQL contract proves same-room cross-user edit/finish and different-room no-mutation without an administrator role (121.7218ms)
ℹ tests 33
ℹ suites 0
ℹ pass 33
ℹ fail 0
ℹ cancelled 0
ℹ skipped 0
ℹ todo 0
ℹ duration_ms 850.2468
[db-contract] cluster stopped and disposable workspace path removed
