
> klol-gg-v2@0.1.0 test:db
> tsx scripts/test-db/run-data-contracts.ts

[db-contract] isolated PostgreSQL 18 cluster started
✔ S09 PostgreSQL adapter commits aggregate, receipt, audit and outbox atomically with owner/session checks (1026.8555ms)
✔ party member statistics are bounded and count distinct parties and primary companions (70.0065ms)
✔ S09 PostgreSQL adapter binds a BOT nonce to exactly one signed request identity (86.3029ms)
✔ Kakao aggregate controllers block confused-deputy lifecycle mutations (128.0262ms)
✔ V4 scrim finish completes only the active same-room target and replays without duplicate writes (83.6631ms)
✔ concurrent V4 party member commands serialize on the locked latest aggregate (219.7521ms)
✔ concurrent V4 scrim participant commands compose after the database row lock (144.2586ms)
ℹ tests 7
ℹ suites 0
ℹ pass 7
ℹ fail 0
ℹ cancelled 0
ℹ skipped 0
ℹ todo 0
ℹ duration_ms 2495.1858
✔ S09 operation forms persist signed submissions and ADMIN TOTP mutations atomically (138.8784ms)
ℹ tests 1
ℹ suites 0
ℹ pass 1
ℹ fail 0
ℹ cancelled 0
ℹ skipped 0
ℹ todo 0
ℹ duration_ms 785.4433
✔ signed Kakao reads persist safe replay receipts and isolate recruit members to the bound room (141.7415ms)
✔ in-house round metadata persists schedule and notice, clears on full snapshot, and isolates authoritative mode transitions by room (275.7408ms)
✔ authoritative Kakao season sync withdraws only same-room same-round RIFT rows and replays without writes (171.9781ms)
✔ signed Kakao season snapshots match exact players and preserve unresolved entries for review (139.9568ms)
✔ recoverable Kakao season rows save valid players, queue review rows, preserve omitted slots, and cancel explicit blanks (104.5883ms)
✔ in-house shortcuts and full snapshots enforce integrated SITE capacity while preserving confirmed decisions (169.5274ms)
✔ in-house finish cancels only mutable same-room rows, hides the round, and replays without writes (100.3875ms)
✔ in-house copy codes merge concurrent additions, preserve site-linked lanes, block destructive edits and never revive cancelled originals (343.9869ms)
✔ in-house copy forms reopen a vacated reserve slot and preserve the remaining roster (130.4867ms)
✔ owner-created Kakao image sessions bind sender, finalize private assets, replay, and revoke (123.7009ms)
✔ Kakao admin settings and health repair require SUPER TOTP and persist receipts, audit, and outbox (149.157ms)
ℹ tests 11
ℹ suites 0
ℹ pass 11
ℹ fail 0
ℹ cancelled 0
ℹ skipped 0
ℹ todo 0
ℹ duration_ms 2710.9902
▶ Kakao short form originals are durable, scoped, reusable and expire at 06:00 KST
  ✔ scope, kind, target and operating-day binding are mandatory (5.9077ms)
  ✔ concurrent readers reuse a single durable original (68.0613ms)
  ✔ transaction rollback does not leave an issued code behind (3.1218ms)
  ✔ database constraints fail closed even when application validation is bypassed (109.7802ms)
  ✔ midnight preserves the code but the exact 06:00 boundary rejects it (158.0403ms)
  ✔ bounded retention cleanup never removes a live original (24.1697ms)
✔ Kakao short form originals are durable, scoped, reusable and expire at 06:00 KST (457.9688ms)
ℹ tests 7
ℹ suites 0
ℹ pass 7
ℹ fail 0
ℹ cancelled 0
ℹ skipped 0
ℹ todo 0
ℹ duration_ms 1118.1615
✔ one installation maps to exactly one canonical room without room parsing or sender allowlists (250.3829ms)
ℹ tests 1
ℹ suites 0
ℹ pass 1
ℹ fail 0
ℹ cancelled 0
ℹ skipped 0
ℹ todo 0
ℹ duration_ms 921.1318
✔ [P0-FIXTURE] input-tolerance matrix is pinned to the unchanged V1 oracle (1.051ms)
✔ [P0-PARTY-01] punctuation, full-width, escape, and whitespace rows have one semantic member (6.6019ms)
✔ [P0-PARTY-02] an explicit empty slot is valid but an absent slot row is not a full snapshot (3.7513ms)
✔ [P0-PARTY-03] slash and comma in one reserve row stay in one display name (0.3518ms)
✔ [P0-PARTY-04] a 2-person title cannot overwrite an existing 5-person recruit target (1.1482ms)
✔ [P0-PARTY-05] conflicting duplicate slot rows reject the whole snapshot (0.5077ms)
✔ [P0-PARTY-06] member order is canonical and independent of pasted row order (0.6708ms)
✔ [P0-PARTY-07] name suffix notes, emoji, and Kakao tags are preserved (0.9303ms)
✔ [P0-PARTY-08] multiline metadata values match their single-line semantic values (0.8048ms)
✔ [P0-PARTY-09] an automatic-number empty draft never creates a recruit (0.7325ms)
✔ [P0-OPS-01] all four forms preserve values continued on the following line (2.8614ms)
✔ [P0-OPS-02] all four forms expose exact missing-field contracts without submission (0.8944ms)
✔ [P0-OPS-03] parentheses and comma stay in the person name instead of becoming an implicit delimiter (0.2575ms)
✔ [P0-OPS-04] ordinary conversation and partial label discussions remain UNKNOWN (1.2237ms)
✔ [P0-OPS-05:friends] field order does not alter the canonical payload (0.5191ms)
✔ [P0-OPS-06:friends] a conflicting duplicate label rejects the whole form (0.3106ms)
✔ [P0-OPS-07:friends] arbitrary footer text cannot contaminate the last field (0.444ms)
✔ [P0-OPS-05:suggestions] field order does not alter the canonical payload (0.3391ms)
✔ [P0-OPS-06:suggestions] a conflicting duplicate label rejects the whole form (0.2737ms)
✔ [P0-OPS-07:suggestions] arbitrary footer text cannot contaminate the last field (0.3514ms)
✔ [P0-OPS-05:meetups] field order does not alter the canonical payload (0.406ms)
✔ [P0-OPS-06:meetups] a conflicting duplicate label rejects the whole form (0.2916ms)
✔ [P0-OPS-07:meetups] arbitrary footer text cannot contaminate the last field (0.4451ms)
✔ [P0-OPS-05:leaves] field order does not alter the canonical payload (0.4206ms)
✔ [P0-OPS-06:leaves] a conflicting duplicate label rejects the whole form (0.253ms)
✔ [P0-OPS-07:leaves] arbitrary footer text cannot contaminate the last field (0.3919ms)
✔ [P0-OPS-08] prose mentioning every label is not classified as a form (0.2025ms)
✔ [P0-IDEMPOTENCY-01] the same event is dispatched exactly once and then replayed (0.5933ms)
✔ [P0-IDEMPOTENCY-02] different events with one semantic payload are both dispatched (0.5979ms)
✔ [P0-MULTIUSER-01] same-room events from different senders reach edit and finish dispatch (0.461ms)
✔ [P0-CANONICAL-01] V1-local fullwidth slash and digits canonicalize to the same finish command on the server (0.1629ms)
✔ [P0-CANONICAL-02] finish and detail commands tolerate whitespace after the copied hash marker (0.1901ms)
✔ [P0-MULTIUSER-02] PostgreSQL contract proves same-room cross-user edit/finish and different-room no-mutation without an administrator role (113.8617ms)
ℹ tests 33
ℹ suites 0
ℹ pass 33
ℹ fail 0
ℹ cancelled 0
ℹ skipped 0
ℹ todo 0
ℹ duration_ms 851.5031
[db-contract] cluster stopped and disposable workspace path removed
