warning: in the working copy of 'docs/STATUS.md', LF will be replaced by CRLF the next time Git touches it
warning: in the working copy of 'docs/database/ERD.md', LF will be replaced by CRLF the next time Git touches it
warning: in the working copy of 'drizzle/meta/_journal.json', LF will be replaced by CRLF the next time Git touches it
warning: in the working copy of 'integrations/messengerbot-r/MESSENGERBOT_R_INSTALL.md', LF will be replaced by CRLF the next time Git touches it
warning: in the working copy of 'integrations/messengerbot-r/v1-strict/KLOL_KAKAO_BOT_V1_STRICT_ADAPTER.js', LF will be replaced by CRLF the next time Git touches it
warning: in the working copy of 'integrations/messengerbot-r/v1-strict/KLOL_KAKAO_BOT_V1_STRICT_MESSENGERBOT_R.js', LF will be replaced by CRLF the next time Git touches it
warning: in the working copy of 'scripts/build-messengerbot-v1-strict.mjs', LF will be replaced by CRLF the next time Git touches it
warning: in the working copy of 'scripts/build-private-messengerbot-v1-strict.mjs', LF will be replaced by CRLF the next time Git touches it
warning: in the working copy of 'scripts/test-db/run-data-contracts.ts', LF will be replaced by CRLF the next time Git touches it
warning: in the working copy of 'src/app/(public)/(recruiting)/help/kakao/page.tsx', LF will be replaced by CRLF the next time Git touches it
warning: in the working copy of 'src/app/(public)/(recruiting)/help/recruits/page.tsx', LF will be replaced by CRLF the next time Git touches it
warning: in the working copy of 'src/modules/navigation/domain/global-command-palette.ts', LF will be replaced by CRLF the next time Git touches it
warning: in the working copy of 'src/modules/recruiting/application/command-handler.ts', LF will be replaced by CRLF the next time Git touches it
warning: in the working copy of 'src/modules/recruiting/application/commands.ts', LF will be replaced by CRLF the next time Git touches it
warning: in the working copy of 'src/modules/recruiting/application/ports.ts', LF will be replaced by CRLF the next time Git touches it
warning: in the working copy of 'src/modules/recruiting/domain/recruiting.ts', LF will be replaced by CRLF the next time Git touches it
warning: in the working copy of 'src/modules/recruiting/infrastructure/postgres-recruiting-adapter.ts', LF will be replaced by CRLF the next time Git touches it
warning: in the working copy of 'src/modules/recruiting/kakao-assistant/domain.ts', LF will be replaced by CRLF the next time Git touches it
warning: in the working copy of 'src/modules/recruiting/kakao-assistant/postgres-kakao-assistant.ts', LF will be replaced by CRLF the next time Git touches it
warning: in the working copy of 'src/modules/recruiting/kakao-v4/application.ts', LF will be replaced by CRLF the next time Git touches it
warning: in the working copy of 'src/modules/recruiting/kakao-v4/canonical-command.ts', LF will be replaced by CRLF the next time Git touches it
warning: in the working copy of 'src/modules/recruiting/kakao-v4/classifier.ts', LF will be replaced by CRLF the next time Git touches it
warning: in the working copy of 'src/modules/recruiting/kakao-v4/dispatcher.ts', LF will be replaced by CRLF the next time Git touches it
warning: in the working copy of 'src/modules/recruiting/kakao-v4/inhouse-snapshot-parser.ts', LF will be replaced by CRLF the next time Git touches it
warning: in the working copy of 'src/modules/recruiting/kakao-v4/party-snapshot-parser.ts', LF will be replaced by CRLF the next time Git touches it
warning: in the working copy of 'src/modules/recruiting/kakao-v4/v1-strict-party-replies.ts', LF will be replaced by CRLF the next time Git touches it
warning: in the working copy of 'src/modules/recruiting/kakao-v4/v1-strict-replies.ts', LF will be replaced by CRLF the next time Git touches it
warning: in the working copy of 'src/platform/db/schema/index.ts', LF will be replaced by CRLF the next time Git touches it
warning: in the working copy of 'tests/database/kakao-assistant.contract.test.ts', LF will be replaced by CRLF the next time Git touches it
warning: in the working copy of 'tests/database/recruiting.contract.test.ts', LF will be replaced by CRLF the next time Git touches it
warning: in the working copy of 'tests/kakao-party-detail-snapshot-p1.test.ts', LF will be replaced by CRLF the next time Git touches it
warning: in the working copy of 'tests/kakao-prefixed-finish-contract.test.ts', LF will be replaced by CRLF the next time Git touches it
warning: in the working copy of 'tests/kakao-v1-exact-v4-adapter-architecture.test.mjs', LF will be replaced by CRLF the next time Git touches it
warning: in the working copy of 'tests/kakao-v1-strict-messengerbot.test.mjs', LF will be replaced by CRLF the next time Git touches it
warning: in the working copy of 'tests/kakao-v1-strict-server-replies.test.ts', LF will be replaced by CRLF the next time Git touches it
warning: in the working copy of 'tests/kakao-v4-all-mode-chat-surface.test.ts', LF will be replaced by CRLF the next time Git touches it
warning: in the working copy of 'tests/kakao-v4-command-classifier.test.ts', LF will be replaced by CRLF the next time Git touches it
warning: in the working copy of 'tests/kakao-v4-command-gateway.test.ts', LF will be replaced by CRLF the next time Git touches it
warning: in the working copy of 'tests/kakao-v4-dispatcher.test.ts', LF will be replaced by CRLF the next time Git touches it
warning: in the working copy of 'tests/kakao-v4-inhouse-input-recovery.test.ts', LF will be replaced by CRLF the next time Git touches it
warning: in the working copy of 'tests/kakao-v4-input-tolerance-p0.test.ts', LF will be replaced by CRLF the next time Git touches it
warning: in the working copy of 'tests/kakao-v4-phase3-acceptance.test.ts', LF will be replaced by CRLF the next time Git touches it
warning: in the working copy of 'tests/kakao-v4-phase3-inhouse-scrim.test.ts', LF will be replaced by CRLF the next time Git touches it
warning: in the working copy of 'tests/kakao-v4-phase4-server-closure.test.ts', LF will be replaced by CRLF the next time Git touches it
warning: in the working copy of 'tests/kakao-v4-server-acceptance.test.ts', LF will be replaced by CRLF the next time Git touches it
warning: in the working copy of 'tests/kakao-v41-bot-contract.test.mjs', LF will be replaced by CRLF the next time Git touches it
warning: in the working copy of 'tests/recruiting-application.test.ts', LF will be replaced by CRLF the next time Git touches it
warning: in the working copy of 'tests/site-feature-boundary.test.mjs', LF will be replaced by CRLF the next time Git touches it
