
> klol-gg-v2@0.1.0 test:db
> tsx scripts/test-db/run-data-contracts.ts

[db-contract] isolated PostgreSQL 18 cluster started
✔ [P0-FIXTURE] input-tolerance matrix is pinned to the unchanged V1 oracle (1.6289ms)
✔ [P0-PARTY-01] punctuation, full-width, escape, and whitespace rows have one semantic member (7.6427ms)
✔ [P0-PARTY-02] an explicit empty slot is valid but an absent slot row is not a full snapshot (3.5803ms)
✔ [P0-PARTY-03] slash and comma in one reserve row stay in one display name (0.3965ms)
✔ [P0-PARTY-04] a 2-person title cannot overwrite an existing 5-person recruit target (1.1466ms)
✔ [P0-PARTY-05] conflicting duplicate slot rows reject the whole snapshot (0.8014ms)
✔ [P0-PARTY-06] member order is canonical and independent of pasted row order (1.1855ms)
✔ [P0-PARTY-07] name suffix notes, emoji, and Kakao tags are preserved (1.5808ms)
✔ [P0-PARTY-08] multiline metadata values match their single-line semantic values (1.2134ms)
✔ [P0-PARTY-09] an automatic-number empty draft never creates a recruit (0.7971ms)
✔ [P0-OPS-01] all four forms preserve values continued on the following line (4.4966ms)
✔ [P0-OPS-02] all four forms expose exact missing-field contracts without submission (0.8066ms)
✔ [P0-OPS-03] parentheses and comma stay in the person name instead of becoming an implicit delimiter (0.2538ms)
✔ [P0-OPS-04] ordinary conversation and partial label discussions remain UNKNOWN (0.9246ms)
✔ [P0-OPS-05:friends] field order does not alter the canonical payload (0.5556ms)
✔ [P0-OPS-06:friends] a conflicting duplicate label rejects the whole form (0.3783ms)
✔ [P0-OPS-07:friends] arbitrary footer text cannot contaminate the last field (0.4618ms)
✔ [P0-OPS-05:suggestions] field order does not alter the canonical payload (0.2819ms)
✔ [P0-OPS-06:suggestions] a conflicting duplicate label rejects the whole form (0.1829ms)
✔ [P0-OPS-07:suggestions] arbitrary footer text cannot contaminate the last field (0.2601ms)
✔ [P0-OPS-05:meetups] field order does not alter the canonical payload (0.321ms)
✔ [P0-OPS-06:meetups] a conflicting duplicate label rejects the whole form (0.2246ms)
✔ [P0-OPS-07:meetups] arbitrary footer text cannot contaminate the last field (0.3923ms)
✔ [P0-OPS-05:leaves] field order does not alter the canonical payload (0.3863ms)
✔ [P0-OPS-06:leaves] a conflicting duplicate label rejects the whole form (0.2818ms)
✔ [P0-OPS-07:leaves] arbitrary footer text cannot contaminate the last field (0.3869ms)
✔ [P0-OPS-08] prose mentioning every label is not classified as a form (0.2011ms)
✔ [P0-IDEMPOTENCY-01] the same event is dispatched exactly once and then replayed (1.2295ms)
✔ [P0-IDEMPOTENCY-02] different events with one semantic payload are both dispatched (1.2275ms)
✔ [P0-MULTIUSER-01] same-room events from different senders reach edit and finish dispatch (0.8272ms)
✔ [P0-CANONICAL-01] V1-local fullwidth slash and digits canonicalize to the same finish command on the server (0.3846ms)
✔ [P0-CANONICAL-02] finish and detail commands tolerate whitespace after the copied hash marker (0.2126ms)
✖ [P0-MULTIUSER-02] PostgreSQL contract proves same-room cross-user edit/finish and different-room no-mutation without an administrator role (1033.9623ms)
ℹ tests 33
ℹ suites 0
ℹ pass 32
ℹ fail 1
ℹ cancelled 0
ℹ skipped 0
ℹ todo 0
ℹ duration_ms 1886.8782

✖ failing tests:

test at tests\kakao-v4-input-tolerance-p0.test.ts:396:1
✖ [P0-MULTIUSER-02] PostgreSQL contract proves same-room cross-user edit/finish and different-room no-mutation without an administrator role (1033.9623ms)
  AssertionError [ERR_ASSERTION]: Expected values to be strictly equal:

  1 !== 2

      at TestContext.<anonymous> (E:\k-LOL.GG\worktrees\kakao-v4-gateway\tests\kakao-v4-input-tolerance-p0.test.ts:569:14)
      at process.processTicksAndRejections (node:internal/process/task_queues:104:5)
      at async Test.run (node:internal/test_runner/test:1125:7)
      at async Test.processPendingSubtests (node:internal/test_runner/test:787:7) {
    generatedMessage: true,
    code: 'ERR_ASSERTION',
    actual: 1,
    expected: 2,
    operator: 'strictEqual',
    diff: 'simple'
  }
[db-contract] cluster stopped and disposable workspace path removed
E:\k-LOL.GG\worktrees\kakao-v4-gateway\scripts\test-db\run-data-contracts.ts:498
      throw new Error(`${relativeTestFile} failed with exit code ${exitCode}.`);
            ^

Error: tests/kakao-v4-input-tolerance-p0.test.ts failed with exit code 1.
    at runContractTests (E:\k-LOL.GG\worktrees\kakao-v4-gateway\scripts\test-db\run-data-contracts.ts:498:13)
    at process.processTicksAndRejections (node:internal/process/task_queues:104:5)
    at async main (E:\k-LOL.GG\worktrees\kakao-v4-gateway\scripts\test-db\run-data-contracts.ts:1240:7)
    at async <anonymous> (E:\k-LOL.GG\worktrees\kakao-v4-gateway\scripts\test-db\run-data-contracts.ts:1265:1)

Node.js v24.14.1
