✔ 내전/스크림 번호ㅉ 명령은 slash 유무와 관계없이 현재 운영일 FINISH로 canonicalize된다 (9.4239ms)
✔ 다른 sender도 같은 installation/room의 내전 번호를 마감하고 최신 내전현황을 받는다 (0.8958ms)
✔ 다른 sender도 같은 installation/room의 스크림 번호를 마감하고 최신 스크림현황을 받는다 (1.2383ms)
✔ 동일 event replay는 내전 마감 한 번과 스크림 종료 안내를 재사용한다 (1.1329ms)
✔ 내전 빠른 명단 응답은 결과를 한 줄로 요약하고 본명과 닉네임을 표시한다 (2.4538ms)
✔ 내전 빠른 추가 대상이 미등록이어도 이름과 접수 인원에 포함한다 (0.7135ms)
✔ player record, recent matches, and ranking preserve exact V1-visible fields (0.8582ms)
✔ player and ranking boundary replies preserve V1 wording and percent formatting (0.2256ms)
✔ V4 event key is shared by recruiting and assistant durable receipts (0.6155ms)
✔ party create reserves an invisible draft and returns all blank slots with its copy reference (2.1562ms)
✔ the exact generated V1 party form activates with only organizer populated and applies metadata defaults (9.3255ms)
✔ R24 party creation shows empty metadata, all slots and the code below the title (0.7639ms)
✔ R24 copying the latest party form preserves names and returns a non-editable overview (6.6486ms)
✔ ADR0011 first registration names stay brief before the complete overview (0.9154ms)
✔ the reported metadata-only #11 form reaches one idempotent party activation (1.3106ms)
✔ first completed automatic party form creates the party once (0.3318ms)
✔ explicit missing party number never falls back to creating a new party (0.3335ms)
✔ closed party copies and repeated finish receive a scoped closed reply without mutation (0.496ms)
✔ copy edit conflicts and incomplete rows explain recovery and never report a save (1.1256ms)
✔ a concurrent finish gets a closed reply while an active revision race asks for a retry (0.5311ms)
✔ a copied form reference cannot be reused to create an automatic-number party (0.6527ms)
✔ incomplete copied party forms and numberless inhouse detail return actionable guidance (1.583ms)
✔ existing party snapshots forward slot states without forwarding submitted type or capacity (0.5276ms)
✔ party status and detail use one server status receipt and return the latest aggregate (0.3256ms)
✔ party member shortcut classifications canonicalize to the current operating day (0.8197ms)
✔ party member shortcut outcomes return confirmation followed by the latest full form (1.2545ms)
✔ missing, ambiguous, and member-limit shortcut results stay concrete successful replies (0.4793ms)
✔ party mutation and latest full form keep the signed instant across the 06:00 KST boundary (0.7196ms)
✔ replayed sync, blank deletion, and finish disclose a failed post-mutation status refresh (0.2807ms)
✔ party snapshot and finish resolve latest revision without owner or role inputs (0.2357ms)
✔ missing current-operating-day party finish is a V1 success reply with the latest status and no mutation (0.1777ms)
✔ scrim status requests only the scrim projection (0.4661ms)
✔ season authoritative zero-person snapshot writes once then reads the overview (0.4652ms)
✔ season SYNC exposes the latest copy reply to both ordinary and strict clients (0.1455ms)
✔ V1 strict season STATUS maps no active season to the canonical empty reply only (0.4222ms)
✔ scrim create and snapshot each issue one recruiting mutation (0.2194ms)
✔ season status and detail each return one authoritative assistant result (0.1492ms)
✔ scrim deprecated lifecycle commands use a static receipt without domain status queries (0.1563ms)
✔ dispatcher fails closed when command domain and static profile differ (0.1215ms)
✔ R23 party copy reference rejects stale, reused-number identity and prior-day forms without mutations (9.0562ms)
✔ R24 latest copy rejects deletion and duplicate names atomically (0.7735ms)
✔ R23 legacy copies are append-only for both member rows and metadata (1.6128ms)
✔ R23 unchanged full copy preserves revision, metadata and scheduled timestamp (0.6927ms)
✔ R23 blank draft activates with participant name only and no organizer (0.9687ms)
✔ ADR0011 finishing a draft cancels once and replay preserves its record and audit (0.8654ms)
✔ stored numbered copies allow deletions, replacements and reserve moves in one atomic save (1.7221ms)
✔ stored numbered copies merge independent edits and preserve the latest scheduled time (1.6812ms)
✔ stored draft copies accept the same activated metadata and add the next participant (1.4426ms)
✔ stored numbered copies reject missing main, reserve and metadata fields without deleting members (4.2113ms)
✔ copy headers cannot change the locked party type or capacity even when every original row remains (2.4107ms)
✔ stored numbered explicit blanks clear metadata and roster while legacy copies remain append-only (0.6724ms)
✔ BOT idempotency fingerprints bind the signed room, sender, and command source (0.2113ms)
✔ party create, sync, status and finish use the domain while mutations commit in atomic order (0.8843ms)
✔ V4 slot patches preserve absent rows, delete explicit empty rows, and use stored party shape (0.4197ms)
✔ atomic party member commands compose on the locked latest revision and persist stable outcomes (1.0862ms)
✔ scrim participant shortcuts compose on the locked latest revision across room members (1.1594ms)
✔ party member command validation and ambiguous removal fail closed before persistence (1.1814ms)
✔ party cancel and SUPER-only reset are distinct terminal commands (0.5095ms)
✔ scrim create, join, reopen, confirm, complete and cancel enforce the state machine (1.4302ms)
✔ legacy scrim form fields remain durable in the typed aggregate (0.2953ms)
✔ signed V1 scrim forms infer exactly one active destruction tournament inside the transaction (0.3885ms)
✔ signed V1 scrim inference rejects zero or multiple active destruction tournaments atomically (0.4166ms)
✔ full scrim sync is revision-bound, audited and idempotently replayed (0.9524ms)
✔ durable receipt replay returns before load and same request key with another body conflicts (1.1363ms)
✔ one signed Kakao delivery received by two installations mutates canonical room state once (0.3682ms)
✔ server-clock party metadata fallback is identical on durable replay (0.3021ms)
✔ signed V1 creates allocate the party number inside the mutation transaction (0.5789ms)
✔ a malformed replay receipt is rejected even when its request hash matches (0.6654ms)
✔ outbox failure rolls repository, audit, outbox, and receipt back together (0.7492ms)
✔ BOT body binding, JOB restriction, stale revision, and authorization failures happen before mutation (1.6806ms)
✔ public party and scrim DTOs expose only reviewed fields (0.1899ms)
✔ V4 room scope allows cross-sender snapshots and finish while preserving durable event receipts (1.37ms)
✔ V4 automatic scrim number is allocated after receipt claim and replays before a second allocation (0.4498ms)
✔ V4 scrim draft activates with one inferred tournament and a server-time fallback (0.4419ms)
✔ V4 request fingerprint is stable across server-resolved revisions but changes with the signed body (0.1556ms)
✔ KST recruit date is stable across the UTC day boundary (0.8349ms)
✔ KST recruit display time is stable across midnight (0.1073ms)
✔ party metadata distinguishes absent preservation from explicit empty defaults (0.5796ms)
✔ a Kakao V4 number reservation stays draft until the completed V1 form activates it (1.3808ms)
✔ party slot patches use stored type and capacity while preserving absent and deleting explicit empty slots (0.4329ms)
✔ canonical party sync returns the stored aggregate without increasing revision (0.1361ms)
✔ party member mutation requires an active party and fills the first primary hole before reserve (0.2822ms)
✔ party member no-ops preserve revision and removal preserves every remaining slot (0.3062ms)
✔ request fingerprint is canonical and binds actor, action, key and body (0.2608ms)
✔ party sync enforces capacity, positions, slots and optimistic revision (0.3632ms)
✔ Kakao recruit aggregates are visible and mutable only from their signed source room (0.1096ms)
✔ party primary capacity excludes candidates while the total list remains bounded (0.3438ms)
✔ party terminal transitions do not permit mutation or replay with a new command (0.1448ms)
✔ auto finish respects scheduled protection and idle window (0.1171ms)
✔ scrim follows recruiting, matched, confirmed and completed states (0.1723ms)
✔ scrim opponent can be reopened but requester cannot join itself (0.1086ms)
✔ full scrim sync replaces V1 form fields but binds date, number, tournament and revision (0.3097ms)
✔ public party DTO excludes room, sender, notes and request keys by construction (0.1121ms)
✔ Kakao command access separates public create/read/join from controller lifecycle changes (0.1098ms)
✔ V1 room members may update and close shared forms without weakening raw V2 (0.0714ms)
✔ Kakao creator, joined opponent leader, or trusted operator controls lifecycle commands (0.0666ms)
✔ public scrim join binds the opponent leader and reopen clears that controller (0.0565ms)
ℹ tests 97
ℹ suites 0
ℹ pass 97
ℹ fail 0
ℹ cancelled 0
ℹ skipped 0
ℹ todo 0
ℹ duration_ms 1008.0562
