
> klol-gg-v2@0.1.0 test:db
> tsx scripts/test-db/run-data-contracts.ts

[db-contract] isolated PostgreSQL 18 cluster started
✔ 0041 fresh install, populated 0040 upgrade and reapply preserve enrollment history (3141.2522ms)
ℹ tests 1
ℹ suites 0
ℹ pass 1
ℹ fail 0
ℹ cancelled 0
ℹ skipped 0
ℹ todo 0
ℹ duration_ms 3872.5846
✔ S09 PostgreSQL adapter commits aggregate, receipt, audit and outbox atomically with owner/session checks (1025.1725ms)
✔ party member statistics are bounded and count distinct parties and primary companions (88.1651ms)
✔ S09 PostgreSQL adapter binds a BOT nonce to exactly one signed request identity (84.7469ms)
✔ Kakao aggregate controllers block confused-deputy lifecycle mutations (134.7057ms)
✔ V4 scrim finish completes only the active same-room target and replays without duplicate writes (109.297ms)
✔ concurrent V4 party member commands serialize on the locked latest aggregate (271.7073ms)
✔ concurrent V4 scrim participant commands compose after the database row lock (168.2579ms)
ℹ tests 7
ℹ suites 0
ℹ pass 7
ℹ fail 0
ℹ cancelled 0
ℹ skipped 0
ℹ todo 0
ℹ duration_ms 2730.6692
✔ S09 operation forms persist signed submissions and ADMIN TOTP mutations atomically (155.2175ms)
ℹ tests 1
ℹ suites 0
ℹ pass 1
ℹ fail 0
ℹ cancelled 0
ℹ skipped 0
ℹ todo 0
ℹ duration_ms 872.7954
✔ signed Kakao reads persist safe replay receipts and isolate recruit members to the bound room (159.8724ms)
✔ in-house round metadata persists schedule and notice, clears on full snapshot, and isolates authoritative mode transitions by room (305.414ms)
✔ authoritative Kakao season sync withdraws only same-room same-round RIFT rows and replays without writes (173.4423ms)
✔ signed Kakao season snapshots match exact players and preserve unresolved entries for review (150.8625ms)
✔ recoverable Kakao season rows save valid players, queue review rows, preserve omitted slots, and cancel explicit blanks (114.981ms)
✔ in-house shortcuts and full snapshots enforce integrated SITE capacity while preserving confirmed decisions (180.8648ms)
✔ in-house finish preserves every roster row, hides the round, and replays without writes (113.7968ms)
✔ editable inhouse forms count unlinked names, merge concurrent additions, protect SITE rows and retain closed rosters (337.6067ms)
✔ name-first in-house copies keep pending slots and merge metadata without overwriting newer edits (186.79ms)
✔ in-house copy forms reopen a vacated reserve slot and preserve the remaining roster (140.7124ms)
✔ owner-created Kakao image sessions bind sender, finalize private assets, replay, and revoke (140.074ms)
✔ Kakao admin settings and health repair require SUPER TOTP and persist receipts, audit, and outbox (166.968ms)
ℹ tests 12
ℹ suites 0
ℹ pass 12
ℹ fail 0
ℹ cancelled 0
ℹ skipped 0
ℹ todo 0
ℹ duration_ms 3160.2275
▶ Kakao short form originals are durable, scoped, reusable and expire at 06:00 KST
  ✔ scope, kind, target and operating-day binding are mandatory (6.4587ms)
  ✔ concurrent readers reuse a single durable original (80.8835ms)
  ✔ transaction rollback does not leave an issued code behind (4.2971ms)
  ✔ database constraints fail closed even when application validation is bypassed (122.6271ms)
  ✔ midnight preserves the code but the exact 06:00 boundary rejects it (64.5188ms)
  ✔ bounded retention cleanup never removes a live original (27.3888ms)
✔ Kakao short form originals are durable, scoped, reusable and expire at 06:00 KST (408.4976ms)
ℹ tests 7
ℹ suites 0
ℹ pass 7
ℹ fail 0
ℹ cancelled 0
ℹ skipped 0
ℹ todo 0
ℹ duration_ms 1120.7868
✔ one installation maps to exactly one canonical room without room parsing or sender allowlists (279.9402ms)
ℹ tests 1
ℹ suites 0
ℹ pass 1
ℹ fail 0
ℹ cancelled 0
ℹ skipped 0
ℹ todo 0
ℹ duration_ms 981.0756
▶ season lifecycle, participation ownership, idempotency and audit contracts hold on PostgreSQL 18
  ✔ retired lifecycle timestamps reject activated or ended history (3.3175ms)
  ✔ concurrent activation leaves exactly one active season (148.715ms)
  ✔ clone creates a draft and stale clone revision is rejected (9.6083ms)
  ✔ Kakao provenance hash and position invariants are enforced by PostgreSQL (251.2961ms)
  ✔ SUPER resolves or cancels pending Kakao applications with idempotency, merge policy and safe team handoff (301.423ms)
  ✔ SITE upsert reuses the same player/date/round row imported from Kakao (18.2784ms)
  ✔ command receipts expire after 24 hours and an expired key is safely reusable (9.4249ms)
  ✔ season audit snapshots retain lifecycle and schedule field diffs (12.7303ms)
  ✔ clone and cancellation roll back with their audit event (10.0205ms)
  ✔ owner cancellation, resubmission and admin review honor revisions (79.7741ms)
  ✔ public DTO excludes member, login, Discord and internal review fields (8.1918ms)
  ✔ public status counts cover the full roster while the projection is capped at 200 (57.8116ms)
  ✔ viewer approval and active-player capability are rechecked from the database (33.9972ms)
  ✔ non-approved account is rechecked inside the mutation transaction (1.0894ms)
  ✔ ACCOUNT and ADMIN purposes cannot cross-authorize season commands (1.9715ms)
  ✔ ADMIN and SUPER_ADMIN roles may use approved user actions only through ACCOUNT sessions (23.4531ms)
  ✔ session revocation wins over a queued ACCOUNT mutation (173.8178ms)
  ✔ TOTP removal wins over a queued ADMIN mutation (168.7247ms)
  ✔ soft-deleted account is rejected again inside the mutation transaction (1.6453ms)
  ✔ reviewer history restricts hard deletion of the reviewer account (4.6896ms)
  ✔ audit failure rolls the season and idempotency receipt back together (6.4114ms)
  ✔ ending and retirement preserve history instead of cascading deletion (9.4198ms)
✔ season lifecycle, participation ownership, idempotency and audit contracts hold on PostgreSQL 18 (1477.2499ms)
✔ site and Kakao serialize the last seat, allow explicit reserves and block closed rounds (392.5964ms)
ℹ tests 24
ℹ suites 0
ℹ pass 24
ℹ fail 0
ℹ cancelled 0
ℹ skipped 0
ℹ todo 0
ℹ duration_ms 2636.1598
✔ [P0-FIXTURE] input-tolerance matrix is pinned to the unchanged V1 oracle (1.2394ms)
✔ [P0-PARTY-01] punctuation, full-width, escape, and whitespace rows have one semantic member (8.1499ms)
✔ [P0-PARTY-02] an explicit empty slot is valid but an absent slot row is not a full snapshot (3.8413ms)
✔ [P0-PARTY-03] slash and comma in one reserve row stay in one display name (0.4158ms)
✔ [P0-PARTY-04] a 2-person title cannot overwrite an existing 5-person recruit target (1.2428ms)
✔ [P0-PARTY-05] conflicting duplicate slot rows reject the whole snapshot (0.56ms)
✔ [P0-PARTY-06] member order is canonical and independent of pasted row order (0.6402ms)
✔ [P0-PARTY-07] name suffix notes, emoji, and Kakao tags are preserved (1.252ms)
✔ [P0-PARTY-08] multiline metadata values match their single-line semantic values (1.3151ms)
✔ [P0-PARTY-09] an automatic-number empty draft never creates a recruit (0.8402ms)
✔ [P0-OPS-01] all four forms preserve values continued on the following line (3.6446ms)
✔ [P0-OPS-02] all four forms expose exact missing-field contracts without submission (0.7043ms)
✔ [P0-OPS-03] parentheses and comma stay in the person name instead of becoming an implicit delimiter (0.1852ms)
✔ [P0-OPS-04] ordinary conversation and partial label discussions remain UNKNOWN (0.9022ms)
✔ [P0-OPS-05:friends] field order does not alter the canonical payload (0.3628ms)
✔ [P0-OPS-06:friends] a conflicting duplicate label rejects the whole form (0.2612ms)
✔ [P0-OPS-07:friends] arbitrary footer text cannot contaminate the last field (0.3012ms)
✔ [P0-OPS-05:suggestions] field order does not alter the canonical payload (0.2037ms)
✔ [P0-OPS-06:suggestions] a conflicting duplicate label rejects the whole form (0.1573ms)
✔ [P0-OPS-07:suggestions] arbitrary footer text cannot contaminate the last field (0.415ms)
✔ [P0-OPS-05:meetups] field order does not alter the canonical payload (0.4596ms)
✔ [P0-OPS-06:meetups] a conflicting duplicate label rejects the whole form (0.213ms)
✔ [P0-OPS-07:meetups] arbitrary footer text cannot contaminate the last field (0.3083ms)
✔ [P0-OPS-05:leaves] field order does not alter the canonical payload (0.2807ms)
✔ [P0-OPS-06:leaves] a conflicting duplicate label rejects the whole form (0.1834ms)
✔ [P0-OPS-07:leaves] arbitrary footer text cannot contaminate the last field (0.2416ms)
✔ [P0-OPS-08] prose mentioning every label is not classified as a form (0.1399ms)
✔ [P0-IDEMPOTENCY-01] the same event is dispatched exactly once and then replayed (0.7008ms)
✔ [P0-IDEMPOTENCY-02] different events with one semantic payload are both dispatched (0.7696ms)
✔ [P0-MULTIUSER-01] same-room events from different senders reach edit and finish dispatch (0.5223ms)
✔ [P0-CANONICAL-01] V1-local fullwidth slash and digits canonicalize to the same finish command on the server (0.153ms)
✔ [P0-CANONICAL-02] finish and detail commands tolerate whitespace after the copied hash marker (0.2076ms)
✖ [P0-MULTIUSER-02] PostgreSQL contract proves same-room cross-user edit/finish and different-room no-mutation without an administrator role (118.7136ms)
ℹ tests 33
ℹ suites 0
ℹ pass 32
ℹ fail 1
ℹ cancelled 0
ℹ skipped 0
ℹ todo 0
ℹ duration_ms 923.782

✖ failing tests:

test at tests\kakao-v4-input-tolerance-p0.test.ts:396:1
✖ [P0-MULTIUSER-02] PostgreSQL contract proves same-room cross-user edit/finish and different-room no-mutation without an administrator role (118.7136ms)
  AssertionError [ERR_ASSERTION]: Missing expected rejection.
      at process.processTicksAndRejections (node:internal/process/task_queues:104:5)
      at async TestContext.<anonymous> (E:\k-LOL.GG\worktrees\kakao-v4-gateway\tests\kakao-v4-input-tolerance-p0.test.ts:519:7)
      at async Test.run (node:internal/test_runner/test:1125:7)
      at async Test.processPendingSubtests (node:internal/test_runner/test:787:7) {
    generatedMessage: false,
    code: 'ERR_ASSERTION',
    actual: undefined,
    operator: 'rejects',
    diff: 'simple'
  }
[db-contract] cluster stopped and disposable workspace path removed
E:\k-LOL.GG\worktrees\kakao-v4-gateway\scripts\test-db\run-data-contracts.ts:495
      throw new Error(`${relativeTestFile} failed with exit code ${exitCode}.`);
            ^

Error: tests/kakao-v4-input-tolerance-p0.test.ts failed with exit code 1.
    at runContractTests (E:\k-LOL.GG\worktrees\kakao-v4-gateway\scripts\test-db\run-data-contracts.ts:495:13)
    at process.processTicksAndRejections (node:internal/process/task_queues:104:5)
    at async main (E:\k-LOL.GG\worktrees\kakao-v4-gateway\scripts\test-db\run-data-contracts.ts:1237:7)
    at async <anonymous> (E:\k-LOL.GG\worktrees\kakao-v4-gateway\scripts\test-db\run-data-contracts.ts:1262:1)

Node.js v24.14.1
