✔ V4 schema preserves the seven-field client and accepts only the exact V1 strict extension (1.7361ms)
✔ slash boundary preserves zero-or-one leading slash parity (0.505ms)
✔ V4 signature covers the exact raw envelope and timestamp (0.7657ms)
✔ profile authorization does not receive sender role or allowlist inputs (3.4195ms)
✔ health, contract probes, and classified commands return deterministic replies without a runtime dispatcher (2.1054ms)
✔ event ID is the idempotency boundary and mismatched reuse conflicts (0.7188ms)
✔ hot replay cache binds the verified raw request digest (0.3684ms)
✔ R23 retires every old-phone scrim command and form without dispatching or writing (11.9723ms)
✔ server help explains editable numbered copies and inhouse mode requirements (0.9559ms)
✔ public error responses keep stable status and code contracts (17.1821ms)
✔ V4 application errors normalize idempotency conflicts to public 409 only (0.6613ms)
✔ 내전 빠른 명단 응답은 결과를 한 줄로 요약하고 본명과 닉네임을 표시한다 (1.2413ms)
✔ 내전 빠른 추가 대상이 미등록이어도 이름과 접수 인원에 포함한다 (0.3826ms)
✔ player record, recent matches, and ranking preserve exact V1-visible fields (0.6256ms)
✔ player and ranking boundary replies preserve V1 wording and percent formatting (0.2062ms)
✔ V4 event key is shared by recruiting and assistant durable receipts (0.8254ms)
✔ party create reserves an invisible draft and returns all blank slots with its copy reference (2.1042ms)
✔ the exact generated V1 party form activates with only organizer populated and applies metadata defaults (5.3084ms)
✔ R24 party creation shows all empty slots with unknown time and a short footer code (0.3807ms)
✔ R24 copying the latest party form preserves old names and reports the newly saved name first (1.9351ms)
✔ the reported metadata-only #11 form reaches one idempotent party activation (1.1585ms)
✔ first completed automatic party form creates the party once (0.3449ms)
✔ explicit missing party number never falls back to creating a new party (0.3061ms)
✔ closed party copies and repeated finish receive a scoped closed reply without mutation (0.2619ms)
✔ copy edit conflicts and incomplete rows explain recovery and never report a save (0.4893ms)
✔ a concurrent finish gets a closed reply while an active revision race asks for a retry (0.3729ms)
✔ a copied form reference cannot be reused to create an automatic-number party (0.4098ms)
✔ incomplete copied party forms and numberless inhouse detail return actionable guidance (3.1084ms)
✔ existing party snapshots forward slot states without forwarding submitted type or capacity (0.3644ms)
✔ party status and detail use one server status receipt and return the latest aggregate (0.227ms)
✔ party member shortcut classifications canonicalize to the current operating day (0.4869ms)
✔ party member shortcut outcomes return confirmation followed by the latest full form (0.7591ms)
✔ missing, ambiguous, and member-limit shortcut results stay concrete successful replies (0.3975ms)
✔ party mutation and latest full form keep the signed instant across the 06:00 KST boundary (0.8834ms)
✔ replayed sync, blank deletion, and finish disclose a failed post-mutation status refresh (0.2924ms)
✔ party snapshot and finish resolve latest revision without owner or role inputs (0.2496ms)
✔ missing current-operating-day party finish is a V1 success reply with the latest status and no mutation (0.5094ms)
✔ scrim status requests only the scrim projection (0.4357ms)
✔ season authoritative zero-person snapshot writes once then reads the overview (0.4133ms)
✔ season SYNC exposes the latest copy reply to both ordinary and strict clients (0.1389ms)
✔ V1 strict season STATUS maps no active season to the canonical empty reply only (0.3608ms)
✔ scrim create and snapshot each issue one recruiting mutation (0.202ms)
✔ season status and detail each return one authoritative assistant result (0.1138ms)
✔ scrim deprecated lifecycle commands use a static receipt without domain status queries (0.1123ms)
✔ dispatcher fails closed when command domain and static profile differ (0.1108ms)
✔ [P0-FIXTURE] input-tolerance matrix is pinned to the unchanged V1 oracle (1.0782ms)
✔ [P0-PARTY-01] punctuation, full-width, escape, and whitespace rows have one semantic member (7.4066ms)
✔ [P0-PARTY-02] an explicit empty slot is valid but an absent slot row is not a full snapshot (3.6841ms)
✔ [P0-PARTY-03] slash and comma in one reserve row stay in one display name (0.384ms)
✔ [P0-PARTY-04] a 2-person title cannot overwrite an existing 5-person recruit target (1.1513ms)
✔ [P0-PARTY-05] conflicting duplicate slot rows reject the whole snapshot (0.5396ms)
✔ [P0-PARTY-06] member order is canonical and independent of pasted row order (1.1821ms)
✔ [P0-PARTY-07] name suffix notes, emoji, and Kakao tags are preserved (1.31ms)
✔ [P0-PARTY-08] multiline metadata values match their single-line semantic values (0.8895ms)
✔ [P0-PARTY-09] an automatic-number empty draft never creates a recruit (0.8143ms)
✔ [P0-OPS-01] all four forms preserve values continued on the following line (3.0876ms)
✔ [P0-OPS-02] all four forms expose exact missing-field contracts without submission (0.8503ms)
✔ [P0-OPS-03] parentheses and comma stay in the person name instead of becoming an implicit delimiter (0.1865ms)
✔ [P0-OPS-04] ordinary conversation and partial label discussions remain UNKNOWN (0.8879ms)
✔ [P0-OPS-05:friends] field order does not alter the canonical payload (0.3828ms)
✔ [P0-OPS-06:friends] a conflicting duplicate label rejects the whole form (0.2535ms)
✔ [P0-OPS-07:friends] arbitrary footer text cannot contaminate the last field (0.2968ms)
✔ [P0-OPS-05:suggestions] field order does not alter the canonical payload (0.2133ms)
✔ [P0-OPS-06:suggestions] a conflicting duplicate label rejects the whole form (0.161ms)
✔ [P0-OPS-07:suggestions] arbitrary footer text cannot contaminate the last field (0.5203ms)
✔ [P0-OPS-05:meetups] field order does not alter the canonical payload (0.3188ms)
✔ [P0-OPS-06:meetups] a conflicting duplicate label rejects the whole form (0.2127ms)
✔ [P0-OPS-07:meetups] arbitrary footer text cannot contaminate the last field (0.6189ms)
✔ [P0-OPS-05:leaves] field order does not alter the canonical payload (0.627ms)
✔ [P0-OPS-06:leaves] a conflicting duplicate label rejects the whole form (0.2357ms)
✔ [P0-OPS-07:leaves] arbitrary footer text cannot contaminate the last field (0.2619ms)
✔ [P0-OPS-08] prose mentioning every label is not classified as a form (0.1574ms)
✔ [P0-IDEMPOTENCY-01] the same event is dispatched exactly once and then replayed (0.8026ms)
✔ [P0-IDEMPOTENCY-02] different events with one semantic payload are both dispatched (0.7004ms)
✔ [P0-MULTIUSER-01] same-room events from different senders reach edit and finish dispatch (0.5323ms)
✔ [P0-CANONICAL-01] V1-local fullwidth slash and digits canonicalize to the same finish command on the server (0.1493ms)
✔ [P0-CANONICAL-02] finish and detail commands tolerate whitespace after the copied hash marker (0.1958ms)
﹣ [P0-MULTIUSER-02] PostgreSQL contract proves same-room cross-user edit/finish and different-room no-mutation without an administrator role (0.0493ms) # isolated PostgreSQL harness required
ℹ tests 78
ℹ suites 0
ℹ pass 77
ℹ fail 0
ℹ cancelled 0
ℹ skipped 1
ℹ todo 0
ℹ duration_ms 926.2755
